aff-executor-preload.c:affhooks_init()
[H[J[?25l[m[H[J[2;25HGNU GRUB  version 1.99-27+deb7u2

[m[4;2H+--------------------------------------------------------------------------+[5;2H|[5;77H|[6;2H|[6;77H|[7;2H|[7;77H|[8;2H|[8;77H|[9;2H|[9;77H|[10;2H|[10;77H|[11;2H|[11;77H|[12;2H|[12;77H|[13;2H|[13;77H|[14;2H|[14;77H|[15;2H|[15;77H|[16;2H|[16;77H|[17;2H+--------------------------------------------------------------------------+[m[18;2H[m
      Use the ^ and v keys to select which entry is highlighted.      
      Press enter to boot the selected OS, 'e' to edit the commands      
      before booting or 'c' for a command-line.      
      [5;78H [7m[5;3HDebian GNU/Linux, with Linux 3.2.0-4-amd64                               [m [5;76H[m[m[6;3HDebian GNU/Linux, with Linux 3.2.0-4-amd64 (recovery mode)               [m [6;76H[m[m[7;3H                                                                         [m [7;76H[m[m[8;3H                                                                         [m [8;76H[m[m[9;3H                                                                         [m [9;76H[m[m[10;3H                                                                         [m [10;76H[m[m[11;3H                                                                         [m [11;76H[m[m[12;3H                                                                         [m [12;76H[m[m[13;3H                                                                         [m [13;76H[m[m[14;3H                                                                         [m [14;76H[m[m[15;3H                                                                         [m [15;76H[m[m[16;3H                                                                         [m [16;76H[m[16;78H [5;76H[22;1H   The highlighted entry will be executed automatically in 5s.                 [5;76H[22;1H   The highlighted entry will be executed automatically in 4s.                 [5;76H[22;1H   The highlighted entry will be executed automatically in 3s.                 [5;76H[22;1H   The highlighted entry will be executed automatically in 2s.                 [5;76H[22;1H   The highlighted entry will be executed automatically in 1s.                 [5;76H[22;1H   The highlighted entry will be executed automatically in 0s.                 [5;76H[?25h[H[J[H[J  Booting 'Debian GNU/Linux, with Linux 3.2.0-4-amd64'

Loading Linux 3.2.0-4-amd64 ...
Loading initial ramdisk ...
[    0.000000] Initializing cgroup subsys cpuset
[    0.000000] Initializing cgroup subsys cpu
[    0.000000] Linux version 3.2.0-4-amd64 (debian-kernel@lists.debian.org) (gcc version 4.6.3 (Debian 4.6.3-14) ) #1 SMP Debian 3.2.68-1+deb7u3
[    0.000000] Command line: BOOT_IMAGE=/boot/vmlinuz-3.2.0-4-amd64 root=UUID=e35ebd7f-2405-4c97-9c3e-26919d55a9e5 ro console=tty0 console=ttyS0,115200n8
[    0.000000] BIOS-provided physical RAM map:
[    0.000000]  BIOS-e820: 0000000000000000 - 000000000009fc00 (usable)
[    0.000000]  BIOS-e820: 000000000009fc00 - 00000000000a0000 (reserved)
[    0.000000]  BIOS-e820: 00000000000f0000 - 0000000000100000 (reserved)
[    0.000000]  BIOS-e820: 0000000000100000 - 00000000bfffe000 (usable)
[    0.000000]  BIOS-e820: 00000000bfffe000 - 00000000c0000000 (reserved)
[    0.000000]  BIOS-e820: 00000000feffc000 - 00000000ff000000 (reserved)
[    0.000000]  BIOS-e820: 00000000fffc0000 - 0000000100000000 (reserved)
[    0.000000]  BIOS-e820: 0000000100000000 - 0000000440000000 (usable)
[    0.000000] NX (Execute Disable) protection: active
[    0.000000] SMBIOS 2.4 present.
[    0.000000] No AGP bridge found
[    0.000000] last_pfn = 0x440000 max_arch_pfn = 0x400000000
[    0.000000] x86 PAT enabled: cpu 0, old 0x70406, new 0x7010600070106
[    0.000000] last_pfn = 0xbfffe max_arch_pfn = 0x400000000
[    0.000000] found SMP MP-table at [ffff8800000f0b10] f0b10
[    0.000000] Using GB pages for direct mapping
[    0.000000] init_memory_mapping: 0000000000000000-00000000bfffe000
[    0.000000] init_memory_mapping: 0000000100000000-0000000440000000
[    0.000000] RAMDISK: 36c56000 - 37623000
[    0.000000] ACPI: RSDP 00000000000f08e0 00014 (v00 BOCHS )
[    0.000000] ACPI: RSDT 00000000bffffcfc 00034 (v01 BOCHS  BXPCRSDT 00000001 BXPC 00000001)
[    0.000000] ACPI: FACP 00000000bffff1c0 00074 (v01 BOCHS  BXPCFACP 00000001 BXPC 00000001)
[    0.000000] ACPI: DSDT 00000000bfffe040 01180 (v01 BOCHS  BXPCDSDT 00000001 BXPC 00000001)
[    0.000000] ACPI: FACS 00000000bfffe000 00040
[    0.000000] ACPI: SSDT 00000000bffff234 00A00 (v01 BOCHS  BXPCSSDT 00000001 BXPC 00000001)
[    0.000000] ACPI: APIC 00000000bffffc34 00090 (v01 BOCHS  BXPCAPIC 00000001 BXPC 00000001)
[    0.000000] ACPI: HPET 00000000bffffcc4 00038 (v01 BOCHS  BXPCHPET 00000001 BXPC 00000001)
[    0.000000] No NUMA configuration found
[    0.000000] Faking a node at 0000000000000000-0000000440000000
[    0.000000] Initmem setup node 0 0000000000000000-0000000440000000
[    0.000000]   NODE_DATA [000000043fffb000 - 000000043fffffff]
[    0.000000] kvm-clock: Using msrs 4b564d01 and 4b564d00
[    0.000000] kvm-clock: cpu 0, msr 0:16a8741, boot clock
[    0.000000] Zone PFN ranges:
[    0.000000]   DMA      0x00000010 -> 0x00001000
[    0.000000]   DMA32    0x00001000 -> 0x00100000
[    0.000000]   Normal   0x00100000 -> 0x00440000
[    0.000000] Movable zone start PFN for each node
[    0.000000] early_node_map[3] active PFN ranges
[    0.000000]     0: 0x00000010 -> 0x0000009f
[    0.000000]     0: 0x00000100 -> 0x000bfffe
[    0.000000]     0: 0x00100000 -> 0x00440000
[    0.000000] ACPI: PM-Timer IO Port: 0xb008
[    0.000000] ACPI: LAPIC (acpi_id[0x00] lapic_id[0x00] enabled)
[    0.000000] ACPI: LAPIC (acpi_id[0x01] lapic_id[0x01] enabled)
[    0.000000] ACPI: LAPIC (acpi_id[0x02] lapic_id[0x02] enabled)
[    0.000000] ACPI: LAPIC (acpi_id[0x03] lapic_id[0x03] enabled)
[    0.000000] ACPI: LAPIC_NMI (acpi_id[0xff] dfl dfl lint[0x1])
[    0.000000] ACPI: IOAPIC (id[0x00] address[0xfec00000] gsi_base[0])
[    0.000000] IOAPIC[0]: apic_id 0, version 17, address 0xfec00000, GSI 0-23
[    0.000000] ACPI: INT_SRC_OVR (bus 0 bus_irq 0 global_irq 2 dfl dfl)
[    0.000000] ACPI: INT_SRC_OVR (bus 0 bus_irq 5 global_irq 5 high level)
[    0.000000] ACPI: INT_SRC_OVR (bus 0 bus_irq 9 global_irq 9 high level)
[    0.000000] ACPI: INT_SRC_OVR (bus 0 bus_irq 10 global_irq 10 high level)
[    0.000000] ACPI: INT_SRC_OVR (bus 0 bus_irq 11 global_irq 11 high level)
[    0.000000] Using ACPI (MADT) for SMP configuration information
[    0.000000] ACPI: HPET id: 0x8086a201 base: 0xfed00000
[    0.000000] SMP: Allowing 4 CPUs, 0 hotplug CPUs
[    0.000000] PM: Registered nosave memory: 000000000009f000 - 00000000000a0000
[    0.000000] PM: Registered nosave memory: 00000000000a0000 - 00000000000f0000
[    0.000000] PM: Registered nosave memory: 00000000000f0000 - 0000000000100000
[    0.000000] PM: Registered nosave memory: 00000000bfffe000 - 00000000c0000000
[    0.000000] PM: Registered nosave memory: 00000000c0000000 - 00000000feffc000
[    0.000000] PM: Registered nosave memory: 00000000feffc000 - 00000000ff000000
[    0.000000] PM: Registered nosave memory: 00000000ff000000 - 00000000fffc0000
[    0.000000] PM: Registered nosave memory: 00000000fffc0000 - 0000000100000000
[    0.000000] Allocating PCI resources starting at c0000000 (gap: c0000000:3effc000)
[    0.000000] Booting paravirtualized kernel on KVM
[    0.000000] setup_percpu: NR_CPUS:512 nr_cpumask_bits:512 nr_cpu_ids:4 nr_node_ids:1
[    0.000000] PERCPU: Embedded 27 pages/cpu @ffff88043fc00000 s78912 r8192 d23488 u524288
[    0.000000] kvm-clock: cpu 0, msr 4:3fc12741, primary cpu clock
[    0.000000] KVM setup async PF for cpu 0
[    0.000000] kvm-stealtime: cpu 0, msr 43fc0cfc0
[    0.000000] Built 1 zonelists in Zone order, mobility grouping on.  Total pages: 4133256
[    0.000000] Policy zone: Normal
[    0.000000] Kernel command line: BOOT_IMAGE=/boot/vmlinuz-3.2.0-4-amd64 root=UUID=e35ebd7f-2405-4c97-9c3e-26919d55a9e5 ro console=tty0 console=ttyS0,115200n8
[    0.000000] PID hash table entries: 4096 (order: 3, 32768 bytes)
[    0.000000] xsave/xrstor: enabled xstate_bv 0x7, cntxt size 0x340
[    0.000000] Checking aperture...
[    0.000000] No AGP bridge found
[    0.000000] Memory: 16462328k/17825792k available (3434k kernel code, 1049036k absent, 314428k reserved, 3305k data, 580k init)
[    0.000000] Hierarchical RCU implementation.
[    0.000000] 	RCU dyntick-idle grace-period acceleration is enabled.
[    0.000000] NR_IRQS:33024 nr_irqs:712 16
[    0.000000] Console: colour VGA+ 80x25
[    0.000000] console [tty0] enabled
[    0.000000] console [ttyS0] enabled
[    0.000000] Detected 2199.998 MHz processor.
[    0.008000] Calibrating delay loop (skipped) preset value.. 4399.99 BogoMIPS (lpj=8799992)
[    0.008000] pid_max: default: 32768 minimum: 301
[    0.008013] Security Framework initialized
[    0.008950] AppArmor: AppArmor disabled by boot time parameter
[    0.011158] Dentry cache hash table entries: 2097152 (order: 12, 16777216 bytes)
[    0.016975] Inode-cache hash table entries: 1048576 (order: 11, 8388608 bytes)
[    0.020275] Mount-cache hash table entries: 256
[    0.021397] Initializing cgroup subsys cpuacct
[    0.022389] Initializing cgroup subsys memory
[    0.023379] Initializing cgroup subsys devices
[    0.024007] Initializing cgroup subsys freezer
[    0.025015] Initializing cgroup subsys net_cls
[    0.026009] Initializing cgroup subsys blkio
[    0.026991] Initializing cgroup subsys perf_event
[    0.028092] mce: CPU supports 10 MCE banks
[    0.030567] ACPI: Core revision 20110623
[    0.033405] Enabling x2apic
[    0.034140] Enabled x2apic
[    0.035047] Switched APIC routing to physical x2apic.
[    0.037252] ..TIMER: vector=0x30 apic1=0 pin1=2 apic2=-1 pin2=-1
[    0.038657] CPU0: Intel(R) Xeon(R) CPU E5-4620 0 @ 2.20GHz stepping 07
[    0.044002] Performance Events: SandyBridge events, Intel PMU driver.
[    0.044002] ... version:                2
[    0.044002] ... bit width:              48
[    0.044002] ... generic registers:      4
[    0.044006] ... value mask:             0000ffffffffffff
[    0.045265] ... max period:             000000007fffffff
[    0.046516] ... fixed-purpose events:   3
[    0.048005] ... event mask:             000000070000000f
[    0.049450] NMI watchdog enabled, takes one hw-pmu counter.
[    0.050938] Booting Node   0, Processors  #1
[    0.072027] KVM setup async PF for cpu 1
[    0.072027] kvm-stealtime: cpu 1, msr 43fc8cfc0
[    0.074241] NMI watchdog enabled, takes one hw-pmu counter.
[    0.072027] kvm-clock: cpu 1, msr 4:3fc92741, secondary cpu clock
[    0.076168]  #2
[    0.096026] KVM setup async PF for cpu 2
[    0.096026] kvm-stealtime: cpu 2, msr 43fd0cfc0
[    0.098233] NMI watchdog enabled, takes one hw-pmu counter.
[    0.096026] kvm-clock: cpu 2, msr 4:3fd12741, secondary cpu clock
[    0.100171]  #3 Ok.
[    0.120037] KVM setup async PF for cpu 3
[    0.120037] kvm-stealtime: cpu 3, msr 43fd8cfc0
[    0.120037] kvm-clock: cpu 3, msr 4:3fd92741, secondary cpu clock
[    0.124572] NMI watchdog enabled, takes one hw-pmu counter.
[    0.127140] Brought up 4 CPUs
[    0.127896] Total of 4 processors activated (17599.98 BogoMIPS).
[    0.128653] devtmpfs: initialized
[    0.134646] print_constraints: dummy: 
[    0.134646] NET: Registered protocol family 16
[    0.136149] ACPI: bus type pci registered
[    0.137213] PCI: Using configuration type 1 for base access
[    0.140297] bio: create slab <bio-0> at 0
[    0.141334] ACPI: Added _OSI(Module Device)
[    0.141334] ACPI: Added _OSI(Processor Device)
[    0.142110] ACPI: Added _OSI(3.0 _SCP Extensions)
[    0.144026] ACPI: Added _OSI(Processor Aggregator Device)
[    0.149020] ACPI: Interpreter enabled
[    0.149897] ACPI: (supports S0 S3 S4 S5)
[    0.151221] ACPI: Using IOAPIC for interrupt routing
[    0.156369] ACPI: No dock devices found.
[    0.157310] HEST: Table not found.
[    0.158125] PCI: Using host bridge windows from ACPI; if necessary, use "pci=nocrs" and report a bug
[    0.160096] ACPI: PCI Root Bridge [PCI0] (domain 0000 [bus 00-ff])
[    0.161519] pci_root PNP0A03:00: host bridge window [io  0x0000-0x0cf7]
[    0.162844] pci_root PNP0A03:00: host bridge window [io  0x0d00-0xadff]
[    0.164026] pci_root PNP0A03:00: host bridge window [io  0xae0f-0xaeff]
[    0.165357] pci_root PNP0A03:00: host bridge window [io  0xaf20-0xafdf]
[    0.166691] pci_root PNP0A03:00: host bridge window [io  0xafe4-0xffff]
[    0.168028] pci_root PNP0A03:00: host bridge window [mem 0x000a0000-0x000bffff]
[    0.169632] pci_root PNP0A03:00: host bridge window [mem 0xc0000000-0xfebfffff]
[    0.176883] pci 0000:00:01.3: quirk: [io  0xb000-0xb03f] claimed by PIIX4 ACPI
[    0.178489] pci 0000:00:01.3: quirk: [io  0xb100-0xb10f] claimed by PIIX4 SMB
[    0.196405]  pci0000:00: Unable to request _OSC control (_OSC support mask: 0x1e)
[    0.200203] ACPI: PCI Interrupt Link [LNKA] (IRQs 5 *10 11)
[    0.201998] ACPI: PCI Interrupt Link [LNKB] (IRQs 5 *10 11)
[    0.203752] ACPI: PCI Interrupt Link [LNKC] (IRQs 5 10 *11)
[    0.204971] ACPI: PCI Interrupt Link [LNKD] (IRQs 5 10 *11)
[    0.206712] ACPI: PCI Interrupt Link [LNKS] (IRQs *9)
[    0.208795] vgaarb: device added: PCI:0000:00:02.0,decodes=io+mem,owns=io+mem,locks=none
[    0.209766] vgaarb: loaded
[    0.210456] vgaarb: bridge control possible 0000:00:02.0
[    0.212074] PCI: Using ACPI for IRQ routing
[    0.213283] HPET: 3 timers in total, 0 timers will be used for per-cpu timer
[    0.214682] hpet0: at MMIO 0xfed00000, IRQs 2, 8, 0
[    0.220028] hpet0: 3 comparators, 64-bit 100.000000 MHz counter
[    0.239196] Switching to clocksource kvm-clock
[    0.242211] pnp: PnP ACPI init
[    0.243000] ACPI: bus type pnp registered
[    0.244920] pnp: PnP ACPI: found 9 devices
[    0.245860] ACPI: ACPI bus type pnp unregistered
[    0.256874] NET: Registered protocol family 2
[    0.260895] IP route cache hash table entries: 524288 (order: 10, 4194304 bytes)
[    0.264929] TCP established hash table entries: 524288 (order: 11, 8388608 bytes)
[    0.269454] TCP bind hash table entries: 65536 (order: 8, 1048576 bytes)
[    0.271455] TCP: Hash tables configured (established 524288 bind 65536)
[    0.272833] TCP reno registered
[    0.273634] UDP hash table entries: 8192 (order: 6, 262144 bytes)
[    0.274940] UDP-Lite hash table entries: 8192 (order: 6, 262144 bytes)
[    0.276638] NET: Registered protocol family 1
[    0.277625] pci 0000:00:00.0: Limiting direct PCI/PCI transfers
[    0.278879] pci 0000:00:01.0: PIIX3: Enabling Passive Release
[    0.280127] pci 0000:00:01.0: Activating ISA DMA hang workarounds
[    0.281499] Unpacking initramfs...
[    0.511405] Freeing initrd memory: 10036k freed
[    0.515155] PCI-DMA: Using software bounce buffering for IO (SWIOTLB)
[    0.516537] Placing 64MB software IO TLB between ffff8800bbffe000 - ffff8800bfffe000
[    0.518224] software IO TLB at phys 0xbbffe000 - 0xbfffe000
[    0.520616] audit: initializing netlink socket (disabled)
[    0.521787] type=2000 audit(1482966106.520:1): initialized
[    0.539848] HugeTLB registered 2 MB page size, pre-allocated 0 pages
[    0.544829] VFS: Disk quotas dquot_6.5.2
[    0.545905] Dquot-cache hash table entries: 512 (order 0, 4096 bytes)
[    0.547319] msgmni has been set to 32172
[    0.549082] alg: No test for stdrng (krng)
[    0.550153] Block layer SCSI generic (bsg) driver version 0.4 loaded (major 253)
[    0.551818] io scheduler noop registered
[    0.552772] io scheduler deadline registered
[    0.553875] io scheduler cfq registered (default)
[    0.555049] pci_hotplug: PCI Hot Plug PCI Core version: 0.5
[    0.556309] pciehp: PCI Express Hot Plug Controller Driver version: 0.4
[    0.557625] acpiphp: ACPI Hot Plug PCI Controller Driver version: 0.5
[    0.558985] acpiphp: Slot [3] registered
[    0.559911] acpiphp: Slot [4] registered
[    0.560876] acpiphp: Slot [5] registered
[    0.561802] acpiphp: Slot [6] registered
[    0.562714] acpiphp: Slot [7] registered
[    0.563660] acpiphp: Slot [8] registered
[    0.564636] acpiphp: Slot [9] registered
[    0.565550] acpiphp: Slot [10] registered
[    0.566475] acpiphp: Slot [11] registered
[    0.567404] acpiphp: Slot [12] registered
[    0.568397] acpiphp: Slot [13] registered
[    0.569337] acpiphp: Slot [14] registered
[    0.570263] acpiphp: Slot [15] registered
[    0.571189] acpiphp: Slot [16] registered
[    0.572152] acpiphp: Slot [17] registered
[    0.573087] acpiphp: Slot [18] registered
[    0.574016] acpiphp: Slot [19] registered
[    0.574940] acpiphp: Slot [20] registered
[    0.575866] acpiphp: Slot [21] registered
[    0.576842] acpiphp: Slot [22] registered
[    0.577770] acpiphp: Slot [23] registered
[    0.578714] acpiphp: Slot [24] registered
[    0.579647] acpiphp: Slot [25] registered
[    0.580652] acpiphp: Slot [26] registered
[    0.581596] acpiphp: Slot [27] registered
[    0.582519] acpiphp: Slot [28] registered
[    0.583439] acpiphp: Slot [29] registered
[    0.584415] acpiphp: Slot [30] registered
[    0.585339] acpiphp: Slot [31] registered
[    0.586441] ERST: Table is not found!
[    0.587292] GHES: HEST is not enabled!
[    0.588439] Serial: 8250/16550 driver, 4 ports, IRQ sharing enabled
[    0.621499] serial8250: ttyS0 at I/O 0x3f8 (irq = 4) is a 16550A
[    0.655779] 00:06: ttyS0 at I/O 0x3f8 (irq = 4) is a 16550A
[    0.657340] Linux agpgart interface v0.103
[    0.658479] i8042: PNP: PS/2 Controller [PNP0303:KBD,PNP0f13:MOU] at 0x60,0x64 irq 1,12
[    0.661016] serio: i8042 KBD port at 0x60,0x64 irq 1
[    0.662101] serio: i8042 AUX port at 0x60,0x64 irq 12
[    0.663440] mousedev: PS/2 mouse device common for all mice
[    0.664965] input: AT Translated Set 2 keyboard as /devices/platform/i8042/serio0/input/input0
[    0.667021] rtc_cmos 00:01: RTC can wake from S4
[    0.668392] rtc_cmos 00:01: rtc core: registered rtc_cmos as rtc0
[    0.669856] rtc0: alarms up to one day, 114 bytes nvram, hpet irqs
[    0.671154] cpuidle: using governor ladder
[    0.672110] cpuidle: using governor menu
[    0.673309] TCP cubic registered
[    0.674410] NET: Registered protocol family 10
[    0.675981] Mobile IPv6
[    0.676722] NET: Registered protocol family 17
[    0.677695] Registering the dns_resolver key type
[    0.679067] registered taskstats version 1
[    0.681073] rtc_cmos 00:01: setting system clock to 2016-12-28 23:01:47 UTC (1482966107)
[    0.682847] Initializing network drop monitor service
[    0.685524] Freeing unused kernel memory: 580k freed
[    0.686783] Write protecting the kernel read-only data: 6144k
[    0.694286] Freeing unused kernel memory: 644k freed
[    0.698132] Freeing unused kernel memory: 688k freed
Loading, please wait...
[    0.712527] udevd[58]: starting version 175
[    0.735888] e1000: Intel(R) PRO/1000 Network Driver - version 7.3.21-k8-NAPI
[    0.737535] e1000: Copyright (c) 1999-2006 Intel Corporation.
[    0.738998] SCSI subsystem initialized
[    0.739450] ACPI: PCI Interrupt Link [LNKC] enabled at IRQ 11
[    0.746070] Floppy drive(s): fd0 is 1.44M
[    0.760680] FDC 0 is a S82078B
[    1.089705] e1000 0000:00:03.0: eth0: (PCI:33MHz:32-bit) 52:54:00:12:34:56
[    1.091107] e1000 0000:00:03.0: eth0: Intel(R) PRO/1000 Network Connection
[    1.094372] scsi0 : ata_piix
[    1.095856] scsi1 : ata_piix
[    1.097024] ata1: PATA max MWDMA2 cmd 0x1f0 ctl 0x3f6 bmdma 0xc040 irq 14
[    1.099295] ata2: PATA max MWDMA2 cmd 0x170 ctl 0x376 bmdma 0xc048 irq 15
[    1.258431] ata1.00: ATA-7: QEMU HARDDISK, 2.0.0, max UDMA/100
[    1.260700] ata1.00: 9011200 sectors, multi 16: LBA48 
[    1.263014] ata2.00: ATAPI: QEMU DVD-ROM, 2.0.0, max UDMA/100
[    1.265578] ata1.00: configured for MWDMA2
[    1.267502] ata2.00: configured for MWDMA2
[    1.267669] scsi 0:0:0:0: Direct-Access     ATA      QEMU HARDDISK    2.0. PQ: 0 ANSI: 5
[    1.273178] scsi 1:0:0:0: CD-ROM            QEMU     QEMU DVD-ROM     2.0. PQ: 0 ANSI: 5
[    1.279967] sd 0:0:0:0: [sda] 9011200 512-byte logical blocks: (4.61 GB/4.29 GiB)
[    1.283278] sd 0:0:0:0: [sda] Write Protect is off
[    1.285785] sd 0:0:0:0: [sda] Write cache: enabled, read cache: enabled, doesn't support DPO or FUA
[    1.289482] sr0: scsi3-mmc drive: 4x/4x cd/rw xa/form2 tray
[    1.290101]  sda: sda1
[    1.291809] cdrom: Uniform CD-ROM driver Revision: 3.20
[    1.291949] sd 0:0:0:0: [sda] Attached SCSI disk
[    1.298477] sd 0:0:0:0: Attached scsi generic sg0 type 0
[    1.300723] sr 1:0:0:0: Attached scsi generic sg1 type 5
[    1.516227] Refined TSC clocksource calibration: 2199.959 MHz.
Begin: Loading essential drivers ... done.
Begin: Running /scripts/init-premount ... done.
Begin: Mounting root file system ... Begin: Running /scripts/local-top ... done.
Begin: Running /scripts/local-premount ... done.
[    1.921702] EXT4-fs (sda1): mounted filesystem with ordered data mode. Opts: (null)
Begin: Running /scripts/local-bottom ... done.
done.
Begin: Running /scripts/init-bottom ... done.
INIT: version 2.88 booting
[[36minfo[39;49m] Using makefile-style concurrent boot in runlevel S.
findfs: unable to resolve 'UUID="e35ebd7f-2405-4c97-9c3e-26919d55a9e5"'
[....] Starting the hotplug events dispatcher: udevd[    2.346630] udevd[313]: starting version 175
[?25l[?1c7[1G[[32m ok [39;49m8[?25h[?0c.
[....] Synthesizing the initial hotplug events...[    2.387368] input: Power Button as /devices/LNXSYSTM:00/LNXPWRBN:00/input/input1
[    2.389380] ACPI: Power Button [PWRF]
[?25l[?1c7[1G[[32m ok [39;49m8[?25h[?0cdone.
[    2.431426] input: PC Speaker as /devices/platform/pcspkr/input/input2
[    2.435759] piix4_smbus 0000:00:01.3: SMBus Host Controller at 0xb100, revision 0
[....] Waiting for /dev to be fully populated...[    2.449890] parport_pc 00:05: reported by Plug and Play ACPI
[    2.451758] parport0: PC-style at 0x378, irq 7 [PCSPP,TRISTATE]
[    2.457508] alg: No test for __gcm-aes-aesni (__driver-gcm-aes-aesni)
[    2.473046] Error: Driver 'pcspkr' is already registered, aborting...
[?25l[?1c7[1G[[32m ok [39;49m8[?25h[?0cdone.
findfs: unable to resolve 'UUID="e35ebd7f-2405-4c97-9c3e-26919d55a9e5"'
[....] Activating swap...[?25l[?1c7[1G[[32m ok [39;49m8[?25h[?0cdone.
Usage: mountpoint [-q] [-d] [-x] path
[    2.917875] EXT4-fs (sda1): re-mounted. Opts: (null)
[....] Checking root file system...fsck from util-linux 2.20.1
/run/rootdev: clean, 33792/264000 files, 892084/1054720 blocks
[    3.081347] input: ImExPS/2 Generic Explorer Mouse as /devices/platform/i8042/serio1/input/input3
[?25l[?1c7[1G[[32m ok [39;49m8[?25h[?0cdone.
[    3.108193] EXT4-fs (sda1): re-mounted. Opts: errors=remount-ro,errors=remount-ro
[....] Cleaning up temporary files... /tmp[?25l[?1c7[1G[[32m ok [39;49m8[?25h[?0c.
findfs: unable to resolve 'UUID="e35ebd7f-2405-4c97-9c3e-26919d55a9e5"'
findfs: unable to resolve 'UUID="e35ebd7f-2405-4c97-9c3e-26919d55a9e5"'
[....] Activating lvm and md swap...[?25l[?1c7[1G[[32m ok [39;49m8[?25h[?0cdone.
[....] Checking file systems...fsck from util-linux 2.20.1
[?25l[?1c7[1G[[32m ok [39;49m8[?25h[?0cdone.
[....] Mounting local filesystems...[?25l[?1c7[1G[[32m ok [39;49m8[?25h[?0cdone.
[....] Activating swapfile swap...[?25l[?1c7[1G[[32m ok [39;49m8[?25h[?0cdone.
findfs: unable to resolve 'UUID="e35ebd7f-2405-4c97-9c3e-26919d55a9e5"'
[....] Cleaning up temporary files...[?25l[?1c7[1G[[32m ok [39;49m8[?25h[?0c.
[....] Setting kernel variables ...[?25l[?1c7[1G[[32m ok [39;49m8[?25h[?0cdone.
[....] Configuring network interfaces...Internet Systems Consortium DHCP Client 4.2.2
Copyright 2004-2011 Internet Systems Consortium.
All rights reserved.
For info, please visit https://www.isc.org/software/dhcp/

[    4.073716] ADDRCONF(NETDEV_UP): eth0: link is not ready
Listening on LPF/eth0/52:54:00:12:34:56
Sending on   LPF/eth0/52:54:00:12:34:56
Sending on   Socket/fallback
DHCPDISCOVER on eth0 to 255.255.255.255 port 67 interval 6
[    6.072824] e1000: eth0 NIC Link is Up 1000 Mbps Full Duplex, Flow Control: RX
[    6.077667] ADDRCONF(NETDEV_CHANGE): eth0: link becomes ready
DHCPDISCOVER on eth0 to 255.255.255.255 port 67 interval 10
DHCPREQUEST on eth0 to 255.255.255.255 port 67
DHCPOFFER from 10.0.2.2
DHCPACK from 10.0.2.2
bound to 10.0.2.15 -- renewal in 40861 seconds.
ifup: interface eth0 already configured
[?25l[?1c7[1G[[32m ok [39;49m8[?25h[?0cdone.
[....] Cleaning up temporary files...[?25l[?1c7[1G[[32m ok [39;49m8[?25h[?0c.
INIT: Entering runlevel: 2
[[36minfo[39;49m] Using makefile-style concurrent boot in runlevel 2.
[   10.001370] fuse init (API version 7.17)
[....] Starting OpenBSD Secure Shell server: sshd[?25l[?1c7[1G[[32m ok [39;49m8[?25h[?0c.
Entering benchmark mode
Starting jacLR execution: Thu Dec 29 01:02:03 EET 2016
Execution Time; 22.171092
Execution Time; 22.315799
Execution Time; 22.380709
Execution Time; 22.260021
Execution Time; 21.648527
Execution Time; 20.445346
Execution Time; 20.924813
Execution Time; 20.487487
Execution Time; 20.879923
Execution Time; 14.887027
Execution Time; 13.256331
Execution Time; 13.298983
Execution Time; 13.304768
Execution Time; 13.258715
Execution Time; 13.331722
Execution Time; 13.270665
Execution Time; 13.107944
Execution Time; 13.127077
Execution Time; 13.178583
Execution Time; 13.119261
Execution Time; 13.157317
Execution Time; 13.148334
Execution Time; 13.131645
Execution Time; 13.162578
Execution Time; 13.193753
Execution Time; 13.183825
Execution Time; 13.171883
Execution Time; 13.190650
Execution Time; 13.175853
Execution Time; 13.252419
Execution Time; 13.199278
Execution Time; 13.020898
Execution Time; 12.908588
Execution Time; 12.878118
Execution Time; 12.883689
Execution Time; 12.906154
Execution Time; 12.876151
Execution Time; 12.875174
Execution Time; 12.903768
Execution Time; 12.959002
Execution Time; 12.916380
Execution Time; 12.914658
Execution Time; 12.952468
Execution Time; 12.911462
Execution Time; 12.993740
Execution Time; 12.995289
Execution Time; 13.135580
Execution Time; 13.183811
Execution Time; 13.144485
Execution Time; 13.216218
Execution Time; 13.141891
Execution Time; 13.169796
Execution Time; 13.189058
Execution Time; 13.162065
Execution Time; 15.038535
Execution Time; 15.064339
Execution Time; 15.100848
Execution Time; 15.084247
Execution Time; 15.050897
Execution Time; 15.159142
Execution Time; 15.409168
Execution Time; 15.604252
Execution Time; 15.644111
Execution Time; 15.626666
Execution Time; 15.690105
Execution Time; 15.548810
Execution Time; 15.093741
Execution Time; 14.439732
Execution Time; 14.421903
Execution Time; 14.485301
Execution Time; 14.460634
Execution Time; 14.465757
Execution Time; 14.489044
Execution Time; 14.580054
Execution Time; 14.555490
Execution Time; 14.569777
Execution Time; 14.532997
Execution Time; 14.580822
Execution Time; 14.506246
Execution Time; 14.395199
Execution Time; 13.954975
Execution Time; 13.936408
Execution Time; 13.879950
Execution Time; 13.886599
Execution Time; 13.899422
Execution Time; 13.951252
Execution Time; 14.121673
Execution Time; 14.706328
Execution Time; 14.767534
Execution Time; 14.743810
Execution Time; 14.766218
Execution Time; 14.736791
Execution Time; 14.604009
Execution Time; 14.100143
Execution Time; 14.106733
Execution Time; 14.057580
Execution Time; 14.077835
Execution Time; 14.105064
Execution Time; 14.019233
Execution Time; 13.770045
Execution Time; 13.218902
Execution Time; 13.205898
Execution Time; 13.208433
Execution Time; 13.217275
Execution Time; 13.219160
Execution Time; 13.210854
Execution Time; 13.173879
Execution Time; 13.030911
Execution Time; 13.017878
Execution Time; 12.989688
Execution Time; 13.020503
Execution Time; 13.038285
Execution Time; 12.980849
Execution Time; 13.094300
Execution Time; 13.040207
Execution Time; 14.810851
Execution Time; 15.146764
Execution Time; 15.111797
Execution Time; 15.059972
Execution Time; 15.018801
Execution Time; 15.145671
Execution Time; 21.147289
Execution of jacLR ended (Thu Dec 29 01:31:32 EET 2016)
Starting stream_d0 execution: Thu Dec 29 01:31:32 EET 2016
-------------------------------------------------------------
STREAM version $Revision: 5.10 $
-------------------------------------------------------------
This system uses 8 bytes per array element.
-------------------------------------------------------------
Array size = 50000000 (elements), Offset = 0 (elements)
Memory per array = 381.5 MiB (= 0.4 GiB).
Total memory required = 1144.4 MiB (= 1.1 GiB).
Each kernel will be executed 20 times.
 The *best* time for each kernel (excluding the first iteration)
 will be used to compute the reported bandwidth.
-------------------------------------------------------------
Number of Threads requested = 4
Number of Threads counted = 4
-------------------------------------------------------------
Your clock granularity/precision appears to be 1 microseconds.
Each test below will take on the order of 108014 microseconds.
   (= 108014 clock ticks)
Increase the size of the arrays if this shows that
you are not getting at least 20 clock ticks per test.
-------------------------------------------------------------
WARNING -- The above is only a rough guideline.
For best results, please be sure you know the
precision of your system timer.
-------------------------------------------------------------
Function    Best Rate  Avg Rate   MB/s  Avg time     Min time     Max time
Copy:           10935.2       5712.4    0.140047    0.073158     0.155841
Scale:           6911.1       5781.2    0.138378    0.115755     0.153493
Add:             7743.8       6836.1    0.175539    0.154963     0.190688
Triad:           9689.5       6829.5    0.175709    0.123845     0.192569
-------------------------------------------------------------
Solution Validates: avg error less than 1.000000e-13 on all three arrays
-------------------------------------------------------------
-------------------------------------------------------------
STREAM version $Revision: 5.10 $
-------------------------------------------------------------
This system uses 8 bytes per array element.
-------------------------------------------------------------
Array size = 50000000 (elements), Offset = 0 (elements)
Memory per array = 381.5 MiB (= 0.4 GiB).
Total memory required = 1144.4 MiB (= 1.1 GiB).
Each kernel will be executed 20 times.
 The *best* time for each kernel (excluding the first iteration)
 will be used to compute the reported bandwidth.
-------------------------------------------------------------
Number of Threads requested = 4
Number of Threads counted = 4
-------------------------------------------------------------
Your clock granularity/precision appears to be 1 microseconds.
Each test below will take on the order of 105653 microseconds.
   (= 105653 clock ticks)
Increase the size of the arrays if this shows that
you are not getting at least 20 clock ticks per test.
-------------------------------------------------------------
WARNING -- The above is only a rough guideline.
For best results, please be sure you know the
precision of your system timer.
-------------------------------------------------------------
Function    Best Rate  Avg Rate   MB/s  Avg time     Min time     Max time
Copy:            6977.7       5708.2    0.140149    0.114651     0.153932
Scale:          10581.9       5865.5    0.136390    0.075601     0.153833
Add:            10284.9       6916.7    0.173492    0.116676     0.189968
Triad:           7733.1       6701.5    0.179064    0.155176     0.196972
-------------------------------------------------------------
Solution Validates: avg error less than 1.000000e-13 on all three arrays
-------------------------------------------------------------
-------------------------------------------------------------
STREAM version $Revision: 5.10 $
-------------------------------------------------------------
This system uses 8 bytes per array element.
-------------------------------------------------------------
Array size = 50000000 (elements), Offset = 0 (elements)
Memory per array = 381.5 MiB (= 0.4 GiB).
Total memory required = 1144.4 MiB (= 1.1 GiB).
Each kernel will be executed 20 times.
 The *best* time for each kernel (excluding the first iteration)
 will be used to compute the reported bandwidth.
-------------------------------------------------------------
Number of Threads requested = 4
Number of Threads counted = 4
-------------------------------------------------------------
Your clock granularity/precision appears to be 1 microseconds.
Each test below will take on the order of 74165 microseconds.
   (= 74165 clock ticks)
Increase the size of the arrays if this shows that
you are not getting at least 20 clock ticks per test.
-------------------------------------------------------------
WARNING -- The above is only a rough guideline.
For best results, please be sure you know the
precision of your system timer.
-------------------------------------------------------------
Function    Best Rate  Avg Rate   MB/s  Avg time     Min time     Max time
Copy:            6991.8       5699.8    0.140357    0.114420     0.154532
Scale:           6967.5       5727.9    0.139668    0.114819     0.154682
Add:             7841.9       6805.6    0.176326    0.153024     0.191613
Triad:           7757.5       6750.7    0.177758    0.154689     0.192985
-------------------------------------------------------------
Solution Validates: avg error less than 1.000000e-13 on all three arrays
-------------------------------------------------------------
-------------------------------------------------------------
STREAM version $Revision: 5.10 $
-------------------------------------------------------------
This system uses 8 bytes per array element.
-------------------------------------------------------------
Array size = 50000000 (elements), Offset = 0 (elements)
Memory per array = 381.5 MiB (= 0.4 GiB).
Total memory required = 1144.4 MiB (= 1.1 GiB).
Each kernel will be executed 20 times.
 The *best* time for each kernel (excluding the first iteration)
 will be used to compute the reported bandwidth.
-------------------------------------------------------------
Number of Threads requested = 4
Number of Threads counted = 4
-------------------------------------------------------------
Your clock granularity/precision appears to be 1 microseconds.
Each test below will take on the order of 108411 microseconds.
   (= 108411 clock ticks)
Increase the size of the arrays if this shows that
you are not getting at least 20 clock ticks per test.
-------------------------------------------------------------
WARNING -- The above is only a rough guideline.
For best results, please be sure you know the
precision of your system timer.
-------------------------------------------------------------
Function    Best Rate  Avg Rate   MB/s  Avg time     Min time     Max time
Copy:           10798.8       5777.6    0.138466    0.074082     0.154945
Scale:           6957.2       5784.8    0.138294    0.114989     0.156629
Add:             7831.6       6849.9    0.175185    0.153225     0.190402
Triad:           8839.9       6803.1    0.176390    0.135748     0.192854
-------------------------------------------------------------
Solution Validates: avg error less than 1.000000e-13 on all three arrays
-------------------------------------------------------------
-------------------------------------------------------------
STREAM version $Revision: 5.10 $
-------------------------------------------------------------
This system uses 8 bytes per array element.
-------------------------------------------------------------
Array size = 50000000 (elements), Offset = 0 (elements)
Memory per array = 381.5 MiB (= 0.4 GiB).
Total memory required = 1144.4 MiB (= 1.1 GiB).
Each kernel will be executed 20 times.
 The *best* time for each kernel (excluding the first iteration)
 will be used to compute the reported bandwidth.
-------------------------------------------------------------
Number of Threads requested = 4
Number of Threads counted = 4
-------------------------------------------------------------
Your clock granularity/precision appears to be 1 microseconds.
Each test below will take on the order of 107793 microseconds.
   (= 107793 clock ticks)
Increase the size of the arrays if this shows that
you are not getting at least 20 clock ticks per test.
-------------------------------------------------------------
WARNING -- The above is only a rough guideline.
For best results, please be sure you know the
precision of your system timer.
-------------------------------------------------------------
Function    Best Rate  Avg Rate   MB/s  Avg time     Min time     Max time
Copy:            6958.8       5662.1    0.141291    0.114962     0.154466
Scale:           7298.1       5724.4    0.139751    0.109618     0.153025
Add:            12498.4       7085.9    0.169350    0.096012     0.191295
Triad:           7894.3       6826.5    0.175786    0.152008     0.192642
-------------------------------------------------------------
Solution Validates: avg error less than 1.000000e-13 on all three arrays
-------------------------------------------------------------
-------------------------------------------------------------
STREAM version $Revision: 5.10 $
-------------------------------------------------------------
This system uses 8 bytes per array element.
-------------------------------------------------------------
Array size = 50000000 (elements), Offset = 0 (elements)
Memory per array = 381.5 MiB (= 0.4 GiB).
Total memory required = 1144.4 MiB (= 1.1 GiB).
Each kernel will be executed 20 times.
 The *best* time for each kernel (excluding the first iteration)
 will be used to compute the reported bandwidth.
-------------------------------------------------------------
Number of Threads requested = 4
Number of Threads counted = 4
-------------------------------------------------------------
Your clock granularity/precision appears to be 1 microseconds.
Each test below will take on the order of 107211 microseconds.
   (= 107211 clock ticks)
Increase the size of the arrays if this shows that
you are not getting at least 20 clock ticks per test.
-------------------------------------------------------------
WARNING -- The above is only a rough guideline.
For best results, please be sure you know the
precision of your system timer.
-------------------------------------------------------------
Function    Best Rate  Avg Rate   MB/s  Avg time     Min time     Max time
Copy:            6957.5       5683.5    0.140759    0.114984     0.155878
Scale:           7040.8       5663.4    0.141257    0.113624     0.154315
Add:             7842.6       6875.4    0.174535    0.153011     0.190171
Triad:           7791.5       6807.0    0.176289    0.154013     0.192669
-------------------------------------------------------------
Solution Validates: avg error less than 1.000000e-13 on all three arrays
-------------------------------------------------------------
-------------------------------------------------------------
STREAM version $Revision: 5.10 $
-------------------------------------------------------------
This system uses 8 bytes per array element.
-------------------------------------------------------------
Array size = 50000000 (elements), Offset = 0 (elements)
Memory per array = 381.5 MiB (= 0.4 GiB).
Total memory required = 1144.4 MiB (= 1.1 GiB).
Each kernel will be executed 20 times.
 The *best* time for each kernel (excluding the first iteration)
 will be used to compute the reported bandwidth.
-------------------------------------------------------------
Number of Threads requested = 4
Number of Threads counted = 4
-------------------------------------------------------------
Your clock granularity/precision appears to be 1 microseconds.
Each test below will take on the order of 107501 microseconds.
   (= 107501 clock ticks)
Increase the size of the arrays if this shows that
you are not getting at least 20 clock ticks per test.
-------------------------------------------------------------
WARNING -- The above is only a rough guideline.
For best results, please be sure you know the
precision of your system timer.
-------------------------------------------------------------
Function    Best Rate  Avg Rate   MB/s  Avg time     Min time     Max time
Copy:            8887.1       5902.0    0.135548    0.090018     0.152343
Scale:           7791.1       6123.3    0.130649    0.102681     0.152381
Add:             8998.7       7250.6    0.165504    0.133352     0.188595
Triad:           8998.2       6919.2    0.173431    0.133360     0.190250
-------------------------------------------------------------
Solution Validates: avg error less than 1.000000e-13 on all three arrays
-------------------------------------------------------------
-------------------------------------------------------------
STREAM version $Revision: 5.10 $
-------------------------------------------------------------
This system uses 8 bytes per array element.
-------------------------------------------------------------
Array size = 50000000 (elements), Offset = 0 (elements)
Memory per array = 381.5 MiB (= 0.4 GiB).
Total memory required = 1144.4 MiB (= 1.1 GiB).
Each kernel will be executed 20 times.
 The *best* time for each kernel (excluding the first iteration)
 will be used to compute the reported bandwidth.
-------------------------------------------------------------
Number of Threads requested = 4
Number of Threads counted = 4
-------------------------------------------------------------
Your clock granularity/precision appears to be 1 microseconds.
Each test below will take on the order of 98178 microseconds.
   (= 98178 clock ticks)
Increase the size of the arrays if this shows that
you are not getting at least 20 clock ticks per test.
-------------------------------------------------------------
WARNING -- The above is only a rough guideline.
For best results, please be sure you know the
precision of your system timer.
-------------------------------------------------------------
Function    Best Rate  Avg Rate   MB/s  Avg time     Min time     Max time
Copy:           10918.5       6119.4    0.130733    0.073270     0.140560
Scale:          10601.9       6274.3    0.127504    0.075458     0.138688
Add:            12167.5       7697.0    0.155905    0.098623     0.165565
Triad:          12318.0       7481.7    0.160392    0.097418     0.172995
-------------------------------------------------------------
Solution Validates: avg error less than 1.000000e-13 on all three arrays
-------------------------------------------------------------
-------------------------------------------------------------
STREAM version $Revision: 5.10 $
-------------------------------------------------------------
This system uses 8 bytes per array element.
-------------------------------------------------------------
Array size = 50000000 (elements), Offset = 0 (elements)
Memory per array = 381.5 MiB (= 0.4 GiB).
Total memory required = 1144.4 MiB (= 1.1 GiB).
Each kernel will be executed 20 times.
 The *best* time for each kernel (excluding the first iteration)
 will be used to compute the reported bandwidth.
-------------------------------------------------------------
Number of Threads requested = 4
Number of Threads counted = 4
-------------------------------------------------------------
Your clock granularity/precision appears to be 1 microseconds.
Each test below will take on the order of 98767 microseconds.
   (= 98767 clock ticks)
Increase the size of the arrays if this shows that
you are not getting at least 20 clock ticks per test.
-------------------------------------------------------------
WARNING -- The above is only a rough guideline.
For best results, please be sure you know the
precision of your system timer.
-------------------------------------------------------------
Function    Best Rate  Avg Rate   MB/s  Avg time     Min time     Max time
Copy:           10708.6       6113.7    0.130853    0.074706     0.142841
Scale:          10823.8       6132.6    0.130451    0.073911     0.140170
Add:            12192.5       7591.0    0.158082    0.098421     0.170113
Triad:          12267.6       7643.3    0.156999    0.097819     0.167255
-------------------------------------------------------------
Solution Validates: avg error less than 1.000000e-13 on all three arrays
-------------------------------------------------------------
-------------------------------------------------------------
STREAM version $Revision: 5.10 $
-------------------------------------------------------------
This system uses 8 bytes per array element.
-------------------------------------------------------------
Array size = 50000000 (elements), Offset = 0 (elements)
Memory per array = 381.5 MiB (= 0.4 GiB).
Total memory required = 1144.4 MiB (= 1.1 GiB).
Each kernel will be executed 20 times.
 The *best* time for each kernel (excluding the first iteration)
 will be used to compute the reported bandwidth.
-------------------------------------------------------------
Number of Threads requested = 4
Number of Threads counted = 4
-------------------------------------------------------------
Your clock granularity/precision appears to be 1 microseconds.
Each test below will take on the order of 93779 microseconds.
   (= 93779 clock ticks)
Increase the size of the arrays if this shows that
you are not getting at least 20 clock ticks per test.
-------------------------------------------------------------
WARNING -- The above is only a rough guideline.
For best results, please be sure you know the
precision of your system timer.
-------------------------------------------------------------
Function    Best Rate  Avg Rate   MB/s  Avg time     Min time     Max time
Copy:           10689.6       6410.8    0.124790    0.074839     0.139748
Scale:          10682.8       6161.1    0.129846    0.074887     0.141869
Add:            12622.7       7431.6    0.161472    0.095067     0.173333
Triad:          12243.5       7555.9    0.158816    0.098011     0.170897
-------------------------------------------------------------
Solution Validates: avg error less than 1.000000e-13 on all three arrays
-------------------------------------------------------------
-------------------------------------------------------------
STREAM version $Revision: 5.10 $
-------------------------------------------------------------
This system uses 8 bytes per array element.
-------------------------------------------------------------
Array size = 50000000 (elements), Offset = 0 (elements)
Memory per array = 381.5 MiB (= 0.4 GiB).
Total memory required = 1144.4 MiB (= 1.1 GiB).
Each kernel will be executed 20 times.
 The *best* time for each kernel (excluding the first iteration)
 will be used to compute the reported bandwidth.
-------------------------------------------------------------
Number of Threads requested = 4
Number of Threads counted = 4
-------------------------------------------------------------
Your clock granularity/precision appears to be 1 microseconds.
Each test below will take on the order of 93089 microseconds.
   (= 93089 clock ticks)
Increase the size of the arrays if this shows that
you are not getting at least 20 clock ticks per test.
-------------------------------------------------------------
WARNING -- The above is only a rough guideline.
For best results, please be sure you know the
precision of your system timer.
-------------------------------------------------------------
Function    Best Rate  Avg Rate   MB/s  Avg time     Min time     Max time
Copy:           10688.5       6345.9    0.126066    0.074847     0.137438
Scale:          10672.1       6395.0    0.125097    0.074962     0.139876
Add:            12387.1       7408.1    0.161986    0.096875     0.174507
Triad:          12244.3       7383.4    0.162526    0.098005     0.175559
-------------------------------------------------------------
Solution Validates: avg error less than 1.000000e-13 on all three arrays
-------------------------------------------------------------
-------------------------------------------------------------
STREAM version $Revision: 5.10 $
-------------------------------------------------------------
This system uses 8 bytes per array element.
-------------------------------------------------------------
Array size = 50000000 (elements), Offset = 0 (elements)
Memory per array = 381.5 MiB (= 0.4 GiB).
Total memory required = 1144.4 MiB (= 1.1 GiB).
Each kernel will be executed 20 times.
 The *best* time for each kernel (excluding the first iteration)
 will be used to compute the reported bandwidth.
-------------------------------------------------------------
Number of Threads requested = 4
Number of Threads counted = 4
-------------------------------------------------------------
Your clock granularity/precision appears to be 1 microseconds.
Each test below will take on the order of 99395 microseconds.
   (= 99395 clock ticks)
Increase the size of the arrays if this shows that
you are not getting at least 20 clock ticks per test.
-------------------------------------------------------------
WARNING -- The above is only a rough guideline.
For best results, please be sure you know the
precision of your system timer.
-------------------------------------------------------------
Function    Best Rate  Avg Rate   MB/s  Avg time     Min time     Max time
Copy:           10614.3       6260.8    0.127779    0.075370     0.139351
Scale:          10566.9       6421.3    0.124585    0.075708     0.137522
Add:            12230.3       7517.1    0.159637    0.098117     0.173911
Triad:          12551.0       7292.3    0.164558    0.095610     0.176135
-------------------------------------------------------------
Solution Validates: avg error less than 1.000000e-13 on all three arrays
-------------------------------------------------------------
-------------------------------------------------------------
STREAM version $Revision: 5.10 $
-------------------------------------------------------------
This system uses 8 bytes per array element.
-------------------------------------------------------------
Array size = 50000000 (elements), Offset = 0 (elements)
Memory per array = 381.5 MiB (= 0.4 GiB).
Total memory required = 1144.4 MiB (= 1.1 GiB).
Each kernel will be executed 20 times.
 The *best* time for each kernel (excluding the first iteration)
 will be used to compute the reported bandwidth.
-------------------------------------------------------------
Number of Threads requested = 4
Number of Threads counted = 4
-------------------------------------------------------------
Your clock granularity/precision appears to be 1 microseconds.
Each test below will take on the order of 98670 microseconds.
   (= 98670 clock ticks)
Increase the size of the arrays if this shows that
you are not getting at least 20 clock ticks per test.
-------------------------------------------------------------
WARNING -- The above is only a rough guideline.
For best results, please be sure you know the
precision of your system timer.
-------------------------------------------------------------
Function    Best Rate  Avg Rate   MB/s  Avg time     Min time     Max time
Copy:           10605.4       6215.2    0.128717    0.075433     0.139494
Scale:          10605.9       6398.2    0.125036    0.075430     0.134880
Add:            12313.9       7630.7    0.157259    0.097451     0.175059
Triad:          12613.5       7320.2    0.163931    0.095136     0.176961
-------------------------------------------------------------
Solution Validates: avg error less than 1.000000e-13 on all three arrays
-------------------------------------------------------------
-------------------------------------------------------------
STREAM version $Revision: 5.10 $
-------------------------------------------------------------
This system uses 8 bytes per array element.
-------------------------------------------------------------
Array size = 50000000 (elements), Offset = 0 (elements)
Memory per array = 381.5 MiB (= 0.4 GiB).
Total memory required = 1144.4 MiB (= 1.1 GiB).
Each kernel will be executed 20 times.
 The *best* time for each kernel (excluding the first iteration)
 will be used to compute the reported bandwidth.
-------------------------------------------------------------
Number of Threads requested = 4
Number of Threads counted = 4
-------------------------------------------------------------
Your clock granularity/precision appears to be 1 microseconds.
Each test below will take on the order of 99601 microseconds.
   (= 99601 clock ticks)
Increase the size of the arrays if this shows that
you are not getting at least 20 clock ticks per test.
-------------------------------------------------------------
WARNING -- The above is only a rough guideline.
For best results, please be sure you know the
precision of your system timer.
-------------------------------------------------------------
Function    Best Rate  Avg Rate   MB/s  Avg time     Min time     Max time
Copy:           11148.1      10096.6    0.079235    0.071761     0.138958
Scale:          11132.9      10500.9    0.076184    0.071859     0.131595
Add:            12782.4      12194.7    0.098404    0.093879     0.164471
Triad:          12849.8      12209.5    0.098284    0.093387     0.174036
-------------------------------------------------------------
Solution Validates: avg error less than 1.000000e-13 on all three arrays
-------------------------------------------------------------
-------------------------------------------------------------
STREAM version $Revision: 5.10 $
-------------------------------------------------------------
This system uses 8 bytes per array element.
-------------------------------------------------------------
Array size = 50000000 (elements), Offset = 0 (elements)
Memory per array = 381.5 MiB (= 0.4 GiB).
Total memory required = 1144.4 MiB (= 1.1 GiB).
Each kernel will be executed 20 times.
 The *best* time for each kernel (excluding the first iteration)
 will be used to compute the reported bandwidth.
-------------------------------------------------------------
Number of Threads requested = 4
Number of Threads counted = 4
-------------------------------------------------------------
Your clock granularity/precision appears to be 1 microseconds.
Each test below will take on the order of 54740 microseconds.
   (= 54740 clock ticks)
Increase the size of the arrays if this shows that
you are not getting at least 20 clock ticks per test.
-------------------------------------------------------------
WARNING -- The above is only a rough guideline.
For best results, please be sure you know the
precision of your system timer.
-------------------------------------------------------------
Function    Best Rate  Avg Rate   MB/s  Avg time     Min time     Max time
Copy:           11144.9      11056.6    0.072355    0.071782     0.073566
Scale:          11631.3      11104.9    0.072040    0.068780     0.073324
Add:            12767.6      12732.7    0.094246    0.093988     0.094626
Triad:          12911.3      12793.3    0.093799    0.092942     0.094216
-------------------------------------------------------------
Solution Validates: avg error less than 1.000000e-13 on all three arrays
-------------------------------------------------------------
-------------------------------------------------------------
STREAM version $Revision: 5.10 $
-------------------------------------------------------------
This system uses 8 bytes per array element.
-------------------------------------------------------------
Array size = 50000000 (elements), Offset = 0 (elements)
Memory per array = 381.5 MiB (= 0.4 GiB).
Total memory required = 1144.4 MiB (= 1.1 GiB).
Each kernel will be executed 20 times.
 The *best* time for each kernel (excluding the first iteration)
 will be used to compute the reported bandwidth.
-------------------------------------------------------------
Number of Threads requested = 4
Number of Threads counted = 4
-------------------------------------------------------------
Your clock granularity/precision appears to be 1 microseconds.
Each test below will take on the order of 54543 microseconds.
   (= 54543 clock ticks)
Increase the size of the arrays if this shows that
you are not getting at least 20 clock ticks per test.
-------------------------------------------------------------
WARNING -- The above is only a rough guideline.
For best results, please be sure you know the
precision of your system timer.
-------------------------------------------------------------
Function    Best Rate  Avg Rate   MB/s  Avg time     Min time     Max time
Copy:           11170.2      11123.6    0.071919    0.071619     0.072147
Scale:          11120.5      11082.0    0.072189    0.071939     0.072873
Add:            12869.9      12754.0    0.094088    0.093241     0.094526
Triad:          12879.8      12801.1    0.093742    0.093169     0.094391
-------------------------------------------------------------
Solution Validates: avg error less than 1.000000e-13 on all three arrays
-------------------------------------------------------------
-------------------------------------------------------------
STREAM version $Revision: 5.10 $
-------------------------------------------------------------
This system uses 8 bytes per array element.
-------------------------------------------------------------
Array size = 50000000 (elements), Offset = 0 (elements)
Memory per array = 381.5 MiB (= 0.4 GiB).
Total memory required = 1144.4 MiB (= 1.1 GiB).
Each kernel will be executed 20 times.
 The *best* time for each kernel (excluding the first iteration)
 will be used to compute the reported bandwidth.
-------------------------------------------------------------
Number of Threads requested = 4
Number of Threads counted = 4
-------------------------------------------------------------
Your clock granularity/precision appears to be 1 microseconds.
Each test below will take on the order of 54055 microseconds.
   (= 54055 clock ticks)
Increase the size of the arrays if this shows that
you are not getting at least 20 clock ticks per test.
-------------------------------------------------------------
WARNING -- The above is only a rough guideline.
For best results, please be sure you know the
precision of your system timer.
-------------------------------------------------------------
Function    Best Rate  Avg Rate   MB/s  Avg time     Min time     Max time
Copy:           11341.7      11152.9    0.071730    0.070536     0.072213
Scale:          11123.6      11073.7    0.072243    0.071919     0.072972
Add:            12865.3      12742.3    0.094174    0.093274     0.095144
Triad:          12897.0      12765.2    0.094006    0.093045     0.095875
-------------------------------------------------------------
Solution Validates: avg error less than 1.000000e-13 on all three arrays
-------------------------------------------------------------
-------------------------------------------------------------
STREAM version $Revision: 5.10 $
-------------------------------------------------------------
This system uses 8 bytes per array element.
-------------------------------------------------------------
Array size = 50000000 (elements), Offset = 0 (elements)
Memory per array = 381.5 MiB (= 0.4 GiB).
Total memory required = 1144.4 MiB (= 1.1 GiB).
Each kernel will be executed 20 times.
 The *best* time for each kernel (excluding the first iteration)
 will be used to compute the reported bandwidth.
-------------------------------------------------------------
Number of Threads requested = 4
Number of Threads counted = 4
-------------------------------------------------------------
Your clock granularity/precision appears to be 1 microseconds.
Each test below will take on the order of 54732 microseconds.
   (= 54732 clock ticks)
Increase the size of the arrays if this shows that
you are not getting at least 20 clock ticks per test.
-------------------------------------------------------------
WARNING -- The above is only a rough guideline.
For best results, please be sure you know the
precision of your system timer.
-------------------------------------------------------------
Function    Best Rate  Avg Rate   MB/s  Avg time     Min time     Max time
Copy:           11129.3      11096.7    0.072093    0.071882     0.072364
Scale:          11233.1      11038.8    0.072472    0.071218     0.073256
Add:            12912.3      12724.7    0.094305    0.092935     0.094887
Triad:          12827.4      12764.6    0.094010    0.093550     0.094637
-------------------------------------------------------------
Solution Validates: avg error less than 1.000000e-13 on all three arrays
-------------------------------------------------------------
-------------------------------------------------------------
STREAM version $Revision: 5.10 $
-------------------------------------------------------------
This system uses 8 bytes per array element.
-------------------------------------------------------------
Array size = 50000000 (elements), Offset = 0 (elements)
Memory per array = 381.5 MiB (= 0.4 GiB).
Total memory required = 1144.4 MiB (= 1.1 GiB).
Each kernel will be executed 20 times.
 The *best* time for each kernel (excluding the first iteration)
 will be used to compute the reported bandwidth.
-------------------------------------------------------------
Number of Threads requested = 4
Number of Threads counted = 4
-------------------------------------------------------------
Your clock granularity/precision appears to be 1 microseconds.
Each test below will take on the order of 54176 microseconds.
   (= 54176 clock ticks)
Increase the size of the arrays if this shows that
you are not getting at least 20 clock ticks per test.
-------------------------------------------------------------
WARNING -- The above is only a rough guideline.
For best results, please be sure you know the
precision of your system timer.
-------------------------------------------------------------
Function    Best Rate  Avg Rate   MB/s  Avg time     Min time     Max time
Copy:           11185.2      11126.6    0.071900    0.071523     0.072977
Scale:          11154.4      11112.6    0.071990    0.071721     0.072575
Add:            12804.4      12776.4    0.093923    0.093718     0.094268
Triad:          12856.6      12825.2    0.093566    0.093337     0.093890
-------------------------------------------------------------
Solution Validates: avg error less than 1.000000e-13 on all three arrays
-------------------------------------------------------------
-------------------------------------------------------------
STREAM version $Revision: 5.10 $
-------------------------------------------------------------
This system uses 8 bytes per array element.
-------------------------------------------------------------
Array size = 50000000 (elements), Offset = 0 (elements)
Memory per array = 381.5 MiB (= 0.4 GiB).
Total memory required = 1144.4 MiB (= 1.1 GiB).
Each kernel will be executed 20 times.
 The *best* time for each kernel (excluding the first iteration)
 will be used to compute the reported bandwidth.
-------------------------------------------------------------
Number of Threads requested = 4
Number of Threads counted = 4
-------------------------------------------------------------
Your clock granularity/precision appears to be 1 microseconds.
Each test below will take on the order of 54471 microseconds.
   (= 54471 clock ticks)
Increase the size of the arrays if this shows that
you are not getting at least 20 clock ticks per test.
-------------------------------------------------------------
WARNING -- The above is only a rough guideline.
For best results, please be sure you know the
precision of your system timer.
-------------------------------------------------------------
Function    Best Rate  Avg Rate   MB/s  Avg time     Min time     Max time
Copy:           11645.8      11113.4    0.071985    0.068694     0.072697
Scale:          11092.3      11065.5    0.072297    0.072122     0.072992
Add:            12753.1      12715.7    0.094371    0.094095     0.094599
Triad:          13072.6      12768.8    0.093979    0.091795     0.095308
-------------------------------------------------------------
Solution Validates: avg error less than 1.000000e-13 on all three arrays
-------------------------------------------------------------
-------------------------------------------------------------
STREAM version $Revision: 5.10 $
-------------------------------------------------------------
This system uses 8 bytes per array element.
-------------------------------------------------------------
Array size = 50000000 (elements), Offset = 0 (elements)
Memory per array = 381.5 MiB (= 0.4 GiB).
Total memory required = 1144.4 MiB (= 1.1 GiB).
Each kernel will be executed 20 times.
 The *best* time for each kernel (excluding the first iteration)
 will be used to compute the reported bandwidth.
-------------------------------------------------------------
Number of Threads requested = 4
Number of Threads counted = 4
-------------------------------------------------------------
Your clock granularity/precision appears to be 1 microseconds.
Each test below will take on the order of 54140 microseconds.
   (= 54140 clock ticks)
Increase the size of the arrays if this shows that
you are not getting at least 20 clock ticks per test.
-------------------------------------------------------------
WARNING -- The above is only a rough guideline.
For best results, please be sure you know the
precision of your system timer.
-------------------------------------------------------------
Function    Best Rate  Avg Rate   MB/s  Avg time     Min time     Max time
Copy:           11639.6      11040.1    0.072463    0.068731     0.072879
Scale:          11133.1      11058.3    0.072344    0.071858     0.072756
Add:            12748.3      12696.5    0.094514    0.094130     0.095230
Triad:          13282.1      12789.4    0.093828    0.090347     0.094457
-------------------------------------------------------------
Solution Validates: avg error less than 1.000000e-13 on all three arrays
-------------------------------------------------------------
-------------------------------------------------------------
STREAM version $Revision: 5.10 $
-------------------------------------------------------------
This system uses 8 bytes per array element.
-------------------------------------------------------------
Array size = 50000000 (elements), Offset = 0 (elements)
Memory per array = 381.5 MiB (= 0.4 GiB).
Total memory required = 1144.4 MiB (= 1.1 GiB).
Each kernel will be executed 20 times.
 The *best* time for each kernel (excluding the first iteration)
 will be used to compute the reported bandwidth.
-------------------------------------------------------------
Number of Threads requested = 4
Number of Threads counted = 4
-------------------------------------------------------------
Your clock granularity/precision appears to be 1 microseconds.
Each test below will take on the order of 54326 microseconds.
   (= 54326 clock ticks)
Increase the size of the arrays if this shows that
you are not getting at least 20 clock ticks per test.
-------------------------------------------------------------
WARNING -- The above is only a rough guideline.
For best results, please be sure you know the
precision of your system timer.
-------------------------------------------------------------
Function    Best Rate  Avg Rate   MB/s  Avg time     Min time     Max time
Copy:           11140.1      11082.3    0.072187    0.071813     0.072966
Scale:          11110.2      11024.4    0.072566    0.072006     0.073463
Add:            12783.8      12713.5    0.094388    0.093869     0.094725
Triad:          12826.3      12763.2    0.094020    0.093558     0.094354
-------------------------------------------------------------
Solution Validates: avg error less than 1.000000e-13 on all three arrays
-------------------------------------------------------------
-------------------------------------------------------------
STREAM version $Revision: 5.10 $
-------------------------------------------------------------
This system uses 8 bytes per array element.
-------------------------------------------------------------
Array size = 50000000 (elements), Offset = 0 (elements)
Memory per array = 381.5 MiB (= 0.4 GiB).
Total memory required = 1144.4 MiB (= 1.1 GiB).
Each kernel will be executed 20 times.
 The *best* time for each kernel (excluding the first iteration)
 will be used to compute the reported bandwidth.
-------------------------------------------------------------
Number of Threads requested = 4
Number of Threads counted = 4
-------------------------------------------------------------
Your clock granularity/precision appears to be 1 microseconds.
Each test below will take on the order of 53963 microseconds.
   (= 53963 clock ticks)
Increase the size of the arrays if this shows that
you are not getting at least 20 clock ticks per test.
-------------------------------------------------------------
WARNING -- The above is only a rough guideline.
For best results, please be sure you know the
precision of your system timer.
-------------------------------------------------------------
Function    Best Rate  Avg Rate   MB/s  Avg time     Min time     Max time
Copy:           11168.4      11126.7    0.071899    0.071631     0.072489
Scale:          11356.4      11129.3    0.071883    0.070445     0.072499
Add:            13107.4      12797.9    0.093765    0.091551     0.094169
Triad:          13134.1      12830.9    0.093524    0.091365     0.094689
-------------------------------------------------------------
Solution Validates: avg error less than 1.000000e-13 on all three arrays
-------------------------------------------------------------
-------------------------------------------------------------
STREAM version $Revision: 5.10 $
-------------------------------------------------------------
This system uses 8 bytes per array element.
-------------------------------------------------------------
Array size = 50000000 (elements), Offset = 0 (elements)
Memory per array = 381.5 MiB (= 0.4 GiB).
Total memory required = 1144.4 MiB (= 1.1 GiB).
Each kernel will be executed 20 times.
 The *best* time for each kernel (excluding the first iteration)
 will be used to compute the reported bandwidth.
-------------------------------------------------------------
Number of Threads requested = 4
Number of Threads counted = 4
-------------------------------------------------------------
Your clock granularity/precision appears to be 1 microseconds.
Each test below will take on the order of 54024 microseconds.
   (= 54024 clock ticks)
Increase the size of the arrays if this shows that
you are not getting at least 20 clock ticks per test.
-------------------------------------------------------------
WARNING -- The above is only a rough guideline.
For best results, please be sure you know the
precision of your system timer.
-------------------------------------------------------------
Function    Best Rate  Avg Rate   MB/s  Avg time     Min time     Max time
Copy:           11381.6      11102.1    0.072058    0.070289     0.073011
Scale:          11119.6      11077.0    0.072221    0.071945     0.072413
Add:            12793.0      12745.5    0.094151    0.093801     0.095109
Triad:          13017.9      12785.2    0.093859    0.092181     0.094627
-------------------------------------------------------------
Solution Validates: avg error less than 1.000000e-13 on all three arrays
-------------------------------------------------------------
-------------------------------------------------------------
STREAM version $Revision: 5.10 $
-------------------------------------------------------------
This system uses 8 bytes per array element.
-------------------------------------------------------------
Array size = 50000000 (elements), Offset = 0 (elements)
Memory per array = 381.5 MiB (= 0.4 GiB).
Total memory required = 1144.4 MiB (= 1.1 GiB).
Each kernel will be executed 20 times.
 The *best* time for each kernel (excluding the first iteration)
 will be used to compute the reported bandwidth.
-------------------------------------------------------------
Number of Threads requested = 4
Number of Threads counted = 4
-------------------------------------------------------------
Your clock granularity/precision appears to be 1 microseconds.
Each test below will take on the order of 54253 microseconds.
   (= 54253 clock ticks)
Increase the size of the arrays if this shows that
you are not getting at least 20 clock ticks per test.
-------------------------------------------------------------
WARNING -- The above is only a rough guideline.
For best results, please be sure you know the
precision of your system timer.
-------------------------------------------------------------
Function    Best Rate  Avg Rate   MB/s  Avg time     Min time     Max time
Copy:           11180.4      11105.8    0.072035    0.071554     0.072329
Scale:          11107.7      11066.6    0.072290    0.072022     0.073433
Add:            12777.1      12745.2    0.094153    0.093918     0.094738
Triad:          12820.4      12731.4    0.094255    0.093601     0.100188
-------------------------------------------------------------
Solution Validates: avg error less than 1.000000e-13 on all three arrays
-------------------------------------------------------------
-------------------------------------------------------------
STREAM version $Revision: 5.10 $
-------------------------------------------------------------
This system uses 8 bytes per array element.
-------------------------------------------------------------
Array size = 50000000 (elements), Offset = 0 (elements)
Memory per array = 381.5 MiB (= 0.4 GiB).
Total memory required = 1144.4 MiB (= 1.1 GiB).
Each kernel will be executed 20 times.
 The *best* time for each kernel (excluding the first iteration)
 will be used to compute the reported bandwidth.
-------------------------------------------------------------
Number of Threads requested = 4
Number of Threads counted = 4
-------------------------------------------------------------
Your clock granularity/precision appears to be 1 microseconds.
Each test below will take on the order of 54631 microseconds.
   (= 54631 clock ticks)
Increase the size of the arrays if this shows that
you are not getting at least 20 clock ticks per test.
-------------------------------------------------------------
WARNING -- The above is only a rough guideline.
For best results, please be sure you know the
precision of your system timer.
-------------------------------------------------------------
Function    Best Rate  Avg Rate   MB/s  Avg time     Min time     Max time
Copy:           11123.0      11084.8    0.072171    0.071923     0.072543
Scale:          11203.4      11050.8    0.072393    0.071407     0.073420
Add:            13121.4      12703.7    0.094461    0.091454     0.095191
Triad:          12806.3      12748.1    0.094132    0.093704     0.094501
-------------------------------------------------------------
Solution Validates: avg error less than 1.000000e-13 on all three arrays
-------------------------------------------------------------
-------------------------------------------------------------
STREAM version $Revision: 5.10 $
-------------------------------------------------------------
This system uses 8 bytes per array element.
-------------------------------------------------------------
Array size = 50000000 (elements), Offset = 0 (elements)
Memory per array = 381.5 MiB (= 0.4 GiB).
Total memory required = 1144.4 MiB (= 1.1 GiB).
Each kernel will be executed 20 times.
 The *best* time for each kernel (excluding the first iteration)
 will be used to compute the reported bandwidth.
-------------------------------------------------------------
Number of Threads requested = 4
Number of Threads counted = 4
-------------------------------------------------------------
Your clock granularity/precision appears to be 1 microseconds.
Each test below will take on the order of 54192 microseconds.
   (= 54192 clock ticks)
Increase the size of the arrays if this shows that
you are not getting at least 20 clock ticks per test.
-------------------------------------------------------------
WARNING -- The above is only a rough guideline.
For best results, please be sure you know the
precision of your system timer.
-------------------------------------------------------------
Function    Best Rate  Avg Rate   MB/s  Avg time     Min time     Max time
Copy:           11606.2      11113.0    0.071988    0.068929     0.073040
Scale:          11313.8      11073.1    0.072247    0.070710     0.075901
Add:            13070.3      12802.6    0.093731    0.091811     0.094501
Triad:          13193.3      12868.4    0.093252    0.090955     0.094097
-------------------------------------------------------------
Solution Validates: avg error less than 1.000000e-13 on all three arrays
-------------------------------------------------------------
-------------------------------------------------------------
STREAM version $Revision: 5.10 $
-------------------------------------------------------------
This system uses 8 bytes per array element.
-------------------------------------------------------------
Array size = 50000000 (elements), Offset = 0 (elements)
Memory per array = 381.5 MiB (= 0.4 GiB).
Total memory required = 1144.4 MiB (= 1.1 GiB).
Each kernel will be executed 20 times.
 The *best* time for each kernel (excluding the first iteration)
 will be used to compute the reported bandwidth.
-------------------------------------------------------------
Number of Threads requested = 4
Number of Threads counted = 4
-------------------------------------------------------------
Your clock granularity/precision appears to be 1 microseconds.
Each test below will take on the order of 56159 microseconds.
   (= 56159 clock ticks)
Increase the size of the arrays if this shows that
you are not getting at least 20 clock ticks per test.
-------------------------------------------------------------
WARNING -- The above is only a rough guideline.
For best results, please be sure you know the
precision of your system timer.
-------------------------------------------------------------
Function    Best Rate  Avg Rate   MB/s  Avg time     Min time     Max time
Copy:           11205.8      11096.5    0.072095    0.071392     0.075241
Scale:          11167.1      11089.2    0.072142    0.071639     0.075115
Add:            12921.9      12854.0    0.093356    0.092866     0.096968
Triad:          12977.3      12894.7    0.093061    0.092469     0.096763
-------------------------------------------------------------
Solution Validates: avg error less than 1.000000e-13 on all three arrays
-------------------------------------------------------------
-------------------------------------------------------------
STREAM version $Revision: 5.10 $
-------------------------------------------------------------
This system uses 8 bytes per array element.
-------------------------------------------------------------
Array size = 50000000 (elements), Offset = 0 (elements)
Memory per array = 381.5 MiB (= 0.4 GiB).
Total memory required = 1144.4 MiB (= 1.1 GiB).
Each kernel will be executed 20 times.
 The *best* time for each kernel (excluding the first iteration)
 will be used to compute the reported bandwidth.
-------------------------------------------------------------
Number of Threads requested = 4
Number of Threads counted = 4
-------------------------------------------------------------
Your clock granularity/precision appears to be 1 microseconds.
Each test below will take on the order of 55564 microseconds.
   (= 55564 clock ticks)
Increase the size of the arrays if this shows that
you are not getting at least 20 clock ticks per test.
-------------------------------------------------------------
WARNING -- The above is only a rough guideline.
For best results, please be sure you know the
precision of your system timer.
-------------------------------------------------------------
Function    Best Rate  Avg Rate   MB/s  Avg time     Min time     Max time
Copy:           11261.6      10991.0    0.072787    0.071038     0.075285
Scale:          11223.2      10966.3    0.072951    0.071281     0.075430
Add:            13010.5      12721.2    0.094331    0.092233     0.097197
Triad:          13048.9      12742.4    0.094174    0.091962     0.096998
-------------------------------------------------------------
Solution Validates: avg error less than 1.000000e-13 on all three arrays
-------------------------------------------------------------
-------------------------------------------------------------
STREAM version $Revision: 5.10 $
-------------------------------------------------------------
This system uses 8 bytes per array element.
-------------------------------------------------------------
Array size = 50000000 (elements), Offset = 0 (elements)
Memory per array = 381.5 MiB (= 0.4 GiB).
Total memory required = 1144.4 MiB (= 1.1 GiB).
Each kernel will be executed 20 times.
 The *best* time for each kernel (excluding the first iteration)
 will be used to compute the reported bandwidth.
-------------------------------------------------------------
Number of Threads requested = 4
Number of Threads counted = 4
-------------------------------------------------------------
Your clock granularity/precision appears to be 1 microseconds.
Each test below will take on the order of 55856 microseconds.
   (= 55856 clock ticks)
Increase the size of the arrays if this shows that
you are not getting at least 20 clock ticks per test.
-------------------------------------------------------------
WARNING -- The above is only a rough guideline.
For best results, please be sure you know the
precision of your system timer.
-------------------------------------------------------------
Function    Best Rate  Avg Rate   MB/s  Avg time     Min time     Max time
Copy:           11250.0      11189.3    0.071497    0.071111     0.072137
Scale:          11177.4      11122.2    0.071928    0.071573     0.072989
Add:            13026.6      12885.5    0.093128    0.092119     0.097980
Triad:          13068.3      13000.2    0.092306    0.091825     0.092584
-------------------------------------------------------------
Solution Validates: avg error less than 1.000000e-13 on all three arrays
-------------------------------------------------------------
-------------------------------------------------------------
STREAM version $Revision: 5.10 $
-------------------------------------------------------------
This system uses 8 bytes per array element.
-------------------------------------------------------------
Array size = 50000000 (elements), Offset = 0 (elements)
Memory per array = 381.5 MiB (= 0.4 GiB).
Total memory required = 1144.4 MiB (= 1.1 GiB).
Each kernel will be executed 20 times.
 The *best* time for each kernel (excluding the first iteration)
 will be used to compute the reported bandwidth.
-------------------------------------------------------------
Number of Threads requested = 4
Number of Threads counted = 4
-------------------------------------------------------------
Your clock granularity/precision appears to be 1 microseconds.
Each test below will take on the order of 55327 microseconds.
   (= 55327 clock ticks)
Increase the size of the arrays if this shows that
you are not getting at least 20 clock ticks per test.
-------------------------------------------------------------
WARNING -- The above is only a rough guideline.
For best results, please be sure you know the
precision of your system timer.
-------------------------------------------------------------
Function    Best Rate  Avg Rate   MB/s  Avg time     Min time     Max time
Copy:           11273.5      11207.4    0.071382    0.070963     0.074559
Scale:          11248.4      11145.4    0.071779    0.071121     0.074632
Add:            13018.7      12921.6    0.092868    0.092175     0.096640
Triad:          13062.4      12973.1    0.092499    0.091867     0.096197
-------------------------------------------------------------
Solution Validates: avg error less than 1.000000e-13 on all three arrays
-------------------------------------------------------------
-------------------------------------------------------------
STREAM version $Revision: 5.10 $
-------------------------------------------------------------
This system uses 8 bytes per array element.
-------------------------------------------------------------
Array size = 50000000 (elements), Offset = 0 (elements)
Memory per array = 381.5 MiB (= 0.4 GiB).
Total memory required = 1144.4 MiB (= 1.1 GiB).
Each kernel will be executed 20 times.
 The *best* time for each kernel (excluding the first iteration)
 will be used to compute the reported bandwidth.
-------------------------------------------------------------
Number of Threads requested = 4
Number of Threads counted = 4
-------------------------------------------------------------
Your clock granularity/precision appears to be 1 microseconds.
Each test below will take on the order of 55854 microseconds.
   (= 55854 clock ticks)
Increase the size of the arrays if this shows that
you are not getting at least 20 clock ticks per test.
-------------------------------------------------------------
WARNING -- The above is only a rough guideline.
For best results, please be sure you know the
precision of your system timer.
-------------------------------------------------------------
Function    Best Rate  Avg Rate   MB/s  Avg time     Min time     Max time
Copy:           11227.1      11181.6    0.071546    0.071256     0.074305
Scale:          11167.2      11094.2    0.072110    0.071638     0.075331
Add:            12981.6      12890.9    0.093089    0.092438     0.096418
Triad:          13084.0      12944.0    0.092707    0.091715     0.096541
-------------------------------------------------------------
Solution Validates: avg error less than 1.000000e-13 on all three arrays
-------------------------------------------------------------
-------------------------------------------------------------
STREAM version $Revision: 5.10 $
-------------------------------------------------------------
This system uses 8 bytes per array element.
-------------------------------------------------------------
Array size = 50000000 (elements), Offset = 0 (elements)
Memory per array = 381.5 MiB (= 0.4 GiB).
Total memory required = 1144.4 MiB (= 1.1 GiB).
Each kernel will be executed 20 times.
 The *best* time for each kernel (excluding the first iteration)
 will be used to compute the reported bandwidth.
-------------------------------------------------------------
Number of Threads requested = 4
Number of Threads counted = 4
-------------------------------------------------------------
Your clock granularity/precision appears to be 1 microseconds.
Each test below will take on the order of 55438 microseconds.
   (= 55438 clock ticks)
Increase the size of the arrays if this shows that
you are not getting at least 20 clock ticks per test.
-------------------------------------------------------------
WARNING -- The above is only a rough guideline.
For best results, please be sure you know the
precision of your system timer.
-------------------------------------------------------------
Function    Best Rate  Avg Rate   MB/s  Avg time     Min time     Max time
Copy:           11257.8      11151.6    0.071738    0.071062     0.076084
Scale:          11221.1      11127.4    0.071895    0.071294     0.074646
Add:            13036.5      12913.8    0.092924    0.092049     0.096493
Triad:          13123.4      12991.5    0.092368    0.091440     0.096005
-------------------------------------------------------------
Solution Validates: avg error less than 1.000000e-13 on all three arrays
-------------------------------------------------------------
-------------------------------------------------------------
STREAM version $Revision: 5.10 $
-------------------------------------------------------------
This system uses 8 bytes per array element.
-------------------------------------------------------------
Array size = 50000000 (elements), Offset = 0 (elements)
Memory per array = 381.5 MiB (= 0.4 GiB).
Total memory required = 1144.4 MiB (= 1.1 GiB).
Each kernel will be executed 20 times.
 The *best* time for each kernel (excluding the first iteration)
 will be used to compute the reported bandwidth.
-------------------------------------------------------------
Number of Threads requested = 4
Number of Threads counted = 4
-------------------------------------------------------------
Your clock granularity/precision appears to be 1 microseconds.
Each test below will take on the order of 55361 microseconds.
   (= 55361 clock ticks)
Increase the size of the arrays if this shows that
you are not getting at least 20 clock ticks per test.
-------------------------------------------------------------
WARNING -- The above is only a rough guideline.
For best results, please be sure you know the
precision of your system timer.
-------------------------------------------------------------
Function    Best Rate  Avg Rate   MB/s  Avg time     Min time     Max time
Copy:           11260.8      11115.3    0.071973    0.071043     0.078918
Scale:          11169.5      11048.9    0.072405    0.071624     0.079838
Add:            12979.6      12837.4    0.093477    0.092453     0.099953
Triad:          13074.8      12895.9    0.093053    0.091780     0.101553
-------------------------------------------------------------
Solution Validates: avg error less than 1.000000e-13 on all three arrays
-------------------------------------------------------------
-------------------------------------------------------------
STREAM version $Revision: 5.10 $
-------------------------------------------------------------
This system uses 8 bytes per array element.
-------------------------------------------------------------
Array size = 50000000 (elements), Offset = 0 (elements)
Memory per array = 381.5 MiB (= 0.4 GiB).
Total memory required = 1144.4 MiB (= 1.1 GiB).
Each kernel will be executed 20 times.
 The *best* time for each kernel (excluding the first iteration)
 will be used to compute the reported bandwidth.
-------------------------------------------------------------
Number of Threads requested = 4
Number of Threads counted = 4
-------------------------------------------------------------
Your clock granularity/precision appears to be 1 microseconds.
Each test below will take on the order of 55754 microseconds.
   (= 55754 clock ticks)
Increase the size of the arrays if this shows that
you are not getting at least 20 clock ticks per test.
-------------------------------------------------------------
WARNING -- The above is only a rough guideline.
For best results, please be sure you know the
precision of your system timer.
-------------------------------------------------------------
Function    Best Rate  Avg Rate   MB/s  Avg time     Min time     Max time
Copy:           11207.5      11132.9    0.071859    0.071381     0.072617
Scale:          11150.6      11112.2    0.071993    0.071745     0.072632
Add:            12952.8      12918.5    0.092890    0.092644     0.093115
Triad:          13006.4      12972.4    0.092504    0.092262     0.092767
-------------------------------------------------------------
Solution Validates: avg error less than 1.000000e-13 on all three arrays
-------------------------------------------------------------
-------------------------------------------------------------
STREAM version $Revision: 5.10 $
-------------------------------------------------------------
This system uses 8 bytes per array element.
-------------------------------------------------------------
Array size = 50000000 (elements), Offset = 0 (elements)
Memory per array = 381.5 MiB (= 0.4 GiB).
Total memory required = 1144.4 MiB (= 1.1 GiB).
Each kernel will be executed 20 times.
 The *best* time for each kernel (excluding the first iteration)
 will be used to compute the reported bandwidth.
-------------------------------------------------------------
Number of Threads requested = 4
Number of Threads counted = 4
-------------------------------------------------------------
Your clock granularity/precision appears to be 1 microseconds.
Each test below will take on the order of 56432 microseconds.
   (= 56432 clock ticks)
Increase the size of the arrays if this shows that
you are not getting at least 20 clock ticks per test.
-------------------------------------------------------------
WARNING -- The above is only a rough guideline.
For best results, please be sure you know the
precision of your system timer.
-------------------------------------------------------------
Function    Best Rate  Avg Rate   MB/s  Avg time     Min time     Max time
Copy:           11254.4      11196.6    0.071450    0.071083     0.072248
Scale:          11249.0      11179.9    0.071557    0.071117     0.072356
Add:            12997.0      12927.2    0.092828    0.092329     0.097196
Triad:          13060.6      12999.5    0.092311    0.091879     0.093786
-------------------------------------------------------------
Solution Validates: avg error less than 1.000000e-13 on all three arrays
-------------------------------------------------------------
-------------------------------------------------------------
STREAM version $Revision: 5.10 $
-------------------------------------------------------------
This system uses 8 bytes per array element.
-------------------------------------------------------------
Array size = 50000000 (elements), Offset = 0 (elements)
Memory per array = 381.5 MiB (= 0.4 GiB).
Total memory required = 1144.4 MiB (= 1.1 GiB).
Each kernel will be executed 20 times.
 The *best* time for each kernel (excluding the first iteration)
 will be used to compute the reported bandwidth.
-------------------------------------------------------------
Number of Threads requested = 4
Number of Threads counted = 4
-------------------------------------------------------------
Your clock granularity/precision appears to be 1 microseconds.
Each test below will take on the order of 55924 microseconds.
   (= 55924 clock ticks)
Increase the size of the arrays if this shows that
you are not getting at least 20 clock ticks per test.
-------------------------------------------------------------
WARNING -- The above is only a rough guideline.
For best results, please be sure you know the
precision of your system timer.
-------------------------------------------------------------
Function    Best Rate  Avg Rate   MB/s  Avg time     Min time     Max time
Copy:           11286.4      11174.6    0.071591    0.070882     0.072301
Scale:          11214.2      11152.5    0.071733    0.071338     0.072054
Add:            13012.2      12946.4    0.092690    0.092221     0.093094
Triad:          13052.7      12964.9    0.092557    0.091935     0.095249
-------------------------------------------------------------
Solution Validates: avg error less than 1.000000e-13 on all three arrays
-------------------------------------------------------------
-------------------------------------------------------------
STREAM version $Revision: 5.10 $
-------------------------------------------------------------
This system uses 8 bytes per array element.
-------------------------------------------------------------
Array size = 50000000 (elements), Offset = 0 (elements)
Memory per array = 381.5 MiB (= 0.4 GiB).
Total memory required = 1144.4 MiB (= 1.1 GiB).
Each kernel will be executed 20 times.
 The *best* time for each kernel (excluding the first iteration)
 will be used to compute the reported bandwidth.
-------------------------------------------------------------
Number of Threads requested = 4
Number of Threads counted = 4
-------------------------------------------------------------
Your clock granularity/precision appears to be 1 microseconds.
Each test below will take on the order of 55845 microseconds.
   (= 55845 clock ticks)
Increase the size of the arrays if this shows that
you are not getting at least 20 clock ticks per test.
-------------------------------------------------------------
WARNING -- The above is only a rough guideline.
For best results, please be sure you know the
precision of your system timer.
-------------------------------------------------------------
Function    Best Rate  Avg Rate   MB/s  Avg time     Min time     Max time
Copy:           11225.7      11159.4    0.071689    0.071265     0.072261
Scale:          11163.1      11118.5    0.071952    0.071665     0.072578
Add:            12954.9      12918.5    0.092890    0.092629     0.093069
Triad:          13009.4      12950.0    0.092664    0.092241     0.093573
-------------------------------------------------------------
Solution Validates: avg error less than 1.000000e-13 on all three arrays
-------------------------------------------------------------
-------------------------------------------------------------
STREAM version $Revision: 5.10 $
-------------------------------------------------------------
This system uses 8 bytes per array element.
-------------------------------------------------------------
Array size = 50000000 (elements), Offset = 0 (elements)
Memory per array = 381.5 MiB (= 0.4 GiB).
Total memory required = 1144.4 MiB (= 1.1 GiB).
Each kernel will be executed 20 times.
 The *best* time for each kernel (excluding the first iteration)
 will be used to compute the reported bandwidth.
-------------------------------------------------------------
Number of Threads requested = 4
Number of Threads counted = 4
