aff-executor-preload.c:affhooks_init()
[H[J[?25l[m[H[J[2;25HGNU GRUB  version 1.99-27+deb7u2

[m[4;2H+--------------------------------------------------------------------------+[5;2H|[5;77H|[6;2H|[6;77H|[7;2H|[7;77H|[8;2H|[8;77H|[9;2H|[9;77H|[10;2H|[10;77H|[11;2H|[11;77H|[12;2H|[12;77H|[13;2H|[13;77H|[14;2H|[14;77H|[15;2H|[15;77H|[16;2H|[16;77H|[17;2H+--------------------------------------------------------------------------+[m[18;2H[m
      Use the ^ and v keys to select which entry is highlighted.      
      Press enter to boot the selected OS, 'e' to edit the commands      
      before booting or 'c' for a command-line.      
      [5;78H [7m[5;3HDebian GNU/Linux, with Linux 3.2.0-4-amd64                               [m [5;76H[m[m[6;3HDebian GNU/Linux, with Linux 3.2.0-4-amd64 (recovery mode)               [m [6;76H[m[m[7;3H                                                                         [m [7;76H[m[m[8;3H                                                                         [m [8;76H[m[m[9;3H                                                                         [m [9;76H[m[m[10;3H                                                                         [m [10;76H[m[m[11;3H                                                                         [m [11;76H[m[m[12;3H                                                                         [m [12;76H[m[m[13;3H                                                                         [m [13;76H[m[m[14;3H                                                                         [m [14;76H[m[m[15;3H                                                                         [m [15;76H[m[m[16;3H                                                                         [m [16;76H[m[16;78H [5;76H[22;1H   The highlighted entry will be executed automatically in 5s.                 [5;76H[22;1H   The highlighted entry will be executed automatically in 4s.                 [5;76H[22;1H   The highlighted entry will be executed automatically in 3s.                 [5;76H[22;1H   The highlighted entry will be executed automatically in 2s.                 [5;76H[22;1H   The highlighted entry will be executed automatically in 1s.                 [5;76H[22;1H   The highlighted entry will be executed automatically in 0s.                 [5;76H[?25h[H[J[H[J  Booting 'Debian GNU/Linux, with Linux 3.2.0-4-amd64'

Loading Linux 3.2.0-4-amd64 ...
Loading initial ramdisk ...
[    0.000000] Initializing cgroup subsys cpuset
[    0.000000] Initializing cgroup subsys cpu
[    0.000000] Linux version 3.2.0-4-amd64 (debian-kernel@lists.debian.org) (gcc version 4.6.3 (Debian 4.6.3-14) ) #1 SMP Debian 3.2.68-1+deb7u3
[    0.000000] Command line: BOOT_IMAGE=/boot/vmlinuz-3.2.0-4-amd64 root=UUID=e35ebd7f-2405-4c97-9c3e-26919d55a9e5 ro console=tty0 console=ttyS0,115200n8
[    0.000000] BIOS-provided physical RAM map:
[    0.000000]  BIOS-e820: 0000000000000000 - 000000000009fc00 (usable)
[    0.000000]  BIOS-e820: 000000000009fc00 - 00000000000a0000 (reserved)
[    0.000000]  BIOS-e820: 00000000000f0000 - 0000000000100000 (reserved)
[    0.000000]  BIOS-e820: 0000000000100000 - 00000000bfffe000 (usable)
[    0.000000]  BIOS-e820: 00000000bfffe000 - 00000000c0000000 (reserved)
[    0.000000]  BIOS-e820: 00000000feffc000 - 00000000ff000000 (reserved)
[    0.000000]  BIOS-e820: 00000000fffc0000 - 0000000100000000 (reserved)
[    0.000000]  BIOS-e820: 0000000100000000 - 0000000440000000 (usable)
[    0.000000] NX (Execute Disable) protection: active
[    0.000000] SMBIOS 2.4 present.
[    0.000000] No AGP bridge found
[    0.000000] last_pfn = 0x440000 max_arch_pfn = 0x400000000
[    0.000000] x86 PAT enabled: cpu 0, old 0x70406, new 0x7010600070106
[    0.000000] last_pfn = 0xbfffe max_arch_pfn = 0x400000000
[    0.000000] found SMP MP-table at [ffff8800000f0b10] f0b10
[    0.000000] Using GB pages for direct mapping
[    0.000000] init_memory_mapping: 0000000000000000-00000000bfffe000
[    0.000000] init_memory_mapping: 0000000100000000-0000000440000000
[    0.000000] RAMDISK: 36c6c000 - 3762e000
[    0.000000] ACPI: RSDP 00000000000f08e0 00014 (v00 BOCHS )
[    0.000000] ACPI: RSDT 00000000bffffcfc 00034 (v01 BOCHS  BXPCRSDT 00000001 BXPC 00000001)
[    0.000000] ACPI: FACP 00000000bffff1c0 00074 (v01 BOCHS  BXPCFACP 00000001 BXPC 00000001)
[    0.000000] ACPI: DSDT 00000000bfffe040 01180 (v01 BOCHS  BXPCDSDT 00000001 BXPC 00000001)
[    0.000000] ACPI: FACS 00000000bfffe000 00040
[    0.000000] ACPI: SSDT 00000000bffff234 00A00 (v01 BOCHS  BXPCSSDT 00000001 BXPC 00000001)
[    0.000000] ACPI: APIC 00000000bffffc34 00090 (v01 BOCHS  BXPCAPIC 00000001 BXPC 00000001)
[    0.000000] ACPI: HPET 00000000bffffcc4 00038 (v01 BOCHS  BXPCHPET 00000001 BXPC 00000001)
[    0.000000] No NUMA configuration found
[    0.000000] Faking a node at 0000000000000000-0000000440000000
[    0.000000] Initmem setup node 0 0000000000000000-0000000440000000
[    0.000000]   NODE_DATA [000000043fffb000 - 000000043fffffff]
[    0.000000] kvm-clock: Using msrs 4b564d01 and 4b564d00
[    0.000000] kvm-clock: cpu 0, msr 0:16a8741, boot clock
[    0.000000] Zone PFN ranges:
[    0.000000]   DMA      0x00000010 -> 0x00001000
[    0.000000]   DMA32    0x00001000 -> 0x00100000
[    0.000000]   Normal   0x00100000 -> 0x00440000
[    0.000000] Movable zone start PFN for each node
[    0.000000] early_node_map[3] active PFN ranges
[    0.000000]     0: 0x00000010 -> 0x0000009f
[    0.000000]     0: 0x00000100 -> 0x000bfffe
[    0.000000]     0: 0x00100000 -> 0x00440000
[    0.000000] ACPI: PM-Timer IO Port: 0xb008
[    0.000000] ACPI: LAPIC (acpi_id[0x00] lapic_id[0x00] enabled)
[    0.000000] ACPI: LAPIC (acpi_id[0x01] lapic_id[0x01] enabled)
[    0.000000] ACPI: LAPIC (acpi_id[0x02] lapic_id[0x02] enabled)
[    0.000000] ACPI: LAPIC (acpi_id[0x03] lapic_id[0x03] enabled)
[    0.000000] ACPI: LAPIC_NMI (acpi_id[0xff] dfl dfl lint[0x1])
[    0.000000] ACPI: IOAPIC (id[0x00] address[0xfec00000] gsi_base[0])
[    0.000000] IOAPIC[0]: apic_id 0, version 17, address 0xfec00000, GSI 0-23
[    0.000000] ACPI: INT_SRC_OVR (bus 0 bus_irq 0 global_irq 2 dfl dfl)
[    0.000000] ACPI: INT_SRC_OVR (bus 0 bus_irq 5 global_irq 5 high level)
[    0.000000] ACPI: INT_SRC_OVR (bus 0 bus_irq 9 global_irq 9 high level)
[    0.000000] ACPI: INT_SRC_OVR (bus 0 bus_irq 10 global_irq 10 high level)
[    0.000000] ACPI: INT_SRC_OVR (bus 0 bus_irq 11 global_irq 11 high level)
[    0.000000] Using ACPI (MADT) for SMP configuration information
[    0.000000] ACPI: HPET id: 0x8086a201 base: 0xfed00000
[    0.000000] SMP: Allowing 4 CPUs, 0 hotplug CPUs
[    0.000000] PM: Registered nosave memory: 000000000009f000 - 00000000000a0000
[    0.000000] PM: Registered nosave memory: 00000000000a0000 - 00000000000f0000
[    0.000000] PM: Registered nosave memory: 00000000000f0000 - 0000000000100000
[    0.000000] PM: Registered nosave memory: 00000000bfffe000 - 00000000c0000000
[    0.000000] PM: Registered nosave memory: 00000000c0000000 - 00000000feffc000
[    0.000000] PM: Registered nosave memory: 00000000feffc000 - 00000000ff000000
[    0.000000] PM: Registered nosave memory: 00000000ff000000 - 00000000fffc0000
[    0.000000] PM: Registered nosave memory: 00000000fffc0000 - 0000000100000000
[    0.000000] Allocating PCI resources starting at c0000000 (gap: c0000000:3effc000)
[    0.000000] Booting paravirtualized kernel on KVM
[    0.000000] setup_percpu: NR_CPUS:512 nr_cpumask_bits:512 nr_cpu_ids:4 nr_node_ids:1
[    0.000000] PERCPU: Embedded 27 pages/cpu @ffff88043fc00000 s78912 r8192 d23488 u524288
[    0.000000] kvm-clock: cpu 0, msr 4:3fc12741, primary cpu clock
[    0.000000] KVM setup async PF for cpu 0
[    0.000000] kvm-stealtime: cpu 0, msr 43fc0cfc0
[    0.000000] Built 1 zonelists in Zone order, mobility grouping on.  Total pages: 4133256
[    0.000000] Policy zone: Normal
[    0.000000] Kernel command line: BOOT_IMAGE=/boot/vmlinuz-3.2.0-4-amd64 root=UUID=e35ebd7f-2405-4c97-9c3e-26919d55a9e5 ro console=tty0 console=ttyS0,115200n8
[    0.000000] PID hash table entries: 4096 (order: 3, 32768 bytes)
[    0.000000] xsave/xrstor: enabled xstate_bv 0x7, cntxt size 0x340
[    0.000000] Checking aperture...
[    0.000000] No AGP bridge found
[    0.000000] Memory: 16462372k/17825792k available (3434k kernel code, 1049036k absent, 314384k reserved, 3305k data, 580k init)
[    0.000000] Hierarchical RCU implementation.
[    0.000000] 	RCU dyntick-idle grace-period acceleration is enabled.
[    0.000000] NR_IRQS:33024 nr_irqs:712 16
[    0.000000] Console: colour VGA+ 80x25
[    0.000000] console [tty0] enabled
[    0.000000] console [ttyS0] enabled
[    0.000000] Detected 2199.998 MHz processor.
[    0.008000] Calibrating delay loop (skipped) preset value.. 4399.99 BogoMIPS (lpj=8799992)
[    0.008000] pid_max: default: 32768 minimum: 301
[    0.008000] Security Framework initialized
[    0.008008] AppArmor: AppArmor disabled by boot time parameter
[    0.010215] Dentry cache hash table entries: 2097152 (order: 12, 16777216 bytes)
[    0.017092] Inode-cache hash table entries: 1048576 (order: 11, 8388608 bytes)
[    0.020288] Mount-cache hash table entries: 256
[    0.021416] Initializing cgroup subsys cpuacct
[    0.022431] Initializing cgroup subsys memory
[    0.023407] Initializing cgroup subsys devices
[    0.024007] Initializing cgroup subsys freezer
[    0.024987] Initializing cgroup subsys net_cls
[    0.025904] Initializing cgroup subsys blkio
[    0.026735] Initializing cgroup subsys perf_event
[    0.028081] mce: CPU supports 10 MCE banks
[    0.030185] ACPI: Core revision 20110623
[    0.032338] Enabling x2apic
[    0.032972] Enabled x2apic
[    0.033786] Switched APIC routing to physical x2apic.
[    0.035857] ..TIMER: vector=0x30 apic1=0 pin1=2 apic2=-1 pin2=-1
[    0.036006] CPU0: Intel(R) Xeon(R) CPU E5-4620 0 @ 2.20GHz stepping 07
[    0.040002] Performance Events: SandyBridge events, Intel PMU driver.
[    0.040002] ... version:                2
[    0.040002] ... bit width:              48
[    0.040002] ... generic registers:      4
[    0.040005] ... value mask:             0000ffffffffffff
[    0.041123] ... max period:             000000007fffffff
[    0.042238] ... fixed-purpose events:   3
[    0.043141] ... event mask:             000000070000000f
[    0.044173] NMI watchdog enabled, takes one hw-pmu counter.
[    0.045490] Booting Node   0, Processors  #1
[    0.064025] KVM setup async PF for cpu 1
[    0.064025] kvm-stealtime: cpu 1, msr 43fc8cfc0
[    0.068655] NMI watchdog enabled, takes one hw-pmu counter.
[    0.064025] kvm-clock: cpu 1, msr 4:3fc92741, secondary cpu clock
[    0.071378]  #2
[    0.088027] KVM setup async PF for cpu 2
[    0.088027] kvm-stealtime: cpu 2, msr 43fd0cfc0
[    0.088027] kvm-clock: cpu 2, msr 4:3fd12741, secondary cpu clock
[    0.093425] NMI watchdog enabled, takes one hw-pmu counter.
[    0.096169]  #3 Ok.
[    0.116029] KVM setup async PF for cpu 3
[    0.116029] kvm-stealtime: cpu 3, msr 43fd8cfc0
[    0.117864] NMI watchdog enabled, takes one hw-pmu counter.
[    0.116029] kvm-clock: cpu 3, msr 4:3fd92741, secondary cpu clock
[    0.120074] Brought up 4 CPUs
[    0.120723] Total of 4 processors activated (17599.98 BogoMIPS).
[    0.122458] devtmpfs: initialized
[    0.126998] print_constraints: dummy: 
[    0.128283] NET: Registered protocol family 16
[    0.129234] ACPI: bus type pci registered
[    0.130194] PCI: Using configuration type 1 for base access
[    0.132309] bio: create slab <bio-0> at 0
[    0.133363] ACPI: Added _OSI(Module Device)
[    0.133363] ACPI: Added _OSI(Processor Device)
[    0.133891] ACPI: Added _OSI(3.0 _SCP Extensions)
[    0.136023] ACPI: Added _OSI(Processor Aggregator Device)
[    0.140249] ACPI: Interpreter enabled
[    0.141011] ACPI: (supports S0 S3 S4 S5)
[    0.142229] ACPI: Using IOAPIC for interrupt routing
[    0.146548] ACPI: No dock devices found.
[    0.147376] HEST: Table not found.
[    0.148025] PCI: Using host bridge windows from ACPI; if necessary, use "pci=nocrs" and report a bug
[    0.149779] ACPI: PCI Root Bridge [PCI0] (domain 0000 [bus 00-ff])
[    0.151017] pci_root PNP0A03:00: host bridge window [io  0x0000-0x0cf7]
[    0.152023] pci_root PNP0A03:00: host bridge window [io  0x0d00-0xadff]
[    0.153165] pci_root PNP0A03:00: host bridge window [io  0xae0f-0xaeff]
[    0.154371] pci_root PNP0A03:00: host bridge window [io  0xaf20-0xafdf]
[    0.155544] pci_root PNP0A03:00: host bridge window [io  0xafe4-0xffff]
[    0.156022] pci_root PNP0A03:00: host bridge window [mem 0x000a0000-0x000bffff]
[    0.157448] pci_root PNP0A03:00: host bridge window [mem 0xc0000000-0xfebfffff]
[    0.164776] pci 0000:00:01.3: quirk: [io  0xb000-0xb03f] claimed by PIIX4 ACPI
[    0.166226] pci 0000:00:01.3: quirk: [io  0xb100-0xb10f] claimed by PIIX4 SMB
[    0.181660]  pci0000:00: Unable to request _OSC control (_OSC support mask: 0x1e)
[    0.185218] ACPI: PCI Interrupt Link [LNKA] (IRQs 5 *10 11)
[    0.186825] ACPI: PCI Interrupt Link [LNKB] (IRQs 5 *10 11)
[    0.188385] ACPI: PCI Interrupt Link [LNKC] (IRQs 5 10 *11)
[    0.189992] ACPI: PCI Interrupt Link [LNKD] (IRQs 5 10 *11)
[    0.191547] ACPI: PCI Interrupt Link [LNKS] (IRQs *9)
[    0.192654] vgaarb: device added: PCI:0000:00:02.0,decodes=io+mem,owns=io+mem,locks=none
[    0.193592] vgaarb: loaded
[    0.194221] vgaarb: bridge control possible 0000:00:02.0
[    0.196057] PCI: Using ACPI for IRQ routing
[    0.197095] HPET: 3 timers in total, 0 timers will be used for per-cpu timer
[    0.198373] hpet0: at MMIO 0xfed00000, IRQs 2, 8, 0
[    0.204022] hpet0: 3 comparators, 64-bit 100.000000 MHz counter
[    0.217633] Switching to clocksource kvm-clock
[    0.223510] pnp: PnP ACPI init
[    0.224777] ACPI: bus type pnp registered
[    0.228143] pnp: PnP ACPI: found 9 devices
[    0.229853] ACPI: ACPI bus type pnp unregistered
[    0.245737] NET: Registered protocol family 2
[    0.251283] IP route cache hash table entries: 524288 (order: 10, 4194304 bytes)
[    0.254932] TCP established hash table entries: 524288 (order: 11, 8388608 bytes)
[    0.259270] TCP bind hash table entries: 65536 (order: 8, 1048576 bytes)
[    0.261193] TCP: Hash tables configured (established 524288 bind 65536)
[    0.262455] TCP reno registered
[    0.263162] UDP hash table entries: 8192 (order: 6, 262144 bytes)
[    0.264337] UDP-Lite hash table entries: 8192 (order: 6, 262144 bytes)
[    0.265951] NET: Registered protocol family 1
[    0.266930] pci 0000:00:00.0: Limiting direct PCI/PCI transfers
[    0.267998] pci 0000:00:01.0: PIIX3: Enabling Passive Release
[    0.269057] pci 0000:00:01.0: Activating ISA DMA hang workarounds
[    0.270246] Unpacking initramfs...
[    0.465823] Freeing initrd memory: 9992k freed
[    0.469669] PCI-DMA: Using software bounce buffering for IO (SWIOTLB)
[    0.470892] Placing 64MB software IO TLB between ffff8800bbffe000 - ffff8800bfffe000
[    0.472373] software IO TLB at phys 0xbbffe000 - 0xbfffe000
[    0.474567] audit: initializing netlink socket (disabled)
[    0.475738] type=2000 audit(1483443763.472:1): initialized
[    0.491513] HugeTLB registered 2 MB page size, pre-allocated 0 pages
[    0.495590] VFS: Disk quotas dquot_6.5.2
[    0.496568] Dquot-cache hash table entries: 512 (order 0, 4096 bytes)
[    0.497918] msgmni has been set to 32172
[    0.499542] alg: No test for stdrng (krng)
[    0.500590] Block layer SCSI generic (bsg) driver version 0.4 loaded (major 253)
[    0.502110] io scheduler noop registered
[    0.502866] io scheduler deadline registered
[    0.503899] io scheduler cfq registered (default)
[    0.505074] pci_hotplug: PCI Hot Plug PCI Core version: 0.5
[    0.506146] pciehp: PCI Express Hot Plug Controller Driver version: 0.4
[    0.507278] acpiphp: ACPI Hot Plug PCI Controller Driver version: 0.5
[    0.508520] acpiphp: Slot [3] registered
[    0.509361] acpiphp: Slot [4] registered
[    0.510146] acpiphp: Slot [5] registered
[    0.510918] acpiphp: Slot [6] registered
[    0.511692] acpiphp: Slot [7] registered
[    0.512550] acpiphp: Slot [8] registered
[    0.513411] acpiphp: Slot [9] registered
[    0.514214] acpiphp: Slot [10] registered
[    0.515030] acpiphp: Slot [11] registered
[    0.515819] acpiphp: Slot [12] registered
[    0.516670] acpiphp: Slot [13] registered
[    0.517526] acpiphp: Slot [14] registered
[    0.518307] acpiphp: Slot [15] registered
[    0.519103] acpiphp: Slot [16] registered
[    0.519884] acpiphp: Slot [17] registered
[    0.520736] acpiphp: Slot [18] registered
[    0.521590] acpiphp: Slot [19] registered
[    0.522375] acpiphp: Slot [20] registered
[    0.523172] acpiphp: Slot [21] registered
[    0.523955] acpiphp: Slot [22] registered
[    0.524811] acpiphp: Slot [23] registered
[    0.525701] acpiphp: Slot [24] registered
[    0.526490] acpiphp: Slot [25] registered
[    0.527276] acpiphp: Slot [26] registered
[    0.528118] acpiphp: Slot [27] registered
[    0.528930] acpiphp: Slot [28] registered
[    0.529765] acpiphp: Slot [29] registered
[    0.530552] acpiphp: Slot [30] registered
[    0.531339] acpiphp: Slot [31] registered
[    0.532326] ERST: Table is not found!
[    0.533074] GHES: HEST is not enabled!
[    0.533998] Serial: 8250/16550 driver, 4 ports, IRQ sharing enabled
[    3.573640] serial8250: ttyS0 at I/O 0x3f8 (irq = 4) is a 16550A
[    3.574904] Refined TSC clocksource calibration: 2199.955 MHz.
[    3.615973] 00:06: ttyS0 at I/O 0x3f8 (irq = 4) is a 16550A
[    3.617669] Linux agpgart interface v0.103
[    3.618794] i8042: PNP: PS/2 Controller [PNP0303:KBD,PNP0f13:MOU] at 0x60,0x64 irq 1,12
[    3.621321] serio: i8042 KBD port at 0x60,0x64 irq 1
[    3.622402] serio: i8042 AUX port at 0x60,0x64 irq 12
[    3.623804] mousedev: PS/2 mouse device common for all mice
[    3.625865] input: AT Translated Set 2 keyboard as /devices/platform/i8042/serio0/input/input0
[    3.627920] rtc_cmos 00:01: RTC can wake from S4
[    3.629351] rtc_cmos 00:01: rtc core: registered rtc_cmos as rtc0
[    3.630805] rtc0: alarms up to one day, 114 bytes nvram, hpet irqs
[    3.632104] cpuidle: using governor ladder
[    3.633033] cpuidle: using governor menu
[    3.634185] TCP cubic registered
[    3.635262] NET: Registered protocol family 10
[    3.636877] Mobile IPv6
[    3.637558] NET: Registered protocol family 17
[    3.638540] Registering the dns_resolver key type
[    3.640063] registered taskstats version 1
[    3.642060] rtc_cmos 00:01: setting system clock to 2017-01-03 11:42:47 UTC (1483443767)
[    3.643836] Initializing network drop monitor service
[    3.647686] Freeing unused kernel memory: 580k freed
[    3.649947] Write protecting the kernel read-only data: 6144k
[    3.656769] Freeing unused kernel memory: 644k freed
[    3.660848] Freeing unused kernel memory: 688k freed
Loading, please wait...
[    3.684301] udevd[58]: starting version 175
[    3.710844] e1000: Intel(R) PRO/1000 Network Driver - version 7.3.21-k8-NAPI
[    3.712334] e1000: Copyright (c) 1999-2006 Intel Corporation.
[    3.718145] ACPI: PCI Interrupt Link [LNKC] enabled at IRQ 11
[    3.721677] SCSI subsystem initialized
[    3.722864] Floppy drive(s): fd0 is 1.44M
[    3.740636] FDC 0 is a S82078B
[    4.070299] e1000 0000:00:03.0: eth0: (PCI:33MHz:32-bit) 52:54:00:12:34:56
[    4.071742] e1000 0000:00:03.0: eth0: Intel(R) PRO/1000 Network Connection
[    4.074611] scsi0 : ata_piix
[    4.075602] scsi1 : ata_piix
[    4.076436] ata1: PATA max MWDMA2 cmd 0x1f0 ctl 0x3f6 bmdma 0xc040 irq 14
[    4.077808] ata2: PATA max MWDMA2 cmd 0x170 ctl 0x376 bmdma 0xc048 irq 15
[    4.234458] ata1.00: ATA-7: QEMU HARDDISK, 2.0.0, max UDMA/100
[    4.236744] ata1.00: 9011200 sectors, multi 16: LBA48 
[    4.239161] ata2.00: ATAPI: QEMU DVD-ROM, 2.0.0, max UDMA/100
[    4.242181] ata2.00: configured for MWDMA2
[    4.244713] ata1.00: configured for MWDMA2
[    4.246203] scsi 0:0:0:0: Direct-Access     ATA      QEMU HARDDISK    2.0. PQ: 0 ANSI: 5
[    4.250563] scsi 1:0:0:0: CD-ROM            QEMU     QEMU DVD-ROM     2.0. PQ: 0 ANSI: 5
[    4.281477] sd 0:0:0:0: [sda] 9011200 512-byte logical blocks: (4.61 GB/4.29 GiB)
[    4.283217] sd 0:0:0:0: [sda] Write Protect is off
[    4.284330] sd 0:0:0:0: [sda] Write cache: enabled, read cache: enabled, doesn't support DPO or FUA
[    4.287551]  sda: sda1
[    4.288387] sr0: scsi3-mmc drive: 4x/4x cd/rw xa/form2 tray
[    4.289622] cdrom: Uniform CD-ROM driver Revision: 3.20
[    4.289775] sd 0:0:0:0: [sda] Attached SCSI disk
[    4.293792] sd 0:0:0:0: Attached scsi generic sg0 type 0
[    4.295866] sr 1:0:0:0: Attached scsi generic sg1 type 5
Begin: Loading essential drivers ... done.
Begin: Running /scripts/init-premount ... done.
Begin: Mounting root file system ... Begin: Running /scripts/local-top ... done.
Begin: Running /scripts/local-premount ... done.
[    7.842223] EXT4-fs (sda1): mounted filesystem with ordered data mode. Opts: (null)
Begin: Running /scripts/local-bottom ... done.
done.
Begin: Running /scripts/init-bottom ... done.
INIT: version 2.88 booting
[[36minfo[39;49m] Using makefile-style concurrent boot in runlevel S.
findfs: unable to resolve 'UUID="e35ebd7f-2405-4c97-9c3e-26919d55a9e5"'
[....] Starting the hotplug events dispatcher: udevd[    8.289869] udevd[314]: starting version 175
[?25l[?1c7[1G[[32m ok [39;49m8[?25h[?0c.
[....] Synthesizing the initial hotplug events...[    8.359986] input: Power Button as /devices/LNXSYSTM:00/LNXPWRBN:00/input/input1
[    8.367201] ACPI: Power Button [PWRF]
[?25l[?1c7[1G[[32m ok [39;49m8[?25h[?0cdone.
[    8.393719] alg: No test for __gcm-aes-aesni (__driver-gcm-aes-aesni)
[....] Waiting for /dev to be fully populated...[    8.424172] parport_pc 00:05: reported by Plug and Play ACPI
[    8.427158] parport0: PC-style at 0x378, irq 7 [PCSPP,TRISTATE]
[    8.433624] input: PC Speaker as /devices/platform/pcspkr/input/input2
[    8.437227] piix4_smbus 0000:00:01.3: SMBus Host Controller at 0xb100, revision 0
[    8.452782] Error: Driver 'pcspkr' is already registered, aborting...
[?25l[?1c7[1G[[32m ok [39;49m8[?25h[?0cdone.
findfs: unable to resolve 'UUID="e35ebd7f-2405-4c97-9c3e-26919d55a9e5"'
[....] Activating swap...[?25l[?1c7[1G[[32m ok [39;49m8[?25h[?0cdone.
Usage: mountpoint [-q] [-d] [-x] path
[   11.743160] EXT4-fs (sda1): re-mounted. Opts: (null)
[....] Checking root file system...fsck from util-linux 2.20.1
/run/rootdev: clean, 32669/264000 files, 885562/1054720 blocks
[?25l[?1c7[1G[[32m ok [39;49m8[?25h[?0cdone.
[   11.803834] EXT4-fs (sda1): re-mounted. Opts: errors=remount-ro,errors=remount-ro
[....] Cleaning up temporary files... /tmp[?25l[?1c7[1G[[32m ok [39;49m8[?25h[?0c.
findfs: unable to resolve 'UUID="e35ebd7f-2405-4c97-9c3e-26919d55a9e5"'
findfs: unable to resolve 'UUID="e35ebd7f-2405-4c97-9c3e-26919d55a9e5"'
[   12.020166] input: ImExPS/2 Generic Explorer Mouse as /devices/platform/i8042/serio1/input/input3
[....] Activating lvm and md swap...[?25l[?1c7[1G[[32m ok [39;49m8[?25h[?0cdone.
[....] Checking file systems...fsck from util-linux 2.20.1
[?25l[?1c7[1G[[32m ok [39;49m8[?25h[?0cdone.
[....] Mounting local filesystems...[?25l[?1c7[1G[[32m ok [39;49m8[?25h[?0cdone.
[....] Activating swapfile swap...[?25l[?1c7[1G[[32m ok [39;49m8[?25h[?0cdone.
findfs: unable to resolve 'UUID="e35ebd7f-2405-4c97-9c3e-26919d55a9e5"'
[....] Cleaning up temporary files...[?25l[?1c7[1G[[32m ok [39;49m8[?25h[?0c.
[....] Setting kernel variables ...[?25l[?1c7[1G[[32m ok [39;49m8[?25h[?0cdone.
[....] Configuring network interfaces...Internet Systems Consortium DHCP Client 4.2.2
Copyright 2004-2011 Internet Systems Consortium.
All rights reserved.
For info, please visit https://www.isc.org/software/dhcp/

[   15.788678] ADDRCONF(NETDEV_UP): eth0: link is not ready
Listening on LPF/eth0/52:54:00:12:34:56
Sending on   LPF/eth0/52:54:00:12:34:56
Sending on   Socket/fallback
DHCPDISCOVER on eth0 to 255.255.255.255 port 67 interval 3
DHCPDISCOVER on eth0 to 255.255.255.255 port 67 interval 4
[   19.610887] e1000: eth0 NIC Link is Up 1000 Mbps Full Duplex, Flow Control: RX
[   19.617463] ADDRCONF(NETDEV_CHANGE): eth0: link becomes ready
DHCPDISCOVER on eth0 to 255.255.255.255 port 67 interval 5
DHCPREQUEST on eth0 to 255.255.255.255 port 67
DHCPOFFER from 10.0.2.2
DHCPACK from 10.0.2.2
bound to 10.0.2.15 -- renewal in 34681 seconds.
ifup: interface eth0 already configured
[?25l[?1c7[1G[[32m ok [39;49m8[?25h[?0cdone.
[....] Cleaning up temporary files...[?25l[?1c7[1G[[32m ok [39;49m8[?25h[?0c.
INIT: Entering runlevel: 2
[[36minfo[39;49m] Using makefile-style concurrent boot in runlevel 2.
[....] Starting OpenBSD Secure Shell server: sshd[?25l[?1c7[1G[[32m ok [39;49m8[?25h[?0c.
Entering benchmark mode
./scaff/bin/uniform/gemm_STANDARD dummy.out 5
STARTING gemm_STANDARD execution: Tue Jan  3 13:43:08 EET 2017
Execution Time; 16.295324
Execution Time; 19.284664
Execution Time; 16.278145
Execution Time; 16.291288
Execution Time; 16.273627
Execution Time; 19.277860
Execution Time; 16.274350
Execution Time; 16.270279
Execution Time; 16.273557
Execution Time; 19.283412
Execution Time; 16.268890
Execution Time; 16.269602
Execution Time; 16.271020
Execution Time; 16.266102
Execution Time; 16.272162
Execution Time; 16.271593
Execution Time; 16.281190
Execution Time; 16.264450
Execution Time; 19.277523
Execution Time; 16.268507
Execution Time; 16.273451
Execution Time; 16.276417
Execution Time; 19.280483
Execution Time; 16.272951
Execution Time; 16.274783
Execution Time; 16.269410
Execution Time; 19.297286
Execution Time; 16.204193
Execution Time; 16.177590
Execution Time; 13.192547
INIT: Switching to runlevel: 0
INIT: Sending processes the TERM signal
[[36minfo[39;49m] Using makefile-style concurrent boot in runlevel 0.
[....] Asking all remaining processes to terminate...[?25l[?1c7[1G[[32m ok [39;49m8[?25h[?0cdone.
[....] All processes ended within 2 seconds...[?25l[?1c7[1G[[32m ok [39;49m8[?25h[?0cdone.
[....] Deconfiguring network interfaces...Internet Systems Consortium DHCP Client 4.2.2
Copyright 2004-2011 Internet Systems Consortium.
All rights reserved.
For info, please visit https://www.isc.org/software/dhcp/

Listening on LPF/eth0/52:54:00:12:34:56
Sending on   LPF/eth0/52:54:00:12:34:56
Sending on   Socket/fallback
DHCPRELEASE on eth0 to 10.0.2.2 port 67
[?25l[?1c7[1G[[32m ok [39;49m8[?25h[?0cdone.
[[36minfo[39;49m] Saving the system clock.
[[36minfo[39;49m] Hardware Clock updated to Tue Jan  3 11:51:38 UTC 2017.
[....] Deactivating swap...[?25l[?1c7[1G[[32m ok [39;49m8[?25h[?0cdone.
[  534.726119] EXT4-fs (sda1): re-mounted. Opts: (null)
[[36minfo[39;49m] Will now halt.
[  536.766978] sd 0:0:0:0: [sda] Synchronizing SCSI cache
[  536.771015] sd 0:0:0:0: [sda] Stopping disk
[  536.776850] ACPI: Preparing to enter system sleep state S5
[  536.779055] Power down.
aff-executor-preload.c:affhooks_init()
aff-executor-preload.c:affhooks_shut()
HELLO KITTY
