aff-executor-preload.c:affhooks_init()
[H[J[?25l[m[H[J[2;25HGNU GRUB  version 1.99-27+deb7u2

[m[4;2H+--------------------------------------------------------------------------+[5;2H|[5;77H|[6;2H|[6;77H|[7;2H|[7;77H|[8;2H|[8;77H|[9;2H|[9;77H|[10;2H|[10;77H|[11;2H|[11;77H|[12;2H|[12;77H|[13;2H|[13;77H|[14;2H|[14;77H|[15;2H|[15;77H|[16;2H|[16;77H|[17;2H+--------------------------------------------------------------------------+[m[18;2H[m
      Use the ^ and v keys to select which entry is highlighted.      
      Press enter to boot the selected OS, 'e' to edit the commands      
      before booting or 'c' for a command-line.      
      [5;78H [7m[5;3HDebian GNU/Linux, with Linux 3.2.0-4-amd64                               [m [5;76H[m[m[6;3HDebian GNU/Linux, with Linux 3.2.0-4-amd64 (recovery mode)               [m [6;76H[m[m[7;3H                                                                         [m [7;76H[m[m[8;3H                                                                         [m [8;76H[m[m[9;3H                                                                         [m [9;76H[m[m[10;3H                                                                         [m [10;76H[m[m[11;3H                                                                         [m [11;76H[m[m[12;3H                                                                         [m [12;76H[m[m[13;3H                                                                         [m [13;76H[m[m[14;3H                                                                         [m [14;76H[m[m[15;3H                                                                         [m [15;76H[m[m[16;3H                                                                         [m [16;76H[m[16;78H [5;76H[22;1H   The highlighted entry will be executed automatically in 5s.                 [5;76H[22;1H   The highlighted entry will be executed automatically in 4s.                 [5;76H[22;1H   The highlighted entry will be executed automatically in 3s.                 [5;76H[22;1H   The highlighted entry will be executed automatically in 2s.                 [5;76H[22;1H   The highlighted entry will be executed automatically in 1s.                 [5;76H[22;1H   The highlighted entry will be executed automatically in 0s.                 [5;76H[?25h[H[J[H[J  Booting 'Debian GNU/Linux, with Linux 3.2.0-4-amd64'

Loading Linux 3.2.0-4-amd64 ...
Loading initial ramdisk ...
[    0.000000] Initializing cgroup subsys cpuset
[    0.000000] Initializing cgroup subsys cpu
[    0.000000] Linux version 3.2.0-4-amd64 (debian-kernel@lists.debian.org) (gcc version 4.6.3 (Debian 4.6.3-14) ) #1 SMP Debian 3.2.68-1+deb7u3
[    0.000000] Command line: BOOT_IMAGE=/boot/vmlinuz-3.2.0-4-amd64 root=UUID=e35ebd7f-2405-4c97-9c3e-26919d55a9e5 ro console=tty0 console=ttyS0,115200n8
[    0.000000] BIOS-provided physical RAM map:
[    0.000000]  BIOS-e820: 0000000000000000 - 000000000009fc00 (usable)
[    0.000000]  BIOS-e820: 000000000009fc00 - 00000000000a0000 (reserved)
[    0.000000]  BIOS-e820: 00000000000f0000 - 0000000000100000 (reserved)
[    0.000000]  BIOS-e820: 0000000000100000 - 00000000bfffe000 (usable)
[    0.000000]  BIOS-e820: 00000000bfffe000 - 00000000c0000000 (reserved)
[    0.000000]  BIOS-e820: 00000000feffc000 - 00000000ff000000 (reserved)
[    0.000000]  BIOS-e820: 00000000fffc0000 - 0000000100000000 (reserved)
[    0.000000]  BIOS-e820: 0000000100000000 - 0000000440000000 (usable)
[    0.000000] NX (Execute Disable) protection: active
[    0.000000] SMBIOS 2.4 present.
[    0.000000] No AGP bridge found
[    0.000000] last_pfn = 0x440000 max_arch_pfn = 0x400000000
[    0.000000] x86 PAT enabled: cpu 0, old 0x70406, new 0x7010600070106
[    0.000000] last_pfn = 0xbfffe max_arch_pfn = 0x400000000
[    0.000000] found SMP MP-table at [ffff8800000f0b10] f0b10
[    0.000000] Using GB pages for direct mapping
[    0.000000] init_memory_mapping: 0000000000000000-00000000bfffe000
[    0.000000] init_memory_mapping: 0000000100000000-0000000440000000
[    0.000000] RAMDISK: 36c6c000 - 3762e000
[    0.000000] ACPI: RSDP 00000000000f08e0 00014 (v00 BOCHS )
[    0.000000] ACPI: RSDT 00000000bffffcfc 00034 (v01 BOCHS  BXPCRSDT 00000001 BXPC 00000001)
[    0.000000] ACPI: FACP 00000000bffff1c0 00074 (v01 BOCHS  BXPCFACP 00000001 BXPC 00000001)
[    0.000000] ACPI: DSDT 00000000bfffe040 01180 (v01 BOCHS  BXPCDSDT 00000001 BXPC 00000001)
[    0.000000] ACPI: FACS 00000000bfffe000 00040
[    0.000000] ACPI: SSDT 00000000bffff234 00A00 (v01 BOCHS  BXPCSSDT 00000001 BXPC 00000001)
[    0.000000] ACPI: APIC 00000000bffffc34 00090 (v01 BOCHS  BXPCAPIC 00000001 BXPC 00000001)
[    0.000000] ACPI: HPET 00000000bffffcc4 00038 (v01 BOCHS  BXPCHPET 00000001 BXPC 00000001)
[    0.000000] No NUMA configuration found
[    0.000000] Faking a node at 0000000000000000-0000000440000000
[    0.000000] Initmem setup node 0 0000000000000000-0000000440000000
[    0.000000]   NODE_DATA [000000043fffb000 - 000000043fffffff]
[    0.000000] kvm-clock: Using msrs 4b564d01 and 4b564d00
[    0.000000] kvm-clock: cpu 0, msr 0:16a8741, boot clock
[    0.000000] Zone PFN ranges:
[    0.000000]   DMA      0x00000010 -> 0x00001000
[    0.000000]   DMA32    0x00001000 -> 0x00100000
[    0.000000]   Normal   0x00100000 -> 0x00440000
[    0.000000] Movable zone start PFN for each node
[    0.000000] early_node_map[3] active PFN ranges
[    0.000000]     0: 0x00000010 -> 0x0000009f
[    0.000000]     0: 0x00000100 -> 0x000bfffe
[    0.000000]     0: 0x00100000 -> 0x00440000
[    0.000000] ACPI: PM-Timer IO Port: 0xb008
[    0.000000] ACPI: LAPIC (acpi_id[0x00] lapic_id[0x00] enabled)
[    0.000000] ACPI: LAPIC (acpi_id[0x01] lapic_id[0x01] enabled)
[    0.000000] ACPI: LAPIC (acpi_id[0x02] lapic_id[0x02] enabled)
[    0.000000] ACPI: LAPIC (acpi_id[0x03] lapic_id[0x03] enabled)
[    0.000000] ACPI: LAPIC_NMI (acpi_id[0xff] dfl dfl lint[0x1])
[    0.000000] ACPI: IOAPIC (id[0x00] address[0xfec00000] gsi_base[0])
[    0.000000] IOAPIC[0]: apic_id 0, version 17, address 0xfec00000, GSI 0-23
[    0.000000] ACPI: INT_SRC_OVR (bus 0 bus_irq 0 global_irq 2 dfl dfl)
[    0.000000] ACPI: INT_SRC_OVR (bus 0 bus_irq 5 global_irq 5 high level)
[    0.000000] ACPI: INT_SRC_OVR (bus 0 bus_irq 9 global_irq 9 high level)
[    0.000000] ACPI: INT_SRC_OVR (bus 0 bus_irq 10 global_irq 10 high level)
[    0.000000] ACPI: INT_SRC_OVR (bus 0 bus_irq 11 global_irq 11 high level)
[    0.000000] Using ACPI (MADT) for SMP configuration information
[    0.000000] ACPI: HPET id: 0x8086a201 base: 0xfed00000
[    0.000000] SMP: Allowing 4 CPUs, 0 hotplug CPUs
[    0.000000] PM: Registered nosave memory: 000000000009f000 - 00000000000a0000
[    0.000000] PM: Registered nosave memory: 00000000000a0000 - 00000000000f0000
[    0.000000] PM: Registered nosave memory: 00000000000f0000 - 0000000000100000
[    0.000000] PM: Registered nosave memory: 00000000bfffe000 - 00000000c0000000
[    0.000000] PM: Registered nosave memory: 00000000c0000000 - 00000000feffc000
[    0.000000] PM: Registered nosave memory: 00000000feffc000 - 00000000ff000000
[    0.000000] PM: Registered nosave memory: 00000000ff000000 - 00000000fffc0000
[    0.000000] PM: Registered nosave memory: 00000000fffc0000 - 0000000100000000
[    0.000000] Allocating PCI resources starting at c0000000 (gap: c0000000:3effc000)
[    0.000000] Booting paravirtualized kernel on KVM
[    0.000000] setup_percpu: NR_CPUS:512 nr_cpumask_bits:512 nr_cpu_ids:4 nr_node_ids:1
[    0.000000] PERCPU: Embedded 27 pages/cpu @ffff88043fc00000 s78912 r8192 d23488 u524288
[    0.000000] kvm-clock: cpu 0, msr 4:3fc12741, primary cpu clock
[    0.000000] KVM setup async PF for cpu 0
[    0.000000] kvm-stealtime: cpu 0, msr 43fc0cfc0
[    0.000000] Built 1 zonelists in Zone order, mobility grouping on.  Total pages: 4133256
[    0.000000] Policy zone: Normal
[    0.000000] Kernel command line: BOOT_IMAGE=/boot/vmlinuz-3.2.0-4-amd64 root=UUID=e35ebd7f-2405-4c97-9c3e-26919d55a9e5 ro console=tty0 console=ttyS0,115200n8
[    0.000000] PID hash table entries: 4096 (order: 3, 32768 bytes)
[    0.000000] xsave/xrstor: enabled xstate_bv 0x7, cntxt size 0x340
[    0.000000] Checking aperture...
[    0.000000] No AGP bridge found
[    0.000000] Memory: 16462372k/17825792k available (3434k kernel code, 1049036k absent, 314384k reserved, 3305k data, 580k init)
[    0.000000] Hierarchical RCU implementation.
[    0.000000] 	RCU dyntick-idle grace-period acceleration is enabled.
[    0.000000] NR_IRQS:33024 nr_irqs:712 16
[    0.000000] Console: colour VGA+ 80x25
[    0.000000] console [tty0] enabled
[    0.000000] console [ttyS0] enabled
[    0.000000] Detected 2199.998 MHz processor.
[    0.008000] Calibrating delay loop (skipped) preset value.. 4399.99 BogoMIPS (lpj=8799992)
[    0.008000] pid_max: default: 32768 minimum: 301
[    0.008000] Security Framework initialized
[    0.008010] AppArmor: AppArmor disabled by boot time parameter
[    0.010170] Dentry cache hash table entries: 2097152 (order: 12, 16777216 bytes)
[    0.017143] Inode-cache hash table entries: 1048576 (order: 11, 8388608 bytes)
[    0.020450] Mount-cache hash table entries: 256
[    0.021586] Initializing cgroup subsys cpuacct
[    0.022543] Initializing cgroup subsys memory
[    0.023489] Initializing cgroup subsys devices
[    0.024007] Initializing cgroup subsys freezer
[    0.024959] Initializing cgroup subsys net_cls
[    0.025908] Initializing cgroup subsys blkio
[    0.026826] Initializing cgroup subsys perf_event
[    0.028087] mce: CPU supports 10 MCE banks
[    0.030187] ACPI: Core revision 20110623
[    0.032616] Enabling x2apic
[    0.033239] Enabled x2apic
[    0.034008] Switched APIC routing to physical x2apic.
[    0.036002] ..TIMER: vector=0x30 apic1=0 pin1=2 apic2=-1 pin2=-1
[    0.036005] CPU0: Intel(R) Xeon(R) CPU E5-4620 0 @ 2.20GHz stepping 07
[    0.040002] Performance Events: SandyBridge events, Intel PMU driver.
[    0.040002] ... version:                2
[    0.040002] ... bit width:              48
[    0.040002] ... generic registers:      4
[    0.040005] ... value mask:             0000ffffffffffff
[    0.041110] ... max period:             000000007fffffff
[    0.042252] ... fixed-purpose events:   3
[    0.043148] ... event mask:             000000070000000f
[    0.044446] NMI watchdog enabled, takes one hw-pmu counter.
[    0.045796] Booting Node   0, Processors  #1
[    0.064025] KVM setup async PF for cpu 1
[    0.064025] kvm-stealtime: cpu 1, msr 43fc8cfc0
[    0.069197] NMI watchdog enabled, takes one hw-pmu counter.
[    0.064025] kvm-clock: cpu 1, msr 4:3fc92741, secondary cpu clock
[    0.071962]  #2
[    0.092026] KVM setup async PF for cpu 2
[    0.092026] kvm-stealtime: cpu 2, msr 43fd0cfc0
[    0.092026] kvm-clock: cpu 2, msr 4:3fd12741, secondary cpu clock
[    0.094119] NMI watchdog enabled, takes one hw-pmu counter.
[    0.097049]  #3 Ok.
[    0.116037] KVM setup async PF for cpu 3
[    0.116037] kvm-stealtime: cpu 3, msr 43fd8cfc0
[    0.116037] kvm-clock: cpu 3, msr 4:3fd92741, secondary cpu clock
[    0.117847] NMI watchdog enabled, takes one hw-pmu counter.
[    0.121150] Brought up 4 CPUs
[    0.121836] Total of 4 processors activated (17599.98 BogoMIPS).
[    0.123460] devtmpfs: initialized
[    0.128113] print_constraints: dummy: 
[    0.129090] NET: Registered protocol family 16
[    0.130091] ACPI: bus type pci registered
[    0.131041] PCI: Using configuration type 1 for base access
[    0.132851] bio: create slab <bio-0> at 0
[    0.133630] ACPI: Added _OSI(Module Device)
[    0.133630] ACPI: Added _OSI(Processor Device)
[    0.136023] ACPI: Added _OSI(3.0 _SCP Extensions)
[    0.136940] ACPI: Added _OSI(Processor Aggregator Device)
[    0.141210] ACPI: Interpreter enabled
[    0.141979] ACPI: (supports S0 S3 S4 S5)
[    0.143139] ACPI: Using IOAPIC for interrupt routing
[    0.147603] ACPI: No dock devices found.
[    0.148023] HEST: Table not found.
[    0.148744] PCI: Using host bridge windows from ACPI; if necessary, use "pci=nocrs" and report a bug
[    0.150451] ACPI: PCI Root Bridge [PCI0] (domain 0000 [bus 00-ff])
[    0.152139] pci_root PNP0A03:00: host bridge window [io  0x0000-0x0cf7]
[    0.153305] pci_root PNP0A03:00: host bridge window [io  0x0d00-0xadff]
[    0.154417] pci_root PNP0A03:00: host bridge window [io  0xae0f-0xaeff]
[    0.155538] pci_root PNP0A03:00: host bridge window [io  0xaf20-0xafdf]
[    0.156023] pci_root PNP0A03:00: host bridge window [io  0xafe4-0xffff]
[    0.157187] pci_root PNP0A03:00: host bridge window [mem 0x000a0000-0x000bffff]
[    0.158566] pci_root PNP0A03:00: host bridge window [mem 0xc0000000-0xfebfffff]
[    0.165442] pci 0000:00:01.3: quirk: [io  0xb000-0xb03f] claimed by PIIX4 ACPI
[    0.166834] pci 0000:00:01.3: quirk: [io  0xb100-0xb10f] claimed by PIIX4 SMB
[    0.182513]  pci0000:00: Unable to request _OSC control (_OSC support mask: 0x1e)
[    0.185823] ACPI: PCI Interrupt Link [LNKA] (IRQs 5 *10 11)
[    0.187366] ACPI: PCI Interrupt Link [LNKB] (IRQs 5 *10 11)
[    0.188845] ACPI: PCI Interrupt Link [LNKC] (IRQs 5 10 *11)
[    0.190363] ACPI: PCI Interrupt Link [LNKD] (IRQs 5 10 *11)
[    0.192074] ACPI: PCI Interrupt Link [LNKS] (IRQs *9)
[    0.193426] vgaarb: device added: PCI:0000:00:02.0,decodes=io+mem,owns=io+mem,locks=none
[    0.193577] vgaarb: loaded
[    0.194200] vgaarb: bridge control possible 0000:00:02.0
[    0.196057] PCI: Using ACPI for IRQ routing
[    0.197119] HPET: 3 timers in total, 0 timers will be used for per-cpu timer
[    0.198338] hpet0: at MMIO 0xfed00000, IRQs 2, 8, 0
[    0.204024] hpet0: 3 comparators, 64-bit 100.000000 MHz counter
[    0.221297] Switching to clocksource kvm-clock
[    0.223421] pnp: PnP ACPI init
[    0.224914] ACPI: bus type pnp registered
[    0.228353] pnp: PnP ACPI: found 9 devices
[    0.230081] ACPI: ACPI bus type pnp unregistered
[    0.246172] NET: Registered protocol family 2
[    0.250941] IP route cache hash table entries: 524288 (order: 10, 4194304 bytes)
[    0.254636] TCP established hash table entries: 524288 (order: 11, 8388608 bytes)
[    0.259015] TCP bind hash table entries: 65536 (order: 8, 1048576 bytes)
[    0.260981] TCP: Hash tables configured (established 524288 bind 65536)
[    0.262156] TCP reno registered
[    0.262853] UDP hash table entries: 8192 (order: 6, 262144 bytes)
[    0.264002] UDP-Lite hash table entries: 8192 (order: 6, 262144 bytes)
[    0.265777] NET: Registered protocol family 1
[    0.266637] pci 0000:00:00.0: Limiting direct PCI/PCI transfers
[    0.267678] pci 0000:00:01.0: PIIX3: Enabling Passive Release
[    0.268781] pci 0000:00:01.0: Activating ISA DMA hang workarounds
[    0.269941] Unpacking initramfs...
[    0.465428] Freeing initrd memory: 9992k freed
[    0.469181] PCI-DMA: Using software bounce buffering for IO (SWIOTLB)
[    0.470341] Placing 64MB software IO TLB between ffff8800bbffe000 - ffff8800bfffe000
[    0.471754] software IO TLB at phys 0xbbffe000 - 0xbfffe000
[    0.474071] audit: initializing netlink socket (disabled)
[    0.475122] type=2000 audit(1483443763.472:1): initialized
[    0.490793] HugeTLB registered 2 MB page size, pre-allocated 0 pages
[    0.494519] VFS: Disk quotas dquot_6.5.2
[    0.495420] Dquot-cache hash table entries: 512 (order 0, 4096 bytes)
[    0.496828] msgmni has been set to 32172
[    0.498101] alg: No test for stdrng (krng)
[    0.499241] Block layer SCSI generic (bsg) driver version 0.4 loaded (major 253)
[    0.500823] io scheduler noop registered
[    0.501578] io scheduler deadline registered
[    0.502549] io scheduler cfq registered (default)
[    0.503703] pci_hotplug: PCI Hot Plug PCI Core version: 0.5
[    0.504851] pciehp: PCI Express Hot Plug Controller Driver version: 0.4
[    0.505973] acpiphp: ACPI Hot Plug PCI Controller Driver version: 0.5
[    0.507153] acpiphp: Slot [3] registered
[    0.507963] acpiphp: Slot [4] registered
[    0.508818] acpiphp: Slot [5] registered
[    0.509591] acpiphp: Slot [6] registered
[    0.510384] acpiphp: Slot [7] registered
[    0.511231] acpiphp: Slot [8] registered
[    0.512082] acpiphp: Slot [9] registered
[    0.512950] acpiphp: Slot [10] registered
[    0.513767] acpiphp: Slot [11] registered
[    0.514554] acpiphp: Slot [12] registered
[    0.515372] acpiphp: Slot [13] registered
[    0.516238] acpiphp: Slot [14] registered
[    0.517056] acpiphp: Slot [15] registered
[    0.517841] acpiphp: Slot [16] registered
[    0.518631] acpiphp: Slot [17] registered
[    0.519455] acpiphp: Slot [18] registered
[    0.520342] acpiphp: Slot [19] registered
[    0.521144] acpiphp: Slot [20] registered
[    0.521927] acpiphp: Slot [21] registered
[    0.522715] acpiphp: Slot [22] registered
[    0.523544] acpiphp: Slot [23] registered
[    0.524459] acpiphp: Slot [24] registered
[    0.525257] acpiphp: Slot [25] registered
[    0.526047] acpiphp: Slot [26] registered
[    0.526835] acpiphp: Slot [27] registered
[    0.527677] acpiphp: Slot [28] registered
[    0.528542] acpiphp: Slot [29] registered
[    0.529333] acpiphp: Slot [30] registered
[    0.530113] acpiphp: Slot [31] registered
[    0.531036] ERST: Table is not found!
[    0.531814] GHES: HEST is not enabled!
[    0.532752] Serial: 8250/16550 driver, 4 ports, IRQ sharing enabled
[    3.569359] serial8250: ttyS0 at I/O 0x3f8 (irq = 4) is a 16550A
[    3.571697] Refined TSC clocksource calibration: 2199.957 MHz.
[    3.704807] 00:06: ttyS0 at I/O 0x3f8 (irq = 4) is a 16550A
[    3.706539] Linux agpgart interface v0.103
[    3.707663] i8042: PNP: PS/2 Controller [PNP0303:KBD,PNP0f13:MOU] at 0x60,0x64 irq 1,12
[    3.710221] serio: i8042 KBD port at 0x60,0x64 irq 1
[    3.711264] serio: i8042 AUX port at 0x60,0x64 irq 12
[    3.712706] mousedev: PS/2 mouse device common for all mice
[    3.714591] input: AT Translated Set 2 keyboard as /devices/platform/i8042/serio0/input/input0
[    3.716729] rtc_cmos 00:01: RTC can wake from S4
[    3.718177] rtc_cmos 00:01: rtc core: registered rtc_cmos as rtc0
[    3.719665] rtc0: alarms up to one day, 114 bytes nvram, hpet irqs
[    3.721024] cpuidle: using governor ladder
[    3.721936] cpuidle: using governor menu
[    3.723083] TCP cubic registered
[    3.724093] NET: Registered protocol family 10
[    3.725681] Mobile IPv6
[    3.726351] NET: Registered protocol family 17
[    3.727336] Registering the dns_resolver key type
[    3.728905] registered taskstats version 1
[    3.730888] rtc_cmos 00:01: setting system clock to 2017-01-03 11:42:47 UTC (1483443767)
[    3.732687] Initializing network drop monitor service
[    3.735361] Freeing unused kernel memory: 580k freed
[    3.736637] Write protecting the kernel read-only data: 6144k
[    3.740393] Freeing unused kernel memory: 644k freed
[    3.744214] Freeing unused kernel memory: 688k freed
Loading, please wait...
[    3.767099] udevd[58]: starting version 175
[    3.779823] SCSI subsystem initialized
[    3.781755] e1000: Intel(R) PRO/1000 Network Driver - version 7.3.21-k8-NAPI
[    3.783210] e1000: Copyright (c) 1999-2006 Intel Corporation.
[    3.791495] ACPI: PCI Interrupt Link [LNKC] enabled at IRQ 11
[    3.800222] Floppy drive(s): fd0 is 1.44M
[    3.816570] FDC 0 is a S82078B
[    4.141847] e1000 0000:00:03.0: eth0: (PCI:33MHz:32-bit) 52:54:00:12:34:56
[    4.143284] e1000 0000:00:03.0: eth0: Intel(R) PRO/1000 Network Connection
[    4.146418] scsi0 : ata_piix
[    4.148196] scsi1 : ata_piix
[    4.149702] ata1: PATA max MWDMA2 cmd 0x1f0 ctl 0x3f6 bmdma 0xc040 irq 14
[    4.152223] ata2: PATA max MWDMA2 cmd 0x170 ctl 0x376 bmdma 0xc048 irq 15
[    4.309341] ata1.00: ATA-7: QEMU HARDDISK, 2.0.0, max UDMA/100
[    4.311584] ata1.00: 9011200 sectors, multi 16: LBA48 
[    4.315163] ata2.00: ATAPI: QEMU DVD-ROM, 2.0.0, max UDMA/100
[    4.317469] ata2.00: configured for MWDMA2
[    4.318866] ata1.00: configured for MWDMA2
[    4.320014] scsi 0:0:0:0: Direct-Access     ATA      QEMU HARDDISK    2.0. PQ: 0 ANSI: 5
[    4.324449] scsi 1:0:0:0: CD-ROM            QEMU     QEMU DVD-ROM     2.0. PQ: 0 ANSI: 5
[    4.335129] sd 0:0:0:0: [sda] 9011200 512-byte logical blocks: (4.61 GB/4.29 GiB)
[    4.338378] sd 0:0:0:0: [sda] Write Protect is off
[    4.341148] sd 0:0:0:0: [sda] Write cache: enabled, read cache: enabled, doesn't support DPO or FUA
[    4.345207] sr0: scsi3-mmc drive: 4x/4x cd/rw xa/form2 tray
[    4.347410] cdrom: Uniform CD-ROM driver Revision: 3.20
[    4.350991]  sda: sda1
[    4.368504] sd 0:0:0:0: [sda] Attached SCSI disk
[    4.374550] sd 0:0:0:0: Attached scsi generic sg0 type 0
[    4.375816] sr 1:0:0:0: Attached scsi generic sg1 type 5
Begin: Loading essential drivers ... done.
Begin: Running /scripts/init-premount ... done.
Begin: Mounting root file system ... Begin: Running /scripts/local-top ... done.
Begin: Running /scripts/local-premount ... done.
[    8.054301] EXT4-fs (sda1): mounted filesystem with ordered data mode. Opts: (null)
Begin: Running /scripts/local-bottom ... done.
done.
Begin: Running /scripts/init-bottom ... done.
INIT: version 2.88 booting
[[36minfo[39;49m] Using makefile-style concurrent boot in runlevel S.
findfs: unable to resolve 'UUID="e35ebd7f-2405-4c97-9c3e-26919d55a9e5"'
[....] Starting the hotplug events dispatcher: udevd[    8.533543] udevd[311]: starting version 175
[?25l[?1c7[1G[[32m ok [39;49m8[?25h[?0c.
[....] Synthesizing the initial hotplug events...[   11.610000] input: Power Button as /devices/LNXSYSTM:00/LNXPWRBN:00/input/input1
[   11.611667] ACPI: Power Button [PWRF]
[?25l[?1c7[1G[[32m ok [39;49m8[?25h[?0cdone.
[   11.640095] parport_pc 00:05: reported by Plug and Play ACPI
[   11.641682] parport0: PC-style at 0x378, irq 7 [PCSPP,TRISTATE]
[   11.644090] alg: No test for __gcm-aes-aesni (__driver-gcm-aes-aesni)
[   11.659588] input: PC Speaker as /devices/platform/pcspkr/input/input2
[   11.674023] piix4_smbus 0000:00:01.3: SMBus Host Controller at 0xb100, revision 0
[....] Waiting for /dev to be fully populated...[   11.760825] Error: Driver 'pcspkr' is already registered, aborting...
[?25l[?1c7[1G[[32m ok [39;49m8[?25h[?0cdone.
findfs: unable to resolve 'UUID="e35ebd7f-2405-4c97-9c3e-26919d55a9e5"'
[....] Activating swap...[?25l[?1c7[1G[[32m ok [39;49m8[?25h[?0cdone.
Usage: mountpoint [-q] [-d] [-x] path
[   12.145739] EXT4-fs (sda1): re-mounted. Opts: (null)
[....] Checking root file system...fsck from util-linux 2.20.1
/run/rootdev: clean, 32669/264000 files, 885573/1054720 blocks
[?25l[?1c7[1G[[32m ok [39;49m8[?25h[?0cdone.
[   12.213965] EXT4-fs (sda1): re-mounted. Opts: errors=remount-ro,errors=remount-ro
[....] Cleaning up temporary files... /tmp[?25l[?1c7[1G[[32m ok [39;49m8[?25h[?0c.
findfs: unable to resolve 'UUID="e35ebd7f-2405-4c97-9c3e-26919d55a9e5"'
[   12.370388] input: ImExPS/2 Generic Explorer Mouse as /devices/platform/i8042/serio1/input/input3
findfs: unable to resolve 'UUID="e35ebd7f-2405-4c97-9c3e-26919d55a9e5"'
[....] Activating lvm and md swap...[?25l[?1c7[1G[[32m ok [39;49m8[?25h[?0cdone.
[....] Checking file systems...fsck from util-linux 2.20.1
[?25l[?1c7[1G[[32m ok [39;49m8[?25h[?0cdone.
[....] Mounting local filesystems...[?25l[?1c7[1G[[32m ok [39;49m8[?25h[?0cdone.
[....] Activating swapfile swap...[?25l[?1c7[1G[[32m ok [39;49m8[?25h[?0cdone.
findfs: unable to resolve 'UUID="e35ebd7f-2405-4c97-9c3e-26919d55a9e5"'
[....] Cleaning up temporary files...[?25l[?1c7[1G[[32m ok [39;49m8[?25h[?0c.
[....] Setting kernel variables ...[?25l[?1c7[1G[[32m ok [39;49m8[?25h[?0cdone.
[....] Configuring network interfaces...Internet Systems Consortium DHCP Client 4.2.2
Copyright 2004-2011 Internet Systems Consortium.
All rights reserved.
For info, please visit https://www.isc.org/software/dhcp/

[   16.196559] ADDRCONF(NETDEV_UP): eth0: link is not ready
Listening on LPF/eth0/52:54:00:12:34:56
Sending on   LPF/eth0/52:54:00:12:34:56
Sending on   Socket/fallback
DHCPDISCOVER on eth0 to 255.255.255.255 port 67 interval 7
[   19.607819] e1000: eth0 NIC Link is Up 1000 Mbps Full Duplex, Flow Control: RX
[   19.613617] ADDRCONF(NETDEV_CHANGE): eth0: link becomes ready
DHCPDISCOVER on eth0 to 255.255.255.255 port 67 interval 12
DHCPREQUEST on eth0 to 255.255.255.255 port 67
DHCPOFFER from 10.0.2.2
DHCPACK from 10.0.2.2
bound to 10.0.2.15 -- renewal in 39740 seconds.
ifup: interface eth0 already configured
[?25l[?1c7[1G[[32m ok [39;49m8[?25h[?0cdone.
[....] Cleaning up temporary files...[?25l[?1c7[1G[[32m ok [39;49m8[?25h[?0c.
INIT: Entering runlevel: 2
[[36minfo[39;49m] Using makefile-style concurrent boot in runlevel 2.
[....] Starting OpenBSD Secure Shell server: sshd[?25l[?1c7[1G[[32m ok [39;49m8[?25h[?0c.
Entering benchmark mode
./scaff/bin/uniform/doitgen_STANDARD dummy.out 100
STARTING doitgen_STANDARD execution: Tue Jan  3 13:43:07 EET 2017
Execution Time; 0.149416
Execution Time; 0.146950
Execution Time; 0.146555
Execution Time; 0.142831
Execution Time; 3.151191
Execution Time; 0.140492
Execution Time; 0.140869
Execution Time; 0.140633
Execution Time; 0.140445
Execution Time; 0.140668
Execution Time; 3.152410
Execution Time; 0.140801
Execution Time; 0.140850
Execution Time; 0.140590
Execution Time; 0.140440
Execution Time; 0.140771
Execution Time; 0.140537
Execution Time; 3.151031
Execution Time; 0.140370
Execution Time; 0.140463
Execution Time; 0.140668
Execution Time; 0.140943
Execution Time; 0.140504
Execution Time; 0.140772
Execution Time; 3.154386
Execution Time; 0.140619
Execution Time; 0.140959
Execution Time; 0.140442
Execution Time; 0.140943
Execution Time; 0.140891
Execution Time; 0.140030
Execution Time; 3.151277
Execution Time; 0.140888
Execution Time; 0.140684
Execution Time; 0.140408
Execution Time; 0.140714
Execution Time; 0.140491
Execution Time; 0.140672
Execution Time; 3.150681
Execution Time; 0.140678
Execution Time; 0.140619
Execution Time; 0.140476
Execution Time; 0.140856
Execution Time; 0.140914
Execution Time; 0.140563
Execution Time; 0.140466
Execution Time; 0.140749
Execution Time; 0.140475
Execution Time; 0.140823
Execution Time; 0.140845
Execution Time; 0.140488
Execution Time; 3.152065
Execution Time; 0.140924
Execution Time; 0.140473
Execution Time; 0.140383
Execution Time; 0.140603
Execution Time; 0.140897
Execution Time; 0.140787
Execution Time; 3.150777
Execution Time; 0.140459
Execution Time; 0.140896
Execution Time; 0.140387
Execution Time; 0.140466
Execution Time; 0.140378
Execution Time; 0.140419
Execution Time; 3.151112
Execution Time; 0.140813
Execution Time; 0.140831
Execution Time; 0.140386
Execution Time; 0.140794
Execution Time; 0.140356
Execution Time; 0.140448
Execution Time; 3.150756
Execution Time; 0.140773
Execution Time; 0.140823
Execution Time; 0.140434
Execution Time; 0.140674
Execution Time; 0.141064
Execution Time; 0.140519
Execution Time; 3.150696
Execution Time; 0.140973
Execution Time; 0.140519
Execution Time; 0.140839
Execution Time; 0.140469
Execution Time; 0.140999
Execution Time; 3.150591
Execution Time; 0.140579
Execution Time; 0.140675
Execution Time; 0.140265
Execution Time; 0.140990
Execution Time; 0.140638
Execution Time; 0.140641
Execution Time; 3.151142
Execution Time; 0.140576
Execution Time; 0.140751
Execution Time; 0.140559
Execution Time; 0.140802
Execution Time; 0.141005
Execution Time; 0.140569
Execution Time; 3.151123
Execution Time; 0.142745
Execution Time; 0.141074
Execution Time; 0.141116
Execution Time; 0.141054
Execution Time; 0.140552
Execution Time; 0.140501
Execution Time; 3.150837
Execution Time; 0.141042
Execution Time; 0.140742
Execution Time; 0.141044
Execution Time; 0.140623
Execution Time; 0.140907
Execution Time; 0.140470
Execution Time; 3.153675
Execution Time; 0.140968
Execution Time; 0.140640
Execution Time; 0.141089
Execution Time; 0.140152
Execution Time; 0.140938
Execution Time; 3.150928
Execution Time; 0.141064
Execution Time; 0.140573
Execution Time; 0.140657
Execution Time; 0.140730
Execution Time; 0.141043
Execution Time; 0.140706
Execution Time; 3.151084
Execution Time; 0.140707
Execution Time; 0.140596
Execution Time; 0.140614
Execution Time; 0.140523
Execution Time; 0.140929
Execution Time; 0.140511
Execution Time; 3.151180
Execution Time; 0.141044
Execution Time; 0.140554
Execution Time; 0.140767
Execution Time; 0.140721
Execution Time; 0.140915
Execution Time; 0.140560
Execution Time; 3.150515
Execution Time; 0.140908
Execution Time; 0.140486
Execution Time; 0.141039
Execution Time; 0.140758
Execution Time; 0.140688
Execution Time; 0.139439
Execution Time; 3.150633
Execution Time; 0.140813
Execution Time; 0.140594
Execution Time; 0.140927
Execution Time; 0.141004
Execution Time; 0.140896
Execution Time; 3.155026
Execution Time; 0.141128
Execution Time; 0.140686
Execution Time; 0.140625
Execution Time; 0.140855
Execution Time; 0.141004
Execution Time; 0.140274
Execution Time; 3.151477
Execution Time; 0.140683
Execution Time; 0.140661
Execution Time; 0.141032
Execution Time; 0.140931
Execution Time; 0.141098
Execution Time; 0.140492
Execution Time; 3.150564
Execution Time; 0.140723
Execution Time; 0.140540
Execution Time; 0.140964
Execution Time; 0.141023
Execution Time; 0.141150
Execution Time; 0.140640
Execution Time; 3.153891
Execution Time; 0.140715
Execution Time; 0.140611
Execution Time; 0.141078
Execution Time; 0.140685
Execution Time; 0.140584
Execution Time; 0.141128
Execution Time; 3.151118
Execution Time; 0.140717
Execution Time; 0.140625
Execution Time; 0.140867
Execution Time; 0.140589
Execution Time; 0.140829
Execution Time; 0.140623
Execution Time; 3.150756
Execution Time; 0.140758
Execution Time; 0.140635
Execution Time; 0.140544
Execution Time; 0.140609
Execution Time; 0.140696
Execution Time; 3.151452
Execution Time; 0.141160
Execution Time; 0.140663
Execution Time; 0.141056
Execution Time; 0.140652
Execution Time; 0.140617
Execution Time; 0.142956
Execution Time; 3.150562
Execution Time; 0.140683
Execution Time; 0.140464
Execution Time; 0.140822
Execution Time; 0.140940
Execution Time; 0.140710
Execution Time; 0.140802
Execution Time; 3.151658
Execution Time; 0.140854
Execution Time; 0.140351
Execution Time; 0.140628
Execution Time; 0.140792
Execution Time; 0.140641
Execution Time; 0.140979
Execution Time; 3.154875
Execution Time; 0.140782
Execution Time; 0.140593
Execution Time; 0.140925
Execution Time; 0.140480
Execution Time; 0.140379
Execution Time; 3.150419
Execution Time; 0.140451
Execution Time; 0.140455
Execution Time; 0.140807
Execution Time; 0.140647
Execution Time; 0.140744
Execution Time; 0.140406
Execution Time; 3.150671
Execution Time; 0.140379
Execution Time; 0.140880
Execution Time; 0.140345
Execution Time; 0.140677
Execution Time; 0.140768
Execution Time; 0.140820
Execution Time; 3.151127
Execution Time; 0.140454
Execution Time; 0.140440
Execution Time; 0.140872
Execution Time; 0.140810
Execution Time; 0.140507
Execution Time; 0.140919
Execution Time; 3.155404
Execution Time; 0.140675
Execution Time; 0.140504
Execution Time; 0.141003
Execution Time; 0.140836
Execution Time; 0.140546
Execution Time; 0.140910
Execution Time; 3.150686
Execution Time; 0.140450
Execution Time; 0.140877
Execution Time; 0.140609
Execution Time; 0.140376
Execution Time; 0.140328
Execution Time; 0.140451
Execution Time; 3.150648
Execution Time; 0.140632
Execution Time; 0.140744
Execution Time; 0.140582
Execution Time; 0.140767
Execution Time; 0.140122
Execution Time; 3.150871
Execution Time; 0.140843
Execution Time; 0.140425
Execution Time; 0.140844
Execution Time; 0.140771
Execution Time; 0.140585
Execution Time; 0.140965
Execution Time; 3.151080
Execution Time; 0.140469
Execution Time; 0.140360
Execution Time; 0.140871
Execution Time; 0.140879
Execution Time; 0.140520
Execution Time; 0.140503
Execution Time; 3.151029
Execution Time; 0.140722
Execution Time; 0.140794
Execution Time; 0.140864
Execution Time; 0.140902
Execution Time; 0.140468
Execution Time; 0.140795
Execution Time; 3.150786
Execution Time; 0.140665
Execution Time; 0.140718
Execution Time; 0.140434
Execution Time; 0.140825
Execution Time; 0.140292
Execution Time; 0.140691
Execution Time; 3.153010
Execution Time; 0.140485
Execution Time; 0.140988
Execution Time; 0.140695
Execution Time; 0.140585
Execution Time; 0.140779
Execution Time; 0.140409
Execution Time; 3.158192
Execution Time; 0.140470
Execution Time; 0.140744
Execution Time; 0.143402
Execution Time; 0.140490
Execution Time; 0.140899
Execution Time; 3.154131
Execution Time; 0.140664
Execution Time; 0.140429
Execution Time; 0.141066
Execution Time; 0.140443
Execution Time; 0.140391
Execution Time; 0.140898
Execution Time; 3.154710
Execution Time; 0.140609
Execution Time; 0.140769
Execution Time; 0.140744
Execution Time; 0.140427
Execution Time; 0.140788
Execution Time; 0.140414
Execution Time; 3.150411
Execution Time; 0.140397
Execution Time; 0.140271
Execution Time; 0.140577
Execution Time; 0.140504
Execution Time; 0.140599
Execution Time; 0.140514
Execution Time; 0.141139
Execution Time; 0.140499
Execution Time; 0.140850
Execution Time; 0.140857
Execution Time; 0.140501
Execution Time; 0.140792
Execution Time; 3.150736
Execution Time; 0.140675
Execution Time; 0.140588
Execution Time; 0.140702
Execution Time; 0.140801
Execution Time; 0.140445
Execution Time; 0.140660
Execution Time; 3.151061
Execution Time; 0.140415
Execution Time; 0.140444
Execution Time; 0.140799
Execution Time; 0.140573
Execution Time; 0.140715
Execution Time; 0.140829
Execution Time; 3.151168
Execution Time; 0.140843
Execution Time; 0.140526
Execution Time; 0.140842
Execution Time; 0.140216
Execution Time; 0.140795
Execution Time; 0.140404
Execution Time; 3.151265
Execution Time; 0.140510
Execution Time; 0.140757
Execution Time; 0.140569
Execution Time; 0.140908
Execution Time; 0.140877
Execution Time; 0.140578
Execution Time; 3.150736
Execution Time; 0.140117
Execution Time; 0.140761
Execution Time; 0.140432
Execution Time; 0.140810
Execution Time; 0.140847
Execution Time; 0.140841
Execution Time; 0.140789
Execution Time; 0.140650
Execution Time; 0.140815
Execution Time; 0.140566
Execution Time; 0.140335
Execution Time; 0.140810
Execution Time; 3.151538
Execution Time; 0.140371
Execution Time; 0.140731
Execution Time; 0.140510
Execution Time; 0.140724
Execution Time; 0.140795
Execution Time; 0.140095
Execution Time; 3.150890
Execution Time; 0.140288
Execution Time; 0.140771
Execution Time; 0.140469
Execution Time; 0.140322
Execution Time; 0.140750
Execution Time; 0.140763
Execution Time; 3.150796
Execution Time; 0.141319
Execution Time; 0.140655
Execution Time; 0.140727
Execution Time; 0.139976
Execution Time; 0.140793
Execution Time; 0.140765
Execution Time; 3.149817
Execution Time; 0.141357
Execution Time; 0.140430
Execution Time; 0.140160
Execution Time; 0.140400
Execution Time; 0.140839
Execution Time; 0.139986
Execution Time; 3.151073
Execution Time; 0.142981
Execution Time; 0.140740
Execution Time; 0.140631
Execution Time; 0.140673
Execution Time; 0.140657
Execution Time; 3.151233
Execution Time; 0.140592
Execution Time; 0.140687
Execution Time; 0.140752
Execution Time; 0.140615
Execution Time; 0.140741
Execution Time; 0.140812
Execution Time; 3.155722
Execution Time; 0.140861
Execution Time; 0.140518
Execution Time; 0.140713
Execution Time; 0.140626
Execution Time; 0.140747
Execution Time; 0.140725
Execution Time; 3.150711
Execution Time; 0.140655
Execution Time; 0.140781
Execution Time; 0.140736
Execution Time; 0.140459
Execution Time; 0.140712
Execution Time; 0.140513
Execution Time; 3.150930
Execution Time; 0.140781
Execution Time; 0.140846
Execution Time; 0.140665
Execution Time; 0.140803
Execution Time; 0.140608
Execution Time; 0.140558
Execution Time; 0.141105
Execution Time; 0.139594
Execution Time; 0.140607
Execution Time; 0.140626
Execution Time; 0.140556
Execution Time; 0.140786
Execution Time; 3.151602
Execution Time; 0.140575
Execution Time; 0.140732
Execution Time; 0.140644
Execution Time; 0.141056
Execution Time; 0.140716
Execution Time; 0.140763
Execution Time; 3.150640
Execution Time; 0.140435
Execution Time; 0.140807
Execution Time; 0.140771
Execution Time; 0.140644
Execution Time; 0.140639
Execution Time; 0.140743
Execution Time; 3.153747
Execution Time; 0.140822
Execution Time; 0.140778
Execution Time; 0.140733
Execution Time; 0.140630
Execution Time; 0.140759
Execution Time; 0.140813
Execution Time; 3.151570
Execution Time; 0.140836
Execution Time; 0.140649
Execution Time; 0.140662
Execution Time; 0.140654
Execution Time; 0.140843
Execution Time; 0.140817
Execution Time; 3.150446
Execution Time; 0.140765
Execution Time; 0.140758
Execution Time; 0.140094
Execution Time; 0.140585
Execution Time; 0.140736
Execution Time; 3.150860
Execution Time; 0.140676
Execution Time; 0.140981
Execution Time; 0.140721
Execution Time; 0.140561
Execution Time; 0.141035
Execution Time; 0.140718
Execution Time; 3.150771
Execution Time; 0.140738
Execution Time; 0.140362
Execution Time; 0.140725
Execution Time; 0.140452
Execution Time; 0.140634
Execution Time; 0.140782
Execution Time; 3.150793
Execution Time; 0.140757
Execution Time; 0.140547
Execution Time; 0.141141
Execution Time; 0.140616
Execution Time; 0.140000
Execution Time; 0.140767
Execution Time; 3.150693
Execution Time; 0.140739
Execution Time; 0.140902
Execution Time; 0.141125
Execution Time; 0.140572
Execution Time; 0.140441
Execution Time; 0.142905
Execution Time; 0.141069
Execution Time; 0.140653
Execution Time; 0.140677
Execution Time; 0.140473
Execution Time; 0.140510
Execution Time; 0.140772
Execution Time; 3.154753
Execution Time; 0.140732
Execution Time; 0.140989
Execution Time; 0.140481
Execution Time; 0.140719
Execution Time; 0.141129
Execution Time; 0.140535
Execution Time; 3.150916
Execution Time; 0.140724
Execution Time; 0.140762
Execution Time; 0.140623
Execution Time; 0.140814
Execution Time; 0.140718
Execution Time; 0.140702
Execution Time; 3.150441
Execution Time; 0.140740
Execution Time; 0.140735
Execution Time; 0.140500
Execution Time; 0.140728
Execution Time; 0.140727
Execution Time; 0.140643
Execution Time; 3.150949
Execution Time; 0.141089
Execution Time; 0.140711
Execution Time; 0.140357
Execution Time; 0.140463
Execution Time; 0.140730
Execution Time; 0.140469
Execution Time; 3.150986
Execution Time; 0.141078
Execution Time; 0.140619
Execution Time; 0.140580
Execution Time; 0.141120
Execution Time; 0.140516
Execution Time; 3.150816
Execution Time; 0.140549
Execution Time; 0.140794
Execution Time; 0.140990
Execution Time; 0.140648
Execution Time; 0.140677
Execution Time; 0.140550
Execution Time; 3.150748
Execution Time; 0.140702
Execution Time; 0.140435
Execution Time; 0.140762
Execution Time; 0.140625
Execution Time; 0.140505
Execution Time; 0.140492
Execution Time; 3.157560
Execution Time; 0.140516
Execution Time; 0.140620
Execution Time; 0.140515
Execution Time; 0.140050
Execution Time; 0.140670
Execution Time; 0.140420
Execution Time; 3.154245
Execution Time; 0.141463
Execution Time; 0.140563
Execution Time; 0.140147
Execution Time; 0.140805
Execution Time; 0.140674
Execution Time; 0.140119
Execution Time; 3.151068
Execution Time; 0.140181
Execution Time; 0.140622
Execution Time; 0.140569
Execution Time; 0.140173
Execution Time; 0.140558
Execution Time; 0.140476
Execution Time; 3.150273
Execution Time; 0.140791
Execution Time; 0.139999
Execution Time; 0.140045
Execution Time; 0.140321
Execution Time; 0.140528
Execution Time; 3.151451
Execution Time; 0.140732
Execution Time; 0.140704
Execution Time; 0.140434
Execution Time; 0.140783
Execution Time; 0.140289
Execution Time; 0.140669
Execution Time; 3.151184
Execution Time; 0.140807
Execution Time; 0.140576
Execution Time; 0.140485
Execution Time; 0.140715
Execution Time; 0.140246
Execution Time; 0.140438
Execution Time; 3.151447
Execution Time; 0.140560
Execution Time; 0.140597
Execution Time; 0.141333
Execution Time; 0.143005
Execution Time; 0.140785
Execution Time; 0.140393
Execution Time; 3.151018
Execution Time; 0.140887
Execution Time; 0.140561
Execution Time; 0.140618
Execution Time; 0.140768
Execution Time; 0.140815
Execution Time; 3.150395
Execution Time; 0.145476
Execution Time; 0.140704
Execution Time; 0.140390
Execution Time; 0.140733
Execution Time; 0.140718
Execution Time; 0.140563
Execution Time; 3.149999
Execution Time; 0.140488
Execution Time; 0.140775
Execution Time; 0.140364
Execution Time; 0.140693
Execution Time; 0.140732
Execution Time; 0.140397
Execution Time; 3.150569
Execution Time; 0.140618
Execution Time; 0.140466
Execution Time; 0.140541
Execution Time; 0.140616
Execution Time; 0.140417
Execution Time; 0.140323
Execution Time; 3.151838
Execution Time; 0.140662
Execution Time; 0.140520
Execution Time; 0.140885
Execution Time; 0.140726
Execution Time; 0.140640
Execution Time; 0.139829
Execution Time; 3.150120
Execution Time; 0.140685
Execution Time; 0.140671
Execution Time; 0.140711
Execution Time; 0.140701
Execution Time; 0.140932
Execution Time; 0.140349
Execution Time; 3.150292
Execution Time; 0.140808
Execution Time; 0.140219
Execution Time; 0.140755
Execution Time; 0.140709
Execution Time; 0.140482
Execution Time; 3.150200
Execution Time; 0.140866
Execution Time; 0.140842
Execution Time; 0.140404
Execution Time; 0.140820
Execution Time; 0.140850
Execution Time; 0.140490
Execution Time; 3.150598
Execution Time; 0.140906
Execution Time; 0.140737
Execution Time; 0.140393
Execution Time; 0.140920
Execution Time; 0.140801
Execution Time; 0.140482
Execution Time; 3.150162
Execution Time; 0.140548
Execution Time; 0.140570
Execution Time; 0.140729
Execution Time; 0.140759
Execution Time; 0.140722
Execution Time; 0.140310
Execution Time; 3.150725
Execution Time; 0.140788
Execution Time; 0.140489
Execution Time; 0.140840
Execution Time; 0.140522
Execution Time; 0.140528
Execution Time; 0.140227
Execution Time; 3.151317
Execution Time; 0.140738
Execution Time; 0.140358
Execution Time; 0.140661
Execution Time; 0.140679
Execution Time; 0.140473
Execution Time; 0.140699
Execution Time; 3.150316
Execution Time; 0.140730
Execution Time; 0.140378
Execution Time; 0.140780
Execution Time; 0.140631
Execution Time; 0.140454
Execution Time; 3.156661
Execution Time; 0.140386
Execution Time; 0.140640
Execution Time; 0.140226
Execution Time; 0.140693
Execution Time; 0.140675
Execution Time; 0.140419
Execution Time; 3.150841
Execution Time; 0.140753
Execution Time; 0.142788
Execution Time; 0.141076
Execution Time; 0.140910
Execution Time; 0.140783
Execution Time; 0.141164
Execution Time; 3.150614
Execution Time; 0.141149
Execution Time; 0.140650
Execution Time; 0.141246
Execution Time; 0.140937
Execution Time; 0.140584
Execution Time; 0.141049
Execution Time; 3.155251
Execution Time; 0.140756
Execution Time; 0.141003
Execution Time; 0.141085
Execution Time; 0.140995
Execution Time; 0.140551
Execution Time; 3.151065
Execution Time; 0.140960
Execution Time; 0.140825
Execution Time; 0.141033
Execution Time; 0.141006
Execution Time; 0.139447
Execution Time; 0.140546
Execution Time; 3.151419
Execution Time; 0.141013
Execution Time; 0.140584
Execution Time; 0.141014
Execution Time; 0.140965
Execution Time; 0.140725
Execution Time; 0.142874
Execution Time; 3.150481
Execution Time; 0.141037
Execution Time; 0.140499
Execution Time; 0.141000
Execution Time; 0.140974
Execution Time; 0.140708
Execution Time; 0.140861
Execution Time; 3.150862
Execution Time; 0.140921
Execution Time; 0.140943
Execution Time; 0.141091
Execution Time; 0.140963
Execution Time; 0.140548
Execution Time; 0.140788
Execution Time; 3.150741
Execution Time; 0.140750
Execution Time; 0.140994
Execution Time; 0.140814
Execution Time; 0.140985
Execution Time; 0.140983
Execution Time; 3.150528
Execution Time; 0.140931
Execution Time; 0.140389
Execution Time; 0.141048
Execution Time; 0.140616
Execution Time; 0.140884
Execution Time; 0.140966
Execution Time; 3.157958
Execution Time; 0.140899
Execution Time; 0.140440
Execution Time; 0.140879
Execution Time; 0.140948
Execution Time; 0.140313
Execution Time; 0.140891
Execution Time; 3.154357
Execution Time; 0.140532
Execution Time; 0.140547
Execution Time; 0.140872
Execution Time; 0.140856
Execution Time; 0.140506
Execution Time; 0.140952
Execution Time; 3.168270
Execution Time; 0.140537
Execution Time; 0.140921
Execution Time; 0.140911
Execution Time; 0.140622
Execution Time; 0.140388
Execution Time; 0.140972
Execution Time; 3.152160
Execution Time; 0.140451
Execution Time; 0.141013
Execution Time; 0.140882
Execution Time; 0.140785
Execution Time; 0.140905
Execution Time; 3.152517
Execution Time; 0.140869
Execution Time; 0.140455
Execution Time; 0.140973
Execution Time; 0.140978
Execution Time; 0.140615
Execution Time; 0.140920
Execution Time; 3.154183
Execution Time; 0.140686
Execution Time; 0.140810
Execution Time; 0.140862
Execution Time; 0.140756
Execution Time; 0.140371
Execution Time; 0.140868
INIT: SwitchingINIT: Sending processes the TERM signal
[[36minfo[39;49m] Using makefile-style concurrent boot in runlevel 0.
[[36minfo[39;49m] Saving the system clock.
[[36minfo[39;49m] Hardware Clock updated to Tue Jan  3 11:51:01 UTC 2017.
[....] Asking all remaining processes to terminate...[?25l[?1c7[1G[[32m ok [39;49m8[?25h[?0cdone.
[....] All processes ended within 2 seconds...[?25l[?1c7[1G[[32m ok [39;49m8[?25h[?0cdone.
[....] Deconfiguring network interfaces...Internet Systems Consortium DHCP Client 4.2.2
Copyright 2004-2011 Internet Systems Consortium.
All rights reserved.
For info, please visit https://www.isc.org/software/dhcp/

Listening on LPF/eth0/52:54:00:12:34:56
Sending on   LPF/eth0/52:54:00:12:34:56
Sending on   Socket/fallback
DHCPRELEASE on eth0 to 10.0.2.2 port 67
[?25l[?1c7[1G[[32m ok [39;49m8[?25h[?0cdone.
[....] Deactivating swap...[?25l[?1c7[1G[[32m ok [39;49m8[?25h[?0cdone.
[  501.292642] EXT4-fs (sda1): re-mounted. Opts: (null)
[[36minfo[39;49m] Will now halt.
[  505.055680] sd 0:0:0:0: [sda] Synchronizing SCSI cache
[  505.058702] sd 0:0:0:0: [sda] Stopping disk
[  505.061781] ACPI: Preparing to enter system sleep state S5
[  505.062878] Power down.
aff-executor-preload.c:affhooks_init()
aff-executor-preload.c:affhooks_shut()
HELLO KITTY
