aff-executor-preload.c:affhooks_init()
[H[J[?25l[m[H[J[2;25HGNU GRUB  version 1.99-27+deb7u2

[m[4;2H+--------------------------------------------------------------------------+[5;2H|[5;77H|[6;2H|[6;77H|[7;2H|[7;77H|[8;2H|[8;77H|[9;2H|[9;77H|[10;2H|[10;77H|[11;2H|[11;77H|[12;2H|[12;77H|[13;2H|[13;77H|[14;2H|[14;77H|[15;2H|[15;77H|[16;2H|[16;77H|[17;2H+--------------------------------------------------------------------------+[m[18;2H[m
      Use the ^ and v keys to select which entry is highlighted.      
      Press enter to boot the selected OS, 'e' to edit the commands      
      before booting or 'c' for a command-line.      
      [5;78H [7m[5;3HDebian GNU/Linux, with Linux 3.2.0-4-amd64                               [m [5;76H[m[m[6;3HDebian GNU/Linux, with Linux 3.2.0-4-amd64 (recovery mode)               [m [6;76H[m[m[7;3H                                                                         [m [7;76H[m[m[8;3H                                                                         [m [8;76H[m[m[9;3H                                                                         [m [9;76H[m[m[10;3H                                                                         [m [10;76H[m[m[11;3H                                                                         [m [11;76H[m[m[12;3H                                                                         [m [12;76H[m[m[13;3H                                                                         [m [13;76H[m[m[14;3H                                                                         [m [14;76H[m[m[15;3H                                                                         [m [15;76H[m[m[16;3H                                                                         [m [16;76H[m[16;78H [5;76H[22;1H   The highlighted entry will be executed automatically in 5s.                 [5;76H[22;1H   The highlighted entry will be executed automatically in 4s.                 [5;76H[22;1H   The highlighted entry will be executed automatically in 3s.                 [5;76H[22;1H   The highlighted entry will be executed automatically in 2s.                 [5;76H[22;1H   The highlighted entry will be executed automatically in 1s.                 [5;76H[22;1H   The highlighted entry will be executed automatically in 0s.                 [5;76H[?25h[H[J[H[J  Booting 'Debian GNU/Linux, with Linux 3.2.0-4-amd64'

Loading Linux 3.2.0-4-amd64 ...
Loading initial ramdisk ...
[    0.000000] Initializing cgroup subsys cpuset
[    0.000000] Initializing cgroup subsys cpu
[    0.000000] Linux version 3.2.0-4-amd64 (debian-kernel@lists.debian.org) (gcc version 4.6.3 (Debian 4.6.3-14) ) #1 SMP Debian 3.2.68-1+deb7u3
[    0.000000] Command line: BOOT_IMAGE=/boot/vmlinuz-3.2.0-4-amd64 root=UUID=e35ebd7f-2405-4c97-9c3e-26919d55a9e5 ro console=tty0 console=ttyS0,115200n8
[    0.000000] BIOS-provided physical RAM map:
[    0.000000]  BIOS-e820: 0000000000000000 - 000000000009f400 (usable)
[    0.000000]  BIOS-e820: 000000000009f400 - 00000000000a0000 (reserved)
[    0.000000]  BIOS-e820: 00000000000f0000 - 0000000000100000 (reserved)
[    0.000000]  BIOS-e820: 0000000000100000 - 00000000dfffe000 (usable)
[    0.000000]  BIOS-e820: 00000000dfffe000 - 00000000e0000000 (reserved)
[    0.000000]  BIOS-e820: 00000000feffc000 - 00000000ff000000 (reserved)
[    0.000000]  BIOS-e820: 00000000fffc0000 - 0000000100000000 (reserved)
[    0.000000]  BIOS-e820: 0000000100000000 - 0000000420000000 (usable)
[    0.000000] NX (Execute Disable) protection: active
[    0.000000] SMBIOS 2.4 present.
[    0.000000] No AGP bridge found
[    0.000000] last_pfn = 0x420000 max_arch_pfn = 0x400000000
[    0.000000] PAT not supported by CPU.
[    0.000000] last_pfn = 0xdfffe max_arch_pfn = 0x400000000
[    0.000000] found SMP MP-table at [ffff8800000fdac0] fdac0
[    0.000000] init_memory_mapping: 0000000000000000-00000000dfffe000
[    0.000000] init_memory_mapping: 0000000100000000-0000000420000000
[    0.000000] RAMDISK: 36c6c000 - 3762e000
[    0.000000] ACPI: RSDP 00000000000fd8b0 00014 (v00 BOCHS )
[    0.000000] ACPI: RSDT 00000000dfffe470 00038 (v01 BOCHS  BXPCRSDT 00000001 BXPC 00000001)
[    0.000000] ACPI: FACP 00000000dfffff80 00074 (v01 BOCHS  BXPCFACP 00000001 BXPC 00000001)
[    0.000000] ACPI: DSDT 00000000dfffe4b0 01121 (v01   BXPC   BXDSDT 00000001 INTL 20100528)
[    0.000000] ACPI: FACS 00000000dfffff40 00040
[    0.000000] ACPI: SSDT 00000000dffffd70 001C1 (v01 BOCHS  BXPCSSDT 00000001 BXPC 00000001)
[    0.000000] ACPI: APIC 00000000dffffc70 00090 (v01 BOCHS  BXPCAPIC 00000001 BXPC 00000001)
[    0.000000] ACPI: HPET 00000000dffffc30 00038 (v01 BOCHS  BXPCHPET 00000001 BXPC 00000001)
[    0.000000] ACPI: SSDT 00000000dffff5e0 00644 (v01   BXPC BXSSDTPC 00000001 INTL 20100528)
[    0.000000] No NUMA configuration found
[    0.000000] Faking a node at 0000000000000000-0000000420000000
[    0.000000] Initmem setup node 0 0000000000000000-0000000420000000
[    0.000000]   NODE_DATA [000000041fffb000 - 000000041fffffff]
[    0.000000] kvm-clock: Using msrs 4b564d01 and 4b564d00
[    0.000000] kvm-clock: cpu 0, msr 0:16a8741, boot clock
[    0.000000] Zone PFN ranges:
[    0.000000]   DMA      0x00000010 -> 0x00001000
[    0.000000]   DMA32    0x00001000 -> 0x00100000
[    0.000000]   Normal   0x00100000 -> 0x00420000
[    0.000000] Movable zone start PFN for each node
[    0.000000] early_node_map[3] active PFN ranges
[    0.000000]     0: 0x00000010 -> 0x0000009f
[    0.000000]     0: 0x00000100 -> 0x000dfffe
[    0.000000]     0: 0x00100000 -> 0x00420000
[    0.000000] ACPI: PM-Timer IO Port: 0xb008
[    0.000000] ACPI: LAPIC (acpi_id[0x00] lapic_id[0x00] enabled)
[    0.000000] ACPI: LAPIC (acpi_id[0x01] lapic_id[0x01] enabled)
[    0.000000] ACPI: LAPIC (acpi_id[0x02] lapic_id[0x02] enabled)
[    0.000000] ACPI: LAPIC (acpi_id[0x03] lapic_id[0x03] enabled)
[    0.000000] ACPI: LAPIC_NMI (acpi_id[0xff] dfl dfl lint[0x1])
[    0.000000] ACPI: IOAPIC (id[0x04] address[0xfec00000] gsi_base[0])
[    0.000000] IOAPIC[0]: apic_id 4, version 17, address 0xfec00000, GSI 0-23
[    0.000000] ACPI: INT_SRC_OVR (bus 0 bus_irq 0 global_irq 2 dfl dfl)
[    0.000000] ACPI: INT_SRC_OVR (bus 0 bus_irq 5 global_irq 5 high level)
[    0.000000] ACPI: INT_SRC_OVR (bus 0 bus_irq 9 global_irq 9 high level)
[    0.000000] ACPI: INT_SRC_OVR (bus 0 bus_irq 10 global_irq 10 high level)
[    0.000000] ACPI: INT_SRC_OVR (bus 0 bus_irq 11 global_irq 11 high level)
[    0.000000] Using ACPI (MADT) for SMP configuration information
[    0.000000] ACPI: HPET id: 0x8086a201 base: 0xfed00000
[    0.000000] SMP: Allowing 4 CPUs, 0 hotplug CPUs
[    0.000000] PM: Registered nosave memory: 000000000009f000 - 00000000000a0000
[    0.000000] PM: Registered nosave memory: 00000000000a0000 - 00000000000f0000
[    0.000000] PM: Registered nosave memory: 00000000000f0000 - 0000000000100000
[    0.000000] PM: Registered nosave memory: 00000000dfffe000 - 00000000e0000000
[    0.000000] PM: Registered nosave memory: 00000000e0000000 - 00000000feffc000
[    0.000000] PM: Registered nosave memory: 00000000feffc000 - 00000000ff000000
[    0.000000] PM: Registered nosave memory: 00000000ff000000 - 00000000fffc0000
[    0.000000] PM: Registered nosave memory: 00000000fffc0000 - 0000000100000000
[    0.000000] Allocating PCI resources starting at e0000000 (gap: e0000000:1effc000)
[    0.000000] Booting paravirtualized kernel on KVM
[    0.000000] setup_percpu: NR_CPUS:512 nr_cpumask_bits:512 nr_cpu_ids:4 nr_node_ids:1
[    0.000000] PERCPU: Embedded 27 pages/cpu @ffff88041fc00000 s78912 r8192 d23488 u524288
[    0.000000] kvm-clock: cpu 0, msr 4:1fc12741, primary cpu clock
[    0.000000] KVM setup async PF for cpu 0
[    0.000000] kvm-stealtime: cpu 0, msr 41fc0cfc0
[    0.000000] Built 1 zonelists in Zone order, mobility grouping on.  Total pages: 4135048
[    0.000000] Policy zone: Normal
[    0.000000] Kernel command line: BOOT_IMAGE=/boot/vmlinuz-3.2.0-4-amd64 root=UUID=e35ebd7f-2405-4c97-9c3e-26919d55a9e5 ro console=tty0 console=ttyS0,115200n8
[    0.000000] PID hash table entries: 4096 (order: 3, 32768 bytes)
[    0.000000] Checking aperture...
[    0.000000] No AGP bridge found
[    0.000000] Memory: 16460264k/17301504k available (3434k kernel code, 524748k absent, 316492k reserved, 3305k data, 580k init)
[    0.000000] Hierarchical RCU implementation.
[    0.000000] 	RCU dyntick-idle grace-period acceleration is enabled.
[    0.000000] NR_IRQS:33024 nr_irqs:712 16
[    0.000000] Console: colour VGA+ 80x25
[    0.000000] console [tty0] enabled
[    0.000000] console [ttyS0] enabled
[    0.000000] Detected 2199.998 MHz processor.
[    0.008000] Calibrating delay loop (skipped) preset value.. 4399.99 BogoMIPS (lpj=8799992)
[    0.008000] pid_max: default: 32768 minimum: 301
[    0.008000] Security Framework initialized
[    0.008014] AppArmor: AppArmor disabled by boot time parameter
[    0.010115] Dentry cache hash table entries: 2097152 (order: 12, 16777216 bytes)
[    0.016172] Inode-cache hash table entries: 1048576 (order: 11, 8388608 bytes)
[    0.019339] Mount-cache hash table entries: 256
[    0.020196] Initializing cgroup subsys cpuacct
[    0.021095] Initializing cgroup subsys memory
[    0.021981] Initializing cgroup subsys devices
[    0.028011] Initializing cgroup subsys freezer
[    0.028898] Initializing cgroup subsys net_cls
[    0.029766] Initializing cgroup subsys blkio
[    0.030629] Initializing cgroup subsys perf_event
[    0.031639] mce: CPU supports 10 MCE banks
[    0.033464] ACPI: Core revision 20110623
[    0.038887] ..TIMER: vector=0x30 apic1=0 pin1=2 apic2=-1 pin2=-1
[    0.040008] CPU0: Intel QEMU Virtual CPU version 1.1.2 stepping 03
[    0.044002] APIC calibration not consistent with PM-Timer: 104ms instead of 100ms
[    0.044002] APIC delta adjusted to PM-Timer: 6249974 (6506187)
[    0.044002] Performance Events: unsupported p6 CPU model 2 no PMU driver, software events only.
[    0.044002] NMI watchdog disabled (cpu0): hardware events not enabled
[    0.044002] Booting Node   0, Processors  #1
[    0.065746] kvm-clock: cpu 1, msr 4:1fc92741, secondary cpu clock
[    0.072011] KVM setup async PF for cpu 1
[    0.076074] NMI watchdog disabled (cpu1): hardware events not enabled
[    0.076346]  #2
[    0.076119] kvm-stealtime: cpu 1, msr 41fc8cfc0
[    0.092013] kvm-clock: cpu 2, msr 4:1fd12741, secondary cpu clock
[    0.092157] NMI watchdog disabled (cpu2): hardware events not enabled
[    0.092439]  #3 Ok.
[    0.092207] KVM setup async PF for cpu 2
[    0.092207] kvm-stealtime: cpu 2, msr 41fd0cfc0
[    0.112018] kvm-clock: cpu 3, msr 4:1fd92741, secondary cpu clock
[    0.116083] NMI watchdog disabled (cpu3): hardware events not enabled
[    0.117316] Brought up 4 CPUs
[    0.117314] KVM setup async PF for cpu 3
[    0.117314] kvm-stealtime: cpu 3, msr 41fd8cfc0
[    0.120013] Total of 4 processors activated (17599.98 BogoMIPS).
[    0.132309] devtmpfs: initialized
[    0.140313] print_constraints: dummy: 
[    0.141504] NET: Registered protocol family 16
[    0.142590] ACPI: bus type pci registered
[    0.144164] PCI: Using configuration type 1 for base access
[    0.149922] bio: create slab <bio-0> at 0
[    0.156497] ACPI: Added _OSI(Module Device)
[    0.157356] ACPI: Added _OSI(Processor Device)
[    0.158237] ACPI: Added _OSI(3.0 _SCP Extensions)
[    0.159209] ACPI: Added _OSI(Processor Aggregator Device)
[    0.163093] ACPI: Interpreter enabled
[    0.164016] ACPI: (supports S0 S3 S4 S5)
[    0.165264] ACPI: Using IOAPIC for interrupt routing
[    0.171116] ACPI: No dock devices found.
[    0.171965] HEST: Table not found.
[    0.172017] PCI: Ignoring host bridge windows from ACPI; if necessary, use "pci=use_crs" and report a bug
[    0.173805] ACPI: PCI Root Bridge [PCI0] (domain 0000 [bus 00-ff])
[    0.181114] pci 0000:00:01.3: quirk: [io  0xb000-0xb03f] claimed by PIIX4 ACPI
[    0.182633] pci 0000:00:01.3: quirk: [io  0xb100-0xb10f] claimed by PIIX4 SMB
[    0.204322]  pci0000:00: Unable to request _OSC control (_OSC support mask: 0x1e)
[    0.208634] ACPI: PCI Interrupt Link [LNKA] (IRQs 5 *10 11)
[    0.210299] ACPI: PCI Interrupt Link [LNKB] (IRQs 5 *10 11)
[    0.212129] ACPI: PCI Interrupt Link [LNKC] (IRQs 5 10 *11)
[    0.213915] ACPI: PCI Interrupt Link [LNKD] (IRQs 5 10 *11)
[    0.216113] ACPI: PCI Interrupt Link [LNKS] (IRQs 9) *0
[    0.218260] vgaarb: device added: PCI:0000:00:02.0,decodes=io+mem,owns=io+mem,locks=none
[    0.219908] vgaarb: loaded
[    0.220017] vgaarb: bridge control possible 0000:00:02.0
[    0.221137] PCI: Using ACPI for IRQ routing
[    0.222497] HPET: 3 timers in total, 0 timers will be used for per-cpu timer
[    0.224044] hpet0: at MMIO 0xfed00000, IRQs 2, 8, 0
[    0.225395] hpet0: 3 comparators, 64-bit 100.000000 MHz counter
[    0.238402] Switching to clocksource kvm-clock
[    0.244113] pnp: PnP ACPI init
[    0.244976] ACPI: bus type pnp registered
[    0.247047] pnp: PnP ACPI: found 8 devices
[    0.247889] ACPI: ACPI bus type pnp unregistered
[    0.274044] NET: Registered protocol family 2
[    0.277816] IP route cache hash table entries: 524288 (order: 10, 4194304 bytes)
[    0.284856] TCP established hash table entries: 524288 (order: 11, 8388608 bytes)
[    0.294129] TCP bind hash table entries: 65536 (order: 8, 1048576 bytes)
[    0.296300] TCP: Hash tables configured (established 524288 bind 65536)
[    0.297678] TCP reno registered
[    0.298391] UDP hash table entries: 8192 (order: 6, 262144 bytes)
[    0.308737] UDP-Lite hash table entries: 8192 (order: 6, 262144 bytes)
[    0.310718] NET: Registered protocol family 1
[    0.311660] pci 0000:00:00.0: Limiting direct PCI/PCI transfers
[    0.312907] pci 0000:00:01.0: PIIX3: Enabling Passive Release
[    0.314056] pci 0000:00:01.0: Activating ISA DMA hang workarounds
[    0.315366] Unpacking initramfs...
[    0.571897] Freeing initrd memory: 9992k freed
[    0.575705] PCI-DMA: Using software bounce buffering for IO (SWIOTLB)
[    0.577026] Placing 64MB software IO TLB between ffff8800dbff0000 - ffff8800dfff0000
[    0.578547] software IO TLB at phys 0xdbff0000 - 0xdfff0000
[    0.581527] audit: initializing netlink socket (disabled)
[    0.582582] type=2000 audit(1481741266.580:1): initialized
[    0.612970] HugeTLB registered 2 MB page size, pre-allocated 0 pages
[    0.618117] VFS: Disk quotas dquot_6.5.2
[    0.619111] Dquot-cache hash table entries: 512 (order 0, 4096 bytes)
[    0.620582] msgmni has been set to 32168
[    0.622276] alg: No test for stdrng (krng)
[    0.623354] Block layer SCSI generic (bsg) driver version 0.4 loaded (major 253)
[    0.624929] io scheduler noop registered
[    0.625747] io scheduler deadline registered
[    0.626835] io scheduler cfq registered (default)
[    0.627972] pci_hotplug: PCI Hot Plug PCI Core version: 0.5
[    0.629184] pciehp: PCI Express Hot Plug Controller Driver version: 0.4
[    0.630378] acpiphp: ACPI Hot Plug PCI Controller Driver version: 0.5
[    0.631622] acpiphp: Slot [3] registered
[    0.632564] acpiphp: Slot [4] registered
[    0.633405] acpiphp: Slot [5] registered
[    0.634238] acpiphp: Slot [6] registered
[    0.635079] acpiphp: Slot [7] registered
[    0.635909] acpiphp: Slot [8] registered
[    0.636842] acpiphp: Slot [9] registered
[    0.637692] acpiphp: Slot [10] registered
[    0.638533] acpiphp: Slot [11] registered
[    0.639380] acpiphp: Slot [12] registered
[    0.640303] acpiphp: Slot [13] registered
[    0.641161] acpiphp: Slot [14] registered
[    0.642008] acpiphp: Slot [15] registered
[    0.642860] acpiphp: Slot [16] registered
[    0.643700] acpiphp: Slot [17] registered
[    0.644650] acpiphp: Slot [18] registered
[    0.645512] acpiphp: Slot [19] registered
[    0.646351] acpiphp: Slot [20] registered
[    0.647187] acpiphp: Slot [21] registered
[    0.648127] acpiphp: Slot [22] registered
[    0.648990] acpiphp: Slot [23] registered
[    0.649832] acpiphp: Slot [24] registered
[    0.650680] acpiphp: Slot [25] registered
[    0.651537] acpiphp: Slot [26] registered
[    0.652497] acpiphp: Slot [27] registered
[    0.653380] acpiphp: Slot [28] registered
[    0.654238] acpiphp: Slot [29] registered
[    0.655091] acpiphp: Slot [30] registered
[    0.655946] acpiphp: Slot [31] registered
[    0.657115] ERST: Table is not found!
[    0.657886] GHES: HEST is not enabled!
[    0.658858] Serial: 8250/16550 driver, 4 ports, IRQ sharing enabled
[    0.681672] serial8250: ttyS0 at I/O 0x3f8 (irq = 4) is a 16550A
[    0.722862] 00:06: ttyS0 at I/O 0x3f8 (irq = 4) is a 16550A
[    0.728381] Linux agpgart interface v0.103
[    0.732128] i8042: PNP: PS/2 Controller [PNP0303:KBD,PNP0f13:MOU] at 0x60,0x64 irq 1,12
[    0.734640] serio: i8042 KBD port at 0x60,0x64 irq 1
[    0.735840] serio: i8042 AUX port at 0x60,0x64 irq 12
[    0.737355] mousedev: PS/2 mouse device common for all mice
[    0.755582] rtc_cmos 00:01: RTC can wake from S4
[    0.757040] rtc_cmos 00:01: rtc core: registered rtc_cmos as rtc0
[    0.758337] rtc0: alarms up to one day, 114 bytes nvram, hpet irqs
[    0.759507] cpuidle: using governor ladder
[    0.760342] cpuidle: using governor menu
[    0.763976] input: AT Translated Set 2 keyboard as /devices/platform/i8042/serio0/input/input0
[    0.764225] TCP cubic registered
[    0.770203] NET: Registered protocol family 10
[    0.772229] Mobile IPv6
[    0.772843] NET: Registered protocol family 17
[    0.773761] Registering the dns_resolver key type
[    0.775283] registered taskstats version 1
[    0.777622] rtc_cmos 00:01: setting system clock to 2016-12-14 18:47:46 UTC (1481741266)
[    0.779240] Initializing network drop monitor service
[    0.783724] Freeing unused kernel memory: 580k freed
[    0.785066] Write protecting the kernel read-only data: 6144k
[    0.806893] Freeing unused kernel memory: 644k freed
[    0.811807] Freeing unused kernel memory: 688k freed
Loading, please wait...
[    0.862249] udevd[58]: starting version 175
[    0.950337] Floppy drive(s): fd0 is 1.44M
[    0.957117] SCSI subsystem initialized
[    0.966799] e1000: Intel(R) PRO/1000 Network Driver - version 7.3.21-k8-NAPI
[    0.968442] e1000: Copyright (c) 1999-2006 Intel Corporation.
[    0.970501] FDC 0 is a S82078B
[    0.972446] ACPI: PCI Interrupt Link [LNKC] enabled at IRQ 11
[    1.330824] e1000 0000:00:03.0: eth0: (PCI:33MHz:32-bit) 52:54:00:12:34:56
[    1.332160] e1000 0000:00:03.0: eth0: Intel(R) PRO/1000 Network Connection
[    1.334656] scsi0 : ata_piix
[    1.335749] scsi1 : ata_piix
[    1.336600] ata1: PATA max MWDMA2 cmd 0x1f0 ctl 0x3f6 bmdma 0xc040 irq 14
[    1.337895] ata2: PATA max MWDMA2 cmd 0x170 ctl 0x376 bmdma 0xc048 irq 15
[    1.492888] ata1.00: ATA-7: QEMU HARDDISK, 1.1.2, max UDMA/100
[    1.494053] ata1.00: 9011200 sectors, multi 16: LBA48 
[    1.495562] ata1.00: configured for MWDMA2
[    1.496658] scsi 0:0:0:0: Direct-Access     ATA      QEMU HARDDISK    1.1. PQ: 0 ANSI: 5
[    1.499275] ata2.00: ATAPI: QEMU DVD-ROM, 1.1.2, max UDMA/100
[    1.501035] ata2.00: configured for MWDMA2
[    1.502650] scsi 1:0:0:0: CD-ROM            QEMU     QEMU DVD-ROM     1.1. PQ: 0 ANSI: 5
[    1.516503] sd 0:0:0:0: [sda] 9011200 512-byte logical blocks: (4.61 GB/4.29 GiB)
[    1.518181] sr0: scsi3-mmc drive: 4x/4x cd/rw xa/form2 tray
[    1.518200] sd 0:0:0:0: [sda] Write Protect is off
[    1.518219] sd 0:0:0:0: [sda] Write cache: disabled, read cache: enabled, doesn't support DPO or FUA
[    1.522915] cdrom: Uniform CD-ROM driver Revision: 3.20
[    1.526586]  sda: sda1
[    1.527783] sd 0:0:0:0: [sda] Attached SCSI disk
[    1.539601] sd 0:0:0:0: Attached scsi generic sg0 type 0
[    1.541019] sr 1:0:0:0: Attached scsi generic sg1 type 5
[    1.576363] Refined TSC clocksource calibration: 2199.957 MHz.
Begin: Loading essential drivers ... done.
Begin: Running /scripts/init-premount ... done.
Begin: Mounting root file system ... Begin: Running /scripts/local-top ... done.
Begin: Running /scripts/local-premount ... done.
[    2.290291] EXT4-fs (sda1): mounted filesystem with ordered data mode. Opts: (null)
Begin: Running /scripts/local-bottom ... done.
done.
Begin: Running /scripts/init-bottom ... done.
INIT: version 2.88 booting
[[36minfo[39;49m] Using makefile-style concurrent boot in runlevel S.
findfs: unable to resolve 'UUID="e35ebd7f-2405-4c97-9c3e-26919d55a9e5"'
[....] Starting the hotplug events dispatcher: udevd[    2.880354] udevd[306]: starting version 175
[?25l[?1c7[1G[[32m ok [39;49m8[?25h[?0c.
[....] Synthesizing the initial hotplug events...[    3.061212] input: Power Button as /devices/LNXSYSTM:00/LNXPWRBN:00/input/input1
[    3.062764] ACPI: Power Button [PWRF]
[?25l[?1c7[1G[    3.082549] input: PC Speaker as /devices/platform/pcspkr/input/input2
[[32m ok [39;49m8[?25h[?0cdone.
[    3.103971] piix4_smbus 0000:00:01.3: SMBus Host Controller at 0xb100, revision 0
[....] Waiting for /dev to be fully populated...[    3.137657] parport_pc 00:05: reported by Plug and Play ACPI
[    3.143424] parport0: PC-style at 0x378, irq 7 [PCSPP,TRISTATE]
[    3.218716] Error: Driver 'pcspkr' is already registered, aborting...
[?25l[?1c7[1G[[32m ok [39;49m8[?25h[?0cdone.
findfs: unable to resolve 'UUID="e35ebd7f-2405-4c97-9c3e-26919d55a9e5"'
[....] Activating swap...[?25l[?1c7[1G[[32m ok [39;49m8[?25h[?0cdone.
Usage: mountpoint [-q] [-d] [-x] path
[    3.683850] EXT4-fs (sda1): re-mounted. Opts: (null)
[....] Checking root file system...fsck from util-linux 2.20.1
/run/rootdev: clean, 32669/264000 files, 885428/1054720 blocks
[?25l[?1c7[1G[[32m ok [39;49m8[?25h[?0cdone.
[    3.793475] EXT4-fs (sda1): re-mounted. Opts: errors=remount-ro,errors=remount-ro
[    3.800230] input: ImExPS/2 Generic Explorer Mouse as /devices/platform/i8042/serio1/input/input3
[....] Cleaning up temporary files... /tmp[?25l[?1c7[1G[[32m ok [39;49m8[?25h[?0c.
findfs: unable to resolve 'UUID="e35ebd7f-2405-4c97-9c3e-26919d55a9e5"'
findfs: unable to resolve 'UUID="e35ebd7f-2405-4c97-9c3e-26919d55a9e5"'
[....] Activating lvm and md swap...[?25l[?1c7[1G[[32m ok [39;49m8[?25h[?0cdone.
[....] Checking file systems...fsck from util-linux 2.20.1
[?25l[?1c7[1G[[32m ok [39;49m8[?25h[?0cdone.
[....] Mounting local filesystems...[?25l[?1c7[1G[[32m ok [39;49m8[?25h[?0cdone.
[....] Activating swapfile swap...[?25l[?1c7[1G[[32m ok [39;49m8[?25h[?0cdone.
findfs: unable to resolve 'UUID="e35ebd7f-2405-4c97-9c3e-26919d55a9e5"'
[....] Cleaning up temporary files...[?25l[?1c7[1G[[32m ok [39;49m8[?25h[?0c.
[....] Setting kernel variables ...[?25l[?1c7[1G[[32m ok [39;49m8[?25h[?0cdone.
[....] Configuring network interfaces...Internet Systems Consortium DHCP Client 4.2.2
Copyright 2004-2011 Internet Systems Consortium.
All rights reserved.
For info, please visit https://www.isc.org/software/dhcp/

[    4.927656] ADDRCONF(NETDEV_UP): eth0: link is not ready
Listening on LPF/eth0/52:54:00:12:34:56
Sending on   LPF/eth0/52:54:00:12:34:56
Sending on   Socket/fallback
DHCPDISCOVER on eth0 to 255.255.255.255 port 67 interval 7
[    6.928929] e1000: eth0 NIC Link is Up 1000 Mbps Full Duplex, Flow Control: RX
[    6.934547] ADDRCONF(NETDEV_CHANGE): eth0: link becomes ready
DHCPDISCOVER on eth0 to 255.255.255.255 port 67 interval 11
DHCPREQUEST on eth0 to 255.255.255.255 port 67
DHCPOFFER from 10.0.2.2
DHCPACK from 10.0.2.2
bound to 10.0.2.15 -- renewal in 42972 seconds.
ifup: interface eth0 already configured
[?25l[?1c7[1G[[32m ok [39;49m8[?25h[?0cdone.
[....] Cleaning up temporary files...[?25l[?1c7[1G[[32m ok [39;49m8[?25h[?0c.
INIT: Entering runlevel: 2
[[36minfo[39;49m] Using makefile-style concurrent boot in runlevel 2.
[....] Starting OpenBSD Secure Shell server: sshd[?25l[?1c7[1G[[32m ok [39;49m8[?25h[?0c.
Entering benchmark mode
./scaff/bin/uniform/gemm_STANDARD dummy.out 5
STARTING gemm_STANDARD execution: Wed Dec 14 20:47:57 EET 2016
Execution Time; 16.382776
Execution Time; 16.229753
Execution Time; 16.067300
Execution Time; 16.010117
Execution Time; 16.850266
Execution Time; 16.484445
Execution Time; 15.869747
Execution Time; 16.082811
Execution Time; 15.856673
Execution Time; 16.232469
Execution Time; 15.795670
Execution Time; 15.748219
Execution Time; 16.083757
Execution Time; 15.863048
Execution Time; 16.075354
Execution Time; 16.113100
Execution Time; 15.976038
Execution Time; 15.944852
Execution Time; 15.910960
Execution Time; 15.846242
Execution Time; 15.882723
Execution Time; 16.191004
Execution Time; 16.100778
Execution Time; 15.945760
Execution Time; 15.868425
Execution Time; 16.247518
Execution Time; 16.259945
Execution Time; 16.008043
Execution Time; 13.010937
Execution Time; 10.728601
INIT: Switching to runlevel: 0
INIT: Sending processes the TERM signal
[[36minfo[39;49m] Using makefile-style concurrent boot in runlevel 0.
[[36minfo[39;49m] Saving the system clock.
[[36minfo[39;49m] Hardware Clock updated to Wed Dec 14 18:55:55 UTC 2016.
[....] Asking all remaining processes to terminate...[?25l[?1c7[1G[[32m ok [39;49m8[?25h[?0cdone.
[....] All processes ended within 2 seconds...[?25l[?1c7[1G[[32m ok [39;49m8[?25h[?0cdone.
[....] Deconfiguring network interfaces...Internet Systems Consortium DHCP Client 4.2.2
Copyright 2004-2011 Internet Systems Consortium.
All rights reserved.
For info, please visit https://www.isc.org/software/dhcp/

Listening on LPF/eth0/52:54:00:12:34:56
Sending on   LPF/eth0/52:54:00:12:34:56
Sending on   Socket/fallback
DHCPRELEASE on eth0 to 10.0.2.2 port 67
[?25l[?1c7[1G[[32m ok [39;49m8[?25h[?0cdone.
[....] Deactivating swap...[?25l[?1c7[1G[[32m ok [39;49m8[?25h[?0cdone.
[  490.464284] EXT4-fs (sda1): re-mounted. Opts: (null)
[[36minfo[39;49m] Will now halt.
[  492.511279] sd 0:0:0:0: [sda] Stopping disk
[  492.513899] ACPI: Preparing to enter system sleep state S5
[  492.515004] Power down.
aff-executor-preload.c:affhooks_init()
aff-executor-preload.c:affhooks_shut()
HELLO KITTY
