aff-executor-preload.c:affhooks_init()
[H[J[?25l[m[H[J[2;25HGNU GRUB  version 1.99-27+deb7u2

[m[4;2H+--------------------------------------------------------------------------+[5;2H|[5;77H|[6;2H|[6;77H|[7;2H|[7;77H|[8;2H|[8;77H|[9;2H|[9;77H|[10;2H|[10;77H|[11;2H|[11;77H|[12;2H|[12;77H|[13;2H|[13;77H|[14;2H|[14;77H|[15;2H|[15;77H|[16;2H|[16;77H|[17;2H+--------------------------------------------------------------------------+[m[18;2H[m
      Use the ^ and v keys to select which entry is highlighted.      
      Press enter to boot the selected OS, 'e' to edit the commands      
      before booting or 'c' for a command-line.      
      [5;78H [7m[5;3HDebian GNU/Linux, with Linux 3.2.0-4-amd64                               [m [5;76H[m[m[6;3HDebian GNU/Linux, with Linux 3.2.0-4-amd64 (recovery mode)               [m [6;76H[m[m[7;3H                                                                         [m [7;76H[m[m[8;3H                                                                         [m [8;76H[m[m[9;3H                                                                         [m [9;76H[m[m[10;3H                                                                         [m [10;76H[m[m[11;3H                                                                         [m [11;76H[m[m[12;3H                                                                         [m [12;76H[m[m[13;3H                                                                         [m [13;76H[m[m[14;3H                                                                         [m [14;76H[m[m[15;3H                                                                         [m [15;76H[m[m[16;3H                                                                         [m [16;76H[m[16;78H [5;76H[22;1H   The highlighted entry will be executed automatically in 5s.                 [5;76H[22;1H   The highlighted entry will be executed automatically in 4s.                 [5;76H[22;1H   The highlighted entry will be executed automatically in 3s.                 [5;76H[22;1H   The highlighted entry will be executed automatically in 2s.                 [5;76H[22;1H   The highlighted entry will be executed automatically in 1s.                 [5;76H[22;1H   The highlighted entry will be executed automatically in 0s.                 [5;76H[?25h[H[J[H[J  Booting 'Debian GNU/Linux, with Linux 3.2.0-4-amd64'

Loading Linux 3.2.0-4-amd64 ...
Loading initial ramdisk ...
[    0.000000] Initializing cgroup subsys cpuset
[    0.000000] Initializing cgroup subsys cpu
[    0.000000] Linux version 3.2.0-4-amd64 (debian-kernel@lists.debian.org) (gcc version 4.6.3 (Debian 4.6.3-14) ) #1 SMP Debian 3.2.68-1+deb7u3
[    0.000000] Command line: BOOT_IMAGE=/boot/vmlinuz-3.2.0-4-amd64 root=UUID=e35ebd7f-2405-4c97-9c3e-26919d55a9e5 ro console=tty0 console=ttyS0,115200n8
[    0.000000] BIOS-provided physical RAM map:
[    0.000000]  BIOS-e820: 0000000000000000 - 000000000009f400 (usable)
[    0.000000]  BIOS-e820: 000000000009f400 - 00000000000a0000 (reserved)
[    0.000000]  BIOS-e820: 00000000000f0000 - 0000000000100000 (reserved)
[    0.000000]  BIOS-e820: 0000000000100000 - 00000000dfffe000 (usable)
[    0.000000]  BIOS-e820: 00000000dfffe000 - 00000000e0000000 (reserved)
[    0.000000]  BIOS-e820: 00000000feffc000 - 00000000ff000000 (reserved)
[    0.000000]  BIOS-e820: 00000000fffc0000 - 0000000100000000 (reserved)
[    0.000000]  BIOS-e820: 0000000100000000 - 0000000420000000 (usable)
[    0.000000] NX (Execute Disable) protection: active
[    0.000000] SMBIOS 2.4 present.
[    0.000000] No AGP bridge found
[    0.000000] last_pfn = 0x420000 max_arch_pfn = 0x400000000
[    0.000000] PAT not supported by CPU.
[    0.000000] last_pfn = 0xdfffe max_arch_pfn = 0x400000000
[    0.000000] found SMP MP-table at [ffff8800000fdac0] fdac0
[    0.000000] init_memory_mapping: 0000000000000000-00000000dfffe000
[    0.000000] init_memory_mapping: 0000000100000000-0000000420000000
[    0.000000] RAMDISK: 36c6c000 - 3762e000
[    0.000000] ACPI: RSDP 00000000000fd8b0 00014 (v00 BOCHS )
[    0.000000] ACPI: RSDT 00000000dfffe470 00038 (v01 BOCHS  BXPCRSDT 00000001 BXPC 00000001)
[    0.000000] ACPI: FACP 00000000dfffff80 00074 (v01 BOCHS  BXPCFACP 00000001 BXPC 00000001)
[    0.000000] ACPI: DSDT 00000000dfffe4b0 01121 (v01   BXPC   BXDSDT 00000001 INTL 20100528)
[    0.000000] ACPI: FACS 00000000dfffff40 00040
[    0.000000] ACPI: SSDT 00000000dffffd70 001C1 (v01 BOCHS  BXPCSSDT 00000001 BXPC 00000001)
[    0.000000] ACPI: APIC 00000000dffffc70 00090 (v01 BOCHS  BXPCAPIC 00000001 BXPC 00000001)
[    0.000000] ACPI: HPET 00000000dffffc30 00038 (v01 BOCHS  BXPCHPET 00000001 BXPC 00000001)
[    0.000000] ACPI: SSDT 00000000dffff5e0 00644 (v01   BXPC BXSSDTPC 00000001 INTL 20100528)
[    0.000000] No NUMA configuration found
[    0.000000] Faking a node at 0000000000000000-0000000420000000
[    0.000000] Initmem setup node 0 0000000000000000-0000000420000000
[    0.000000]   NODE_DATA [000000041fffb000 - 000000041fffffff]
[    0.000000] kvm-clock: Using msrs 4b564d01 and 4b564d00
[    0.000000] kvm-clock: cpu 0, msr 0:16a8741, boot clock
[    0.000000] Zone PFN ranges:
[    0.000000]   DMA      0x00000010 -> 0x00001000
[    0.000000]   DMA32    0x00001000 -> 0x00100000
[    0.000000]   Normal   0x00100000 -> 0x00420000
[    0.000000] Movable zone start PFN for each node
[    0.000000] early_node_map[3] active PFN ranges
[    0.000000]     0: 0x00000010 -> 0x0000009f
[    0.000000]     0: 0x00000100 -> 0x000dfffe
[    0.000000]     0: 0x00100000 -> 0x00420000
[    0.000000] ACPI: PM-Timer IO Port: 0xb008
[    0.000000] ACPI: LAPIC (acpi_id[0x00] lapic_id[0x00] enabled)
[    0.000000] ACPI: LAPIC (acpi_id[0x01] lapic_id[0x01] enabled)
[    0.000000] ACPI: LAPIC (acpi_id[0x02] lapic_id[0x02] enabled)
[    0.000000] ACPI: LAPIC (acpi_id[0x03] lapic_id[0x03] enabled)
[    0.000000] ACPI: LAPIC_NMI (acpi_id[0xff] dfl dfl lint[0x1])
[    0.000000] ACPI: IOAPIC (id[0x04] address[0xfec00000] gsi_base[0])
[    0.000000] IOAPIC[0]: apic_id 4, version 17, address 0xfec00000, GSI 0-23
[    0.000000] ACPI: INT_SRC_OVR (bus 0 bus_irq 0 global_irq 2 dfl dfl)
[    0.000000] ACPI: INT_SRC_OVR (bus 0 bus_irq 5 global_irq 5 high level)
[    0.000000] ACPI: INT_SRC_OVR (bus 0 bus_irq 9 global_irq 9 high level)
[    0.000000] ACPI: INT_SRC_OVR (bus 0 bus_irq 10 global_irq 10 high level)
[    0.000000] ACPI: INT_SRC_OVR (bus 0 bus_irq 11 global_irq 11 high level)
[    0.000000] Using ACPI (MADT) for SMP configuration information
[    0.000000] ACPI: HPET id: 0x8086a201 base: 0xfed00000
[    0.000000] SMP: Allowing 4 CPUs, 0 hotplug CPUs
[    0.000000] PM: Registered nosave memory: 000000000009f000 - 00000000000a0000
[    0.000000] PM: Registered nosave memory: 00000000000a0000 - 00000000000f0000
[    0.000000] PM: Registered nosave memory: 00000000000f0000 - 0000000000100000
[    0.000000] PM: Registered nosave memory: 00000000dfffe000 - 00000000e0000000
[    0.000000] PM: Registered nosave memory: 00000000e0000000 - 00000000feffc000
[    0.000000] PM: Registered nosave memory: 00000000feffc000 - 00000000ff000000
[    0.000000] PM: Registered nosave memory: 00000000ff000000 - 00000000fffc0000
[    0.000000] PM: Registered nosave memory: 00000000fffc0000 - 0000000100000000
[    0.000000] Allocating PCI resources starting at e0000000 (gap: e0000000:1effc000)
[    0.000000] Booting paravirtualized kernel on KVM
[    0.000000] setup_percpu: NR_CPUS:512 nr_cpumask_bits:512 nr_cpu_ids:4 nr_node_ids:1
[    0.000000] PERCPU: Embedded 27 pages/cpu @ffff88041fc00000 s78912 r8192 d23488 u524288
[    0.000000] kvm-clock: cpu 0, msr 4:1fc12741, primary cpu clock
[    0.000000] KVM setup async PF for cpu 0
[    0.000000] kvm-stealtime: cpu 0, msr 41fc0cfc0
[    0.000000] Built 1 zonelists in Zone order, mobility grouping on.  Total pages: 4135048
[    0.000000] Policy zone: Normal
[    0.000000] Kernel command line: BOOT_IMAGE=/boot/vmlinuz-3.2.0-4-amd64 root=UUID=e35ebd7f-2405-4c97-9c3e-26919d55a9e5 ro console=tty0 console=ttyS0,115200n8
[    0.000000] PID hash table entries: 4096 (order: 3, 32768 bytes)
[    0.000000] Checking aperture...
[    0.000000] No AGP bridge found
[    0.000000] Memory: 16460264k/17301504k available (3434k kernel code, 524748k absent, 316492k reserved, 3305k data, 580k init)
[    0.000000] Hierarchical RCU implementation.
[    0.000000] 	RCU dyntick-idle grace-period acceleration is enabled.
[    0.000000] NR_IRQS:33024 nr_irqs:712 16
[    0.000000] Console: colour VGA+ 80x25
[    0.000000] console [tty0] enabled
[    0.000000] console [ttyS0] enabled
[    0.000000] Detected 2199.998 MHz processor.
[    0.008000] Calibrating delay loop (skipped) preset value.. 4399.99 BogoMIPS (lpj=8799992)
[    0.008000] pid_max: default: 32768 minimum: 301
[    0.008000] Security Framework initialized
[    0.008018] AppArmor: AppArmor disabled by boot time parameter
[    0.010127] Dentry cache hash table entries: 2097152 (order: 12, 16777216 bytes)
[    0.015626] Inode-cache hash table entries: 1048576 (order: 11, 8388608 bytes)
[    0.018202] Mount-cache hash table entries: 256
[    0.020201] Initializing cgroup subsys cpuacct
[    0.021120] Initializing cgroup subsys memory
[    0.022009] Initializing cgroup subsys devices
[    0.022897] Initializing cgroup subsys freezer
[    0.024013] Initializing cgroup subsys net_cls
[    0.024889] Initializing cgroup subsys blkio
[    0.025776] Initializing cgroup subsys perf_event
[    0.026787] mce: CPU supports 10 MCE banks
[    0.029459] ACPI: Core revision 20110623
[    0.034391] ..TIMER: vector=0x30 apic1=0 pin1=2 apic2=-1 pin2=-1
[    0.035514] CPU0: Intel QEMU Virtual CPU version 1.1.2 stepping 03
[    0.040002] APIC calibration not consistent with PM-Timer: 111ms instead of 100ms
[    0.040002] APIC delta adjusted to PM-Timer: 6250017 (6999313)
[    0.040002] Performance Events: unsupported p6 CPU model 2 no PMU driver, software events only.
[    0.040002] NMI watchdog disabled (cpu0): hardware events not enabled
[    0.040002] Booting Node   0, Processors  #1
[    0.060014] kvm-clock: cpu 1, msr 4:1fc92741, secondary cpu clock
[    0.064071] NMI watchdog disabled (cpu1): hardware events not enabled
[    0.064056] KVM setup async PF for cpu 1
[    0.064056] kvm-stealtime: cpu 1, msr 41fc8cfc0
[    0.072252]  #2
[    0.104013] kvm-clock: cpu 2, msr 4:1fd12741, secondary cpu clock
[    0.104098] NMI watchdog disabled (cpu2): hardware events not enabled
[    0.104383]  #3 Ok.
[    0.104156] KVM setup async PF for cpu 2
[    0.104156] kvm-stealtime: cpu 2, msr 41fd0cfc0
[    0.124097] NMI watchdog disabled (cpu3): hardware events not enabled
[    0.124076] KVM setup async PF for cpu 3
[    0.124076] kvm-stealtime: cpu 3, msr 41fd8cfc0
[    0.124076] kvm-clock: cpu 3, msr 4:1fd92741, secondary cpu clock
[    0.128123] Brought up 4 CPUs
[    0.129200] Total of 4 processors activated (17599.98 BogoMIPS).
[    0.136328] devtmpfs: initialized
[    0.142889] print_constraints: dummy: 
[    0.144426] NET: Registered protocol family 16
[    0.145517] ACPI: bus type pci registered
[    0.146540] PCI: Using configuration type 1 for base access
[    0.153288] bio: create slab <bio-0> at 0
[    0.156725] ACPI: Added _OSI(Module Device)
[    0.157901] ACPI: Added _OSI(Processor Device)
[    0.160016] ACPI: Added _OSI(3.0 _SCP Extensions)
[    0.161538] ACPI: Added _OSI(Processor Aggregator Device)
[    0.166116] ACPI: Interpreter enabled
[    0.166924] ACPI: (supports S0 S3 S4 S5)
[    0.168313] ACPI: Using IOAPIC for interrupt routing
[    0.173520] ACPI: No dock devices found.
[    0.174333] HEST: Table not found.
[    0.175131] PCI: Ignoring host bridge windows from ACPI; if necessary, use "pci=use_crs" and report a bug
[    0.176040] ACPI: PCI Root Bridge [PCI0] (domain 0000 [bus 00-ff])
[    0.183335] pci 0000:00:01.3: quirk: [io  0xb000-0xb03f] claimed by PIIX4 ACPI
[    0.184029] pci 0000:00:01.3: quirk: [io  0xb100-0xb10f] claimed by PIIX4 SMB
[    0.207407]  pci0000:00: Unable to request _OSC control (_OSC support mask: 0x1e)
[    0.210666] ACPI: PCI Interrupt Link [LNKA] (IRQs 5 *10 11)
[    0.212981] ACPI: PCI Interrupt Link [LNKB] (IRQs 5 *10 11)
[    0.214683] ACPI: PCI Interrupt Link [LNKC] (IRQs 5 10 *11)
[    0.216903] ACPI: PCI Interrupt Link [LNKD] (IRQs 5 10 *11)
[    0.218535] ACPI: PCI Interrupt Link [LNKS] (IRQs 9) *0
[    0.220471] vgaarb: device added: PCI:0000:00:02.0,decodes=io+mem,owns=io+mem,locks=none
[    0.221812] vgaarb: loaded
[    0.222508] vgaarb: bridge control possible 0000:00:02.0
[    0.224116] PCI: Using ACPI for IRQ routing
[    0.225578] HPET: 3 timers in total, 0 timers will be used for per-cpu timer
[    0.227060] hpet0: at MMIO 0xfed00000, IRQs 2, 8, 0
[    0.228735] hpet0: 3 comparators, 64-bit 100.000000 MHz counter
[    0.244975] Switching to clocksource kvm-clock
[    0.253367] pnp: PnP ACPI init
[    0.254087] ACPI: bus type pnp registered
[    0.256255] pnp: PnP ACPI: found 8 devices
[    0.257080] ACPI: ACPI bus type pnp unregistered
[    0.274618] NET: Registered protocol family 2
[    0.278202] IP route cache hash table entries: 524288 (order: 10, 4194304 bytes)
[    0.284610] TCP established hash table entries: 524288 (order: 11, 8388608 bytes)
[    0.293518] TCP bind hash table entries: 65536 (order: 8, 1048576 bytes)
[    0.295617] TCP: Hash tables configured (established 524288 bind 65536)
[    0.296897] TCP reno registered
[    0.297604] UDP hash table entries: 8192 (order: 6, 262144 bytes)
[    0.307183] UDP-Lite hash table entries: 8192 (order: 6, 262144 bytes)
[    0.309188] NET: Registered protocol family 1
[    0.310080] pci 0000:00:00.0: Limiting direct PCI/PCI transfers
[    0.311177] pci 0000:00:01.0: PIIX3: Enabling Passive Release
[    0.312348] pci 0000:00:01.0: Activating ISA DMA hang workarounds
[    0.313625] Unpacking initramfs...
[    0.567886] Freeing initrd memory: 9992k freed
[    0.571675] PCI-DMA: Using software bounce buffering for IO (SWIOTLB)
[    0.572978] Placing 64MB software IO TLB between ffff8800dbff0000 - ffff8800dfff0000
[    0.574463] software IO TLB at phys 0xdbff0000 - 0xdfff0000
[    0.577466] audit: initializing netlink socket (disabled)
[    0.578507] type=2000 audit(1481743184.576:1): initialized
[    0.609481] HugeTLB registered 2 MB page size, pre-allocated 0 pages
[    0.614914] VFS: Disk quotas dquot_6.5.2
[    0.615861] Dquot-cache hash table entries: 512 (order 0, 4096 bytes)
[    0.617332] msgmni has been set to 32168
[    0.619167] alg: No test for stdrng (krng)
[    0.620246] Block layer SCSI generic (bsg) driver version 0.4 loaded (major 253)
[    0.621693] io scheduler noop registered
[    0.622485] io scheduler deadline registered
[    0.623583] io scheduler cfq registered (default)
[    0.624855] pci_hotplug: PCI Hot Plug PCI Core version: 0.5
[    0.625925] pciehp: PCI Express Hot Plug Controller Driver version: 0.4
[    0.627104] acpiphp: ACPI Hot Plug PCI Controller Driver version: 0.5
[    0.628433] acpiphp: Slot [3] registered
[    0.629255] acpiphp: Slot [4] registered
[    0.630094] acpiphp: Slot [5] registered
[    0.630916] acpiphp: Slot [6] registered
[    0.631734] acpiphp: Slot [7] registered
[    0.632671] acpiphp: Slot [8] registered
[    0.633503] acpiphp: Slot [9] registered
[    0.634325] acpiphp: Slot [10] registered
[    0.635168] acpiphp: Slot [11] registered
[    0.636005] acpiphp: Slot [12] registered
[    0.636953] acpiphp: Slot [13] registered
[    0.637807] acpiphp: Slot [14] registered
[    0.638648] acpiphp: Slot [15] registered
[    0.639485] acpiphp: Slot [16] registered
[    0.640449] acpiphp: Slot [17] registered
[    0.641290] acpiphp: Slot [18] registered
[    0.642128] acpiphp: Slot [19] registered
[    0.642979] acpiphp: Slot [20] registered
[    0.643841] acpiphp: Slot [21] registered
[    0.644786] acpiphp: Slot [22] registered
[    0.645639] acpiphp: Slot [23] registered
[    0.646475] acpiphp: Slot [24] registered
[    0.647310] acpiphp: Slot [25] registered
[    0.648220] acpiphp: Slot [26] registered
[    0.649125] acpiphp: Slot [27] registered
[    0.650020] acpiphp: Slot [28] registered
[    0.650936] acpiphp: Slot [29] registered
[    0.651790] acpiphp: Slot [30] registered
[    0.652730] acpiphp: Slot [31] registered
[    0.653785] ERST: Table is not found!
[    0.654547] GHES: HEST is not enabled!
[    0.655669] Serial: 8250/16550 driver, 4 ports, IRQ sharing enabled
[    0.678457] serial8250: ttyS0 at I/O 0x3f8 (irq = 4) is a 16550A
[    0.721864] 00:06: ttyS0 at I/O 0x3f8 (irq = 4) is a 16550A
[    0.724401] Linux agpgart interface v0.103
[    0.725446] i8042: PNP: PS/2 Controller [PNP0303:KBD,PNP0f13:MOU] at 0x60,0x64 irq 1,12
[    0.728113] serio: i8042 KBD port at 0x60,0x64 irq 1
[    0.729082] serio: i8042 AUX port at 0x60,0x64 irq 12
[    0.730498] mousedev: PS/2 mouse device common for all mice
[    0.731924] input: AT Translated Set 2 keyboard as /devices/platform/i8042/serio0/input/input0
[    0.733843] rtc_cmos 00:01: RTC can wake from S4
[    0.735053] rtc_cmos 00:01: rtc core: registered rtc_cmos as rtc0
[    0.736404] rtc0: alarms up to one day, 114 bytes nvram, hpet irqs
[    0.737560] cpuidle: using governor ladder
[    0.738398] cpuidle: using governor menu
[    0.739530] TCP cubic registered
[    0.741170] NET: Registered protocol family 10
[    0.743165] Mobile IPv6
[    0.743776] NET: Registered protocol family 17
[    0.744753] Registering the dns_resolver key type
[    0.745885] registered taskstats version 1
[    0.748077] rtc_cmos 00:01: setting system clock to 2016-12-14 19:19:44 UTC (1481743184)
[    0.749701] Initializing network drop monitor service
[    0.752423] Freeing unused kernel memory: 580k freed
[    0.753641] Write protecting the kernel read-only data: 6144k
[    0.757378] Freeing unused kernel memory: 644k freed
[    0.761373] Freeing unused kernel memory: 688k freed
Loading, please wait...
[    0.795758] udevd[58]: starting version 175
[    0.858438] e1000: Intel(R) PRO/1000 Network Driver - version 7.3.21-k8-NAPI
[    0.859707] e1000: Copyright (c) 1999-2006 Intel Corporation.
[    0.875290] ACPI: PCI Interrupt Link [LNKC] enabled at IRQ 11
[    0.915099] SCSI subsystem initialized
[    0.928474] Floppy drive(s): fd0 is 1.44M
[    1.275934] FDC 0 is a S82078B
[    1.314656] e1000 0000:00:03.0: eth0: (PCI:33MHz:32-bit) 52:54:00:12:34:56
[    1.315896] e1000 0000:00:03.0: eth0: Intel(R) PRO/1000 Network Connection
[    1.318755] scsi0 : ata_piix
[    1.319803] scsi1 : ata_piix
[    1.320697] ata1: PATA max MWDMA2 cmd 0x1f0 ctl 0x3f6 bmdma 0xc040 irq 14
[    1.321886] ata2: PATA max MWDMA2 cmd 0x170 ctl 0x376 bmdma 0xc048 irq 15
[    1.481896] ata1.00: ATA-7: QEMU HARDDISK, 1.1.2, max UDMA/100
[    1.483326] ata1.00: 9011200 sectors, multi 16: LBA48 
[    1.485050] ata2.00: ATAPI: QEMU DVD-ROM, 1.1.2, max UDMA/100
[    1.487235] ata2.00: configured for MWDMA2
[    1.488955] ata1.00: configured for MWDMA2
[    1.490013] scsi 0:0:0:0: Direct-Access     ATA      QEMU HARDDISK    1.1. PQ: 0 ANSI: 5
[    1.492558] scsi 1:0:0:0: CD-ROM            QEMU     QEMU DVD-ROM     1.1. PQ: 0 ANSI: 5
[    1.502877] sd 0:0:0:0: [sda] 9011200 512-byte logical blocks: (4.61 GB/4.29 GiB)
[    1.504950] sd 0:0:0:0: [sda] Write Protect is off
[    1.505907] sd 0:0:0:0: [sda] Write cache: disabled, read cache: enabled, doesn't support DPO or FUA
[    1.508566]  sda: sda1
[    1.509590] sd 0:0:0:0: [sda] Attached SCSI disk
[    1.513528] sr0: scsi3-mmc drive: 4x/4x cd/rw xa/form2 tray
[    1.514583] cdrom: Uniform CD-ROM driver Revision: 3.20
[    1.518813] sd 0:0:0:0: Attached scsi generic sg0 type 0
[    1.520587] sr 1:0:0:0: Attached scsi generic sg1 type 5
[    1.572182] Refined TSC clocksource calibration: 2199.958 MHz.
Begin: Loading essential drivers ... done.
Begin: Running /scripts/init-premount ... done.
Begin: Mounting root file system ... Begin: Running /scripts/local-top ... done.
Begin: Running /scripts/local-premount ... done.
[    2.139665] EXT4-fs (sda1): mounted filesystem with ordered data mode. Opts: (null)
Begin: Running /scripts/local-bottom ... done.
done.
Begin: Running /scripts/init-bottom ... done.
INIT: version 2.88 booting
[[36minfo[39;49m] Using makefile-style concurrent boot in runlevel S.
findfs: unable to resolve 'UUID="e35ebd7f-2405-4c97-9c3e-26919d55a9e5"'
[....] Starting the hotplug events dispatcher: udevd[    2.838997] udevd[312]: starting version 175
[?25l[?1c7[1G[[32m ok [39;49m8[?25h[?0c.
[....] Synthesizing the initial hotplug events...[?25l[?1c7[1G[[32m ok [39;49m8[?25h[?0cdone.
[    3.101921] input: Power Button as /devices/LNXSYSTM:00/LNXPWRBN:00/input/input1
[    3.105521] ACPI: Power Button [PWRF]
[    3.110390] input: PC Speaker as /devices/platform/pcspkr/input/input2
[    3.139982] parport_pc 00:05: reported by Plug and Play ACPI
[    3.141490] parport0: PC-style at 0x378, irq 7 [PCSPP,TRISTATE]
[....] Waiting for /dev to be fully populated...[    3.176885] piix4_smbus 0000:00:01.3: SMBus Host Controller at 0xb100, revision 0
[    3.241187] Error: Driver 'pcspkr' is already registered, aborting...
[?25l[?1c7[1G[[32m ok [39;49m8[?25h[?0cdone.
findfs: unable to resolve 'UUID="e35ebd7f-2405-4c97-9c3e-26919d55a9e5"'
[....] Activating swap...[?25l[?1c7[1G[[32m ok [39;49m8[?25h[?0cdone.
Usage: mountpoint [-q] [-d] [-x] path
[    3.791547] input: ImExPS/2 Generic Explorer Mouse as /devices/platform/i8042/serio1/input/input3
[    3.803663] EXT4-fs (sda1): re-mounted. Opts: (null)
[....] Checking root file system...fsck from util-linux 2.20.1
/run/rootdev: clean, 32669/264000 files, 885427/1054720 blocks
[?25l[?1c7[1G[[32m ok [39;49m8[?25h[?0cdone.
[    3.902759] EXT4-fs (sda1): re-mounted. Opts: errors=remount-ro,errors=remount-ro
[....] Cleaning up temporary files... /tmp[?25l[?1c7[1G[[32m ok [39;49m8[?25h[?0c.
findfs: unable to resolve 'UUID="e35ebd7f-2405-4c97-9c3e-26919d55a9e5"'
findfs: unable to resolve 'UUID="e35ebd7f-2405-4c97-9c3e-26919d55a9e5"'
[....] Activating lvm and md swap...[?25l[?1c7[1G[[32m ok [39;49m8[?25h[?0cdone.
[....] Checking file systems...fsck from util-linux 2.20.1
[?25l[?1c7[1G[[32m ok [39;49m8[?25h[?0cdone.
[....] Mounting local filesystems...[?25l[?1c7[1G[[32m ok [39;49m8[?25h[?0cdone.
[....] Activating swapfile swap...[?25l[?1c7[1G[[32m ok [39;49m8[?25h[?0cdone.
findfs: unable to resolve 'UUID="e35ebd7f-2405-4c97-9c3e-26919d55a9e5"'
[....] Cleaning up temporary files...[?25l[?1c7[1G[[32m ok [39;49m8[?25h[?0c.
[....] Setting kernel variables ...[?25l[?1c7[1G[[32m ok [39;49m8[?25h[?0cdone.
[....] Configuring network interfaces...Internet Systems Consortium DHCP Client 4.2.2
Copyright 2004-2011 Internet Systems Consortium.
All rights reserved.
For info, please visit https://www.isc.org/software/dhcp/

[    5.116254] ADDRCONF(NETDEV_UP): eth0: link is not ready
Listening on LPF/eth0/52:54:00:12:34:56
Sending on   LPF/eth0/52:54:00:12:34:56
Sending on   Socket/fallback
DHCPDISCOVER on eth0 to 255.255.255.255 port 67 interval 6
[    7.116947] e1000: eth0 NIC Link is Up 1000 Mbps Full Duplex, Flow Control: RX
[    7.122487] ADDRCONF(NETDEV_CHANGE): eth0: link becomes ready
DHCPDISCOVER on eth0 to 255.255.255.255 port 67 interval 6
DHCPREQUEST on eth0 to 255.255.255.255 port 67
DHCPOFFER from 10.0.2.2
DHCPACK from 10.0.2.2
bound to 10.0.2.15 -- renewal in 35640 seconds.
ifup: interface eth0 already configured
[?25l[?1c7[1G[[32m ok [39;49m8[?25h[?0cdone.
[....] Cleaning up temporary files...[?25l[?1c7[1G[[32m ok [39;49m8[?25h[?0c.
INIT: Entering runlevel: 2
[[36minfo[39;49m] Using makefile-style concurrent boot in runlevel 2.
[....] Starting OpenBSD Secure Shell server: sshd[?25l[?1c7[1G[[32m ok [39;49m8[?25h[?0c.
Entering benchmark mode
./scaff/bin/uniform/doitgen_STANDARD dummy.out 100
STARTING doitgen_STANDARD execution: Wed Dec 14 21:19:54 EET 2016
Execution Time; 0.330937
Execution Time; 0.303676
Execution Time; 0.354122
Execution Time; 0.423904
Execution Time; 0.508554
Execution Time; 0.557449
Execution Time; 0.435022
Execution Time; 0.538285
Execution Time; 0.588396
Execution Time; 0.475817
Execution Time; 0.499061
Execution Time; 0.578019
Execution Time; 0.559528
Execution Time; 0.495900
Execution Time; 0.516111
Execution Time; 0.494462
Execution Time; 0.513977
Execution Time; 0.577109
Execution Time; 0.572428
Execution Time; 0.562465
Execution Time; 0.604976
Execution Time; 0.556646
Execution Time; 0.547628
Execution Time; 0.518502
Execution Time; 0.531462
Execution Time; 0.683219
Execution Time; 0.570315
Execution Time; 0.541537
Execution Time; 0.499491
Execution Time; 0.526600
Execution Time; 0.575005
Execution Time; 0.477906
Execution Time; 0.564012
Execution Time; 0.578634
Execution Time; 0.527439
Execution Time; 0.526121
Execution Time; 0.486544
Execution Time; 0.578977
Execution Time; 0.554494
Execution Time; 0.581013
Execution Time; 0.559509
Execution Time; 0.571378
Execution Time; 0.497118
Execution Time; 0.565074
Execution Time; 0.560040
Execution Time; 0.562835
Execution Time; 0.563782
Execution Time; 0.902341
Execution Time; 0.519659
Execution Time; 0.500761
Execution Time; 0.520987
Execution Time; 0.517704
Execution Time; 0.508100
Execution Time; 0.528276
Execution Time; 0.551892
Execution Time; 0.506501
Execution Time; 0.492228
Execution Time; 0.504294
Execution Time; 0.520130
Execution Time; 0.539612
Execution Time; 0.611989
Execution Time; 0.624515
Execution Time; 0.524660
Execution Time; 0.554884
Execution Time; 0.605440
Execution Time; 0.544131
Execution Time; 0.529005
Execution Time; 0.555702
Execution Time; 0.595656
Execution Time; 0.508403
Execution Time; 0.484340
Execution Time; 0.507408
Execution Time; 0.558318
Execution Time; 0.596427
Execution Time; 0.567913
Execution Time; 0.491024
Execution Time; 0.540034
Execution Time; 0.509497
Execution Time; 0.550779
Execution Time; 0.584835
Execution Time; 0.547620
Execution Time; 0.559968
Execution Time; 0.572061
Execution Time; 0.566755
Execution Time; 0.578252
Execution Time; 0.553083
Execution Time; 0.604987
Execution Time; 0.586105
Execution Time; 0.524766
Execution Time; 0.547537
Execution Time; 0.510495
Execution Time; 0.464445
Execution Time; 0.495037
Execution Time; 0.491725
Execution Time; 0.547999
Execution Time; 0.585269
Execution Time; 0.487958
Execution Time; 0.524855
Execution Time; 0.513330
Execution Time; 0.487100
Execution Time; 0.578448
Execution Time; 0.568096
Execution Time; 0.882385
Execution Time; 0.530188
Execution Time; 0.584942
Execution Time; 0.539489
Execution Time; 0.582620
Execution Time; 0.596013
Execution Time; 0.547036
Execution Time; 0.537342
Execution Time; 0.534071
Execution Time; 0.479641
Execution Time; 0.497880
Execution Time; 0.579136
Execution Time; 0.603599
Execution Time; 0.526658
Execution Time; 0.495526
Execution Time; 0.484581
Execution Time; 0.526042
Execution Time; 0.526759
Execution Time; 0.529877
Execution Time; 0.584368
Execution Time; 0.597159
Execution Time; 0.555997
Execution Time; 0.602192
Execution Time; 0.628319
Execution Time; 0.580340
Execution Time; 0.535467
Execution Time; 0.599302
Execution Time; 0.582388
Execution Time; 0.497071
Execution Time; 0.565481
Execution Time; 0.532010
Execution Time; 0.510525
Execution Time; 0.512559
Execution Time; 0.700256
Execution Time; 0.532268
Execution Time; 0.502139
Execution Time; 0.481252
Execution Time; 0.544741
Execution Time; 0.589653
Execution Time; 0.564218
Execution Time; 0.543863
Execution Time; 0.584209
Execution Time; 0.577055
Execution Time; 0.574709
Execution Time; 0.531164
Execution Time; 0.551027
Execution Time; 0.594046
Execution Time; 0.603635
Execution Time; 0.543139
Execution Time; 0.492059
Execution Time; 0.480287
Execution Time; 0.548170
Execution Time; 0.495238
Execution Time; 0.521912
Execution Time; 0.594505
Execution Time; 0.534211
Execution Time; 0.511640
Execution Time; 0.580214
Execution Time; 0.484870
Execution Time; 0.533509
Execution Time; 0.574456
Execution Time; 0.569724
Execution Time; 0.580053
Execution Time; 0.568079
Execution Time; 0.533153
Execution Time; 0.603768
Execution Time; 0.571777
Execution Time; 0.519245
Execution Time; 0.584261
Execution Time; 0.559956
Execution Time; 0.484659
Execution Time; 0.506743
Execution Time; 0.518959
Execution Time; 0.528632
Execution Time; 0.535602
Execution Time; 0.653448
Execution Time; 0.481597
Execution Time; 0.503912
Execution Time; 0.520150
Execution Time; 0.515199
Execution Time; 0.540775
Execution Time; 0.566268
Execution Time; 0.527312
Execution Time; 0.580167
Execution Time; 0.580466
Execution Time; 0.527913
Execution Time; 0.576401
Execution Time; 0.573547
Execution Time; 0.529560
Execution Time; 0.563644
Execution Time; 0.579877
Execution Time; 0.462773
Execution Time; 0.510483
Execution Time; 0.577025
Execution Time; 0.472539
Execution Time; 0.513845
Execution Time; 0.621103
Execution Time; 0.514995
Execution Time; 0.483032
Execution Time; 0.512368
Execution Time; 0.484758
Execution Time; 0.546022
Execution Time; 0.587012
Execution Time; 0.534458
Execution Time; 0.563443
Execution Time; 0.583141
Execution Time; 0.544289
Execution Time; 0.545028
Execution Time; 0.604630
Execution Time; 0.529081
Execution Time; 0.524887
Execution Time; 0.536776
Execution Time; 0.513583
Execution Time; 0.518516
Execution Time; 0.517641
Execution Time; 0.530669
Execution Time; 0.582980
Execution Time; 0.565100
Execution Time; 0.486400
Execution Time; 0.535201
Execution Time; 0.567456
Execution Time; 0.484291
Execution Time; 0.596946
Execution Time; 0.551657
Execution Time; 0.531854
Execution Time; 0.562020
Execution Time; 0.535604
Execution Time; 0.600308
Execution Time; 0.573991
Execution Time; 0.556075
Execution Time; 0.560806
Execution Time; 0.540098
Execution Time; 0.520208
Execution Time; 0.541836
Execution Time; 0.497499
Execution Time; 0.516316
Execution Time; 0.505140
Execution Time; 0.527603
Execution Time; 0.573119
Execution Time; 0.507922
Execution Time; 0.504970
Execution Time; 0.488669
Execution Time; 0.494363
Execution Time; 0.550418
Execution Time; 0.582685
Execution Time; 0.565216
Execution Time; 0.511781
Execution Time; 0.583028
Execution Time; 0.577342
Execution Time; 0.588209
Execution Time; 0.586931
Execution Time; 0.552893
Execution Time; 0.548617
Execution Time; 0.544812
Execution Time; 0.500653
Execution Time; 0.487893
Execution Time; 0.518255
Execution Time; 0.500323
Execution Time; 0.574026
Execution Time; 0.557439
Execution Time; 0.476516
Execution Time; 0.561264
Execution Time; 0.527069
Execution Time; 0.456059
Execution Time; 0.654976
Execution Time; 0.542873
Execution Time; 0.599566
Execution Time; 0.497884
Execution Time; 0.570920
Execution Time; 0.583932
Execution Time; 0.591239
Execution Time; 0.579560
Execution Time; 0.577077
Execution Time; 0.560899
Execution Time; 0.529383
Execution Time; 0.544277
Execution Time; 0.464897
Execution Time; 0.526378
Execution Time; 0.503530
Execution Time; 0.542400
Execution Time; 0.540598
Execution Time; 0.508411
Execution Time; 0.478200
Execution Time; 0.547689
Execution Time; 0.576824
Execution Time; 0.565086
Execution Time; 0.547665
Execution Time; 0.571972
Execution Time; 0.590726
Execution Time; 0.563247
Execution Time; 0.539212
Execution Time; 0.548067
Execution Time; 0.574295
Execution Time; 0.521656
Execution Time; 0.838798
Execution Time; 0.618043
Execution Time; 0.503422
Execution Time; 0.515241
Execution Time; 0.520884
Execution Time; 0.566483
Execution Time; 0.590594
Execution Time; 0.515972
Execution Time; 0.474706
Execution Time; 0.672230
Execution Time; 0.679514
Execution Time; 0.592152
Execution Time; 0.621826
Execution Time; 0.569792
Execution Time; 0.570854
Execution Time; 0.570015
Execution Time; 0.623159
Execution Time; 0.555829
Execution Time; 0.571730
Execution Time; 0.576183
Execution Time; 0.523991
Execution Time; 0.526930
Execution Time; 0.496381
Execution Time; 0.513249
Execution Time; 0.530191
Execution Time; 0.581894
Execution Time; 0.504061
Execution Time; 0.543734
Execution Time; 0.442065
Execution Time; 0.475397
Execution Time; 0.551809
Execution Time; 0.579657
Execution Time; 0.548871
Execution Time; 0.568081
Execution Time; 0.590940
Execution Time; 0.585219
Execution Time; 0.526404
Execution Time; 0.534993
Execution Time; 0.575050
Execution Time; 0.596190
Execution Time; 0.555537
Execution Time; 0.579185
Execution Time; 0.527058
Execution Time; 0.485713
Execution Time; 0.494568
Execution Time; 0.529437
Execution Time; 0.468077
Execution Time; 0.574374
Execution Time; 0.579376
Execution Time; 0.483061
Execution Time; 0.526470
Execution Time; 0.499986
Execution Time; 0.495039
Execution Time; 0.580506
Execution Time; 0.592094
Execution Time; 0.533468
Execution Time; 0.563878
Execution Time; 0.583283
Execution Time; 0.557376
Execution Time; 0.598679
Execution Time; 0.580160
Execution Time; 0.572471
Execution Time; 0.565833
Execution Time; 0.572419
Execution Time; 0.523185
Execution Time; 0.525071
Execution Time; 0.510837
Execution Time; 0.492005
Execution Time; 0.586718
Execution Time; 0.495568
Execution Time; 0.509976
Execution Time; 0.535804
Execution Time; 0.520343
Execution Time; 0.540841
Execution Time; 0.567407
Execution Time; 0.612236
Execution Time; 0.547449
Execution Time; 0.575680
Execution Time; 0.563891
Execution Time; 0.529251
Execution Time; 0.504016
Execution Time; 0.556529
Execution Time; 0.519224
Execution Time; 0.498290
Execution Time; 0.565355
Execution Time; 0.500014
Execution Time; 0.439572
Execution Time; 0.536171
Execution Time; 0.499609
Execution Time; 0.555386
Execution Time; 0.513110
Execution Time; 0.520157
Execution Time; 0.491125
Execution Time; 0.544440
Execution Time; 0.550902
Execution Time; 0.574918
Execution Time; 0.568188
Execution Time; 0.580000
Execution Time; 0.539466
Execution Time; 0.508000
Execution Time; 0.523749
Execution Time; 0.577511
Execution Time; 0.556845
Execution Time; 0.528172
Execution Time; 0.594676
Execution Time; 0.512639
Execution Time; 0.516196
Execution Time; 0.567661
Execution Time; 0.557969
Execution Time; 0.521405
Execution Time; 0.552282
Execution Time; 0.551862
Execution Time; 0.547897
Execution Time; 0.508047
Execution Time; 0.532691
Execution Time; 0.497644
Execution Time; 0.584705
Execution Time; 0.572766
Execution Time; 0.563829
Execution Time; 0.594294
Execution Time; 0.549037
Execution Time; 0.531413
Execution Time; 0.525879
Execution Time; 0.548348
Execution Time; 0.528994
Execution Time; 0.588124
Execution Time; 0.551705
Execution Time; 0.508011
Execution Time; 0.559813
Execution Time; 0.471913
Execution Time; 0.504594
Execution Time; 0.515787
Execution Time; 0.553326
Execution Time; 0.559614
Execution Time; 0.516693
Execution Time; 0.490919
Execution Time; 0.487223
Execution Time; 0.500196
Execution Time; 0.584779
Execution Time; 0.568057
Execution Time; 0.603754
Execution Time; 0.541102
Execution Time; 0.566717
Execution Time; 0.524598
Execution Time; 0.511240
Execution Time; 0.609374
Execution Time; 0.589030
Execution Time; 0.536122
Execution Time; 0.575218
Execution Time; 0.507831
Execution Time; 0.478956
Execution Time; 0.532053
Execution Time; 0.537424
Execution Time; 0.521477
Execution Time; 0.583831
Execution Time; 0.476312
Execution Time; 0.500716
Execution Time; 0.562802
Execution Time; 0.513155
Execution Time; 0.556558
Execution Time; 0.531832
Execution Time; 0.542221
Execution Time; 0.549386
Execution Time; 0.603540
Execution Time; 0.587139
Execution Time; 0.523618
Execution Time; 0.559779
Execution Time; 0.587550
Execution Time; 0.527798
Execution Time; 0.518023
Execution Time; 0.607546
Execution Time; 0.498037
Execution Time; 0.513942
Execution Time; 0.566506
Execution Time; 0.679027
Execution Time; 0.516207
Execution Time; 0.494737
Execution Time; 0.577017
Execution Time; 0.501889
Execution Time; 0.570772
Execution Time; 0.574057
Execution Time; 1.055967
Execution Time; 0.713506
Execution Time; 0.602171
Execution Time; 0.595527
Execution Time; 0.564227
Execution Time; 0.563926
Execution Time; 0.594402
Execution Time; 0.540442
Execution Time; 0.473490
Execution Time; 0.563461
Execution Time; 0.473676
Execution Time; 0.489803
Execution Time; 0.631763
Execution Time; 0.545140
Execution Time; 0.452164
Execution Time; 0.536167
Execution Time; 0.500009
Execution Time; 0.528202
Execution Time; 0.583107
Execution Time; 0.553105
Execution Time; 0.533805
Execution Time; 0.554344
Execution Time; 0.551714
Execution Time; 0.529099
Execution Time; 0.545723
Execution Time; 0.581732
Execution Time; 0.566944
Execution Time; 0.561545
Execution Time; 0.501600
Execution Time; 0.906889
Execution Time; 0.676204
Execution Time; 0.523217
Execution Time; 0.598483
Execution Time; 0.551342
Execution Time; 0.490875
Execution Time; 0.522048
Execution Time; 0.500159
Execution Time; 0.508366
Execution Time; 0.557906
Execution Time; 0.611648
Execution Time; 0.572731
Execution Time; 0.541799
Execution Time; 0.611631
Execution Time; 0.595474
Execution Time; 0.515420
Execution Time; 0.569691
Execution Time; 0.616746
Execution Time; 0.519935
Execution Time; 0.537759
Execution Time; 0.536060
Execution Time; 0.527326
Execution Time; 0.516944
Execution Time; 0.503987
Execution Time; 0.526516
Execution Time; 0.525720
Execution Time; 0.534863
Execution Time; 0.511971
Execution Time; 0.506847
Execution Time; 0.518273
Execution Time; 0.523572
Execution Time; 0.577892
Execution Time; 0.630291
Execution Time; 0.561562
Execution Time; 0.557678
Execution Time; 0.552428
Execution Time; 0.623379
Execution Time; 0.583849
Execution Time; 0.562505
Execution Time; 0.552477
Execution Time; 0.474662
Execution Time; 0.523846
Execution Time; 0.504958
Execution Time; 0.528054
Execution Time; 0.539764
Execution Time; 0.504074
Execution Time; 0.560061
Execution Time; 0.538322
Execution Time; 0.530467
Execution Time; 0.548715
Execution Time; 0.507234
Execution Time; 0.594385
Execution Time; 0.572010
Execution Time; 0.601331
Execution Time; 0.546388
Execution Time; 0.590579
Execution Time; 0.595393
Execution Time; 0.600675
Execution Time; 0.564337
Execution Time; 0.533151
Execution Time; 0.551376
Execution Time; 0.506707
Execution Time; 0.518859
Execution Time; 0.491663
Execution Time; 0.468469
Execution Time; 0.562165
Execution Time; 0.602028
Execution Time; 0.523601
Execution Time; 0.537570
Execution Time; 0.520402
Execution Time; 0.496115
Execution Time; 0.506965
Execution Time; 0.606187
Execution Time; 0.504591
Execution Time; 0.530375
Execution Time; 0.663820
Execution Time; 0.622827
Execution Time; 0.502317
Execution Time; 0.579489
Execution Time; 0.544648
Execution Time; 0.564476
Execution Time; 0.663592
Execution Time; 0.693592
Execution Time; 0.657166
Execution Time; 0.567507
Execution Time; 0.535432
Execution Time; 0.475631
Execution Time; 0.491119
Execution Time; 0.482941
Execution Time; 0.585323
Execution Time; 0.513769
Execution Time; 0.561934
Execution Time; 0.601941
Execution Time; 0.535597
Execution Time; 0.759295
Execution Time; 0.703364
Execution Time; 0.531831
Execution Time; 0.567587
Execution Time; 0.585025
Execution Time; 0.524452
Execution Time; 0.517134
Execution Time; 0.546766
Execution Time; 0.554006
Execution Time; 0.473303
Execution Time; 0.513826
Execution Time; 0.599018
Execution Time; 0.554590
Execution Time; 0.516483
Execution Time; 0.548292
Execution Time; 0.470125
Execution Time; 0.521242
Execution Time; 0.606363
Execution Time; 0.558130
Execution Time; 0.579338
Execution Time; 0.578745
Execution Time; 0.529454
Execution Time; 0.595366
Execution Time; 0.563387
Execution Time; 0.495731
Execution Time; 0.580085
Execution Time; 0.551851
Execution Time; 0.514056
Execution Time; 0.530432
Execution Time; 0.519910
Execution Time; 0.507154
Execution Time; 0.551584
Execution Time; 0.562363
Execution Time; 0.536277
Execution Time; 0.719350
Execution Time; 0.482874
Execution Time; 0.456691
Execution Time; 0.546508
Execution Time; 0.535132
Execution Time; 0.550643
Execution Time; 0.579726
Execution Time; 0.549205
Execution Time; 0.614121
Execution Time; 0.587777
Execution Time; 0.559591
Execution Time; 0.563234
Execution Time; 0.545705
Execution Time; 0.580884
Execution Time; 0.583506
Execution Time; 0.521783
Execution Time; 0.501966
Execution Time; 0.575651
Execution Time; 0.606922
Execution Time; 0.714220
Execution Time; 0.666841
Execution Time; 0.521702
Execution Time; 0.523606
Execution Time; 0.575587
Execution Time; 0.533670
Execution Time; 0.592216
Execution Time; 0.579161
Execution Time; 0.553613
Execution Time; 0.576456
Execution Time; 0.574980
Execution Time; 0.590942
Execution Time; 0.593256
Execution Time; 0.826550
Execution Time; 0.668178
Execution Time; 0.509401
Execution Time; 0.483434
Execution Time; 0.536173
Execution Time; 0.580457
Execution Time; 0.535093
Execution Time; 0.477338
Execution Time; 0.506522
Execution Time; 0.516766
Execution Time; 0.551298
Execution Time; 0.572683
Execution Time; 0.560420
Execution Time; 0.510273
Execution Time; 0.526627
Execution Time; 0.530664
Execution Time; 0.576164
Execution Time; 0.548465
Execution Time; 0.509266
Execution Time; 0.752604
Execution Time; 0.616998
Execution Time; 0.569720
Execution Time; 0.516999
Execution Time; 0.519739
Execution Time; 0.516914
Execution Time; 0.526719
Execution Time; 0.608068
Execution Time; 0.555006
Execution Time; 0.436819
Execution Time; 0.516468
Execution Time; 0.538626
Execution Time; 0.565161
Execution Time; 0.583151
Execution Time; 0.595956
Execution Time; 0.564693
Execution Time; 0.592797
Execution Time; 0.563156
Execution Time; 0.559941
Execution Time; 0.609399
Execution Time; 0.604397
Execution Time; 0.539798
Execution Time; 0.528004
Execution Time; 0.517073
Execution Time; 0.510610
Execution Time; 0.480116
Execution Time; 0.567721
Execution Time; 0.507352
Execution Time; 0.558270
Execution Time; 0.536063
Execution Time; 0.464064
Execution Time; 0.536042
Execution Time; 0.555871
Execution Time; 0.545283
Execution Time; 0.583782
Execution Time; 0.598205
Execution Time; 0.590316
Execution Time; 0.545320
Execution Time; 0.596896
Execution Time; 0.539376
Execution Time; 0.566466
Execution Time; 0.538396
Execution Time; 0.533451
Execution Time; 0.495554
Execution Time; 0.467345
Execution Time; 0.523538
Execution Time; 0.567945
Execution Time; 0.550408
Execution Time; 0.536677
Execution Time; 0.528544
Execution Time; 0.508203
Execution Time; 0.542584
Execution Time; 0.501043
Execution Time; 0.573744
Execution Time; 0.575894
Execution Time; 0.809972
Execution Time; 0.543964
Execution Time; 0.547786
Execution Time; 0.539993
Execution Time; 0.597314
Execution Time; 0.556515
Execution Time; 0.524031
Execution Time; 0.565156
Execution Time; 0.525738
Execution Time; 0.503445
Execution Time; 0.516052
Execution Time; 0.538775
Execution Time; 0.479758
Execution Time; 0.606572
Execution Time; 0.583890
Execution Time; 0.462947
Execution Time; 0.518993
Execution Time; 0.519077
Execution Time; 0.536306
Execution Time; 0.586796
Execution Time; 0.565642
Execution Time; 0.585168
Execution Time; 0.532290
Execution Time; 0.594880
Execution Time; 0.517581
Execution Time; 0.517691
Execution Time; 0.551870
Execution Time; 0.508905
Execution Time; 0.559354
Execution Time; 0.513501
Execution Time; 0.460089
Execution Time; 0.499409
Execution Time; 0.537987
Execution Time; 0.534700
Execution Time; 0.531734
Execution Time; 0.507735
Execution Time; 0.458899
Execution Time; 0.526458
Execution Time; 0.430880
Execution Time; 0.486430
Execution Time; 0.503792
Execution Time; 0.435585
Execution Time; 0.471030
Execution Time; 0.465197
Execution Time; 0.398947
Execution Time; 0.400316
Execution Time; 0.447751
Execution Time; 0.387827
Execution Time; 0.376228
Execution Time; 0.410108
Execution Time; 0.367967
Execution Time; 0.360602
Execution Time; 0.332727
Execution Time; 0.397033
Execution Time; 0.360279
Execution Time; 0.365266
Execution Time; 0.354132
Execution Time; 0.270032
Execution Time; 0.277972
Execution Time; 0.248300
INIT: Sending processes the TERM signal
[[36minfo[39;49m] Using makefile-style concurrent boot in runlevel 0.
[[36minfo[39;49m] Saving the system clock.
[[36minfo[39;49m] Hardware Clock updated to Wed Dec 14 19:27:41 UTC 2016.
[....] Asking all remaining processes to terminate...[?25l[?1c7[1G[[32m ok [39;49m8[?25h[?0cdone.
[....] All processes ended within 2 seconds...[?25l[?1c7[1G[[32m ok [39;49m8[?25h[?0cdone.
[....] Deconfiguring network interfaces...Internet Systems Consortium DHCP Client 4.2.2
Copyright 2004-2011 Internet Systems Consortium.
All rights reserved.
For info, please visit https://www.isc.org/software/dhcp/

Listening on LPF/eth0/52:54:00:12:34:56
Sending on   LPF/eth0/52:54:00:12:34:56
Sending on   Socket/fallback
DHCPRELEASE on eth0 to 10.0.2.2 port 67
[?25l[?1c7[1G[[32m ok [39;49m8[?25h[?0cdone.
[....] Deactivating swap...[?25l[?1c7[1G[[32m ok [39;49m8[?25h[?0cdone.
[  478.352897] EXT4-fs (sda1): re-mounted. Opts: (null)
[[36minfo[39;49m] Will now halt.
[  480.381738] sd 0:0:0:0: [sda] Stopping disk
[  480.384505] ACPI: Preparing to enter system sleep state S5
[  480.385549] Power down.
aff-executor-preload.c:affhooks_init()
aff-executor-preload.c:affhooks_shut()
HELLO KITTY
