aff-executor-preload.c:affhooks_init()
[H[J[?25l[m[H[J[2;25HGNU GRUB  version 1.99-27+deb7u2

[m[4;2H+--------------------------------------------------------------------------+[5;2H|[5;77H|[6;2H|[6;77H|[7;2H|[7;77H|[8;2H|[8;77H|[9;2H|[9;77H|[10;2H|[10;77H|[11;2H|[11;77H|[12;2H|[12;77H|[13;2H|[13;77H|[14;2H|[14;77H|[15;2H|[15;77H|[16;2H|[16;77H|[17;2H+--------------------------------------------------------------------------+[m[18;2H[m
      Use the ^ and v keys to select which entry is highlighted.      
      Press enter to boot the selected OS, 'e' to edit the commands      
      before booting or 'c' for a command-line.      
      [5;78H [7m[5;3HDebian GNU/Linux, with Linux 3.2.0-4-amd64                               [m [5;76H[m[m[6;3HDebian GNU/Linux, with Linux 3.2.0-4-amd64 (recovery mode)               [m [6;76H[m[m[7;3H                                                                         [m [7;76H[m[m[8;3H                                                                         [m [8;76H[m[m[9;3H                                                                         [m [9;76H[m[m[10;3H                                                                         [m [10;76H[m[m[11;3H                                                                         [m [11;76H[m[m[12;3H                                                                         [m [12;76H[m[m[13;3H                                                                         [m [13;76H[m[m[14;3H                                                                         [m [14;76H[m[m[15;3H                                                                         [m [15;76H[m[m[16;3H                                                                         [m [16;76H[m[16;78H [5;76H[22;1H   The highlighted entry will be executed automatically in 5s.                 [5;76H[22;1H   The highlighted entry will be executed automatically in 4s.                 [5;76H[22;1H   The highlighted entry will be executed automatically in 3s.                 [5;76H[22;1H   The highlighted entry will be executed automatically in 2s.                 [5;76H[22;1H   The highlighted entry will be executed automatically in 1s.                 [5;76H[22;1H   The highlighted entry will be executed automatically in 0s.                 [5;76H[?25h[H[J[H[J  Booting 'Debian GNU/Linux, with Linux 3.2.0-4-amd64'

Loading Linux 3.2.0-4-amd64 ...
Loading initial ramdisk ...
[    0.000000] Initializing cgroup subsys cpuset
[    0.000000] Initializing cgroup subsys cpu
[    0.000000] Linux version 3.2.0-4-amd64 (debian-kernel@lists.debian.org) (gcc version 4.6.3 (Debian 4.6.3-14) ) #1 SMP Debian 3.2.68-1+deb7u3
[    0.000000] Command line: BOOT_IMAGE=/boot/vmlinuz-3.2.0-4-amd64 root=UUID=e35ebd7f-2405-4c97-9c3e-26919d55a9e5 ro console=tty0 console=ttyS0,115200n8
[    0.000000] BIOS-provided physical RAM map:
[    0.000000]  BIOS-e820: 0000000000000000 - 000000000009fc00 (usable)
[    0.000000]  BIOS-e820: 000000000009fc00 - 00000000000a0000 (reserved)
[    0.000000]  BIOS-e820: 00000000000f0000 - 0000000000100000 (reserved)
[    0.000000]  BIOS-e820: 0000000000100000 - 00000000bfffe000 (usable)
[    0.000000]  BIOS-e820: 00000000bfffe000 - 00000000c0000000 (reserved)
[    0.000000]  BIOS-e820: 00000000feffc000 - 00000000ff000000 (reserved)
[    0.000000]  BIOS-e820: 00000000fffc0000 - 0000000100000000 (reserved)
[    0.000000]  BIOS-e820: 0000000100000000 - 0000000440000000 (usable)
[    0.000000] NX (Execute Disable) protection: active
[    0.000000] SMBIOS 2.4 present.
[    0.000000] No AGP bridge found
[    0.000000] last_pfn = 0x440000 max_arch_pfn = 0x400000000
[    0.000000] x86 PAT enabled: cpu 0, old 0x70406, new 0x7010600070106
[    0.000000] last_pfn = 0xbfffe max_arch_pfn = 0x400000000
[    0.000000] found SMP MP-table at [ffff8800000f0b10] f0b10
[    0.000000] Using GB pages for direct mapping
[    0.000000] init_memory_mapping: 0000000000000000-00000000bfffe000
[    0.000000] init_memory_mapping: 0000000100000000-0000000440000000
[    0.000000] RAMDISK: 36c6c000 - 3762e000
[    0.000000] ACPI: RSDP 00000000000f08e0 00014 (v00 BOCHS )
[    0.000000] ACPI: RSDT 00000000bffffcfc 00034 (v01 BOCHS  BXPCRSDT 00000001 BXPC 00000001)
[    0.000000] ACPI: FACP 00000000bffff1c0 00074 (v01 BOCHS  BXPCFACP 00000001 BXPC 00000001)
[    0.000000] ACPI: DSDT 00000000bfffe040 01180 (v01 BOCHS  BXPCDSDT 00000001 BXPC 00000001)
[    0.000000] ACPI: FACS 00000000bfffe000 00040
[    0.000000] ACPI: SSDT 00000000bffff234 00A00 (v01 BOCHS  BXPCSSDT 00000001 BXPC 00000001)
[    0.000000] ACPI: APIC 00000000bffffc34 00090 (v01 BOCHS  BXPCAPIC 00000001 BXPC 00000001)
[    0.000000] ACPI: HPET 00000000bffffcc4 00038 (v01 BOCHS  BXPCHPET 00000001 BXPC 00000001)
[    0.000000] No NUMA configuration found
[    0.000000] Faking a node at 0000000000000000-0000000440000000
[    0.000000] Initmem setup node 0 0000000000000000-0000000440000000
[    0.000000]   NODE_DATA [000000043fffb000 - 000000043fffffff]
[    0.000000] kvm-clock: Using msrs 4b564d01 and 4b564d00
[    0.000000] kvm-clock: cpu 0, msr 0:16a8741, boot clock
[    0.000000] Zone PFN ranges:
[    0.000000]   DMA      0x00000010 -> 0x00001000
[    0.000000]   DMA32    0x00001000 -> 0x00100000
[    0.000000]   Normal   0x00100000 -> 0x00440000
[    0.000000] Movable zone start PFN for each node
[    0.000000] early_node_map[3] active PFN ranges
[    0.000000]     0: 0x00000010 -> 0x0000009f
[    0.000000]     0: 0x00000100 -> 0x000bfffe
[    0.000000]     0: 0x00100000 -> 0x00440000
[    0.000000] ACPI: PM-Timer IO Port: 0xb008
[    0.000000] ACPI: LAPIC (acpi_id[0x00] lapic_id[0x00] enabled)
[    0.000000] ACPI: LAPIC (acpi_id[0x01] lapic_id[0x01] enabled)
[    0.000000] ACPI: LAPIC (acpi_id[0x02] lapic_id[0x02] enabled)
[    0.000000] ACPI: LAPIC (acpi_id[0x03] lapic_id[0x03] enabled)
[    0.000000] ACPI: LAPIC_NMI (acpi_id[0xff] dfl dfl lint[0x1])
[    0.000000] ACPI: IOAPIC (id[0x00] address[0xfec00000] gsi_base[0])
[    0.000000] IOAPIC[0]: apic_id 0, version 17, address 0xfec00000, GSI 0-23
[    0.000000] ACPI: INT_SRC_OVR (bus 0 bus_irq 0 global_irq 2 dfl dfl)
[    0.000000] ACPI: INT_SRC_OVR (bus 0 bus_irq 5 global_irq 5 high level)
[    0.000000] ACPI: INT_SRC_OVR (bus 0 bus_irq 9 global_irq 9 high level)
[    0.000000] ACPI: INT_SRC_OVR (bus 0 bus_irq 10 global_irq 10 high level)
[    0.000000] ACPI: INT_SRC_OVR (bus 0 bus_irq 11 global_irq 11 high level)
[    0.000000] Using ACPI (MADT) for SMP configuration information
[    0.000000] ACPI: HPET id: 0x8086a201 base: 0xfed00000
[    0.000000] SMP: Allowing 4 CPUs, 0 hotplug CPUs
[    0.000000] PM: Registered nosave memory: 000000000009f000 - 00000000000a0000
[    0.000000] PM: Registered nosave memory: 00000000000a0000 - 00000000000f0000
[    0.000000] PM: Registered nosave memory: 00000000000f0000 - 0000000000100000
[    0.000000] PM: Registered nosave memory: 00000000bfffe000 - 00000000c0000000
[    0.000000] PM: Registered nosave memory: 00000000c0000000 - 00000000feffc000
[    0.000000] PM: Registered nosave memory: 00000000feffc000 - 00000000ff000000
[    0.000000] PM: Registered nosave memory: 00000000ff000000 - 00000000fffc0000
[    0.000000] PM: Registered nosave memory: 00000000fffc0000 - 0000000100000000
[    0.000000] Allocating PCI resources starting at c0000000 (gap: c0000000:3effc000)
[    0.000000] Booting paravirtualized kernel on KVM
[    0.000000] setup_percpu: NR_CPUS:512 nr_cpumask_bits:512 nr_cpu_ids:4 nr_node_ids:1
[    0.000000] PERCPU: Embedded 27 pages/cpu @ffff88043fc00000 s78912 r8192 d23488 u524288
[    0.000000] kvm-clock: cpu 0, msr 4:3fc12741, primary cpu clock
[    0.000000] KVM setup async PF for cpu 0
[    0.000000] kvm-stealtime: cpu 0, msr 43fc0cfc0
[    0.000000] Built 1 zonelists in Zone order, mobility grouping on.  Total pages: 4133256
[    0.000000] Policy zone: Normal
[    0.000000] Kernel command line: BOOT_IMAGE=/boot/vmlinuz-3.2.0-4-amd64 root=UUID=e35ebd7f-2405-4c97-9c3e-26919d55a9e5 ro console=tty0 console=ttyS0,115200n8
[    0.000000] PID hash table entries: 4096 (order: 3, 32768 bytes)
[    0.000000] xsave/xrstor: enabled xstate_bv 0x7, cntxt size 0x340
[    0.000000] Checking aperture...
[    0.000000] No AGP bridge found
[    0.000000] Memory: 16462372k/17825792k available (3434k kernel code, 1049036k absent, 314384k reserved, 3305k data, 580k init)
[    0.000000] Hierarchical RCU implementation.
[    0.000000] 	RCU dyntick-idle grace-period acceleration is enabled.
[    0.000000] NR_IRQS:33024 nr_irqs:712 16
[    0.000000] Console: colour VGA+ 80x25
[    0.000000] console [tty0] enabled
[    0.000000] console [ttyS0] enabled
[    0.000000] Detected 2199.998 MHz processor.
[    0.008000] Calibrating delay loop (skipped) preset value.. 4399.99 BogoMIPS (lpj=8799992)
[    0.008000] pid_max: default: 32768 minimum: 301
[    0.008000] Security Framework initialized
[    0.008009] AppArmor: AppArmor disabled by boot time parameter
[    0.010304] Dentry cache hash table entries: 2097152 (order: 12, 16777216 bytes)
[    0.017065] Inode-cache hash table entries: 1048576 (order: 11, 8388608 bytes)
[    0.020322] Mount-cache hash table entries: 256
[    0.021436] Initializing cgroup subsys cpuacct
[    0.022461] Initializing cgroup subsys memory
[    0.023449] Initializing cgroup subsys devices
[    0.024007] Initializing cgroup subsys freezer
[    0.025004] Initializing cgroup subsys net_cls
[    0.025998] Initializing cgroup subsys blkio
[    0.026977] Initializing cgroup subsys perf_event
[    0.028103] mce: CPU supports 10 MCE banks
[    0.030542] ACPI: Core revision 20110623
[    0.033397] Enabling x2apic
[    0.034136] Enabled x2apic
[    0.035050] Switched APIC routing to physical x2apic.
[    0.037281] ..TIMER: vector=0x30 apic1=0 pin1=2 apic2=-1 pin2=-1
[    0.038727] CPU0: Intel(R) Xeon(R) CPU E5-4620 0 @ 2.20GHz stepping 07
[    0.044002] Performance Events: SandyBridge events, Intel PMU driver.
[    0.044002] ... version:                2
[    0.044002] ... bit width:              48
[    0.044008] ... generic registers:      4
[    0.045041] ... value mask:             0000ffffffffffff
[    0.046337] ... max period:             000000007fffffff
[    0.047632] ... fixed-purpose events:   3
[    0.048005] ... event mask:             000000070000000f
[    0.049822] NMI watchdog enabled, takes one hw-pmu counter.
[    0.052161] Booting Node   0, Processors  #1
[    0.072028] KVM setup async PF for cpu 1
[    0.072028] kvm-stealtime: cpu 1, msr 43fc8cfc0
[    0.074448] NMI watchdog enabled, takes one hw-pmu counter.
[    0.072028] kvm-clock: cpu 1, msr 4:3fc92741, secondary cpu clock
[    0.076208]  #2
[    0.096029] KVM setup async PF for cpu 2
[    0.096029] kvm-stealtime: cpu 2, msr 43fd0cfc0
[    0.096029] kvm-clock: cpu 2, msr 4:3fd12741, secondary cpu clock
[    0.100782] NMI watchdog enabled, takes one hw-pmu counter.
[    0.103913]  #3 Ok.
[    0.120028] KVM setup async PF for cpu 3
[    0.120028] kvm-stealtime: cpu 3, msr 43fd8cfc0
[    0.125982] NMI watchdog enabled, takes one hw-pmu counter.
[    0.120028] kvm-clock: cpu 3, msr 4:3fd92741, secondary cpu clock
[    0.128105] Brought up 4 CPUs
[    0.128865] Total of 4 processors activated (17599.98 BogoMIPS).
[    0.130708] devtmpfs: initialized
[    0.136255] print_constraints: dummy: 
[    0.137341] NET: Registered protocol family 16
[    0.138451] ACPI: bus type pci registered
[    0.139526] PCI: Using configuration type 1 for base access
[    0.140992] bio: create slab <bio-0> at 0
[    0.141663] ACPI: Added _OSI(Module Device)
[    0.144029] ACPI: Added _OSI(Processor Device)
[    0.145030] ACPI: Added _OSI(3.0 _SCP Extensions)
[    0.146073] ACPI: Added _OSI(Processor Aggregator Device)
[    0.150891] ACPI: Interpreter enabled
[    0.151774] ACPI: (supports S0 S3 S4 S5)
[    0.152809] ACPI: Using IOAPIC for interrupt routing
[    0.158254] ACPI: No dock devices found.
[    0.159216] HEST: Table not found.
[    0.160028] PCI: Using host bridge windows from ACPI; if necessary, use "pci=nocrs" and report a bug
[    0.162014] ACPI: PCI Root Bridge [PCI0] (domain 0000 [bus 00-ff])
[    0.163442] pci_root PNP0A03:00: host bridge window [io  0x0000-0x0cf7]
[    0.164027] pci_root PNP0A03:00: host bridge window [io  0x0d00-0xadff]
[    0.165376] pci_root PNP0A03:00: host bridge window [io  0xae0f-0xaeff]
[    0.166723] pci_root PNP0A03:00: host bridge window [io  0xaf20-0xafdf]
[    0.168024] pci_root PNP0A03:00: host bridge window [io  0xafe4-0xffff]
[    0.169356] pci_root PNP0A03:00: host bridge window [mem 0x000a0000-0x000bffff]
[    0.170986] pci_root PNP0A03:00: host bridge window [mem 0xc0000000-0xfebfffff]
[    0.178740] pci 0000:00:01.3: quirk: [io  0xb000-0xb03f] claimed by PIIX4 ACPI
[    0.180039] pci 0000:00:01.3: quirk: [io  0xb100-0xb10f] claimed by PIIX4 SMB
[    0.198374]  pci0000:00: Unable to request _OSC control (_OSC support mask: 0x1e)
[    0.202085] ACPI: PCI Interrupt Link [LNKA] (IRQs 5 *10 11)
[    0.204089] ACPI: PCI Interrupt Link [LNKB] (IRQs 5 *10 11)
[    0.205890] ACPI: PCI Interrupt Link [LNKC] (IRQs 5 10 *11)
[    0.207694] ACPI: PCI Interrupt Link [LNKD] (IRQs 5 10 *11)
[    0.208943] ACPI: PCI Interrupt Link [LNKS] (IRQs *9)
[    0.210468] vgaarb: device added: PCI:0000:00:02.0,decodes=io+mem,owns=io+mem,locks=none
[    0.212029] vgaarb: loaded
[    0.212737] vgaarb: bridge control possible 0000:00:02.0
[    0.213902] PCI: Using ACPI for IRQ routing
[    0.215127] HPET: 3 timers in total, 0 timers will be used for per-cpu timer
[    0.216050] hpet0: at MMIO 0xfed00000, IRQs 2, 8, 0
[    0.224024] hpet0: 3 comparators, 64-bit 100.000000 MHz counter
[    0.238104] Switching to clocksource kvm-clock
[    0.238158] pnp: PnP ACPI init
[    0.238964] ACPI: bus type pnp registered
[    0.240858] pnp: PnP ACPI: found 9 devices
[    0.241801] ACPI: ACPI bus type pnp unregistered
[    0.256245] NET: Registered protocol family 2
[    0.260300] IP route cache hash table entries: 524288 (order: 10, 4194304 bytes)
[    0.264233] TCP established hash table entries: 524288 (order: 11, 8388608 bytes)
[    0.268727] TCP bind hash table entries: 65536 (order: 8, 1048576 bytes)
[    0.270740] TCP: Hash tables configured (established 524288 bind 65536)
[    0.272139] TCP reno registered
[    0.272933] UDP hash table entries: 8192 (order: 6, 262144 bytes)
[    0.274243] UDP-Lite hash table entries: 8192 (order: 6, 262144 bytes)
[    0.275964] NET: Registered protocol family 1
[    0.276981] pci 0000:00:00.0: Limiting direct PCI/PCI transfers
[    0.278254] pci 0000:00:01.0: PIIX3: Enabling Passive Release
[    0.279482] pci 0000:00:01.0: Activating ISA DMA hang workarounds
[    0.280922] Unpacking initramfs...
[    0.509103] Freeing initrd memory: 9992k freed
[    0.512963] PCI-DMA: Using software bounce buffering for IO (SWIOTLB)
[    0.514348] Placing 64MB software IO TLB between ffff8800bbffe000 - ffff8800bfffe000
[    0.516140] software IO TLB at phys 0xbbffe000 - 0xbfffe000
[    0.518432] audit: initializing netlink socket (disabled)
[    0.519651] type=2000 audit(1483381269.516:1): initialized
[    0.537621] HugeTLB registered 2 MB page size, pre-allocated 0 pages
[    0.541671] VFS: Disk quotas dquot_6.5.2
[    0.542710] Dquot-cache hash table entries: 512 (order 0, 4096 bytes)
[    0.544186] msgmni has been set to 32172
[    0.545492] alg: No test for stdrng (krng)
[    0.546566] Block layer SCSI generic (bsg) driver version 0.4 loaded (major 253)
[    0.548269] io scheduler noop registered
[    0.549195] io scheduler deadline registered
[    0.550260] io scheduler cfq registered (default)
[    0.551430] pci_hotplug: PCI Hot Plug PCI Core version: 0.5
[    0.552716] pciehp: PCI Express Hot Plug Controller Driver version: 0.4
[    0.554057] acpiphp: ACPI Hot Plug PCI Controller Driver version: 0.5
[    0.555463] acpiphp: Slot [3] registered
[    0.556446] acpiphp: Slot [4] registered
[    0.557388] acpiphp: Slot [5] registered
[    0.558313] acpiphp: Slot [6] registered
[    0.559239] acpiphp: Slot [7] registered
[    0.560234] acpiphp: Slot [8] registered
[    0.561172] acpiphp: Slot [9] registered
[    0.562097] acpiphp: Slot [10] registered
[    0.563056] acpiphp: Slot [11] registered
[    0.564056] acpiphp: Slot [12] registered
[    0.565017] acpiphp: Slot [13] registered
[    0.565972] acpiphp: Slot [14] registered
[    0.566914] acpiphp: Slot [15] registered
[    0.567866] acpiphp: Slot [16] registered
[    0.568846] acpiphp: Slot [17] registered
[    0.569818] acpiphp: Slot [18] registered
[    0.570760] acpiphp: Slot [19] registered
[    0.571719] acpiphp: Slot [20] registered
[    0.572700] acpiphp: Slot [21] registered
[    0.573661] acpiphp: Slot [22] registered
[    0.574613] acpiphp: Slot [23] registered
[    0.575558] acpiphp: Slot [24] registered
[    0.576557] acpiphp: Slot [25] registered
[    0.577513] acpiphp: Slot [26] registered
[    0.578470] acpiphp: Slot [27] registered
[    0.579415] acpiphp: Slot [28] registered
[    0.580414] acpiphp: Slot [29] registered
[    0.581368] acpiphp: Slot [30] registered
[    0.582320] acpiphp: Slot [31] registered
[    0.583426] ERST: Table is not found!
[    0.584335] GHES: HEST is not enabled!
[    0.585434] Serial: 8250/16550 driver, 4 ports, IRQ sharing enabled
[    0.613602] serial8250: ttyS0 at I/O 0x3f8 (irq = 4) is a 16550A
[    3.658170] Refined TSC clocksource calibration: 2199.955 MHz.
[    3.691087] 00:06: ttyS0 at I/O 0x3f8 (irq = 4) is a 16550A
[    3.696191] Linux agpgart interface v0.103
[    3.697160] i8042: PNP: PS/2 Controller [PNP0303:KBD,PNP0f13:MOU] at 0x60,0x64 irq 1,12
[    3.699617] serio: i8042 KBD port at 0x60,0x64 irq 1
[    3.701685] serio: i8042 AUX port at 0x60,0x64 irq 12
[    3.704978] mousedev: PS/2 mouse device common for all mice
[    3.707754] input: AT Translated Set 2 keyboard as /devices/platform/i8042/serio0/input/input0
[    3.711487] rtc_cmos 00:01: RTC can wake from S4
[    3.713992] rtc_cmos 00:01: rtc core: registered rtc_cmos as rtc0
[    3.716857] rtc0: alarms up to one day, 114 bytes nvram, hpet irqs
[    3.719345] cpuidle: using governor ladder
[    3.721211] cpuidle: using governor menu
[    3.723315] TCP cubic registered
[    3.725448] NET: Registered protocol family 10
[    3.728411] Mobile IPv6
[    3.729675] NET: Registered protocol family 17
[    3.731526] Registering the dns_resolver key type
[    3.733148] registered taskstats version 1
[    3.734998] rtc_cmos 00:01: setting system clock to 2017-01-02 18:21:13 UTC (1483381273)
[    3.736703] Initializing network drop monitor service
[    3.740499] Freeing unused kernel memory: 580k freed
[    3.742768] Write protecting the kernel read-only data: 6144k
[    3.746862] Freeing unused kernel memory: 644k freed
[    3.750501] Freeing unused kernel memory: 688k freed
Loading, please wait...
[    3.769378] udevd[58]: starting version 175
[    3.790591] e1000: Intel(R) PRO/1000 Network Driver - version 7.3.21-k8-NAPI
[    3.792087] e1000: Copyright (c) 1999-2006 Intel Corporation.
[    3.793435] ACPI: PCI Interrupt Link [LNKC] enabled at IRQ 11
[    3.797906] SCSI subsystem initialized
[    3.801090] Floppy drive(s):
[    3.801681]  fd0 is 1.44M
[    3.817128] FDC 0 is a S82078B
[    4.142371] e1000 0000:00:03.0: eth0: (PCI:33MHz:32-bit) 52:54:00:12:34:56
[    4.143976] e1000 0000:00:03.0: eth0: Intel(R) PRO/1000 Network Connection
[    4.146999] scsi0 : ata_piix
[    4.148304] scsi1 : ata_piix
[    4.149187] ata1: PATA max MWDMA2 cmd 0x1f0 ctl 0x3f6 bmdma 0xc040 irq 14
[    4.150584] ata2: PATA max MWDMA2 cmd 0x170 ctl 0x376 bmdma 0xc048 irq 15
[    4.309971] ata1.00: ATA-7: QEMU HARDDISK, 2.0.0, max UDMA/100
[    4.312343] ata1.00: 9011200 sectors, multi 16: LBA48 
[    4.315222] ata2.00: ATAPI: QEMU DVD-ROM, 2.0.0, max UDMA/100
[    4.318493] ata1.00: configured for MWDMA2
[    4.320223] ata2.00: configured for MWDMA2
[    4.320367] scsi 0:0:0:0: Direct-Access     ATA      QEMU HARDDISK    2.0. PQ: 0 ANSI: 5
[    4.323924] scsi 1:0:0:0: CD-ROM            QEMU     QEMU DVD-ROM     2.0. PQ: 0 ANSI: 5
[    4.333066] sd 0:0:0:0: [sda] 9011200 512-byte logical blocks: (4.61 GB/4.29 GiB)
[    4.336354] sd 0:0:0:0: [sda] Write Protect is off
[    4.338333] sd 0:0:0:0: [sda] Write cache: enabled, read cache: enabled, doesn't support DPO or FUA
[    4.343323] sr0: scsi3-mmc drive: 4x/4x cd/rw xa/form2 tray
[    4.344104]  sda: sda1
[    4.345840] cdrom: Uniform CD-ROM driver Revision: 3.20
[    4.345939] sd 0:0:0:0: [sda] Attached SCSI disk
[    4.352434] sd 0:0:0:0: Attached scsi generic sg0 type 0
[    4.354691] sr 1:0:0:0: Attached scsi generic sg1 type 5
Begin: Loading essential drivers ... done.
Begin: Running /scripts/init-premount ... done.
Begin: Mounting root file system ... Begin: Running /scripts/local-top ... done.
Begin: Running /scripts/local-premount ... done.
[    7.974378] EXT4-fs (sda1): mounted filesystem with ordered data mode. Opts: (null)
Begin: Running /scripts/local-bottom ... done.
done.
Begin: Running /scripts/init-bottom ... done.
INIT: version 2.88 booting
[[36minfo[39;49m] Using makefile-style concurrent boot in runlevel S.
findfs: unable to resolve 'UUID="e35ebd7f-2405-4c97-9c3e-26919d55a9e5"'
[....] Starting the hotplug events dispatcher: udevd[    8.472317] udevd[321]: starting version 175
[?25l[?1c7[1G[[32m ok [39;49m8[?25h[?0c.
[....] Synthesizing the initial hotplug events...[    8.536796] input: Power Button as /devices/LNXSYSTM:00/LNXPWRBN:00/input/input1
[    8.538759] ACPI: Power Button [PWRF]
[    8.546169] piix4_smbus 0000:00:01.3: SMBus Host Controller at 0xb100, revision 0
[    8.555102] input: PC Speaker as /devices/platform/pcspkr/input/input2
[?25l[?1c7[1G[[32m ok [39;49m8[?25h[?0cdone.
[....] Waiting for /dev[    8.580609] alg: No test for __gcm-aes-aesni (__driver-gcm-aes-aesni)
 to be fully populated...[    8.588884] parport_pc 00:05: reported by Plug and Play ACPI
[    8.590230] parport0: PC-style at 0x378, irq 7 [PCSPP,TRISTATE]
[    8.610162] Error: Driver 'pcspkr' is already registered, aborting...
[?25l[?1c7[1G[[32m ok [39;49m8[?25h[?0cdone.
findfs: unable to resolve 'UUID="e35ebd7f-2405-4c97-9c3e-26919d55a9e5"'
[....] Activating swap...[?25l[?1c7[1G[[32m ok [39;49m8[?25h[?0cdone.
Usage: mountpoint [-q] [-d] [-x] path
[   11.952831] EXT4-fs (sda1): re-mounted. Opts: (null)
[....] Checking root file system...fsck from util-linux 2.20.1
/run/rootdev: clean, 32669/264000 files, 885532/1054720 blocks
[?25l[?1c7[1G[[32m ok [39;49m8[?25h[?0cdone.
[   12.023082] EXT4-fs (sda1): re-mounted. Opts: errors=remount-ro,errors=remount-ro
[....] Cleaning up temporary files... /tmp[?25l[?1c7[1G[[32m ok [39;49m8[?25h[?0c.
[   12.125390] input: ImExPS/2 Generic Explorer Mouse as /devices/platform/i8042/serio1/input/input3
findfs: unable to resolve 'UUID="e35ebd7f-2405-4c97-9c3e-26919d55a9e5"'
findfs: unable to resolve 'UUID="e35ebd7f-2405-4c97-9c3e-26919d55a9e5"'
[....] Activating lvm and md swap...[?25l[?1c7[1G[[32m ok [39;49m8[?25h[?0cdone.
[....] Checking file systems...fsck from util-linux 2.20.1
[?25l[?1c7[1G[[32m ok [39;49m8[?25h[?0cdone.
[....] Mounting local filesystems...[?25l[?1c7[1G[[32m ok [39;49m8[?25h[?0cdone.
[....] Activating swapfile swap...[?25l[?1c7[1G[[32m ok [39;49m8[?25h[?0cdone.
findfs: unable to resolve 'UUID="e35ebd7f-2405-4c97-9c3e-26919d55a9e5"'
[....] Cleaning up temporary files...[?25l[?1c7[1G[[32m ok [39;49m8[?25h[?0c.
[....] Setting kernel variables ...[?25l[?1c7[1G[[32m ok [39;49m8[?25h[?0cdone.
[....] Configuring network interfaces...Internet Systems Consortium DHCP Client 4.2.2
Copyright 2004-2011 Internet Systems Consortium.
All rights reserved.
For info, please visit https://www.isc.org/software/dhcp/

[   16.053564] ADDRCONF(NETDEV_UP): eth0: link is not ready
Listening on LPF/eth0/52:54:00:12:34:56
Sending on   LPF/eth0/52:54:00:12:34:56
Sending on   Socket/fallback
DHCPDISCOVER on eth0 to 255.255.255.255 port 67 interval 7
[   19.714932] e1000: eth0 NIC Link is Up 1000 Mbps Full Duplex, Flow Control: RX
[   19.721874] ADDRCONF(NETDEV_CHANGE): eth0: link becomes ready
DHCPDISCOVER on eth0 to 255.255.255.255 port 67 interval 15
DHCPREQUEST on eth0 to 255.255.255.255 port 67
DHCPOFFER from 10.0.2.2
DHCPACK from 10.0.2.2
bound to 10.0.2.15 -- renewal in 42411 seconds.
ifup: interface eth0 already configured
[?25l[?1c7[1G[[32m ok [39;49m8[?25h[?0cdone.
[....] Cleaning up temporary files...[?25l[?1c7[1G[[32m ok [39;49m8[?25h[?0c.
INIT: Entering runlevel: 2
[[36minfo[39;49m] Using makefile-style concurrent boot in runlevel 2.
[....] Starting OpenBSD Secure Shell server: sshd[?25l[?1c7[1G[[32m ok [39;49m8[?25h[?0c.
Entering benchmark mode
./scaff/bin/uniform/durbin_STANDARD dummy.out 10
STARTING durbin_STANDARD execution: Mon Jan  2 20:21:33 EET 2017
Execution Time; 3.698375
Execution Time; 3.737751
Execution Time; 0.745083
Execution Time; 0.745624
Execution Time; 3.751750
Execution Time; 3.753299
Execution Time; 3.756828
Execution Time; 3.763056
Execution Time; 3.763671
Execution Time; 0.626170
Execution Time; 0.750800
Execution Time; 0.753289
Execution Time; 3.762961
Execution Time; 3.764920
Execution Time; 3.768930
Execution Time; 3.774191
Execution Time; 3.769004
Execution Time; 3.666819
Execution Time; 0.707457
Execution Time; 3.764220
Execution Time; 0.750778
Execution Time; 3.764571
Execution Time; 3.762511
Execution Time; 3.764556
Execution Time; 3.768199
Execution Time; 3.737491
Execution Time; 0.659643
Execution Time; 0.748455
Execution Time; 3.756701
Execution Time; 3.756477
Execution Time; 3.758080
Execution Time; 3.762630
Execution Time; 3.769176
Execution Time; 3.770497
Execution Time; 3.634858
Execution Time; 0.759617
Execution Time; 0.768471
Execution Time; 3.778655
Execution Time; 3.778313
Execution Time; 3.779959
Execution Time; 3.759412
Execution Time; 3.763389
Execution Time; 3.670265
Execution Time; 3.739030
Execution Time; 0.751780
Execution Time; 0.750622
Execution Time; 3.761414
Execution Time; 3.772884
Execution Time; 3.764941
Execution Time; 3.768481
Execution Time; 3.723898
Execution Time; 3.701191
Execution Time; 3.781872
Execution Time; 3.784427
Execution Time; 0.778724
Execution Time; 0.778182
Execution Time; 3.789364
Execution Time; 3.793354
Execution Time; 3.793715
Execution Time; 3.641107
Execution Time; 3.763405
Execution Time; 3.762279
Execution Time; 3.759350
Execution Time; 0.751979
Execution Time; 0.751104
Execution Time; 3.761075
Execution Time; 3.762478
Execution Time; 3.674841
Execution Time; 3.729116
Execution Time; 3.765627
Execution Time; 3.755436
Execution Time; 3.757063
Execution Time; 0.743492
Execution Time; 0.743195
Execution Time; 3.757009
Execution Time; 3.734017
Execution Time; 3.663070
Execution Time; 3.762153
Execution Time; 0.748188
Execution Time; 0.750704
Execution Time; 0.742165
Execution Time; 0.754762
Execution Time; 3.769858
Execution Time; 3.768949
Execution Time; 3.637433
Execution Time; 3.752471
Execution Time; 3.759258
Execution Time; 0.746036
Execution Time; 0.748413
Execution Time; 3.757093
Execution Time; 0.756087
Execution Time; 3.766260
Execution Time; 3.688561
Execution Time; 3.727444
Execution Time; 3.781472
Execution Time; 3.780016
Execution Time; 0.775276
Execution Time; 0.773737
Execution Time; 3.784736
Execution Time; 3.782719
Execution Time; 0.694642
Execution Time; 3.684988
Execution Time; 3.753856
Execution Time; 3.756653
Execution Time; 3.756378
Execution Time; 0.744774
Execution Time; 0.747831
Execution Time; 3.755757
Execution Time; 3.751080
Execution Time; 3.662883
Execution Time; 3.753732
Execution Time; 3.761686
Execution Time; 3.760636
Execution Time; 0.744692
Execution Time; 0.751105
Execution Time; 3.763090
Execution Time; 3.763246
Execution Time; 3.742014
Execution Time; 3.668070
Execution Time; 3.767068
Execution Time; 3.757992
Execution Time; 3.761617
Execution Time; 0.747085
Execution Time; 0.746986
Execution Time; 3.757861
Execution Time; 3.761148
Execution Time; 3.646521
Execution Time; 3.755776
Execution Time; 0.753289
Execution Time; 0.743525
INIT: Switching to runlevel: 0INIT: Sending processes the TERM signal
[[36minfo[39;49m] Using makefile-style concurrent boot in runlevel 0.
[[36minfo[39;49m] Saving the system clock.
[[36minfo[39;49m] Hardware Clock updated to Mon Jan  2 18:29:15 UTC 2017.
[....] Asking all remaining processes to terminate...[?25l[?1c7[1G[[32m ok [39;49m8[?25h[?0cdone.
[....] All processes ended within 2 seconds...[?25l[?1c7[1G[[32m ok [39;49m8[?25h[?0cdone.
[....] Deconfiguring network interfaces...Internet Systems Consortium DHCP Client 4.2.2
Copyright 2004-2011 Internet Systems Consortium.
All rights reserved.
For info, please visit https://www.isc.org/software/dhcp/

Listening on LPF/eth0/52:54:00:12:34:56
Sending on   LPF/eth0/52:54:00:12:34:56
Sending on   Socket/fallback
DHCPRELEASE on eth0 to 10.0.2.2 port 67
[?25l[?1c7[1G[[32m ok [39;49m8[?25h[?0cdone.
[....] Deactivating swap...[?25l[?1c7[1G[[32m ok [39;49m8[?25h[?0cdone.
[  489.585969] EXT4-fs (sda1): re-mounted. Opts: (null)
[[36minfo[39;49m] Will now halt.
[  493.198948] sd 0:0:0:0: [sda] Synchronizing SCSI cache
[  493.202545] sd 0:0:0:0: [sda] Stopping disk
[  493.206470] ACPI: Preparing to enter system sleep state S5
[  493.207850] Power down.
aff-executor-preload.c:affhooks_init()
aff-executor-preload.c:affhooks_shut()
HELLO KITTY
