aff-executor-preload.c:affhooks_init()
[H[J[?25l[m[H[J[2;25HGNU GRUB  version 1.99-27+deb7u2

[m[4;2H+--------------------------------------------------------------------------+[5;2H|[5;77H|[6;2H|[6;77H|[7;2H|[7;77H|[8;2H|[8;77H|[9;2H|[9;77H|[10;2H|[10;77H|[11;2H|[11;77H|[12;2H|[12;77H|[13;2H|[13;77H|[14;2H|[14;77H|[15;2H|[15;77H|[16;2H|[16;77H|[17;2H+--------------------------------------------------------------------------+[m[18;2H[m
      Use the ^ and v keys to select which entry is highlighted.      
      Press enter to boot the selected OS, 'e' to edit the commands      
      before booting or 'c' for a command-line.      
      [5;78H [7m[5;3HDebian GNU/Linux, with Linux 3.2.0-4-amd64                               [m [5;76H[m[m[6;3HDebian GNU/Linux, with Linux 3.2.0-4-amd64 (recovery mode)               [m [6;76H[m[m[7;3H                                                                         [m [7;76H[m[m[8;3H                                                                         [m [8;76H[m[m[9;3H                                                                         [m [9;76H[m[m[10;3H                                                                         [m [10;76H[m[m[11;3H                                                                         [m [11;76H[m[m[12;3H                                                                         [m [12;76H[m[m[13;3H                                                                         [m [13;76H[m[m[14;3H                                                                         [m [14;76H[m[m[15;3H                                                                         [m [15;76H[m[m[16;3H                                                                         [m [16;76H[m[16;78H [5;76H[22;1H   The highlighted entry will be executed automatically in 5s.                 [5;76H[22;1H   The highlighted entry will be executed automatically in 4s.                 [5;76H[22;1H   The highlighted entry will be executed automatically in 3s.                 [5;76H[22;1H   The highlighted entry will be executed automatically in 2s.                 [5;76H[22;1H   The highlighted entry will be executed automatically in 1s.                 [5;76H[22;1H   The highlighted entry will be executed automatically in 0s.                 [5;76H[?25h[H[J[H[J  Booting 'Debian GNU/Linux, with Linux 3.2.0-4-amd64'

Loading Linux 3.2.0-4-amd64 ...
Loading initial ramdisk ...
[    0.000000] Initializing cgroup subsys cpuset
[    0.000000] Initializing cgroup subsys cpu
[    0.000000] Linux version 3.2.0-4-amd64 (debian-kernel@lists.debian.org) (gcc version 4.6.3 (Debian 4.6.3-14) ) #1 SMP Debian 3.2.68-1+deb7u3
[    0.000000] Command line: BOOT_IMAGE=/boot/vmlinuz-3.2.0-4-amd64 root=UUID=e35ebd7f-2405-4c97-9c3e-26919d55a9e5 ro console=tty0 console=ttyS0,115200n8
[    0.000000] BIOS-provided physical RAM map:
[    0.000000]  BIOS-e820: 0000000000000000 - 000000000009f400 (usable)
[    0.000000]  BIOS-e820: 000000000009f400 - 00000000000a0000 (reserved)
[    0.000000]  BIOS-e820: 00000000000f0000 - 0000000000100000 (reserved)
[    0.000000]  BIOS-e820: 0000000000100000 - 00000000dfffe000 (usable)
[    0.000000]  BIOS-e820: 00000000dfffe000 - 00000000e0000000 (reserved)
[    0.000000]  BIOS-e820: 00000000feffc000 - 00000000ff000000 (reserved)
[    0.000000]  BIOS-e820: 00000000fffc0000 - 0000000100000000 (reserved)
[    0.000000]  BIOS-e820: 0000000100000000 - 0000000420000000 (usable)
[    0.000000] NX (Execute Disable) protection: active
[    0.000000] SMBIOS 2.4 present.
[    0.000000] No AGP bridge found
[    0.000000] last_pfn = 0x420000 max_arch_pfn = 0x400000000
[    0.000000] PAT not supported by CPU.
[    0.000000] last_pfn = 0xdfffe max_arch_pfn = 0x400000000
[    0.000000] found SMP MP-table at [ffff8800000fdac0] fdac0
[    0.000000] init_memory_mapping: 0000000000000000-00000000dfffe000
[    0.000000] init_memory_mapping: 0000000100000000-0000000420000000
[    0.000000] RAMDISK: 36c6c000 - 3762e000
[    0.000000] ACPI: RSDP 00000000000fd8b0 00014 (v00 BOCHS )
[    0.000000] ACPI: RSDT 00000000dfffe470 00038 (v01 BOCHS  BXPCRSDT 00000001 BXPC 00000001)
[    0.000000] ACPI: FACP 00000000dfffff80 00074 (v01 BOCHS  BXPCFACP 00000001 BXPC 00000001)
[    0.000000] ACPI: DSDT 00000000dfffe4b0 01121 (v01   BXPC   BXDSDT 00000001 INTL 20100528)
[    0.000000] ACPI: FACS 00000000dfffff40 00040
[    0.000000] ACPI: SSDT 00000000dffffd70 001C1 (v01 BOCHS  BXPCSSDT 00000001 BXPC 00000001)
[    0.000000] ACPI: APIC 00000000dffffc70 00090 (v01 BOCHS  BXPCAPIC 00000001 BXPC 00000001)
[    0.000000] ACPI: HPET 00000000dffffc30 00038 (v01 BOCHS  BXPCHPET 00000001 BXPC 00000001)
[    0.000000] ACPI: SSDT 00000000dffff5e0 00644 (v01   BXPC BXSSDTPC 00000001 INTL 20100528)
[    0.000000] No NUMA configuration found
[    0.000000] Faking a node at 0000000000000000-0000000420000000
[    0.000000] Initmem setup node 0 0000000000000000-0000000420000000
[    0.000000]   NODE_DATA [000000041fffb000 - 000000041fffffff]
[    0.000000] kvm-clock: Using msrs 4b564d01 and 4b564d00
[    0.000000] kvm-clock: cpu 0, msr 0:16a8741, boot clock
[    0.000000] Zone PFN ranges:
[    0.000000]   DMA      0x00000010 -> 0x00001000
[    0.000000]   DMA32    0x00001000 -> 0x00100000
[    0.000000]   Normal   0x00100000 -> 0x00420000
[    0.000000] Movable zone start PFN for each node
[    0.000000] early_node_map[3] active PFN ranges
[    0.000000]     0: 0x00000010 -> 0x0000009f
[    0.000000]     0: 0x00000100 -> 0x000dfffe
[    0.000000]     0: 0x00100000 -> 0x00420000
[    0.000000] ACPI: PM-Timer IO Port: 0xb008
[    0.000000] ACPI: LAPIC (acpi_id[0x00] lapic_id[0x00] enabled)
[    0.000000] ACPI: LAPIC (acpi_id[0x01] lapic_id[0x01] enabled)
[    0.000000] ACPI: LAPIC (acpi_id[0x02] lapic_id[0x02] enabled)
[    0.000000] ACPI: LAPIC (acpi_id[0x03] lapic_id[0x03] enabled)
[    0.000000] ACPI: LAPIC_NMI (acpi_id[0xff] dfl dfl lint[0x1])
[    0.000000] ACPI: IOAPIC (id[0x04] address[0xfec00000] gsi_base[0])
[    0.000000] IOAPIC[0]: apic_id 4, version 17, address 0xfec00000, GSI 0-23
[    0.000000] ACPI: INT_SRC_OVR (bus 0 bus_irq 0 global_irq 2 dfl dfl)
[    0.000000] ACPI: INT_SRC_OVR (bus 0 bus_irq 5 global_irq 5 high level)
[    0.000000] ACPI: INT_SRC_OVR (bus 0 bus_irq 9 global_irq 9 high level)
[    0.000000] ACPI: INT_SRC_OVR (bus 0 bus_irq 10 global_irq 10 high level)
[    0.000000] ACPI: INT_SRC_OVR (bus 0 bus_irq 11 global_irq 11 high level)
[    0.000000] Using ACPI (MADT) for SMP configuration information
[    0.000000] ACPI: HPET id: 0x8086a201 base: 0xfed00000
[    0.000000] SMP: Allowing 4 CPUs, 0 hotplug CPUs
[    0.000000] PM: Registered nosave memory: 000000000009f000 - 00000000000a0000
[    0.000000] PM: Registered nosave memory: 00000000000a0000 - 00000000000f0000
[    0.000000] PM: Registered nosave memory: 00000000000f0000 - 0000000000100000
[    0.000000] PM: Registered nosave memory: 00000000dfffe000 - 00000000e0000000
[    0.000000] PM: Registered nosave memory: 00000000e0000000 - 00000000feffc000
[    0.000000] PM: Registered nosave memory: 00000000feffc000 - 00000000ff000000
[    0.000000] PM: Registered nosave memory: 00000000ff000000 - 00000000fffc0000
[    0.000000] PM: Registered nosave memory: 00000000fffc0000 - 0000000100000000
[    0.000000] Allocating PCI resources starting at e0000000 (gap: e0000000:1effc000)
[    0.000000] Booting paravirtualized kernel on KVM
[    0.000000] setup_percpu: NR_CPUS:512 nr_cpumask_bits:512 nr_cpu_ids:4 nr_node_ids:1
[    0.000000] PERCPU: Embedded 27 pages/cpu @ffff88041fc00000 s78912 r8192 d23488 u524288
[    0.000000] kvm-clock: cpu 0, msr 4:1fc12741, primary cpu clock
[    0.000000] KVM setup async PF for cpu 0
[    0.000000] kvm-stealtime: cpu 0, msr 41fc0cfc0
[    0.000000] Built 1 zonelists in Zone order, mobility grouping on.  Total pages: 4135048
[    0.000000] Policy zone: Normal
[    0.000000] Kernel command line: BOOT_IMAGE=/boot/vmlinuz-3.2.0-4-amd64 root=UUID=e35ebd7f-2405-4c97-9c3e-26919d55a9e5 ro console=tty0 console=ttyS0,115200n8
[    0.000000] PID hash table entries: 4096 (order: 3, 32768 bytes)
[    0.000000] Checking aperture...
[    0.000000] No AGP bridge found
[    0.000000] Memory: 16460264k/17301504k available (3434k kernel code, 524748k absent, 316492k reserved, 3305k data, 580k init)
[    0.000000] Hierarchical RCU implementation.
[    0.000000] 	RCU dyntick-idle grace-period acceleration is enabled.
[    0.000000] NR_IRQS:33024 nr_irqs:712 16
[    0.000000] Console: colour VGA+ 80x25
[    0.000000] console [tty0] enabled
[    0.000000] console [ttyS0] enabled
[    0.000000] Detected 2199.998 MHz processor.
[    0.008000] Calibrating delay loop (skipped) preset value.. 4399.99 BogoMIPS (lpj=8799992)
[    0.008000] pid_max: default: 32768 minimum: 301
[    0.008000] Security Framework initialized
[    0.008013] AppArmor: AppArmor disabled by boot time parameter
[    0.009968] Dentry cache hash table entries: 2097152 (order: 12, 16777216 bytes)
[    0.015060] Inode-cache hash table entries: 1048576 (order: 11, 8388608 bytes)
[    0.017620] Mount-cache hash table entries: 256
[    0.018674] Initializing cgroup subsys cpuacct
[    0.020015] Initializing cgroup subsys memory
[    0.020864] Initializing cgroup subsys devices
[    0.021711] Initializing cgroup subsys freezer
[    0.022570] Initializing cgroup subsys net_cls
[    0.023440] Initializing cgroup subsys blkio
[    0.024025] Initializing cgroup subsys perf_event
[    0.024991] mce: CPU supports 10 MCE banks
[    0.027196] ACPI: Core revision 20110623
[    0.032794] ..TIMER: vector=0x30 apic1=0 pin1=2 apic2=-1 pin2=-1
[    0.033858] CPU0: Intel QEMU Virtual CPU version 1.1.2 stepping 03
[    0.036002] Performance Events: unsupported p6 CPU model 2 no PMU driver, software events only.
[    0.036002] NMI watchdog disabled (cpu0): hardware events not enabled
[    0.036002] Booting Node   0, Processors  #1
[    0.008000] kvm-clock: cpu 1, msr 4:1fc92741, secondary cpu clock
[    0.052114] NMI watchdog disabled (cpu1): hardware events not enabled
[    0.052364]  #2
[    0.052147] KVM setup async PF for cpu 1
[    0.052147] kvm-stealtime: cpu 1, msr 41fc8cfc0
[    0.068022] kvm-clock: cpu 2, msr 4:1fd12741, secondary cpu clock
[    0.068139] NMI watchdog disabled (cpu2): hardware events not enabled
[    0.068386]  #3 Ok.
[    0.068181] KVM setup async PF for cpu 2
[    0.068181] kvm-stealtime: cpu 2, msr 41fd0cfc0
[    0.080019] kvm-clock: cpu 3, msr 4:1fd92741, secondary cpu clock
[    0.080249] NMI watchdog disabled (cpu3): hardware events not enabled
[    0.080308] Brought up 4 CPUs
[    0.080311] Total of 4 processors activated (17599.98 BogoMIPS).
[    0.080306] KVM setup async PF for cpu 3
[    0.080306] kvm-stealtime: cpu 3, msr 41fd8cfc0
[    0.088606] devtmpfs: initialized
[    0.094141] print_constraints: dummy: 
[    0.094141] NET: Registered protocol family 16
[    0.096144] ACPI: bus type pci registered
[    0.097214] PCI: Using configuration type 1 for base access
[    0.100947] bio: create slab <bio-0> at 0
[    0.102197] ACPI: Added _OSI(Module Device)
[    0.102197] ACPI: Added _OSI(Processor Device)
[    0.104012] ACPI: Added _OSI(3.0 _SCP Extensions)
[    0.104945] ACPI: Added _OSI(Processor Aggregator Device)
[    0.109421] ACPI: Interpreter enabled
[    0.110230] ACPI: (supports S0 S3 S4 S5)
[    0.111522] ACPI: Using IOAPIC for interrupt routing
[    0.116436] ACPI: No dock devices found.
[    0.117335] HEST: Table not found.
[    0.118098] PCI: Ignoring host bridge windows from ACPI; if necessary, use "pci=use_crs" and report a bug
[    0.120031] ACPI: PCI Root Bridge [PCI0] (domain 0000 [bus 00-ff])
[    0.126266] pci 0000:00:01.3: quirk: [io  0xb000-0xb03f] claimed by PIIX4 ACPI
[    0.127755] pci 0000:00:01.3: quirk: [io  0xb100-0xb10f] claimed by PIIX4 SMB
[    0.148320]  pci0000:00: Unable to request _OSC control (_OSC support mask: 0x1e)
[    0.152520] ACPI: PCI Interrupt Link [LNKA] (IRQs 5 *10 11)
[    0.154335] ACPI: PCI Interrupt Link [LNKB] (IRQs 5 *10 11)
[    0.156075] ACPI: PCI Interrupt Link [LNKC] (IRQs 5 10 *11)
[    0.157817] ACPI: PCI Interrupt Link [LNKD] (IRQs 5 10 *11)
[    0.159460] ACPI: PCI Interrupt Link [LNKS] (IRQs 9) *0
[    0.161236] vgaarb: device added: PCI:0000:00:02.0,decodes=io+mem,owns=io+mem,locks=none
[    0.161605] vgaarb: loaded
[    0.162235] vgaarb: bridge control possible 0000:00:02.0
[    0.164099] PCI: Using ACPI for IRQ routing
[    0.165476] HPET: 3 timers in total, 0 timers will be used for per-cpu timer
[    0.166854] hpet0: at MMIO 0xfed00000, IRQs 2, 8, 0
[    0.168732] hpet0: 3 comparators, 64-bit 100.000000 MHz counter
[    0.184336] Switching to clocksource kvm-clock
[    0.188207] pnp: PnP ACPI init
[    0.188924] ACPI: bus type pnp registered
[    0.190837] pnp: PnP ACPI: found 8 devices
[    0.191680] ACPI: ACPI bus type pnp unregistered
[    0.210453] NET: Registered protocol family 2
[    0.213826] IP route cache hash table entries: 524288 (order: 10, 4194304 bytes)
[    0.220019] TCP established hash table entries: 524288 (order: 11, 8388608 bytes)
[    0.228773] TCP bind hash table entries: 65536 (order: 8, 1048576 bytes)
[    0.230846] TCP: Hash tables configured (established 524288 bind 65536)
[    0.232014] TCP reno registered
[    0.232762] UDP hash table entries: 8192 (order: 6, 262144 bytes)
[    0.234074] UDP-Lite hash table entries: 8192 (order: 6, 262144 bytes)
[    0.235926] NET: Registered protocol family 1
[    0.236864] pci 0000:00:00.0: Limiting direct PCI/PCI transfers
[    0.245972] pci 0000:00:01.0: PIIX3: Enabling Passive Release
[    0.246996] pci 0000:00:01.0: Activating ISA DMA hang workarounds
[    0.248274] Unpacking initramfs...
[    0.478485] Freeing initrd memory: 9992k freed
[    0.482202] PCI-DMA: Using software bounce buffering for IO (SWIOTLB)
[    0.483485] Placing 64MB software IO TLB between ffff8800dbff0000 - ffff8800dfff0000
[    0.485060] software IO TLB at phys 0xdbff0000 - 0xdfff0000
[    0.488293] audit: initializing netlink socket (disabled)
[    0.489374] type=2000 audit(1482009489.488:1): initialized
[    0.519213] HugeTLB registered 2 MB page size, pre-allocated 0 pages
[    0.524480] VFS: Disk quotas dquot_6.5.2
[    0.525424] Dquot-cache hash table entries: 512 (order 0, 4096 bytes)
[    0.526811] msgmni has been set to 32168
[    0.528708] alg: No test for stdrng (krng)
[    0.529748] Block layer SCSI generic (bsg) driver version 0.4 loaded (major 253)
[    0.531191] io scheduler noop registered
[    0.531989] io scheduler deadline registered
[    0.533170] io scheduler cfq registered (default)
[    0.534281] pci_hotplug: PCI Hot Plug PCI Core version: 0.5
[    0.535341] pciehp: PCI Express Hot Plug Controller Driver version: 0.4
[    0.536603] acpiphp: ACPI Hot Plug PCI Controller Driver version: 0.5
[    0.537846] acpiphp: Slot [3] registered
[    0.538673] acpiphp: Slot [4] registered
[    0.539491] acpiphp: Slot [5] registered
[    0.540394] acpiphp: Slot [6] registered
[    0.541227] acpiphp: Slot [7] registered
[    0.542077] acpiphp: Slot [8] registered
[    0.542917] acpiphp: Slot [9] registered
[    0.543746] acpiphp: Slot [10] registered
[    0.544684] acpiphp: Slot [11] registered
[    0.545512] acpiphp: Slot [12] registered
[    0.546370] acpiphp: Slot [13] registered
[    0.547211] acpiphp: Slot [14] registered
[    0.548136] acpiphp: Slot [15] registered
[    0.548981] acpiphp: Slot [16] registered
[    0.549819] acpiphp: Slot [17] registered
[    0.550775] acpiphp: Slot [18] registered
[    0.551621] acpiphp: Slot [19] registered
[    0.552532] acpiphp: Slot [20] registered
[    0.553362] acpiphp: Slot [21] registered
[    0.554201] acpiphp: Slot [22] registered
[    0.554968] acpiphp: Slot [23] registered
[    0.555732] acpiphp: Slot [24] registered
[    0.556635] acpiphp: Slot [25] registered
[    0.557503] acpiphp: Slot [26] registered
[    0.558363] acpiphp: Slot [27] registered
[    0.559162] acpiphp: Slot [28] registered
[    0.559969] acpiphp: Slot [29] registered
[    0.561038] acpiphp: Slot [30] registered
[    0.561864] acpiphp: Slot [31] registered
[    0.562825] ERST: Table is not found!
[    0.563555] GHES: HEST is not enabled!
[    0.564822] Serial: 8250/16550 driver, 4 ports, IRQ sharing enabled
[    0.587570] serial8250: ttyS0 at I/O 0x3f8 (irq = 4) is a 16550A
[    0.618781] 00:06: ttyS0 at I/O 0x3f8 (irq = 4) is a 16550A
[    0.620482] Linux agpgart interface v0.103
[    0.621523] i8042: PNP: PS/2 Controller [PNP0303:KBD,PNP0f13:MOU] at 0x60,0x64 irq 1,12
[    0.623996] serio: i8042 KBD port at 0x60,0x64 irq 1
[    0.625020] serio: i8042 AUX port at 0x60,0x64 irq 12
[    0.626591] mousedev: PS/2 mouse device common for all mice
[    0.628132] input: AT Translated Set 2 keyboard as /devices/platform/i8042/serio0/input/input0
[    0.630074] rtc_cmos 00:01: RTC can wake from S4
[    0.631477] rtc_cmos 00:01: rtc core: registered rtc_cmos as rtc0
[    0.632819] rtc0: alarms up to one day, 114 bytes nvram, hpet irqs
[    0.634034] cpuidle: using governor ladder
[    0.634876] cpuidle: using governor menu
[    0.636165] TCP cubic registered
[    0.638077] NET: Registered protocol family 10
[    0.639897] Mobile IPv6
[    0.640607] NET: Registered protocol family 17
[    0.641531] Registering the dns_resolver key type
[    0.643253] registered taskstats version 1
[    0.645380] rtc_cmos 00:01: setting system clock to 2016-12-17 21:18:11 UTC (1482009491)
[    0.647023] Initializing network drop monitor service
[    0.649785] Freeing unused kernel memory: 580k freed
[    0.651049] Write protecting the kernel read-only data: 6144k
[    0.654720] Freeing unused kernel memory: 644k freed
[    0.658650] Freeing unused kernel memory: 688k freed
Loading, please wait...
[    0.676878] udevd[58]: starting version 175
[    0.690463] SCSI subsystem initialized
[    0.693607] e1000: Intel(R) PRO/1000 Network Driver - version 7.3.21-k8-NAPI
[    0.695380] e1000: Copyright (c) 1999-2006 Intel Corporation.
[    0.703146] scsi0 : ata_piix
[    0.704938] scsi1 : ata_piix
[    0.706022] ata1: PATA max MWDMA2 cmd 0x1f0 ctl 0x3f6 bmdma 0xc040 irq 14
[    0.707304] ata2: PATA max MWDMA2 cmd 0x170 ctl 0x376 bmdma 0xc048 irq 15
[    0.709732] ACPI: PCI Interrupt Link [LNKC] enabled at IRQ 11
[    0.715299] Floppy drive(s): fd0 is 1.44M
[    0.736890] FDC 0 is a S82078B
[    0.869203] ata1.00: ATA-7: QEMU HARDDISK, 1.1.2, max UDMA/100
[    0.870706] ata1.00: 9011200 sectors, multi 16: LBA48 
[    0.873258] ata1.00: configured for MWDMA2
[    0.874473] ata2.00: ATAPI: QEMU DVD-ROM, 1.1.2, max UDMA/100
[    0.876396] scsi 0:0:0:0: Direct-Access     ATA      QEMU HARDDISK    1.1. PQ: 0 ANSI: 5
[    0.878851] ata2.00: configured for MWDMA2
[    0.880689] scsi 1:0:0:0: CD-ROM            QEMU     QEMU DVD-ROM     1.1. PQ: 0 ANSI: 5
[    4.089078] Refined TSC clocksource calibration: 2199.957 MHz.
[    4.090752] e1000 0000:00:03.0: eth0: (PCI:33MHz:32-bit) 52:54:00:12:34:56
[    4.092297] e1000 0000:00:03.0: eth0: Intel(R) PRO/1000 Network Connection
[    4.100492] sd 0:0:0:0: [sda] 9011200 512-byte logical blocks: (4.61 GB/4.29 GiB)
[    4.102697] sd 0:0:0:0: [sda] Write Protect is off
[    4.103841] sd 0:0:0:0: [sda] Write cache: disabled, read cache: enabled, doesn't support DPO or FUA
[    4.107798] sr0: scsi3-mmc drive: 4x/4x cd/rw xa/form2 tray
[    4.109648] cdrom: Uniform CD-ROM driver Revision: 3.20
[    4.111042]  sda: sda1
[    4.112470] sd 0:0:0:0: [sda] Attached SCSI disk
[    4.117727] sd 0:0:0:0: Attached scsi generic sg0 type 0
[    4.119125] sr 1:0:0:0: Attached scsi generic sg1 type 5
Begin: Loading essential drivers ... done.
Begin: Running /scripts/init-premount ... done.
Begin: Mounting root file system ... Begin: Running /scripts/local-top ... done.
Begin: Running /scripts/local-premount ... done.
[    4.907627] EXT4-fs (sda1): mounted filesystem with ordered data mode. Opts: (null)
Begin: Running /scripts/local-bottom ... done.
done.
Begin: Running /scripts/init-bottom ... done.
INIT: version 2.88 booting
[[36minfo[39;49m] Using makefile-style concurrent boot in runlevel S.
findfs: unable to resolve 'UUID="e35ebd7f-2405-4c97-9c3e-26919d55a9e5"'
[....] Starting the hotplug events dispatcher: udevd[    8.388625] udevd[305]: starting version 175
[?25l[?1c7[1G[[32m ok [39;49m8[?25h[?0c.
[....] Synthesizing the initial hotplug events...[    8.453739] input: Power Button as /devices/LNXSYSTM:00/LNXPWRBN:00/input/input1
[    8.455514] ACPI: Power Button [PWRF]
[    8.467636] piix4_smbus 0000:00:01.3: SMBus Host Controller at 0xb100, revision 0
[    8.472881] input: PC Speaker as /devices/platform/pcspkr/input/input2
[?25l[?1c7[1G[[32m ok [39;49m8[?25h[?0cdone.
[    8.495778] parport_pc 00:05: reported by Plug and Play ACPI
[    8.497271] parport0: PC-style at 0x378, irq 7 [PCSPP,TRISTATE]
[....] Waiting for /dev to be fully populated...[    8.568225] Error: Driver 'pcspkr' is already registered, aborting...
[?25l[?1c7[1G[[32m ok [39;49m8[?25h[?0cdone.
findfs: unable to resolve 'UUID="e35ebd7f-2405-4c97-9c3e-26919d55a9e5"'
[....] Activating swap...[?25l[?1c7[1G[[32m ok [39;49m8[?25h[?0cdone.
Usage: mountpoint [-q] [-d] [-x] path
[    8.951336] EXT4-fs (sda1): re-mounted. Opts: (null)
[....] Checking root file system...fsck from util-linux 2.20.1
/run/rootdev: clean, 32669/264000 files, 885487/1054720 blocks
[?25l[?1c7[1G[[32m ok [39;49m8[?25h[?0cdone.
[    9.036849] EXT4-fs (sda1): re-mounted. Opts: errors=remount-ro,errors=remount-ro
[   12.114768] sched: RT throttling activated
[   12.126253] input: ImExPS/2 Generic Explorer Mouse as /devices/platform/i8042/serio1/input/input3
[....] Cleaning up temporary files... /tmp[?25l[?1c7[1G[[32m ok [39;49m8[?25h[?0c.
findfs: unable to resolve 'UUID="e35ebd7f-2405-4c97-9c3e-26919d55a9e5"'
findfs: unable to resolve 'UUID="e35ebd7f-2405-4c97-9c3e-26919d55a9e5"'
[....] Activating lvm and md swap...[?25l[?1c7[1G[[32m ok [39;49m8[?25h[?0cdone.
[....] Checking file systems...fsck from util-linux 2.20.1
[?25l[?1c7[1G[[32m ok [39;49m8[?25h[?0cdone.
[....] Mounting local filesystems...[?25l[?1c7[1G[[32m ok [39;49m8[?25h[?0cdone.
[....] Activating swapfile swap...[?25l[?1c7[1G[[32m ok [39;49m8[?25h[?0cdone.
findfs: unable to resolve 'UUID="e35ebd7f-2405-4c97-9c3e-26919d55a9e5"'
[....] Cleaning up temporary files...[?25l[?1c7[1G[[32m ok [39;49m8[?25h[?0c.
[....] Setting kernel variables ...[?25l[?1c7[1G[[32m ok [39;49m8[?25h[?0cdone.
[....] Configuring network interfaces...Internet Systems Consortium DHCP Client 4.2.2
Copyright 2004-2011 Internet Systems Consortium.
All rights reserved.
For info, please visit https://www.isc.org/software/dhcp/

[   16.347771] ADDRCONF(NETDEV_UP): eth0: link is not ready
Listening on LPF/eth0/52:54:00:12:34:56
Sending on   LPF/eth0/52:54:00:12:34:56
Sending on   Socket/fallback
DHCPDISCOVER on eth0 to 255.255.255.255 port 67 interval 3
DHCPDISCOVER on eth0 to 255.255.255.255 port 67 interval 3
[   20.145809] e1000: eth0 NIC Link is Up 1000 Mbps Full Duplex, Flow Control: RX
[   20.152438] ADDRCONF(NETDEV_CHANGE): eth0: link becomes ready
DHCPDISCOVER on eth0 to 255.255.255.255 port 67 interval 4
DHCPREQUEST on eth0 to 255.255.255.255 port 67
DHCPOFFER from 10.0.2.2
DHCPACK from 10.0.2.2
bound to 10.0.2.15 -- renewal in 33804 seconds.
ifup: interface eth0 already configured
[?25l[?1c7[1G[[32m ok [39;49m8[?25h[?0cdone.
[....] Cleaning up temporary files...[?25l[?1c7[1G[[32m ok [39;49m8[?25h[?0c.
INIT: Entering runlevel: 2
[[36minfo[39;49m] Using makefile-style concurrent boot in runlevel 2.
[....] Starting OpenBSD Secure Shell server: sshd[?25l[?1c7[1G[[32m ok [39;49m8[?25h[?0c.
Entering benchmark mode
./scaff/bin/uniform/stream_d0
STARTING stream_d0 execution: Sat Dec 17 23:18:35 EET 2016
-------------------------------------------------------------
STREAM version $Revision: 5.10 $
-------------------------------------------------------------
This system uses 8 bytes per array element.
-------------------------------------------------------------
Array size = 50000000 (elements), Offset = 0 (elements)
Memory per array = 381.5 MiB (= 0.4 GiB).
Total memory required = 1144.4 MiB (= 1.1 GiB).
Each kernel will be executed 20 times.
 The *best* time for each kernel (excluding the first iteration)
 will be used to compute the reported bandwidth.
-------------------------------------------------------------
Number of Threads requested = 4
Number of Threads counted = 4
-------------------------------------------------------------
Your clock granularity/precision appears to be 1 microseconds.
Each test below will take on the order of 3073592 microseconds.
   (= 3073592 clock ticks)
Increase the size of the arrays if this shows that
you are not getting at least 20 clock ticks per test.
-------------------------------------------------------------
WARNING -- The above is only a rough guideline.
For best results, please be sure you know the
precision of your system timer.
-------------------------------------------------------------
Function    Best Rate  Avg Rate   MB/s  Avg time     Min time     Max time
Copy:           11283.2      10565.7    0.075716    0.070902     0.116227
Scale:          11175.1        780.3    1.025235    0.071588     3.085568
Add:            13106.7      12684.8    0.094601    0.091556     0.110299
Triad:          13125.1      12831.4    0.093520    0.091428     0.106766
-------------------------------------------------------------
Solution Validates: avg error less than 1.000000e-13 on all three arrays
-------------------------------------------------------------
-------------------------------------------------------------
STREAM version $Revision: 5.10 $
-------------------------------------------------------------
This system uses 8 bytes per array element.
-------------------------------------------------------------
Array size = 50000000 (elements), Offset = 0 (elements)
Memory per array = 381.5 MiB (= 0.4 GiB).
Total memory required = 1144.4 MiB (= 1.1 GiB).
Each kernel will be executed 20 times.
 The *best* time for each kernel (excluding the first iteration)
 will be used to compute the reported bandwidth.
-------------------------------------------------------------
Number of Threads requested = 4
Number of Threads counted = 4
-------------------------------------------------------------
Your clock granularity/precision appears to be 1 microseconds.
Each test below will take on the order of 61861 microseconds.
   (= 61861 clock ticks)
Increase the size of the arrays if this shows that
you are not getting at least 20 clock ticks per test.
-------------------------------------------------------------
WARNING -- The above is only a rough guideline.
For best results, please be sure you know the
precision of your system timer.
-------------------------------------------------------------
Function    Best Rate  Avg Rate   MB/s  Avg time     Min time     Max time
Copy:           11274.6      10881.8    0.073517    0.070956     0.078881
Scale:          11190.2      10937.9    0.073140    0.071491     0.076348
Add:            13025.0      12772.6    0.093951    0.092130     0.097528
Triad:          13069.6       1149.1    1.044337    0.091816     3.106042
-------------------------------------------------------------
Solution Validates: avg error less than 1.000000e-13 on all three arrays
-------------------------------------------------------------
-------------------------------------------------------------
STREAM version $Revision: 5.10 $
-------------------------------------------------------------
This system uses 8 bytes per array element.
-------------------------------------------------------------
Array size = 50000000 (elements), Offset = 0 (elements)
Memory per array = 381.5 MiB (= 0.4 GiB).
Total memory required = 1144.4 MiB (= 1.1 GiB).
Each kernel will be executed 20 times.
 The *best* time for each kernel (excluding the first iteration)
 will be used to compute the reported bandwidth.
-------------------------------------------------------------
Number of Threads requested = 4
Number of Threads counted = 4
-------------------------------------------------------------
Your clock granularity/precision appears to be 1 microseconds.
Each test below will take on the order of 58681 microseconds.
   (= 58681 clock ticks)
Increase the size of the arrays if this shows that
you are not getting at least 20 clock ticks per test.
-------------------------------------------------------------
WARNING -- The above is only a rough guideline.
For best results, please be sure you know the
precision of your system timer.
-------------------------------------------------------------
Function    Best Rate  Avg Rate   MB/s  Avg time     Min time     Max time
Copy:           11310.1      10966.4    0.072950    0.070733     0.076842
Scale:          11162.7        781.1    1.024239    0.071667     3.085419
Add:            13043.5      12627.9    0.095028    0.092000     0.100399
Triad:          13005.2      12728.9    0.094274    0.092271     0.100637
-------------------------------------------------------------
Solution Validates: avg error less than 1.000000e-13 on all three arrays
-------------------------------------------------------------
-------------------------------------------------------------
STREAM version $Revision: 5.10 $
-------------------------------------------------------------
This system uses 8 bytes per array element.
-------------------------------------------------------------
Array size = 50000000 (elements), Offset = 0 (elements)
Memory per array = 381.5 MiB (= 0.4 GiB).
Total memory required = 1144.4 MiB (= 1.1 GiB).
Each kernel will be executed 20 times.
 The *best* time for each kernel (excluding the first iteration)
 will be used to compute the reported bandwidth.
-------------------------------------------------------------
Number of Threads requested = 4
Number of Threads counted = 4
-------------------------------------------------------------
Your clock granularity/precision appears to be 1 microseconds.
Each test below will take on the order of 58114 microseconds.
   (= 58114 clock ticks)
Increase the size of the arrays if this shows that
you are not getting at least 20 clock ticks per test.
-------------------------------------------------------------
WARNING -- The above is only a rough guideline.
For best results, please be sure you know the
precision of your system timer.
-------------------------------------------------------------
Function    Best Rate  Avg Rate   MB/s  Avg time     Min time     Max time
Copy:           11210.7      10991.5    0.072784    0.071360     0.075073
Scale:          11200.1      10939.4    0.073130    0.071428     0.076326
Add:            12995.5      12777.7    0.093914    0.092340     0.097442
Triad:          13065.8       1149.3    1.044093    0.091843     3.106164
-------------------------------------------------------------
Solution Validates: avg error less than 1.000000e-13 on all three arrays
-------------------------------------------------------------
-------------------------------------------------------------
STREAM version $Revision: 5.10 $
-------------------------------------------------------------
This system uses 8 bytes per array element.
-------------------------------------------------------------
Array size = 50000000 (elements), Offset = 0 (elements)
Memory per array = 381.5 MiB (= 0.4 GiB).
Total memory required = 1144.4 MiB (= 1.1 GiB).
Each kernel will be executed 20 times.
 The *best* time for each kernel (excluding the first iteration)
 will be used to compute the reported bandwidth.
-------------------------------------------------------------
Number of Threads requested = 4
Number of Threads counted = 4
-------------------------------------------------------------
Your clock granularity/precision appears to be 1 microseconds.
Each test below will take on the order of 61585 microseconds.
   (= 61585 clock ticks)
Increase the size of the arrays if this shows that
you are not getting at least 20 clock ticks per test.
-------------------------------------------------------------
WARNING -- The above is only a rough guideline.
For best results, please be sure you know the
precision of your system timer.
-------------------------------------------------------------
Function    Best Rate  Avg Rate   MB/s  Avg time     Min time     Max time
Copy:           11351.1      11020.2    0.072594    0.070478     0.076872
Scale:          11188.5       1457.7    0.548820    0.071502     3.084953
Add:            13043.3       2107.8    0.569322    0.092001     3.105310
Triad:          13034.0      12821.4    0.093593    0.092067     0.097063
-------------------------------------------------------------
Solution Validates: avg error less than 1.000000e-13 on all three arrays
-------------------------------------------------------------
-------------------------------------------------------------
STREAM version $Revision: 5.10 $
-------------------------------------------------------------
This system uses 8 bytes per array element.
-------------------------------------------------------------
Array size = 50000000 (elements), Offset = 0 (elements)
Memory per array = 381.5 MiB (= 0.4 GiB).
Total memory required = 1144.4 MiB (= 1.1 GiB).
Each kernel will be executed 20 times.
 The *best* time for each kernel (excluding the first iteration)
 will be used to compute the reported bandwidth.
-------------------------------------------------------------
Number of Threads requested = 4
Number of Threads counted = 4
-------------------------------------------------------------
Your clock granularity/precision appears to be 1 microseconds.
Each test below will take on the order of 62517 microseconds.
   (= 62517 clock ticks)
Increase the size of the arrays if this shows that
you are not getting at least 20 clock ticks per test.
-------------------------------------------------------------
WARNING -- The above is only a rough guideline.
For best results, please be sure you know the
precision of your system timer.
-------------------------------------------------------------
Function    Best Rate  Avg Rate   MB/s  Avg time     Min time     Max time
Copy:           11293.7        781.6    1.023493    0.070836     3.086720
Scale:          11191.8      10965.7    0.072955    0.071481     0.076485
Add:            12977.0      12765.4    0.094004    0.092471     0.096486
Triad:          13086.0      12849.1    0.093391    0.091701     0.096691
-------------------------------------------------------------
Solution Validates: avg error less than 1.000000e-13 on all three arrays
-------------------------------------------------------------
-------------------------------------------------------------
STREAM version $Revision: 5.10 $
-------------------------------------------------------------
This system uses 8 bytes per array element.
-------------------------------------------------------------
Array size = 50000000 (elements), Offset = 0 (elements)
Memory per array = 381.5 MiB (= 0.4 GiB).
Total memory required = 1144.4 MiB (= 1.1 GiB).
Each kernel will be executed 20 times.
 The *best* time for each kernel (excluding the first iteration)
 will be used to compute the reported bandwidth.
-------------------------------------------------------------
Number of Threads requested = 4
Number of Threads counted = 4
-------------------------------------------------------------
Your clock granularity/precision appears to be 1 microseconds.
Each test below will take on the order of 56792 microseconds.
   (= 56792 clock ticks)
Increase the size of the arrays if this shows that
you are not getting at least 20 clock ticks per test.
-------------------------------------------------------------
WARNING -- The above is only a rough guideline.
For best results, please be sure you know the
precision of your system timer.
-------------------------------------------------------------
Function    Best Rate  Avg Rate   MB/s  Avg time     Min time     Max time
Copy:           11221.3      10888.4    0.073473    0.071293     0.078676
Scale:          11186.0      10951.0    0.073053    0.071518     0.076114
Add:            12981.8       1148.8    1.044538    0.092437     3.106456
Triad:          13071.8      12731.6    0.094253    0.091801     0.102074
-------------------------------------------------------------
Solution Validates: avg error less than 1.000000e-13 on all three arrays
-------------------------------------------------------------
-------------------------------------------------------------
STREAM version $Revision: 5.10 $
-------------------------------------------------------------
This system uses 8 bytes per array element.
-------------------------------------------------------------
Array size = 50000000 (elements), Offset = 0 (elements)
Memory per array = 381.5 MiB (= 0.4 GiB).
Total memory required = 1144.4 MiB (= 1.1 GiB).
Each kernel will be executed 20 times.
 The *best* time for each kernel (excluding the first iteration)
 will be used to compute the reported bandwidth.
-------------------------------------------------------------
Number of Threads requested = 4
Number of Threads counted = 4
-------------------------------------------------------------
Your clock granularity/precision appears to be 1 microseconds.
Each test below will take on the order of 58562 microseconds.
   (= 58562 clock ticks)
Increase the size of the arrays if this shows that
you are not getting at least 20 clock ticks per test.
-------------------------------------------------------------
WARNING -- The above is only a rough guideline.
For best results, please be sure you know the
precision of your system timer.
-------------------------------------------------------------
Function    Best Rate  Avg Rate   MB/s  Avg time     Min time     Max time
Copy:           11262.8        677.2    1.181341    0.071030     3.086725
Scale:          11163.8      10962.3    0.072977    0.071660     0.074669
Add:            13036.0      12824.7    0.093570    0.092053     0.096979
Triad:          13048.4      12857.8    0.093329    0.091965     0.096609
-------------------------------------------------------------
Solution Validates: avg error less than 1.000000e-13 on all three arrays
-------------------------------------------------------------
-------------------------------------------------------------
STREAM version $Revision: 5.10 $
-------------------------------------------------------------
This system uses 8 bytes per array element.
-------------------------------------------------------------
Array size = 50000000 (elements), Offset = 0 (elements)
Memory per array = 381.5 MiB (= 0.4 GiB).
Total memory required = 1144.4 MiB (= 1.1 GiB).
Each kernel will be executed 20 times.
 The *best* time for each kernel (excluding the first iteration)
 will be used to compute the reported bandwidth.
-------------------------------------------------------------
Number of Threads requested = 4
Number of Threads counted = 4
-------------------------------------------------------------
Your clock granularity/precision appears to be 1 microseconds.
Each test below will take on the order of 56550 microseconds.
   (= 56550 clock ticks)
Increase the size of the arrays if this shows that
you are not getting at least 20 clock ticks per test.
-------------------------------------------------------------
WARNING -- The above is only a rough guideline.
For best results, please be sure you know the
precision of your system timer.
-------------------------------------------------------------
Function    Best Rate  Avg Rate   MB/s  Avg time     Min time     Max time
Copy:           11221.3      10961.7    0.072982    0.071293     0.078531
Scale:          11115.6      10840.0    0.073801    0.071971     0.079800
Add:            12915.2       1148.1    1.045245    0.092914     3.107638
Triad:          13014.7      12753.7    0.094090    0.092203     0.097620
-------------------------------------------------------------
Solution Validates: avg error less than 1.000000e-13 on all three arrays
-------------------------------------------------------------
-------------------------------------------------------------
STREAM version $Revision: 5.10 $
-------------------------------------------------------------
This system uses 8 bytes per array element.
-------------------------------------------------------------
Array size = 50000000 (elements), Offset = 0 (elements)
Memory per array = 381.5 MiB (= 0.4 GiB).
Total memory required = 1144.4 MiB (= 1.1 GiB).
Each kernel will be executed 20 times.
 The *best* time for each kernel (excluding the first iteration)
 will be used to compute the reported bandwidth.
-------------------------------------------------------------
Number of Threads requested = 4
Number of Threads counted = 4
-------------------------------------------------------------
Your clock granularity/precision appears to be 1 microseconds.
Each test below will take on the order of 58296 microseconds.
   (= 58296 clock ticks)
Increase the size of the arrays if this shows that
you are not getting at least 20 clock ticks per test.
-------------------------------------------------------------
WARNING -- The above is only a rough guideline.
For best results, please be sure you know the
precision of your system timer.
-------------------------------------------------------------
Function    Best Rate  Avg Rate   MB/s  Avg time     Min time     Max time
Copy:           11151.2       2050.2    0.390201    0.071741     3.089882
Scale:          11161.2      10788.2    0.074155    0.071677     0.083789
Add:            12995.2      12781.8    0.093884    0.092342     0.096598
Triad:          13060.4       1354.6    0.885860    0.091881     3.107378
-------------------------------------------------------------
Solution Validates: avg error less than 1.000000e-13 on all three arrays
-------------------------------------------------------------
-------------------------------------------------------------
STREAM version $Revision: 5.10 $
-------------------------------------------------------------
This system uses 8 bytes per array element.
-------------------------------------------------------------
Array size = 50000000 (elements), Offset = 0 (elements)
Memory per array = 381.5 MiB (= 0.4 GiB).
Total memory required = 1144.4 MiB (= 1.1 GiB).
Each kernel will be executed 20 times.
 The *best* time for each kernel (excluding the first iteration)
 will be used to compute the reported bandwidth.
-------------------------------------------------------------
Number of Threads requested = 4
Number of Threads counted = 4
-------------------------------------------------------------
Your clock granularity/precision appears to be 1 microseconds.
Each test below will take on the order of 55047 microseconds.
   (= 55047 clock ticks)
Increase the size of the arrays if this shows that
you are not getting at least 20 clock ticks per test.
-------------------------------------------------------------
WARNING -- The above is only a rough guideline.
For best results, please be sure you know the
precision of your system timer.
-------------------------------------------------------------
Function    Best Rate  Avg Rate   MB/s  Avg time     Min time     Max time
Copy:           11255.1      10961.4    0.072984    0.071079     0.075964
Scale:          11275.0      11004.9    0.072695    0.070953     0.075536
Add:            12981.8       1149.0    1.044400    0.092437     3.105909
Triad:          13113.9      12829.6    0.093534    0.091506     0.100066
-------------------------------------------------------------
Solution Validates: avg error less than 1.000000e-13 on all three arrays
-------------------------------------------------------------
-------------------------------------------------------------
STREAM version $Revision: 5.10 $
-------------------------------------------------------------
This system uses 8 bytes per array element.
-------------------------------------------------------------
Array size = 50000000 (elements), Offset = 0 (elements)
Memory per array = 381.5 MiB (= 0.4 GiB).
Total memory required = 1144.4 MiB (= 1.1 GiB).
Each kernel will be executed 20 times.
 The *best* time for each kernel (excluding the first iteration)
 will be used to compute the reported bandwidth.
-------------------------------------------------------------
Number of Threads requested = 4
Number of Threads counted = 4
-------------------------------------------------------------
Your clock granularity/precision appears to be 1 microseconds.
Each test below will take on the order of 58116 microseconds.
   (= 58116 clock ticks)
Increase the size of the arrays if this shows that
you are not getting at least 20 clock ticks per test.
-------------------------------------------------------------
WARNING -- The above is only a rough guideline.
For best results, please be sure you know the
precision of your system timer.
-------------------------------------------------------------
Function    Best Rate  Avg Rate   MB/s  Avg time     Min time     Max time
Copy:           11295.6        676.9    1.181773    0.070824     3.086130
Scale:          11254.0      10837.6    0.073817    0.071086     0.078994
Add:            12963.5      12759.8    0.094045    0.092568     0.098406
Triad:          13093.0      12906.9    0.092974    0.091652     0.094992
-------------------------------------------------------------
Solution Validates: avg error less than 1.000000e-13 on all three arrays
-------------------------------------------------------------
-------------------------------------------------------------
STREAM version $Revision: 5.10 $
-------------------------------------------------------------
This system uses 8 bytes per array element.
-------------------------------------------------------------
Array size = 50000000 (elements), Offset = 0 (elements)
Memory per array = 381.5 MiB (= 0.4 GiB).
Total memory required = 1144.4 MiB (= 1.1 GiB).
Each kernel will be executed 20 times.
 The *best* time for each kernel (excluding the first iteration)
 will be used to compute the reported bandwidth.
-------------------------------------------------------------
Number of Threads requested = 4
Number of Threads counted = 4
-------------------------------------------------------------
Your clock granularity/precision appears to be 1 microseconds.
Each test below will take on the order of 61318 microseconds.
   (= 61318 clock ticks)
Increase the size of the arrays if this shows that
you are not getting at least 20 clock ticks per test.
-------------------------------------------------------------
WARNING -- The above is only a rough guideline.
For best results, please be sure you know the
precision of your system timer.
-------------------------------------------------------------
Function    Best Rate  Avg Rate   MB/s  Avg time     Min time     Max time
Copy:           11254.6      11000.3    0.072726    0.071082     0.075912
Scale:          11195.1      10812.6    0.073988    0.071460     0.079872
Add:            12859.4       1148.3    1.045068    0.093317     3.106608
Triad:          13035.7      12721.6    0.094328    0.092055     0.097807
-------------------------------------------------------------
Solution Validates: avg error less than 1.000000e-13 on all three arrays
-------------------------------------------------------------
-------------------------------------------------------------
STREAM version $Revision: 5.10 $
-------------------------------------------------------------
This system uses 8 bytes per array element.
-------------------------------------------------------------
Array size = 50000000 (elements), Offset = 0 (elements)
Memory per array = 381.5 MiB (= 0.4 GiB).
Total memory required = 1144.4 MiB (= 1.1 GiB).
Each kernel will be executed 20 times.
 The *best* time for each kernel (excluding the first iteration)
 will be used to compute the reported bandwidth.
-------------------------------------------------------------
Number of Threads requested = 4
Number of Threads counted = 4
-------------------------------------------------------------
Your clock granularity/precision appears to be 1 microseconds.
Each test below will take on the order of 55466 microseconds.
   (= 55466 clock ticks)
Increase the size of the arrays if this shows that
you are not getting at least 20 clock ticks per test.
-------------------------------------------------------------
WARNING -- The above is only a rough guideline.
For best results, please be sure you know the
precision of your system timer.
-------------------------------------------------------------
Function    Best Rate  Avg Rate   MB/s  Avg time     Min time     Max time
Copy:           11205.1        676.5    1.182601    0.071396     3.084507
Scale:          11173.0      10866.2    0.073622    0.071601     0.081643
Add:            12981.5      12744.2    0.094160    0.092439     0.095932
Triad:          13039.7      12811.7    0.093664    0.092027     0.098324
-------------------------------------------------------------
Solution Validates: avg error less than 1.000000e-13 on all three arrays
-------------------------------------------------------------
-------------------------------------------------------------
STREAM version $Revision: 5.10 $
-------------------------------------------------------------
This system uses 8 bytes per array element.
-------------------------------------------------------------
Array size = 50000000 (elements), Offset = 0 (elements)
Memory per array = 381.5 MiB (= 0.4 GiB).
Total memory required = 1144.4 MiB (= 1.1 GiB).
Each kernel will be executed 20 times.
 The *best* time for each kernel (excluding the first iteration)
 will be used to compute the reported bandwidth.
-------------------------------------------------------------
Number of Threads requested = 4
Number of Threads counted = 4
-------------------------------------------------------------
Your clock granularity/precision appears to be 1 microseconds.
Each test below will take on the order of 56457 microseconds.
   (= 56457 clock ticks)
Increase the size of the arrays if this shows that
you are not getting at least 20 clock ticks per test.
-------------------------------------------------------------
WARNING -- The above is only a rough guideline.
For best results, please be sure you know the
precision of your system timer.
-------------------------------------------------------------
Function    Best Rate  Avg Rate   MB/s  Avg time     Min time     Max time
Copy:           11272.8      10996.9    0.072748    0.070967     0.076780
Scale:          11162.7      10882.4    0.073513    0.071667     0.078697
Add:            13005.3       1148.4    1.044894    0.092270     3.105404
Triad:          13064.8      12702.2    0.094471    0.091850     0.103379
-------------------------------------------------------------
Solution Validates: avg error less than 1.000000e-13 on all three arrays
-------------------------------------------------------------
INIT: Switching to runlevel: 0
INIT: Sending processes the TERM signal
[[36minfo[39;49m] Using makefile-style concurrent boot in runlevel 0.
[[36minfo[39;49m] Saving the system clock.
[[36minfo[39;49m] Hardware Clock updated to Sat Dec 17 21:26:16 UTC 2016.
[....] Asking all remaining processes to terminate...[?25l[?1c7[1G[[32m ok [39;49m8[?25h[?0cdone.
[....] All processes ended within 2 seconds...[?25l[?1c7[1G[[32m ok [39;49m8[?25h[?0cdone.
[....] Deconfiguring network interfaces...Internet Systems Consortium DHCP Client 4.2.2
Copyright 2004-2011 Internet Systems Consortium.
All rights reserved.
For info, please visit https://www.isc.org/software/dhcp/

Listening on LPF/eth0/52:54:00:12:34:56
Sending on   LPF/eth0/52:54:00:12:34:56
Sending on   Socket/fallback
DHCPRELEASE on eth0 to 10.0.2.2 port 67
[?25l[?1c7[1G[[32m ok [39;49m8[?25h[?0cdone.
[....] Deactivating swap...[?25l[?1c7[1G[[32m ok [39;49m8[?25h[?0cdone.
[  485.790973] EXT4-fs (sda1): re-mounted. Opts: (null)
[[36minfo[39;49m] Will now halt.
[  489.537345] sd 0:0:0:0: [sda] Stopping disk
[  489.540141] ACPI: Preparing to enter system sleep state S5
[  489.541338] Power down.
aff-executor-preload.c:affhooks_init()
aff-executor-preload.c:affhooks_shut()
HELLO KITTY
