aff-executor-preload.c:affhooks_init()
[H[J[?25l[m[H[J[2;25HGNU GRUB  version 1.99-27+deb7u2

[m[4;2H+--------------------------------------------------------------------------+[5;2H|[5;77H|[6;2H|[6;77H|[7;2H|[7;77H|[8;2H|[8;77H|[9;2H|[9;77H|[10;2H|[10;77H|[11;2H|[11;77H|[12;2H|[12;77H|[13;2H|[13;77H|[14;2H|[14;77H|[15;2H|[15;77H|[16;2H|[16;77H|[17;2H+--------------------------------------------------------------------------+[m[18;2H[m
      Use the ^ and v keys to select which entry is highlighted.      
      Press enter to boot the selected OS, 'e' to edit the commands      
      before booting or 'c' for a command-line.      
      [5;78H [7m[5;3HDebian GNU/Linux, with Linux 3.2.0-4-amd64                               [m [5;76H[m[m[6;3HDebian GNU/Linux, with Linux 3.2.0-4-amd64 (recovery mode)               [m [6;76H[m[m[7;3H                                                                         [m [7;76H[m[m[8;3H                                                                         [m [8;76H[m[m[9;3H                                                                         [m [9;76H[m[m[10;3H                                                                         [m [10;76H[m[m[11;3H                                                                         [m [11;76H[m[m[12;3H                                                                         [m [12;76H[m[m[13;3H                                                                         [m [13;76H[m[m[14;3H                                                                         [m [14;76H[m[m[15;3H                                                                         [m [15;76H[m[m[16;3H                                                                         [m [16;76H[m[16;78H [5;76H[22;1H   The highlighted entry will be executed automatically in 5s.                 [5;76H[22;1H   The highlighted entry will be executed automatically in 4s.                 [5;76H[22;1H   The highlighted entry will be executed automatically in 3s.                 [5;76H[22;1H   The highlighted entry will be executed automatically in 2s.                 [5;76H[22;1H   The highlighted entry will be executed automatically in 1s.                 [5;76H[22;1H   The highlighted entry will be executed automatically in 0s.                 [5;76H[?25h[H[J[H[J  Booting 'Debian GNU/Linux, with Linux 3.2.0-4-amd64'

Loading Linux 3.2.0-4-amd64 ...
Loading initial ramdisk ...
[    0.000000] Initializing cgroup subsys cpuset
[    0.000000] Initializing cgroup subsys cpu
[    0.000000] Linux version 3.2.0-4-amd64 (debian-kernel@lists.debian.org) (gcc version 4.6.3 (Debian 4.6.3-14) ) #1 SMP Debian 3.2.68-1+deb7u3
[    0.000000] Command line: BOOT_IMAGE=/boot/vmlinuz-3.2.0-4-amd64 root=UUID=e35ebd7f-2405-4c97-9c3e-26919d55a9e5 ro console=tty0 console=ttyS0,115200n8
[    0.000000] BIOS-provided physical RAM map:
[    0.000000]  BIOS-e820: 0000000000000000 - 000000000009f400 (usable)
[    0.000000]  BIOS-e820: 000000000009f400 - 00000000000a0000 (reserved)
[    0.000000]  BIOS-e820: 00000000000f0000 - 0000000000100000 (reserved)
[    0.000000]  BIOS-e820: 0000000000100000 - 00000000dfffe000 (usable)
[    0.000000]  BIOS-e820: 00000000dfffe000 - 00000000e0000000 (reserved)
[    0.000000]  BIOS-e820: 00000000feffc000 - 00000000ff000000 (reserved)
[    0.000000]  BIOS-e820: 00000000fffc0000 - 0000000100000000 (reserved)
[    0.000000]  BIOS-e820: 0000000100000000 - 0000000420000000 (usable)
[    0.000000] NX (Execute Disable) protection: active
[    0.000000] SMBIOS 2.4 present.
[    0.000000] No AGP bridge found
[    0.000000] last_pfn = 0x420000 max_arch_pfn = 0x400000000
[    0.000000] PAT not supported by CPU.
[    0.000000] last_pfn = 0xdfffe max_arch_pfn = 0x400000000
[    0.000000] found SMP MP-table at [ffff8800000fdac0] fdac0
[    0.000000] init_memory_mapping: 0000000000000000-00000000dfffe000
[    0.000000] init_memory_mapping: 0000000100000000-0000000420000000
[    0.000000] RAMDISK: 36c6c000 - 3762e000
[    0.000000] ACPI: RSDP 00000000000fd8b0 00014 (v00 BOCHS )
[    0.000000] ACPI: RSDT 00000000dfffe470 00038 (v01 BOCHS  BXPCRSDT 00000001 BXPC 00000001)
[    0.000000] ACPI: FACP 00000000dfffff80 00074 (v01 BOCHS  BXPCFACP 00000001 BXPC 00000001)
[    0.000000] ACPI: DSDT 00000000dfffe4b0 01121 (v01   BXPC   BXDSDT 00000001 INTL 20100528)
[    0.000000] ACPI: FACS 00000000dfffff40 00040
[    0.000000] ACPI: SSDT 00000000dffffd70 001C1 (v01 BOCHS  BXPCSSDT 00000001 BXPC 00000001)
[    0.000000] ACPI: APIC 00000000dffffc70 00090 (v01 BOCHS  BXPCAPIC 00000001 BXPC 00000001)
[    0.000000] ACPI: HPET 00000000dffffc30 00038 (v01 BOCHS  BXPCHPET 00000001 BXPC 00000001)
[    0.000000] ACPI: SSDT 00000000dffff5e0 00644 (v01   BXPC BXSSDTPC 00000001 INTL 20100528)
[    0.000000] No NUMA configuration found
[    0.000000] Faking a node at 0000000000000000-0000000420000000
[    0.000000] Initmem setup node 0 0000000000000000-0000000420000000
[    0.000000]   NODE_DATA [000000041fffb000 - 000000041fffffff]
[    0.000000] kvm-clock: Using msrs 4b564d01 and 4b564d00
[    0.000000] kvm-clock: cpu 0, msr 0:16a8741, boot clock
[    0.000000] Zone PFN ranges:
[    0.000000]   DMA      0x00000010 -> 0x00001000
[    0.000000]   DMA32    0x00001000 -> 0x00100000
[    0.000000]   Normal   0x00100000 -> 0x00420000
[    0.000000] Movable zone start PFN for each node
[    0.000000] early_node_map[3] active PFN ranges
[    0.000000]     0: 0x00000010 -> 0x0000009f
[    0.000000]     0: 0x00000100 -> 0x000dfffe
[    0.000000]     0: 0x00100000 -> 0x00420000
[    0.000000] ACPI: PM-Timer IO Port: 0xb008
[    0.000000] ACPI: LAPIC (acpi_id[0x00] lapic_id[0x00] enabled)
[    0.000000] ACPI: LAPIC (acpi_id[0x01] lapic_id[0x01] enabled)
[    0.000000] ACPI: LAPIC (acpi_id[0x02] lapic_id[0x02] enabled)
[    0.000000] ACPI: LAPIC (acpi_id[0x03] lapic_id[0x03] enabled)
[    0.000000] ACPI: LAPIC_NMI (acpi_id[0xff] dfl dfl lint[0x1])
[    0.000000] ACPI: IOAPIC (id[0x04] address[0xfec00000] gsi_base[0])
[    0.000000] IOAPIC[0]: apic_id 4, version 17, address 0xfec00000, GSI 0-23
[    0.000000] ACPI: INT_SRC_OVR (bus 0 bus_irq 0 global_irq 2 dfl dfl)
[    0.000000] ACPI: INT_SRC_OVR (bus 0 bus_irq 5 global_irq 5 high level)
[    0.000000] ACPI: INT_SRC_OVR (bus 0 bus_irq 9 global_irq 9 high level)
[    0.000000] ACPI: INT_SRC_OVR (bus 0 bus_irq 10 global_irq 10 high level)
[    0.000000] ACPI: INT_SRC_OVR (bus 0 bus_irq 11 global_irq 11 high level)
[    0.000000] Using ACPI (MADT) for SMP configuration information
[    0.000000] ACPI: HPET id: 0x8086a201 base: 0xfed00000
[    0.000000] SMP: Allowing 4 CPUs, 0 hotplug CPUs
[    0.000000] PM: Registered nosave memory: 000000000009f000 - 00000000000a0000
[    0.000000] PM: Registered nosave memory: 00000000000a0000 - 00000000000f0000
[    0.000000] PM: Registered nosave memory: 00000000000f0000 - 0000000000100000
[    0.000000] PM: Registered nosave memory: 00000000dfffe000 - 00000000e0000000
[    0.000000] PM: Registered nosave memory: 00000000e0000000 - 00000000feffc000
[    0.000000] PM: Registered nosave memory: 00000000feffc000 - 00000000ff000000
[    0.000000] PM: Registered nosave memory: 00000000ff000000 - 00000000fffc0000
[    0.000000] PM: Registered nosave memory: 00000000fffc0000 - 0000000100000000
[    0.000000] Allocating PCI resources starting at e0000000 (gap: e0000000:1effc000)
[    0.000000] Booting paravirtualized kernel on KVM
[    0.000000] setup_percpu: NR_CPUS:512 nr_cpumask_bits:512 nr_cpu_ids:4 nr_node_ids:1
[    0.000000] PERCPU: Embedded 27 pages/cpu @ffff88041fc00000 s78912 r8192 d23488 u524288
[    0.000000] kvm-clock: cpu 0, msr 4:1fc12741, primary cpu clock
[    0.000000] KVM setup async PF for cpu 0
[    0.000000] kvm-stealtime: cpu 0, msr 41fc0cfc0
[    0.000000] Built 1 zonelists in Zone order, mobility grouping on.  Total pages: 4135048
[    0.000000] Policy zone: Normal
[    0.000000] Kernel command line: BOOT_IMAGE=/boot/vmlinuz-3.2.0-4-amd64 root=UUID=e35ebd7f-2405-4c97-9c3e-26919d55a9e5 ro console=tty0 console=ttyS0,115200n8
[    0.000000] PID hash table entries: 4096 (order: 3, 32768 bytes)
[    0.000000] Checking aperture...
[    0.000000] No AGP bridge found
[    0.000000] Memory: 16460264k/17301504k available (3434k kernel code, 524748k absent, 316492k reserved, 3305k data, 580k init)
[    0.000000] Hierarchical RCU implementation.
[    0.000000] 	RCU dyntick-idle grace-period acceleration is enabled.
[    0.000000] NR_IRQS:33024 nr_irqs:712 16
[    0.000000] Console: colour VGA+ 80x25
[    0.000000] console [tty0] enabled
[    0.000000] console [ttyS0] enabled
[    0.000000] Detected 2199.998 MHz processor.
[    0.008000] Calibrating delay loop (skipped) preset value.. 4399.99 BogoMIPS (lpj=8799992)
[    0.008000] pid_max: default: 32768 minimum: 301
[    0.008000] Security Framework initialized
[    0.008020] AppArmor: AppArmor disabled by boot time parameter
[    0.010146] Dentry cache hash table entries: 2097152 (order: 12, 16777216 bytes)
[    0.016148] Inode-cache hash table entries: 1048576 (order: 11, 8388608 bytes)
[    0.019603] Mount-cache hash table entries: 256
[    0.020211] Initializing cgroup subsys cpuacct
[    0.021108] Initializing cgroup subsys memory
[    0.022034] Initializing cgroup subsys devices
[    0.022941] Initializing cgroup subsys freezer
[    0.024016] Initializing cgroup subsys net_cls
[    0.024901] Initializing cgroup subsys blkio
[    0.025826] Initializing cgroup subsys perf_event
[    0.026865] mce: CPU supports 10 MCE banks
[    0.029533] ACPI: Core revision 20110623
[    0.034898] ..TIMER: vector=0x30 apic1=0 pin1=2 apic2=-1 pin2=-1
[    0.036011] CPU0: Intel QEMU Virtual CPU version 1.1.2 stepping 03
[    0.040002] APIC calibration not consistent with PM-Timer: 103ms instead of 100ms
[    0.040002] APIC delta adjusted to PM-Timer: 6249996 (6497514)
[    0.040002] Performance Events: unsupported p6 CPU model 2 no PMU driver, software events only.
[    0.040002] NMI watchdog disabled (cpu0): hardware events not enabled
[    0.040002] Booting Node   0, Processors  #1
[    0.056009] kvm-clock: cpu 1, msr 4:1fc92741, secondary cpu clock
[    0.056154] NMI watchdog disabled (cpu1): hardware events not enabled
[    0.056408]  #2
[    0.056190] KVM setup async PF for cpu 1
[    0.056190] kvm-stealtime: cpu 1, msr 41fc8cfc0
[    0.072053] KVM setup async PF for cpu 2
[    0.072388] NMI watchdog disabled (cpu2): hardware events not enabled
[    0.072712]  #3 Ok.
[    0.072438] kvm-stealtime: cpu 2, msr 41fd0cfc0
[    0.072438] kvm-clock: cpu 2, msr 4:1fd12741, secondary cpu clock
[    0.110132] kvm-clock: cpu 3, msr 4:1fd92741, secondary cpu clock
[    0.110249] NMI watchdog disabled (cpu3): hardware events not enabled
[    0.110292] Brought up 4 CPUs
[    0.110294] Total of 4 processors activated (17599.98 BogoMIPS).
[    0.110290] KVM setup async PF for cpu 3
[    0.110290] kvm-stealtime: cpu 3, msr 41fd8cfc0
[    0.128156] devtmpfs: initialized
[    0.133418] print_constraints: dummy: 
[    0.133658] NET: Registered protocol family 16
[    0.136154] ACPI: bus type pci registered
[    0.137220] PCI: Using configuration type 1 for base access
[    0.145343] bio: create slab <bio-0> at 0
[    0.148523] ACPI: Added _OSI(Module Device)
[    0.149513] ACPI: Added _OSI(Processor Device)
[    0.150460] ACPI: Added _OSI(3.0 _SCP Extensions)
[    0.152015] ACPI: Added _OSI(Processor Aggregator Device)
[    0.156632] ACPI: Interpreter enabled
[    0.157464] ACPI: (supports S0 S3 S4 S5)
[    0.159006] ACPI: Using IOAPIC for interrupt routing
[    0.164225] ACPI: No dock devices found.
[    0.165151] HEST: Table not found.
[    0.165947] PCI: Ignoring host bridge windows from ACPI; if necessary, use "pci=use_crs" and report a bug
[    0.167886] ACPI: PCI Root Bridge [PCI0] (domain 0000 [bus 00-ff])
[    0.174389] pci 0000:00:01.3: quirk: [io  0xb000-0xb03f] claimed by PIIX4 ACPI
[    0.176029] pci 0000:00:01.3: quirk: [io  0xb100-0xb10f] claimed by PIIX4 SMB
[    0.198011]  pci0000:00: Unable to request _OSC control (_OSC support mask: 0x1e)
[    0.202507] ACPI: PCI Interrupt Link [LNKA] (IRQs 5 *10 11)
[    0.204125] ACPI: PCI Interrupt Link [LNKB] (IRQs 5 *10 11)
[    0.205926] ACPI: PCI Interrupt Link [LNKC] (IRQs 5 10 *11)
[    0.207665] ACPI: PCI Interrupt Link [LNKD] (IRQs 5 10 *11)
[    0.208918] ACPI: PCI Interrupt Link [LNKS] (IRQs 9) *0
[    0.210935] vgaarb: device added: PCI:0000:00:02.0,decodes=io+mem,owns=io+mem,locks=none
[    0.212020] vgaarb: loaded
[    0.212713] vgaarb: bridge control possible 0000:00:02.0
[    0.214173] PCI: Using ACPI for IRQ routing
[    0.216743] HPET: 3 timers in total, 0 timers will be used for per-cpu timer
[    0.218206] hpet0: at MMIO 0xfed00000, IRQs 2, 8, 0
[    0.220019] hpet0: 3 comparators, 64-bit 100.000000 MHz counter
[    0.237941] Switching to clocksource kvm-clock
[    0.244988] pnp: PnP ACPI init
[    0.245704] ACPI: bus type pnp registered
[    0.252757] pnp: PnP ACPI: found 8 devices
[    0.253585] ACPI: ACPI bus type pnp unregistered
[    0.268606] NET: Registered protocol family 2
[    0.272402] IP route cache hash table entries: 524288 (order: 10, 4194304 bytes)
[    0.278675] TCP established hash table entries: 524288 (order: 11, 8388608 bytes)
[    0.287460] TCP bind hash table entries: 65536 (order: 8, 1048576 bytes)
[    0.289603] TCP: Hash tables configured (established 524288 bind 65536)
[    0.290806] TCP reno registered
[    0.291519] UDP hash table entries: 8192 (order: 6, 262144 bytes)
[    0.301030] UDP-Lite hash table entries: 8192 (order: 6, 262144 bytes)
[    0.302978] NET: Registered protocol family 1
[    0.303865] pci 0000:00:00.0: Limiting direct PCI/PCI transfers
[    0.305051] pci 0000:00:01.0: PIIX3: Enabling Passive Release
[    0.306150] pci 0000:00:01.0: Activating ISA DMA hang workarounds
[    0.307413] Unpacking initramfs...
[    0.568345] Freeing initrd memory: 9992k freed
[    0.572238] PCI-DMA: Using software bounce buffering for IO (SWIOTLB)
[    0.573447] Placing 64MB software IO TLB between ffff8800dbff0000 - ffff8800dfff0000
[    0.574966] software IO TLB at phys 0xdbff0000 - 0xdfff0000
[    0.577478] audit: initializing netlink socket (disabled)
[    0.578534] type=2000 audit(1481744919.576:1): initialized
[    0.618207] HugeTLB registered 2 MB page size, pre-allocated 0 pages
[    0.626372] VFS: Disk quotas dquot_6.5.2
[    0.627371] Dquot-cache hash table entries: 512 (order 0, 4096 bytes)
[    0.628880] msgmni has been set to 32168
[    0.630413] alg: No test for stdrng (krng)
[    0.631405] Block layer SCSI generic (bsg) driver version 0.4 loaded (major 253)
[    0.632969] io scheduler noop registered
[    0.633859] io scheduler deadline registered
[    0.635008] io scheduler cfq registered (default)
[    0.636201] pci_hotplug: PCI Hot Plug PCI Core version: 0.5
[    0.637277] pciehp: PCI Express Hot Plug Controller Driver version: 0.4
[    0.638505] acpiphp: ACPI Hot Plug PCI Controller Driver version: 0.5
[    0.639753] acpiphp: Slot [3] registered
[    0.640913] acpiphp: Slot [4] registered
[    0.641751] acpiphp: Slot [5] registered
[    0.642623] acpiphp: Slot [6] registered
[    0.643446] acpiphp: Slot [7] registered
[    0.644356] acpiphp: Slot [8] registered
[    0.645191] acpiphp: Slot [9] registered
[    0.646050] acpiphp: Slot [10] registered
[    0.646908] acpiphp: Slot [11] registered
[    0.647751] acpiphp: Slot [12] registered
[    0.648834] acpiphp: Slot [13] registered
[    0.649883] acpiphp: Slot [14] registered
[    0.650735] acpiphp: Slot [15] registered
[    0.651575] acpiphp: Slot [16] registered
[    0.652588] acpiphp: Slot [17] registered
[    0.653422] acpiphp: Slot [18] registered
[    0.654274] acpiphp: Slot [19] registered
[    0.655124] acpiphp: Slot [20] registered
[    0.655966] acpiphp: Slot [21] registered
[    0.656935] acpiphp: Slot [22] registered
[    0.657786] acpiphp: Slot [23] registered
[    0.658643] acpiphp: Slot [24] registered
[    0.659482] acpiphp: Slot [25] registered
[    0.660489] acpiphp: Slot [26] registered
[    0.661376] acpiphp: Slot [27] registered
[    0.662235] acpiphp: Slot [28] registered
[    0.663083] acpiphp: Slot [29] registered
[    0.663928] acpiphp: Slot [30] registered
[    0.664895] acpiphp: Slot [31] registered
[    0.665979] ERST: Table is not found!
[    0.666749] GHES: HEST is not enabled!
[    0.667611] Serial: 8250/16550 driver, 4 ports, IRQ sharing enabled
[    0.690558] serial8250: ttyS0 at I/O 0x3f8 (irq = 4) is a 16550A
[    0.809776] 00:06: ttyS0 at I/O 0x3f8 (irq = 4) is a 16550A
[    0.812252] Linux agpgart interface v0.103
[    0.813290] i8042: PNP: PS/2 Controller [PNP0303:KBD,PNP0f13:MOU] at 0x60,0x64 irq 1,12
[    0.815906] serio: i8042 KBD port at 0x60,0x64 irq 1
[    0.816966] serio: i8042 AUX port at 0x60,0x64 irq 12
[    0.818641] mousedev: PS/2 mouse device common for all mice
[    0.820150] input: AT Translated Set 2 keyboard as /devices/platform/i8042/serio0/input/input0
[    0.822029] rtc_cmos 00:01: RTC can wake from S4
[    0.823337] rtc_cmos 00:01: rtc core: registered rtc_cmos as rtc0
[    0.824712] rtc0: alarms up to one day, 114 bytes nvram, hpet irqs
[    0.825914] cpuidle: using governor ladder
[    0.826752] cpuidle: using governor menu
[    0.827831] TCP cubic registered
[    0.829117] NET: Registered protocol family 10
[    0.830940] Mobile IPv6
[    0.831557] NET: Registered protocol family 17
[    0.832526] Registering the dns_resolver key type
[    0.834120] registered taskstats version 1
[    0.836372] rtc_cmos 00:01: setting system clock to 2016-12-14 19:48:39 UTC (1481744919)
[    0.837998] Initializing network drop monitor service
[    0.840820] Freeing unused kernel memory: 580k freed
[    0.842051] Write protecting the kernel read-only data: 6144k
[    0.845864] Freeing unused kernel memory: 644k freed
[    0.849781] Freeing unused kernel memory: 688k freed
Loading, please wait...
[    0.868135] udevd[58]: starting version 175
[    0.899721] e1000: Intel(R) PRO/1000 Network Driver - version 7.3.21-k8-NAPI
[    0.901289] e1000: Copyright (c) 1999-2006 Intel Corporation.
[    0.902538] ACPI: PCI Interrupt Link [LNKC] enabled at IRQ 11
[    0.912288] SCSI subsystem initialized
[    0.928303] Floppy drive(s): fd0 is 1.44M
[    0.947406] FDC 0 is a S82078B
[    1.419052] e1000 0000:00:03.0: eth0: (PCI:33MHz:32-bit) 52:54:00:12:34:56
[    1.420600] e1000 0000:00:03.0: eth0: Intel(R) PRO/1000 Network Connection
[    1.437416] scsi0 : ata_piix
[    1.439734] scsi1 : ata_piix
[    1.440611] ata1: PATA max MWDMA2 cmd 0x1f0 ctl 0x3f6 bmdma 0xc040 irq 14
[    1.441889] ata2: PATA max MWDMA2 cmd 0x170 ctl 0x376 bmdma 0xc048 irq 15
[    1.576223] Refined TSC clocksource calibration: 2199.955 MHz.
[    1.606124] ata2.00: ATAPI: QEMU DVD-ROM, 1.1.2, max UDMA/100
[    1.607506] ata1.00: ATA-7: QEMU HARDDISK, 1.1.2, max UDMA/100
[    1.608804] ata1.00: 9011200 sectors, multi 16: LBA48 
[    1.610647] ata2.00: configured for MWDMA2
[    1.612557] ata1.00: configured for MWDMA2
[    1.614725] scsi 0:0:0:0: Direct-Access     ATA      QEMU HARDDISK    1.1. PQ: 0 ANSI: 5
[    1.619154] scsi 1:0:0:0: CD-ROM            QEMU     QEMU DVD-ROM     1.1. PQ: 0 ANSI: 5
[    1.634232] sd 0:0:0:0: [sda] 9011200 512-byte logical blocks: (4.61 GB/4.29 GiB)
[    1.636270] sd 0:0:0:0: [sda] Write Protect is off
[    1.637430] sd 0:0:0:0: [sda] Write cache: disabled, read cache: enabled, doesn't support DPO or FUA
[    1.642019] sr0: scsi3-mmc drive: 4x/4x cd/rw xa/form2 tray
[    1.642578]  sda: sda1
[    1.645222] cdrom: Uniform CD-ROM driver Revision: 3.20
[    1.646689] sd 0:0:0:0: [sda] Attached SCSI disk
[    1.651820] sd 0:0:0:0: Attached scsi generic sg0 type 0
[    1.653680] sr 1:0:0:0: Attached scsi generic sg1 type 5
Begin: Loading essential drivers ... done.
Begin: Running /scripts/init-premount ... done.
Begin: Mounting root file system ... Begin: Running /scripts/local-top ... done.
Begin: Running /scripts/local-premount ... done.
[    2.412260] EXT4-fs (sda1): mounted filesystem with ordered data mode. Opts: (null)
Begin: Running /scripts/local-bottom ... done.
done.
Begin: Running /scripts/init-bottom ... done.
INIT: version 2.88 booting
[[36minfo[39;49m] Using makefile-style concurrent boot in runlevel S.
findfs: unable to resolve 'UUID="e35ebd7f-2405-4c97-9c3e-26919d55a9e5"'
[....] Starting the hotplug events dispatcher: udevd[    2.925894] udevd[304]: starting version 175
[?25l[?1c7[1G[[32m ok [39;49m8[?25h[?0c.
[....] Synthesizing the initial hotplug events...[?25l[?1c7[1G[[32m ok [39;49m8[?25h[?0cdone.
[    3.197414] input: Power Button as /devices/LNXSYSTM:00/LNXPWRBN:00/input/input1
[    3.199078] ACPI: Power Button [PWRF]
[    3.257902] input: PC Speaker as /devices/platform/pcspkr/input/input2
[....] Waiting for /dev to be fully populated...[    3.292560] parport_pc 00:05: reported by Plug and Play ACPI
[    3.295515] parport0: PC-style at 0x378, irq 7 [PCSPP,TRISTATE]
[    3.313357] piix4_smbus 0000:00:01.3: SMBus Host Controller at 0xb100, revision 0
[    3.407589] Error: Driver 'pcspkr' is already registered, aborting...
[?25l[?1c7[1G[[32m ok [39;49m8[?25h[?0cdone.
findfs: unable to resolve 'UUID="e35ebd7f-2405-4c97-9c3e-26919d55a9e5"'
[....] Activating swap...[?25l[?1c7[1G[[32m ok [39;49m8[?25h[?0cdone.
Usage: mountpoint [-q] [-d] [-x] path
[    3.853394] EXT4-fs (sda1): re-mounted. Opts: (null)
[....] Checking root file system...fsck from util-linux 2.20.1
/run/rootdev: clean, 32669/264000 files, 885445/1054720 blocks
[?25l[?1c7[1G[[32m ok [39;49m8[?25h[?0cdone.
[    3.971980] EXT4-fs (sda1): re-mounted. Opts: errors=remount-ro,errors=remount-ro
[    3.977001] input: ImExPS/2 Generic Explorer Mouse as /devices/platform/i8042/serio1/input/input3
[....] Cleaning up temporary files... /tmp[?25l[?1c7[1G[[32m ok [39;49m8[?25h[?0c.
findfs: unable to resolve 'UUID="e35ebd7f-2405-4c97-9c3e-26919d55a9e5"'
findfs: unable to resolve 'UUID="e35ebd7f-2405-4c97-9c3e-26919d55a9e5"'
[....] Activating lvm and md swap...[?25l[?1c7[1G[[32m ok [39;49m8[?25h[?0cdone.
[....] Checking file systems...fsck from util-linux 2.20.1
[?25l[?1c7[1G[[32m ok [39;49m8[?25h[?0cdone.
[....] Mounting local filesystems...[?25l[?1c7[1G[[32m ok [39;49m8[?25h[?0cdone.
[....] Activating swapfile swap...[?25l[?1c7[1G[[32m ok [39;49m8[?25h[?0cdone.
findfs: unable to resolve 'UUID="e35ebd7f-2405-4c97-9c3e-26919d55a9e5"'
[....] Cleaning up temporary files...[?25l[?1c7[1G[[32m ok [39;49m8[?25h[?0c.
[....] Setting kernel variables ...[?25l[?1c7[1G[[32m ok [39;49m8[?25h[?0cdone.
[....] Configuring network interfaces...Internet Systems Consortium DHCP Client 4.2.2
Copyright 2004-2011 Internet Systems Consortium.
All rights reserved.
For info, please visit https://www.isc.org/software/dhcp/

[    5.161381] ADDRCONF(NETDEV_UP): eth0: link is not ready
Listening on LPF/eth0/52:54:00:12:34:56
Sending on   LPF/eth0/52:54:00:12:34:56
Sending on   Socket/fallback
DHCPDISCOVER on eth0 to 255.255.255.255 port 67 interval 7
[    7.164869] e1000: eth0 NIC Link is Up 1000 Mbps Full Duplex, Flow Control: RX
[    7.169689] ADDRCONF(NETDEV_CHANGE): eth0: link becomes ready
DHCPDISCOVER on eth0 to 255.255.255.255 port 67 interval 20
DHCPREQUEST on eth0 to 255.255.255.255 port 67
DHCPOFFER from 10.0.2.2
DHCPACK from 10.0.2.2
bound to 10.0.2.15 -- renewal in 41018 seconds.
ifup: interface eth0 already configured
[?25l[?1c7[1G[[32m ok [39;49m8[?25h[?0cdone.
[....] Cleaning up temporary files...[?25l[?1c7[1G[[32m ok [39;49m8[?25h[?0c.
INIT: Entering runlevel: 2
[[36minfo[39;49m] Using makefile-style concurrent boot in runlevel 2.
[....] Starting OpenBSD Secure Shell server: sshd[?25l[?1c7[1G[[32m ok [39;49m8[?25h[?0c.
Entering benchmark mode
./scaff/bin/uniform/stream_d0
STARTING stream_d0 execution: Wed Dec 14 21:48:51 EET 2016
-------------------------------------------------------------
STREAM version $Revision: 5.10 $
-------------------------------------------------------------
This system uses 8 bytes per array element.
-------------------------------------------------------------
Array size = 50000000 (elements), Offset = 0 (elements)
Memory per array = 381.5 MiB (= 0.4 GiB).
Total memory required = 1144.4 MiB (= 1.1 GiB).
Each kernel will be executed 20 times.
 The *best* time for each kernel (excluding the first iteration)
 will be used to compute the reported bandwidth.
-------------------------------------------------------------
Number of Threads requested = 4
Number of Threads counted = 4
-------------------------------------------------------------
Your clock granularity/precision appears to be 1 microseconds.
Each test below will take on the order of 222460 microseconds.
   (= 222460 clock ticks)
Increase the size of the arrays if this shows that
you are not getting at least 20 clock ticks per test.
-------------------------------------------------------------
WARNING -- The above is only a rough guideline.
For best results, please be sure you know the
precision of your system timer.
-------------------------------------------------------------
Function    Best Rate  Avg Rate   MB/s  Avg time     Min time     Max time
Copy:            3510.7       2755.4    0.290340    0.227874     0.349685
Scale:           3364.4       2670.0    0.299625    0.237781     0.360419
Add:             4613.8       3671.7    0.326827    0.260092     0.402538
Triad:           4448.0       3468.8    0.345941    0.269782     0.415025
-------------------------------------------------------------
Solution Validates: avg error less than 1.000000e-13 on all three arrays
-------------------------------------------------------------
-------------------------------------------------------------
STREAM version $Revision: 5.10 $
-------------------------------------------------------------
This system uses 8 bytes per array element.
-------------------------------------------------------------
Array size = 50000000 (elements), Offset = 0 (elements)
Memory per array = 381.5 MiB (= 0.4 GiB).
Total memory required = 1144.4 MiB (= 1.1 GiB).
Each kernel will be executed 20 times.
 The *best* time for each kernel (excluding the first iteration)
 will be used to compute the reported bandwidth.
-------------------------------------------------------------
Number of Threads requested = 4
Number of Threads counted = 4
-------------------------------------------------------------
Your clock granularity/precision appears to be 1 microseconds.
Each test below will take on the order of 231108 microseconds.
   (= 231108 clock ticks)
Increase the size of the arrays if this shows that
you are not getting at least 20 clock ticks per test.
-------------------------------------------------------------
WARNING -- The above is only a rough guideline.
For best results, please be sure you know the
precision of your system timer.
-------------------------------------------------------------
Function    Best Rate  Avg Rate   MB/s  Avg time     Min time     Max time
Copy:            3931.3       2803.6    0.285345    0.203493     0.361013
Scale:           3353.1       2732.6    0.292763    0.238586     0.368166
Add:             4353.4       3607.6    0.332631    0.275645     0.372058
Triad:           4762.5       3489.8    0.343855    0.251969     0.393154
-------------------------------------------------------------
Solution Validates: avg error less than 1.000000e-13 on all three arrays
-------------------------------------------------------------
-------------------------------------------------------------
STREAM version $Revision: 5.10 $
-------------------------------------------------------------
This system uses 8 bytes per array element.
-------------------------------------------------------------
Array size = 50000000 (elements), Offset = 0 (elements)
Memory per array = 381.5 MiB (= 0.4 GiB).
Total memory required = 1144.4 MiB (= 1.1 GiB).
Each kernel will be executed 20 times.
 The *best* time for each kernel (excluding the first iteration)
 will be used to compute the reported bandwidth.
-------------------------------------------------------------
Number of Threads requested = 4
Number of Threads counted = 4
-------------------------------------------------------------
Your clock granularity/precision appears to be 1 microseconds.
Each test below will take on the order of 232347 microseconds.
   (= 232347 clock ticks)
Increase the size of the arrays if this shows that
you are not getting at least 20 clock ticks per test.
-------------------------------------------------------------
WARNING -- The above is only a rough guideline.
For best results, please be sure you know the
precision of your system timer.
-------------------------------------------------------------
Function    Best Rate  Avg Rate   MB/s  Avg time     Min time     Max time
Copy:            3770.5       2741.9    0.291772    0.212171     0.352677
Scale:           3543.5       2885.3    0.277272    0.225766     0.315681
Add:             4309.9       3538.2    0.339157    0.278429     0.412012
Triad:           3934.4       3409.1    0.352002    0.305001     0.418646
-------------------------------------------------------------
Solution Validates: avg error less than 1.000000e-13 on all three arrays
-------------------------------------------------------------
-------------------------------------------------------------
STREAM version $Revision: 5.10 $
-------------------------------------------------------------
This system uses 8 bytes per array element.
-------------------------------------------------------------
Array size = 50000000 (elements), Offset = 0 (elements)
Memory per array = 381.5 MiB (= 0.4 GiB).
Total memory required = 1144.4 MiB (= 1.1 GiB).
Each kernel will be executed 20 times.
 The *best* time for each kernel (excluding the first iteration)
 will be used to compute the reported bandwidth.
-------------------------------------------------------------
Number of Threads requested = 4
Number of Threads counted = 4
-------------------------------------------------------------
Your clock granularity/precision appears to be 1 microseconds.
Each test below will take on the order of 198970 microseconds.
   (= 198970 clock ticks)
Increase the size of the arrays if this shows that
you are not getting at least 20 clock ticks per test.
-------------------------------------------------------------
WARNING -- The above is only a rough guideline.
For best results, please be sure you know the
precision of your system timer.
-------------------------------------------------------------
Function    Best Rate  Avg Rate   MB/s  Avg time     Min time     Max time
Copy:            3685.1       2806.9    0.285008    0.217088     0.330573
Scale:           3416.6       2789.2    0.286816    0.234153     0.335327
Add:             4404.7       3382.9    0.354727    0.272438     0.450753
Triad:           4171.6       3508.7    0.342003    0.287656     0.392858
-------------------------------------------------------------
Solution Validates: avg error less than 1.000000e-13 on all three arrays
-------------------------------------------------------------
-------------------------------------------------------------
STREAM version $Revision: 5.10 $
-------------------------------------------------------------
This system uses 8 bytes per array element.
-------------------------------------------------------------
Array size = 50000000 (elements), Offset = 0 (elements)
Memory per array = 381.5 MiB (= 0.4 GiB).
Total memory required = 1144.4 MiB (= 1.1 GiB).
Each kernel will be executed 20 times.
 The *best* time for each kernel (excluding the first iteration)
 will be used to compute the reported bandwidth.
-------------------------------------------------------------
Number of Threads requested = 4
Number of Threads counted = 4
-------------------------------------------------------------
Your clock granularity/precision appears to be 1 microseconds.
Each test below will take on the order of 219895 microseconds.
   (= 219895 clock ticks)
Increase the size of the arrays if this shows that
you are not getting at least 20 clock ticks per test.
-------------------------------------------------------------
WARNING -- The above is only a rough guideline.
For best results, please be sure you know the
precision of your system timer.
-------------------------------------------------------------
Function    Best Rate  Avg Rate   MB/s  Avg time     Min time     Max time
Copy:            3667.6       2692.7    0.297100    0.218127     0.363228
Scale:           4268.9       2824.2    0.283266    0.187401     0.350887
Add:             4412.3       3461.5    0.346671    0.271966     0.402309
Triad:           4987.1       3397.0    0.353250    0.240621     0.437186
-------------------------------------------------------------
Solution Validates: avg error less than 1.000000e-13 on all three arrays
-------------------------------------------------------------
-------------------------------------------------------------
STREAM version $Revision: 5.10 $
-------------------------------------------------------------
This system uses 8 bytes per array element.
-------------------------------------------------------------
Array size = 50000000 (elements), Offset = 0 (elements)
Memory per array = 381.5 MiB (= 0.4 GiB).
Total memory required = 1144.4 MiB (= 1.1 GiB).
Each kernel will be executed 20 times.
 The *best* time for each kernel (excluding the first iteration)
 will be used to compute the reported bandwidth.
-------------------------------------------------------------
Number of Threads requested = 4
Number of Threads counted = 4
-------------------------------------------------------------
Your clock granularity/precision appears to be 1 microseconds.
Each test below will take on the order of 204454 microseconds.
   (= 204454 clock ticks)
Increase the size of the arrays if this shows that
you are not getting at least 20 clock ticks per test.
-------------------------------------------------------------
WARNING -- The above is only a rough guideline.
For best results, please be sure you know the
precision of your system timer.
-------------------------------------------------------------
Function    Best Rate  Avg Rate   MB/s  Avg time     Min time     Max time
Copy:            3470.3       2792.1    0.286523    0.230528     0.319644
Scale:           3649.2       2714.3    0.294737    0.219224     0.362557
Add:             4019.4       3474.1    0.345415    0.298551     0.399369
Triad:           4121.8       3409.5    0.351953    0.291138     0.412866
-------------------------------------------------------------
Solution Validates: avg error less than 1.000000e-13 on all three arrays
-------------------------------------------------------------
-------------------------------------------------------------
STREAM version $Revision: 5.10 $
-------------------------------------------------------------
This system uses 8 bytes per array element.
-------------------------------------------------------------
Array size = 50000000 (elements), Offset = 0 (elements)
Memory per array = 381.5 MiB (= 0.4 GiB).
Total memory required = 1144.4 MiB (= 1.1 GiB).
Each kernel will be executed 20 times.
 The *best* time for each kernel (excluding the first iteration)
 will be used to compute the reported bandwidth.
-------------------------------------------------------------
Number of Threads requested = 4
Number of Threads counted = 4
-------------------------------------------------------------
Your clock granularity/precision appears to be 1 microseconds.
Each test below will take on the order of 205940 microseconds.
   (= 205940 clock ticks)
Increase the size of the arrays if this shows that
you are not getting at least 20 clock ticks per test.
-------------------------------------------------------------
WARNING -- The above is only a rough guideline.
For best results, please be sure you know the
precision of your system timer.
-------------------------------------------------------------
Function    Best Rate  Avg Rate   MB/s  Avg time     Min time     Max time
Copy:            3800.2       2729.5    0.293090    0.210514     0.347908
Scale:           3605.9       2760.5    0.289802    0.221857     0.331283
Add:             5299.4       3509.0    0.341979    0.226442     0.381881
Triad:           4684.1       3535.2    0.339444    0.256185     0.402578
-------------------------------------------------------------
Solution Validates: avg error less than 1.000000e-13 on all three arrays
-------------------------------------------------------------
-------------------------------------------------------------
STREAM version $Revision: 5.10 $
-------------------------------------------------------------
This system uses 8 bytes per array element.
-------------------------------------------------------------
Array size = 50000000 (elements), Offset = 0 (elements)
Memory per array = 381.5 MiB (= 0.4 GiB).
Total memory required = 1144.4 MiB (= 1.1 GiB).
Each kernel will be executed 20 times.
 The *best* time for each kernel (excluding the first iteration)
 will be used to compute the reported bandwidth.
-------------------------------------------------------------
Number of Threads requested = 4
Number of Threads counted = 4
-------------------------------------------------------------
Your clock granularity/precision appears to be 1 microseconds.
Each test below will take on the order of 207727 microseconds.
   (= 207727 clock ticks)
Increase the size of the arrays if this shows that
you are not getting at least 20 clock ticks per test.
-------------------------------------------------------------
WARNING -- The above is only a rough guideline.
For best results, please be sure you know the
precision of your system timer.
-------------------------------------------------------------
Function    Best Rate  Avg Rate   MB/s  Avg time     Min time     Max time
Copy:            3529.6       2726.9    0.293375    0.226652     0.401976
Scale:           3503.5       2782.6    0.287496    0.228341     0.359131
Add:             4410.8       3598.3    0.333489    0.272061     0.396184
Triad:           4510.5       3485.2    0.344317    0.266047     0.390120
-------------------------------------------------------------
Solution Validates: avg error less than 1.000000e-13 on all three arrays
-------------------------------------------------------------
-------------------------------------------------------------
STREAM version $Revision: 5.10 $
-------------------------------------------------------------
This system uses 8 bytes per array element.
-------------------------------------------------------------
Array size = 50000000 (elements), Offset = 0 (elements)
Memory per array = 381.5 MiB (= 0.4 GiB).
Total memory required = 1144.4 MiB (= 1.1 GiB).
Each kernel will be executed 20 times.
 The *best* time for each kernel (excluding the first iteration)
 will be used to compute the reported bandwidth.
-------------------------------------------------------------
Number of Threads requested = 4
Number of Threads counted = 4
-------------------------------------------------------------
Your clock granularity/precision appears to be 1 microseconds.
Each test below will take on the order of 246783 microseconds.
   (= 246783 clock ticks)
Increase the size of the arrays if this shows that
you are not getting at least 20 clock ticks per test.
-------------------------------------------------------------
WARNING -- The above is only a rough guideline.
For best results, please be sure you know the
precision of your system timer.
-------------------------------------------------------------
Function    Best Rate  Avg Rate   MB/s  Avg time     Min time     Max time
Copy:            3456.0       2832.6    0.282424    0.231484     0.334226
Scale:           4046.1       2850.0    0.280697    0.197721     0.341426
Add:             4863.2       3475.1    0.345310    0.246749     0.399392
Triad:           4318.6       3377.1    0.355334    0.277865     0.441553
-------------------------------------------------------------
Solution Validates: avg error less than 1.000000e-13 on all three arrays
-------------------------------------------------------------
-------------------------------------------------------------
STREAM version $Revision: 5.10 $
-------------------------------------------------------------
This system uses 8 bytes per array element.
-------------------------------------------------------------
Array size = 50000000 (elements), Offset = 0 (elements)
Memory per array = 381.5 MiB (= 0.4 GiB).
Total memory required = 1144.4 MiB (= 1.1 GiB).
Each kernel will be executed 20 times.
 The *best* time for each kernel (excluding the first iteration)
 will be used to compute the reported bandwidth.
-------------------------------------------------------------
Number of Threads requested = 4
Number of Threads counted = 4
-------------------------------------------------------------
Your clock granularity/precision appears to be 1 microseconds.
Each test below will take on the order of 279312 microseconds.
   (= 279312 clock ticks)
Increase the size of the arrays if this shows that
you are not getting at least 20 clock ticks per test.
-------------------------------------------------------------
WARNING -- The above is only a rough guideline.
For best results, please be sure you know the
precision of your system timer.
-------------------------------------------------------------
Function    Best Rate  Avg Rate   MB/s  Avg time     Min time     Max time
Copy:            3387.7       2805.5    0.285158    0.236147     0.365866
Scale:           3816.7       2815.4    0.284150    0.209607     0.334607
Add:             4351.6       3598.2    0.333498    0.275761     0.377682
Triad:           4548.5       3468.3    0.345990    0.263825     0.421091
-------------------------------------------------------------
Solution Validates: avg error less than 1.000000e-13 on all three arrays
-------------------------------------------------------------
-------------------------------------------------------------
STREAM version $Revision: 5.10 $
-------------------------------------------------------------
This system uses 8 bytes per array element.
-------------------------------------------------------------
Array size = 50000000 (elements), Offset = 0 (elements)
Memory per array = 381.5 MiB (= 0.4 GiB).
Total memory required = 1144.4 MiB (= 1.1 GiB).
Each kernel will be executed 20 times.
 The *best* time for each kernel (excluding the first iteration)
 will be used to compute the reported bandwidth.
-------------------------------------------------------------
Number of Threads requested = 4
Number of Threads counted = 4
-------------------------------------------------------------
Your clock granularity/precision appears to be 1 microseconds.
Each test below will take on the order of 211455 microseconds.
   (= 211455 clock ticks)
Increase the size of the arrays if this shows that
you are not getting at least 20 clock ticks per test.
-------------------------------------------------------------
WARNING -- The above is only a rough guideline.
For best results, please be sure you know the
precision of your system timer.
-------------------------------------------------------------
Function    Best Rate  Avg Rate   MB/s  Avg time     Min time     Max time
Copy:            3813.3       2794.6    0.286264    0.209793     0.350313
Scale:           4150.0       2841.1    0.281576    0.192769     0.332079
Add:             4844.1       3419.1    0.350971    0.247726     0.434636
Triad:           4423.9       3351.7    0.358030    0.271255     0.426330
-------------------------------------------------------------
Solution Validates: avg error less than 1.000000e-13 on all three arrays
-------------------------------------------------------------
-------------------------------------------------------------
STREAM version $Revision: 5.10 $
-------------------------------------------------------------
This system uses 8 bytes per array element.
-------------------------------------------------------------
Array size = 50000000 (elements), Offset = 0 (elements)
Memory per array = 381.5 MiB (= 0.4 GiB).
Total memory required = 1144.4 MiB (= 1.1 GiB).
Each kernel will be executed 20 times.
 The *best* time for each kernel (excluding the first iteration)
 will be used to compute the reported bandwidth.
-------------------------------------------------------------
Number of Threads requested = 4
Number of Threads counted = 4
-------------------------------------------------------------
Your clock granularity/precision appears to be 1 microseconds.
Each test below will take on the order of 243808 microseconds.
   (= 243808 clock ticks)
Increase the size of the arrays if this shows that
you are not getting at least 20 clock ticks per test.
-------------------------------------------------------------
WARNING -- The above is only a rough guideline.
For best results, please be sure you know the
precision of your system timer.
-------------------------------------------------------------
Function    Best Rate  Avg Rate   MB/s  Avg time     Min time     Max time
Copy:            3876.7       2757.7    0.290101    0.206360     0.363809
Scale:           3847.3       2749.0    0.291019    0.207938     0.342261
Add:             4709.3       3504.8    0.342392    0.254816     0.411240
Triad:           4960.2       3541.3    0.338857    0.241926     0.419132
-------------------------------------------------------------
Solution Validates: avg error less than 1.000000e-13 on all three arrays
-------------------------------------------------------------
-------------------------------------------------------------
STREAM version $Revision: 5.10 $
-------------------------------------------------------------
This system uses 8 bytes per array element.
-------------------------------------------------------------
Array size = 50000000 (elements), Offset = 0 (elements)
Memory per array = 381.5 MiB (= 0.4 GiB).
Total memory required = 1144.4 MiB (= 1.1 GiB).
Each kernel will be executed 20 times.
 The *best* time for each kernel (excluding the first iteration)
 will be used to compute the reported bandwidth.
-------------------------------------------------------------
Number of Threads requested = 4
Number of Threads counted = 4
-------------------------------------------------------------
Your clock granularity/precision appears to be 1 microseconds.
Each test below will take on the order of 218431 microseconds.
   (= 218431 clock ticks)
Increase the size of the arrays if this shows that
you are not getting at least 20 clock ticks per test.
-------------------------------------------------------------
WARNING -- The above is only a rough guideline.
For best results, please be sure you know the
precision of your system timer.
-------------------------------------------------------------
Function    Best Rate  Avg Rate   MB/s  Avg time     Min time     Max time
Copy:            3898.3       2802.1    0.285497    0.205220     0.354253
Scale:           3783.1       2788.1    0.286931    0.211468     0.333707
Add:             4274.6       3505.5    0.342320    0.280727     0.380514
Triad:           4314.1       3423.1    0.350556    0.278156     0.428446
-------------------------------------------------------------
Solution Validates: avg error less than 1.000000e-13 on all three arrays
-------------------------------------------------------------
-------------------------------------------------------------
STREAM version $Revision: 5.10 $
-------------------------------------------------------------
This system uses 8 bytes per array element.
-------------------------------------------------------------
Array size = 50000000 (elements), Offset = 0 (elements)
Memory per array = 381.5 MiB (= 0.4 GiB).
Total memory required = 1144.4 MiB (= 1.1 GiB).
Each kernel will be executed 20 times.
 The *best* time for each kernel (excluding the first iteration)
 will be used to compute the reported bandwidth.
-------------------------------------------------------------
Number of Threads requested = 4
Number of Threads counted = 4
-------------------------------------------------------------
Your clock granularity/precision appears to be 1 microseconds.
Each test below will take on the order of 196841 microseconds.
   (= 196841 clock ticks)
Increase the size of the arrays if this shows that
you are not getting at least 20 clock ticks per test.
-------------------------------------------------------------
WARNING -- The above is only a rough guideline.
For best results, please be sure you know the
precision of your system timer.
-------------------------------------------------------------
Function    Best Rate  Avg Rate   MB/s  Avg time     Min time     Max time
Copy:            3476.5       2859.7    0.279749    0.230117     0.360156
Scale:           3730.6       2827.5    0.282935    0.214440     0.324390
Add:             3954.4       3406.5    0.352264    0.303462     0.412027
Triad:           4180.5       3507.8    0.342094    0.287045     0.429538
-------------------------------------------------------------
Solution Validates: avg error less than 1.000000e-13 on all three arrays
-------------------------------------------------------------
-------------------------------------------------------------
STREAM version $Revision: 5.10 $
-------------------------------------------------------------
This system uses 8 bytes per array element.
-------------------------------------------------------------
Array size = 50000000 (elements), Offset = 0 (elements)
Memory per array = 381.5 MiB (= 0.4 GiB).
Total memory required = 1144.4 MiB (= 1.1 GiB).
Each kernel will be executed 20 times.
 The *best* time for each kernel (excluding the first iteration)
 will be used to compute the reported bandwidth.
-------------------------------------------------------------
Number of Threads requested = 4
Number of Threads counted = 4
-------------------------------------------------------------
Your clock granularity/precision appears to be 1 microseconds.
Each test below will take on the order of 190685 microseconds.
   (= 190685 clock ticks)
Increase the size of the arrays if this shows that
you are not getting at least 20 clock ticks per test.
-------------------------------------------------------------
WARNING -- The above is only a rough guideline.
For best results, please be sure you know the
precision of your system timer.
-------------------------------------------------------------
Function    Best Rate  Avg Rate   MB/s  Avg time     Min time     Max time
Copy:            3086.8       2698.9    0.296422    0.259164     0.358113
Scale:           3782.1       2858.7    0.279848    0.211524     0.330751
Add:             4536.2       3478.4    0.344985    0.264536     0.433330
Triad:           4259.0       3471.4    0.345683    0.281754     0.401999
-------------------------------------------------------------
Solution Validates: avg error less than 1.000000e-13 on all three arrays
-------------------------------------------------------------
-------------------------------------------------------------
STREAM version $Revision: 5.10 $
-------------------------------------------------------------
This system uses 8 bytes per array element.
-------------------------------------------------------------
Array size = 50000000 (elements), Offset = 0 (elements)
Memory per array = 381.5 MiB (= 0.4 GiB).
Total memory required = 1144.4 MiB (= 1.1 GiB).
Each kernel will be executed 20 times.
 The *best* time for each kernel (excluding the first iteration)
 will be used to compute the reported bandwidth.
-------------------------------------------------------------
Number of Threads requested = 4
Number of Threads counted = 4
-------------------------------------------------------------
Your clock granularity/precision appears to be 1 microseconds.
Each test below will take on the order of 230776 microseconds.
   (= 230776 clock ticks)
Increase the size of the arrays if this shows that
you are not getting at least 20 clock ticks per test.
-------------------------------------------------------------
WARNING -- The above is only a rough guideline.
For best results, please be sure you know the
precision of your system timer.
-------------------------------------------------------------
Function    Best Rate  Avg Rate   MB/s  Avg time     Min time     Max time
Copy:            3417.5       2812.9    0.284408    0.234091     0.323491
Scale:           3376.2       2811.0    0.284592    0.236951     0.334025
Add:             4033.0       3550.0    0.338028    0.297544     0.386149
Triad:           4408.1       3428.0    0.350053    0.272227     0.401128
-------------------------------------------------------------
Solution Validates: avg error less than 1.000000e-13 on all three arrays
-------------------------------------------------------------
INIT: Sending processes the TERM signal
[[36minfo[39;49m] Using makefile-style concurrent boot in runlevel 0.
[....] Asking all remaining processes to terminate...[?25l[?1c7[1G[[32m ok [39;49m8[?25h[?0cdone.
[....] All processes ended within 1 seconds...[?25l[?1c7[1G[[32m ok [39;49m8[?25h[?0cdone.
[....] Deconfiguring network interfaces...Internet Systems Consortium DHCP Client 4.2.2
Copyright 2004-2011 Internet Systems Consortium.
All rights reserved.
For info, please visit https://www.isc.org/software/dhcp/

Listening on LPF/eth0/52:54:00:12:34:56
Sending on   LPF/eth0/52:54:00:12:34:56
Sending on   Socket/fallback
DHCPRELEASE on eth0 to 10.0.2.2 port 67
[?25l[?1c7[1G[[32m ok [39;49m8[?25h[?0cdone.
[[36minfo[39;49m] Saving the system clock.
[[36minfo[39;49m] Hardware Clock updated to Wed Dec 14 19:56:28 UTC 2016.
[....] Deactivating swap...[?25l[?1c7[1G[[32m ok [39;49m8[?25h[?0cdone.
[  470.081290] EXT4-fs (sda1): re-mounted. Opts: (null)
[[36minfo[39;49m] Will now halt.
[  472.196586] sd 0:0:0:0: [sda] Stopping disk
[  472.199483] ACPI: Preparing to enter system sleep state S5
[  472.200782] Power down.
aff-executor-preload.c:affhooks_init()
aff-executor-preload.c:affhooks_shut()
HELLO KITTY
