aff-executor-preload.c:affhooks_init()
[H[J[?25l[m[H[J[2;25HGNU GRUB  version 1.99-27+deb7u2

[m[4;2H+--------------------------------------------------------------------------+[5;2H|[5;77H|[6;2H|[6;77H|[7;2H|[7;77H|[8;2H|[8;77H|[9;2H|[9;77H|[10;2H|[10;77H|[11;2H|[11;77H|[12;2H|[12;77H|[13;2H|[13;77H|[14;2H|[14;77H|[15;2H|[15;77H|[16;2H|[16;77H|[17;2H+--------------------------------------------------------------------------+[m[18;2H[m
      Use the ^ and v keys to select which entry is highlighted.      
      Press enter to boot the selected OS, 'e' to edit the commands      
      before booting or 'c' for a command-line.      
      [5;78H [7m[5;3HDebian GNU/Linux, with Linux 3.2.0-4-amd64                               [m [5;76H[m[m[6;3HDebian GNU/Linux, with Linux 3.2.0-4-amd64 (recovery mode)               [m [6;76H[m[m[7;3H                                                                         [m [7;76H[m[m[8;3H                                                                         [m [8;76H[m[m[9;3H                                                                         [m [9;76H[m[m[10;3H                                                                         [m [10;76H[m[m[11;3H                                                                         [m [11;76H[m[m[12;3H                                                                         [m [12;76H[m[m[13;3H                                                                         [m [13;76H[m[m[14;3H                                                                         [m [14;76H[m[m[15;3H                                                                         [m [15;76H[m[m[16;3H                                                                         [m [16;76H[m[16;78H [5;76H[22;1H   The highlighted entry will be executed automatically in 5s.                 [5;76H[22;1H   The highlighted entry will be executed automatically in 4s.                 [5;76H[22;1H   The highlighted entry will be executed automatically in 3s.                 [5;76H[22;1H   The highlighted entry will be executed automatically in 2s.                 [5;76H[22;1H   The highlighted entry will be executed automatically in 1s.                 [5;76H[22;1H   The highlighted entry will be executed automatically in 0s.                 [5;76H[?25h[H[J[H[J  Booting 'Debian GNU/Linux, with Linux 3.2.0-4-amd64'

Loading Linux 3.2.0-4-amd64 ...
Loading initial ramdisk ...
[    0.000000] Initializing cgroup subsys cpuset
[    0.000000] Initializing cgroup subsys cpu
[    0.000000] Linux version 3.2.0-4-amd64 (debian-kernel@lists.debian.org) (gcc version 4.6.3 (Debian 4.6.3-14) ) #1 SMP Debian 3.2.68-1+deb7u3
[    0.000000] Command line: BOOT_IMAGE=/boot/vmlinuz-3.2.0-4-amd64 root=UUID=e35ebd7f-2405-4c97-9c3e-26919d55a9e5 ro console=tty0 console=ttyS0,115200n8
[    0.000000] BIOS-provided physical RAM map:
[    0.000000]  BIOS-e820: 0000000000000000 - 000000000009fc00 (usable)
[    0.000000]  BIOS-e820: 000000000009fc00 - 00000000000a0000 (reserved)
[    0.000000]  BIOS-e820: 00000000000f0000 - 0000000000100000 (reserved)
[    0.000000]  BIOS-e820: 0000000000100000 - 00000000bfffe000 (usable)
[    0.000000]  BIOS-e820: 00000000bfffe000 - 00000000c0000000 (reserved)
[    0.000000]  BIOS-e820: 00000000feffc000 - 00000000ff000000 (reserved)
[    0.000000]  BIOS-e820: 00000000fffc0000 - 0000000100000000 (reserved)
[    0.000000]  BIOS-e820: 0000000100000000 - 0000000440000000 (usable)
[    0.000000] NX (Execute Disable) protection: active
[    0.000000] SMBIOS 2.4 present.
[    0.000000] No AGP bridge found
[    0.000000] last_pfn = 0x440000 max_arch_pfn = 0x400000000
[    0.000000] x86 PAT enabled: cpu 0, old 0x70406, new 0x7010600070106
[    0.000000] last_pfn = 0xbfffe max_arch_pfn = 0x400000000
[    0.000000] found SMP MP-table at [ffff8800000f0b10] f0b10
[    0.000000] Using GB pages for direct mapping
[    0.000000] init_memory_mapping: 0000000000000000-00000000bfffe000
[    0.000000] init_memory_mapping: 0000000100000000-0000000440000000
[    0.000000] RAMDISK: 36c6c000 - 3762e000
[    0.000000] ACPI: RSDP 00000000000f08e0 00014 (v00 BOCHS )
[    0.000000] ACPI: RSDT 00000000bffffcfc 00034 (v01 BOCHS  BXPCRSDT 00000001 BXPC 00000001)
[    0.000000] ACPI: FACP 00000000bffff1c0 00074 (v01 BOCHS  BXPCFACP 00000001 BXPC 00000001)
[    0.000000] ACPI: DSDT 00000000bfffe040 01180 (v01 BOCHS  BXPCDSDT 00000001 BXPC 00000001)
[    0.000000] ACPI: FACS 00000000bfffe000 00040
[    0.000000] ACPI: SSDT 00000000bffff234 00A00 (v01 BOCHS  BXPCSSDT 00000001 BXPC 00000001)
[    0.000000] ACPI: APIC 00000000bffffc34 00090 (v01 BOCHS  BXPCAPIC 00000001 BXPC 00000001)
[    0.000000] ACPI: HPET 00000000bffffcc4 00038 (v01 BOCHS  BXPCHPET 00000001 BXPC 00000001)
[    0.000000] No NUMA configuration found
[    0.000000] Faking a node at 0000000000000000-0000000440000000
[    0.000000] Initmem setup node 0 0000000000000000-0000000440000000
[    0.000000]   NODE_DATA [000000043fffb000 - 000000043fffffff]
[    0.000000] kvm-clock: Using msrs 4b564d01 and 4b564d00
[    0.000000] kvm-clock: cpu 0, msr 0:16a8741, boot clock
[    0.000000] Zone PFN ranges:
[    0.000000]   DMA      0x00000010 -> 0x00001000
[    0.000000]   DMA32    0x00001000 -> 0x00100000
[    0.000000]   Normal   0x00100000 -> 0x00440000
[    0.000000] Movable zone start PFN for each node
[    0.000000] early_node_map[3] active PFN ranges
[    0.000000]     0: 0x00000010 -> 0x0000009f
[    0.000000]     0: 0x00000100 -> 0x000bfffe
[    0.000000]     0: 0x00100000 -> 0x00440000
[    0.000000] ACPI: PM-Timer IO Port: 0xb008
[    0.000000] ACPI: LAPIC (acpi_id[0x00] lapic_id[0x00] enabled)
[    0.000000] ACPI: LAPIC (acpi_id[0x01] lapic_id[0x01] enabled)
[    0.000000] ACPI: LAPIC (acpi_id[0x02] lapic_id[0x02] enabled)
[    0.000000] ACPI: LAPIC (acpi_id[0x03] lapic_id[0x03] enabled)
[    0.000000] ACPI: LAPIC_NMI (acpi_id[0xff] dfl dfl lint[0x1])
[    0.000000] ACPI: IOAPIC (id[0x00] address[0xfec00000] gsi_base[0])
[    0.000000] IOAPIC[0]: apic_id 0, version 17, address 0xfec00000, GSI 0-23
[    0.000000] ACPI: INT_SRC_OVR (bus 0 bus_irq 0 global_irq 2 dfl dfl)
[    0.000000] ACPI: INT_SRC_OVR (bus 0 bus_irq 5 global_irq 5 high level)
[    0.000000] ACPI: INT_SRC_OVR (bus 0 bus_irq 9 global_irq 9 high level)
[    0.000000] ACPI: INT_SRC_OVR (bus 0 bus_irq 10 global_irq 10 high level)
[    0.000000] ACPI: INT_SRC_OVR (bus 0 bus_irq 11 global_irq 11 high level)
[    0.000000] Using ACPI (MADT) for SMP configuration information
[    0.000000] ACPI: HPET id: 0x8086a201 base: 0xfed00000
[    0.000000] SMP: Allowing 4 CPUs, 0 hotplug CPUs
[    0.000000] PM: Registered nosave memory: 000000000009f000 - 00000000000a0000
[    0.000000] PM: Registered nosave memory: 00000000000a0000 - 00000000000f0000
[    0.000000] PM: Registered nosave memory: 00000000000f0000 - 0000000000100000
[    0.000000] PM: Registered nosave memory: 00000000bfffe000 - 00000000c0000000
[    0.000000] PM: Registered nosave memory: 00000000c0000000 - 00000000feffc000
[    0.000000] PM: Registered nosave memory: 00000000feffc000 - 00000000ff000000
[    0.000000] PM: Registered nosave memory: 00000000ff000000 - 00000000fffc0000
[    0.000000] PM: Registered nosave memory: 00000000fffc0000 - 0000000100000000
[    0.000000] Allocating PCI resources starting at c0000000 (gap: c0000000:3effc000)
[    0.000000] Booting paravirtualized kernel on KVM
[    0.000000] setup_percpu: NR_CPUS:512 nr_cpumask_bits:512 nr_cpu_ids:4 nr_node_ids:1
[    0.000000] PERCPU: Embedded 27 pages/cpu @ffff88043fc00000 s78912 r8192 d23488 u524288
[    0.000000] kvm-clock: cpu 0, msr 4:3fc12741, primary cpu clock
[    0.000000] KVM setup async PF for cpu 0
[    0.000000] kvm-stealtime: cpu 0, msr 43fc0cfc0
[    0.000000] Built 1 zonelists in Zone order, mobility grouping on.  Total pages: 4133256
[    0.000000] Policy zone: Normal
[    0.000000] Kernel command line: BOOT_IMAGE=/boot/vmlinuz-3.2.0-4-amd64 root=UUID=e35ebd7f-2405-4c97-9c3e-26919d55a9e5 ro console=tty0 console=ttyS0,115200n8
[    0.000000] PID hash table entries: 4096 (order: 3, 32768 bytes)
[    0.000000] xsave/xrstor: enabled xstate_bv 0x7, cntxt size 0x340
[    0.000000] Checking aperture...
[    0.000000] No AGP bridge found
[    0.000000] Memory: 16462372k/17825792k available (3434k kernel code, 1049036k absent, 314384k reserved, 3305k data, 580k init)
[    0.000000] Hierarchical RCU implementation.
[    0.000000] 	RCU dyntick-idle grace-period acceleration is enabled.
[    0.000000] NR_IRQS:33024 nr_irqs:712 16
[    0.000000] Console: colour VGA+ 80x25
[    0.000000] console [tty0] enabled
[    0.000000] console [ttyS0] enabled
[    0.000000] Detected 2199.998 MHz processor.
[    0.008000] Calibrating delay loop (skipped) preset value.. 4399.99 BogoMIPS (lpj=8799992)
[    0.008000] pid_max: default: 32768 minimum: 301
[    0.008058] Security Framework initialized
[    0.009006] AppArmor: AppArmor disabled by boot time parameter
[    0.011262] Dentry cache hash table entries: 2097152 (order: 12, 16777216 bytes)
[    0.017254] Inode-cache hash table entries: 1048576 (order: 11, 8388608 bytes)
[    0.020664] Mount-cache hash table entries: 256
[    0.021871] Initializing cgroup subsys cpuacct
[    0.022881] Initializing cgroup subsys memory
[    0.023905] Initializing cgroup subsys devices
[    0.024012] Initializing cgroup subsys freezer
[    0.025016] Initializing cgroup subsys net_cls
[    0.026017] Initializing cgroup subsys blkio
[    0.028017] Initializing cgroup subsys perf_event
[    0.029195] mce: CPU supports 10 MCE banks
[    0.031654] ACPI: Core revision 20110623
[    0.033422] Enabling x2apic
[    0.034168] Enabled x2apic
[    0.035098] Switched APIC routing to physical x2apic.
[    0.037274] ..TIMER: vector=0x30 apic1=0 pin1=2 apic2=-1 pin2=-1
[    0.038789] CPU0: Intel(R) Xeon(R) CPU E5-4620 0 @ 2.20GHz stepping 07
[    0.044002] Performance Events: SandyBridge events, Intel PMU driver.
[    0.044002] ... version:                2
[    0.044002] ... bit width:              48
[    0.044002] ... generic registers:      4
[    0.044006] ... value mask:             0000ffffffffffff
[    0.045281] ... max period:             000000007fffffff
[    0.046547] ... fixed-purpose events:   3
[    0.048005] ... event mask:             000000070000000f
[    0.049461] NMI watchdog enabled, takes one hw-pmu counter.
[    0.050988] Booting Node   0, Processors  #1
[    0.072027] KVM setup async PF for cpu 1
[    0.072027] kvm-stealtime: cpu 1, msr 43fc8cfc0
[    0.074316] NMI watchdog enabled, takes one hw-pmu counter.
[    0.072027] kvm-clock: cpu 1, msr 4:3fc92741, secondary cpu clock
[    0.076188]  #2
[    0.096026] KVM setup async PF for cpu 2
[    0.096026] kvm-stealtime: cpu 2, msr 43fd0cfc0
[    0.098283] NMI watchdog enabled, takes one hw-pmu counter.
[    0.096026] kvm-clock: cpu 2, msr 4:3fd12741, secondary cpu clock
[    0.100185]  #3 Ok.
[    0.120028] KVM setup async PF for cpu 3
[    0.120028] kvm-stealtime: cpu 3, msr 43fd8cfc0
[    0.124843] NMI watchdog enabled, takes one hw-pmu counter.
[    0.120028] kvm-clock: cpu 3, msr 4:3fd92741, secondary cpu clock
[    0.127383] Brought up 4 CPUs
[    0.128023] Total of 4 processors activated (17599.98 BogoMIPS).
[    0.129879] devtmpfs: initialized
[    0.134878] print_constraints: dummy: 
[    0.136221] NET: Registered protocol family 16
[    0.137334] ACPI: bus type pci registered
[    0.138416] PCI: Using configuration type 1 for base access
[    0.140607] bio: create slab <bio-0> at 0
[    0.141763] ACPI: Added _OSI(Module Device)
[    0.141763] ACPI: Added _OSI(Processor Device)
[    0.144026] ACPI: Added _OSI(3.0 _SCP Extensions)
[    0.145077] ACPI: Added _OSI(Processor Aggregator Device)
[    0.149858] ACPI: Interpreter enabled
[    0.150750] ACPI: (supports S0 S3 S4 S5)
[    0.152029] ACPI: Using IOAPIC for interrupt routing
[    0.157295] ACPI: No dock devices found.
[    0.158218] HEST: Table not found.
[    0.159042] PCI: Using host bridge windows from ACPI; if necessary, use "pci=nocrs" and report a bug
[    0.160099] ACPI: PCI Root Bridge [PCI0] (domain 0000 [bus 00-ff])
[    0.161538] pci_root PNP0A03:00: host bridge window [io  0x0000-0x0cf7]
[    0.162931] pci_root PNP0A03:00: host bridge window [io  0x0d00-0xadff]
[    0.164027] pci_root PNP0A03:00: host bridge window [io  0xae0f-0xaeff]
[    0.165396] pci_root PNP0A03:00: host bridge window [io  0xaf20-0xafdf]
[    0.168025] pci_root PNP0A03:00: host bridge window [io  0xafe4-0xffff]
[    0.169376] pci_root PNP0A03:00: host bridge window [mem 0x000a0000-0x000bffff]
[    0.171019] pci_root PNP0A03:00: host bridge window [mem 0xc0000000-0xfebfffff]
[    0.178207] pci 0000:00:01.3: quirk: [io  0xb000-0xb03f] claimed by PIIX4 ACPI
[    0.179879] pci 0000:00:01.3: quirk: [io  0xb100-0xb10f] claimed by PIIX4 SMB
[    0.197382]  pci0000:00: Unable to request _OSC control (_OSC support mask: 0x1e)
[    0.201617] ACPI: PCI Interrupt Link [LNKA] (IRQs 5 *10 11)
[    0.203446] ACPI: PCI Interrupt Link [LNKB] (IRQs 5 *10 11)
[    0.204987] ACPI: PCI Interrupt Link [LNKC] (IRQs 5 10 *11)
[    0.206792] ACPI: PCI Interrupt Link [LNKD] (IRQs 5 10 *11)
[    0.208824] ACPI: PCI Interrupt Link [LNKS] (IRQs *9)
[    0.210381] vgaarb: device added: PCI:0000:00:02.0,decodes=io+mem,owns=io+mem,locks=none
[    0.212030] vgaarb: loaded
[    0.212747] vgaarb: bridge control possible 0000:00:02.0
[    0.213932] PCI: Using ACPI for IRQ routing
[    0.215172] HPET: 3 timers in total, 0 timers will be used for per-cpu timer
[    0.216050] hpet0: at MMIO 0xfed00000, IRQs 2, 8, 0
[    0.224024] hpet0: 3 comparators, 64-bit 100.000000 MHz counter
[    0.236939] Switching to clocksource kvm-clock
[    0.238120] pnp: PnP ACPI init
[    0.238936] ACPI: bus type pnp registered
[    0.240799] pnp: PnP ACPI: found 9 devices
[    0.242396] ACPI: ACPI bus type pnp unregistered
[    0.258285] NET: Registered protocol family 2
[    0.265341] IP route cache hash table entries: 524288 (order: 10, 4194304 bytes)
[    0.269282] TCP established hash table entries: 524288 (order: 11, 8388608 bytes)
[    0.273828] TCP bind hash table entries: 65536 (order: 8, 1048576 bytes)
[    0.275878] TCP: Hash tables configured (established 524288 bind 65536)
[    0.277299] TCP reno registered
[    0.278119] UDP hash table entries: 8192 (order: 6, 262144 bytes)
[    0.279435] UDP-Lite hash table entries: 8192 (order: 6, 262144 bytes)
[    0.281141] NET: Registered protocol family 1
[    0.282134] pci 0000:00:00.0: Limiting direct PCI/PCI transfers
[    0.283373] pci 0000:00:01.0: PIIX3: Enabling Passive Release
[    0.284631] pci 0000:00:01.0: Activating ISA DMA hang workarounds
[    0.286017] Unpacking initramfs...
[    0.514381] Freeing initrd memory: 9992k freed
[    3.531536] PCI-DMA: Using software bounce buffering for IO (SWIOTLB)
[    3.534109] Placing 64MB software IO TLB between ffff8800bbffe000 - ffff8800bfffe000
[    3.537274] software IO TLB at phys 0xbbffe000 - 0xbfffe000
[    3.541543] audit: initializing netlink socket (disabled)
[    3.543777] type=2000 audit(1483438634.536:1): initialized
[    3.566250] HugeTLB registered 2 MB page size, pre-allocated 0 pages
[    3.570361] VFS: Disk quotas dquot_6.5.2
[    3.571410] Dquot-cache hash table entries: 512 (order 0, 4096 bytes)
[    3.572898] msgmni has been set to 32172
[    3.574309] alg: No test for stdrng (krng)
[    3.575470] Block layer SCSI generic (bsg) driver version 0.4 loaded (major 253)
[    3.577516] io scheduler noop registered
[    3.579194] io scheduler deadline registered
[    3.581234] io scheduler cfq registered (default)
[    3.583391] pci_hotplug: PCI Hot Plug PCI Core version: 0.5
[    3.585567] pciehp: PCI Express Hot Plug Controller Driver version: 0.4
[    3.588099] acpiphp: ACPI Hot Plug PCI Controller Driver version: 0.5
[    3.589961] acpiphp: Slot [3] registered
[    3.590909] acpiphp: Slot [4] registered
[    3.591863] acpiphp: Slot [5] registered
[    3.592838] acpiphp: Slot [6] registered
[    3.593799] acpiphp: Slot [7] registered
[    3.594768] acpiphp: Slot [8] registered
[    3.595712] acpiphp: Slot [9] registered
[    3.596678] acpiphp: Slot [10] registered
[    3.597645] acpiphp: Slot [11] registered
[    3.598605] acpiphp: Slot [12] registered
[    3.599553] acpiphp: Slot [13] registered
[    3.600541] acpiphp: Slot [14] registered
[    3.601531] acpiphp: Slot [15] registered
[    3.602490] acpiphp: Slot [16] registered
[    3.603450] acpiphp: Slot [17] registered
[    3.604443] acpiphp: Slot [18] registered
[    3.605415] acpiphp: Slot [19] registered
[    3.606363] acpiphp: Slot [20] registered
[    3.607314] acpiphp: Slot [21] registered
[    3.608301] acpiphp: Slot [22] registered
[    3.609294] acpiphp: Slot [23] registered
[    3.610254] acpiphp: Slot [24] registered
[    3.611217] acpiphp: Slot [25] registered
[    3.612211] acpiphp: Slot [26] registered
[    3.613201] acpiphp: Slot [27] registered
[    3.614161] acpiphp: Slot [28] registered
[    3.615121] acpiphp: Slot [29] registered
[    3.616112] acpiphp: Slot [30] registered
[    3.617083] acpiphp: Slot [31] registered
[    3.618199] ERST: Table is not found!
[    3.619106] GHES: HEST is not enabled!
[    3.620133] Serial: 8250/16550 driver, 4 ports, IRQ sharing enabled
[    3.643121] serial8250: ttyS0 at I/O 0x3f8 (irq = 4) is a 16550A
[    3.678887] 00:06: ttyS0 at I/O 0x3f8 (irq = 4) is a 16550A
[    3.680389] Linux agpgart interface v0.103
[    3.681518] i8042: PNP: PS/2 Controller [PNP0303:KBD,PNP0f13:MOU] at 0x60,0x64 irq 1,12
[    3.684054] serio: i8042 KBD port at 0x60,0x64 irq 1
[    3.685157] serio: i8042 AUX port at 0x60,0x64 irq 12
[    3.686542] mousedev: PS/2 mouse device common for all mice
[    3.688034] input: AT Translated Set 2 keyboard as /devices/platform/i8042/serio0/input/input0
[    3.690649] rtc_cmos 00:01: RTC can wake from S4
[    3.692057] rtc_cmos 00:01: rtc core: registered rtc_cmos as rtc0
[    3.693637] rtc0: alarms up to one day, 114 bytes nvram, hpet irqs
[    3.694954] cpuidle: using governor ladder
[    3.695899] cpuidle: using governor menu
[    3.697089] TCP cubic registered
[    3.698267] NET: Registered protocol family 10
[    3.700047] Mobile IPv6
[    3.700728] NET: Registered protocol family 17
[    3.701734] Registering the dns_resolver key type
[    3.703289] registered taskstats version 1
[    3.705377] rtc_cmos 00:01: setting system clock to 2017-01-03 10:17:15 UTC (1483438635)
[    3.707211] Initializing network drop monitor service
[    3.709943] Freeing unused kernel memory: 580k freed
[    3.711215] Write protecting the kernel read-only data: 6144k
[    3.714925] Freeing unused kernel memory: 644k freed
[    3.718922] Freeing unused kernel memory: 688k freed
Loading, please wait...
[    3.737723] udevd[58]: starting version 175
[    3.766110] e1000: Intel(R) PRO/1000 Network Driver - version 7.3.21-k8-NAPI
[    3.767673] e1000: Copyright (c) 1999-2006 Intel Corporation.
[    3.769465] SCSI subsystem initialized
[    3.769474] ACPI: PCI Interrupt Link [LNKC] enabled at IRQ 11
[    3.782790] Floppy drive(s): fd0 is 1.44M
[    4.074218] FDC 0 is a S82078B
[    4.118530] e1000 0000:00:03.0: eth0: (PCI:33MHz:32-bit) 52:54:00:12:34:56
[    4.120055] e1000 0000:00:03.0: eth0: Intel(R) PRO/1000 Network Connection
[    4.122863] scsi0 : ata_piix
[    4.123842] scsi1 : ata_piix
[    4.124716] ata1: PATA max MWDMA2 cmd 0x1f0 ctl 0x3f6 bmdma 0xc040 irq 14
[    4.126129] ata2: PATA max MWDMA2 cmd 0x170 ctl 0x376 bmdma 0xc048 irq 15
[    4.286000] ata1.00: ATA-7: QEMU HARDDISK, 2.0.0, max UDMA/100
[    4.288287] ata1.00: 9011200 sectors, multi 16: LBA48 
[    4.291788] ata2.00: ATAPI: QEMU DVD-ROM, 2.0.0, max UDMA/100
[    4.294428] ata1.00: configured for MWDMA2
[    4.296955] ata2.00: configured for MWDMA2
[    4.296982] scsi 0:0:0:0: Direct-Access     ATA      QEMU HARDDISK    2.0. PQ: 0 ANSI: 5
[    4.302810] scsi 1:0:0:0: CD-ROM            QEMU     QEMU DVD-ROM     2.0. PQ: 0 ANSI: 5
[    4.313612] sd 0:0:0:0: [sda] 9011200 512-byte logical blocks: (4.61 GB/4.29 GiB)
[    4.314977] sr0: scsi3-mmc drive: 4x/4x cd/rw xa/form2 tray
[    4.314982] cdrom: Uniform CD-ROM driver Revision: 3.20
[    4.320519] sd 0:0:0:0: [sda] Write Protect is off
[    4.321608] sd 0:0:0:0: [sda] Write cache: enabled, read cache: enabled, doesn't support DPO or FUA
[    4.324232]  sda: sda1
[    4.336168] sd 0:0:0:0: [sda] Attached SCSI disk
[    4.339260] sd 0:0:0:0: Attached scsi generic sg0 type 0
[    4.340559] sr 1:0:0:0: Attached scsi generic sg1 type 5
[    7.541810] Refined TSC clocksource calibration: 2199.956 MHz.
Begin: Loading essential drivers ... done.
Begin: Running /scripts/init-premount ... done.
Begin: Mounting root file system ... Begin: Running /scripts/local-top ... done.
Begin: Running /scripts/local-premount ... done.
[    8.013478] EXT4-fs (sda1): mounted filesystem with ordered data mode. Opts: (null)
Begin: Running /scripts/local-bottom ... done.
done.
Begin: Running /scripts/init-bottom ... done.
INIT: version 2.88 booting
[[36minfo[39;49m] Using makefile-style concurrent boot in runlevel S.
findfs: unable to resolve 'UUID="e35ebd7f-2405-4c97-9c3e-26919d55a9e5"'
[....] Starting the hotplug events dispatcher: udevd[   11.580322] udevd[305]: starting version 175
[?25l[?1c7[1G[[32m ok [39;49m8[?25h[?0c.
[....] Synthesizing the initial hotplug events...[   11.663766] input: Power Button as /devices/LNXSYSTM:00/LNXPWRBN:00/input/input1
[   11.672759] piix4_smbus 0000:00:01.3: SMBus Host Controller at 0xb100, revision 0
[   11.675146] ACPI: Power Button [PWRF]
[   11.752925] hrtimer: interrupt took 62678434 ns
[?25l[?1c[   11.792446] input: PC Speaker as /devices/platform/pcspkr/input/input2
7[1G[[32m ok [39;49m8[?25h[?0cdone.
[   11.937506] parport_pc 00:05: reported by Plug and Play ACPI
[   11.939129] parport0: PC-style at 0x378, irq 7 [PCSPP,TRISTATE]
[....] [   11.947434] alg: No test for __gcm-aes-aesni (__driver-gcm-aes-aesni)
Waiting for /dev to be fully populated...[   11.973996] Error: Driver 'pcspkr' is already registered, aborting...
[?25l[?1c7[1G[[32m ok [39;49m8[?25h[?0cdone.
findfs: unable to resolve 'UUID="e35ebd7f-2405-4c97-9c3e-26919d55a9e5"'
[....] Activating swap...[?25l[?1c7[1G[[32m ok [39;49m8[?25h[?0cdone.
Usage: mountpoint [-q] [-d] [-x] path
[   12.294365] EXT4-fs (sda1): re-mounted. Opts: (null)
[....] Checking root file system...fsck from util-linux 2.20.1
/run/rootdev: clean, 32635/264000 files, 832755/1054720 blocks
[?25l[?1c7[1G[[32m ok [39;49m8[?25h[?0cdone.
[   12.361709] EXT4-fs (sda1): re-mounted. Opts: errors=remount-ro,errors=remount-ro
[   12.408630] input: ImExPS/2 Generic Explorer Mouse as /devices/platform/i8042/serio1/input/input3
[....] Cleaning up temporary files... /tmp[?25l[?1c7[1G[[32m ok [39;49m8[?25h[?0c.
findfs: unable to resolve 'UUID="e35ebd7f-2405-4c97-9c3e-26919d55a9e5"'
findfs: unable to resolve 'UUID="e35ebd7f-2405-4c97-9c3e-26919d55a9e5"'
[....] Activating lvm and md swap...[?25l[?1c7[1G[[32m ok [39;49m8[?25h[?0cdone.
[....] Checking file systems...fsck from util-linux 2.20.1
[?25l[?1c7[1G[[32m ok [39;49m8[?25h[?0cdone.
[....] Mounting local filesystems...[?25l[?1c7[1G[[32m ok [39;49m8[?25h[?0cdone.
[....] Activating swapfile swap...[?25l[?1c7[1G[[32m ok [39;49m8[?25h[?0cdone.
findfs: unable to resolve 'UUID="e35ebd7f-2405-4c97-9c3e-26919d55a9e5"'
[....] Cleaning up temporary files...[?25l[?1c7[1G[[32m ok [39;49m8[?25h[?0c.
[....] Setting kernel variables ...[?25l[?1c7[1G[[32m ok [39;49m8[?25h[?0cdone.
[....] Configuring network interfaces...Internet Systems Consortium DHCP Client 4.2.2
Copyright 2004-2011 Internet Systems Consortium.
All rights reserved.
For info, please visit https://www.isc.org/software/dhcp/

[   16.305937] ADDRCONF(NETDEV_UP): eth0: link is not ready
Listening on LPF/eth0/52:54:00:12:34:56
Sending on   LPF/eth0/52:54:00:12:34:56
Sending on   Socket/fallback
DHCPDISCOVER on eth0 to 255.255.255.255 port 67 interval 4
[   19.585862] e1000: eth0 NIC Link is Up 1000 Mbps Full Duplex, Flow Control: RX
[   19.591835] ADDRCONF(NETDEV_CHANGE): eth0: link becomes ready
DHCPDISCOVER on eth0 to 255.255.255.255 port 67 interval 10
DHCPREQUEST on eth0 to 255.255.255.255 port 67
DHCPOFFER from 10.0.2.2
DHCPACK from 10.0.2.2
bound to 10.0.2.15 -- renewal in 41515 seconds.
ifup: interface eth0 already configured
[?25l[?1c7[1G[[32m ok [39;49m8[?25h[?0cdone.
[....] Cleaning up temporary files...[?25l[?1c7[1G[[32m ok [39;49m8[?25h[?0c.
INIT: Entering runlevel: 2
[[36minfo[39;49m] Using makefile-style concurrent boot in runlevel 2.
[....] Starting OpenBSD Secure Shell server: sshd[?25l[?1c7[1G[[32m ok [39;49m8[?25h[?0c.
Entering benchmark mode
./scaff/bin/uniform/doitgen_STANDARD dummy.out 100
STARTING doitgen_STANDARD execution: Tue Jan  3 12:17:35 EET 2017
Execution Time; 0.187160
Execution Time; 0.146977
Execution Time; 0.141961
Execution Time; 0.130602
Execution Time; 3.150572
Execution Time; 0.143186
Execution Time; 0.145218
Execution Time; 0.146557
Execution Time; 0.149521
Execution Time; 0.150098
Execution Time; 3.160552
Execution Time; 0.148848
Execution Time; 0.149173
Execution Time; 0.149287
Execution Time; 0.148594
Execution Time; 0.148800
Execution Time; 3.158644
Execution Time; 0.150354
Execution Time; 0.150757
Execution Time; 0.150623
Execution Time; 0.149937
Execution Time; 0.150197
Execution Time; 0.149720
Execution Time; 3.164277
Execution Time; 0.150511
Execution Time; 0.150620
Execution Time; 0.150942
Execution Time; 0.150772
Execution Time; 0.150407
Execution Time; 3.159985
Execution Time; 0.150157
Execution Time; 0.151276
Execution Time; 0.150301
Execution Time; 0.150940
Execution Time; 0.150450
Execution Time; 3.170207
Execution Time; 0.151877
Execution Time; 0.151898
Execution Time; 0.151537
Execution Time; 0.151125
Execution Time; 0.151215
Execution Time; 3.161293
Execution Time; 0.151953
Execution Time; 0.150723
Execution Time; 0.151932
Execution Time; 0.150830
Execution Time; 0.151044
Execution Time; 3.152832
Execution Time; 0.136062
Execution Time; 0.135928
Execution Time; 0.136732
Execution Time; 0.146695
Execution Time; 0.146944
Execution Time; 0.148573
Execution Time; 3.160566
Execution Time; 0.150620
Execution Time; 0.151100
Execution Time; 0.150439
Execution Time; 0.150762
Execution Time; 0.150562
Execution Time; 3.160245
Execution Time; 0.150273
Execution Time; 0.151108
Execution Time; 0.151678
Execution Time; 0.151356
Execution Time; 0.150593
Execution Time; 3.160891
Execution Time; 0.150995
Execution Time; 0.151580
Execution Time; 0.150842
Execution Time; 0.151136
Execution Time; 0.151175
Execution Time; 0.150754
Execution Time; 3.160545
Execution Time; 0.151131
Execution Time; 0.151356
Execution Time; 0.150731
Execution Time; 0.151861
Execution Time; 0.150741
Execution Time; 3.158747
Execution Time; 0.148552
Execution Time; 0.147570
Execution Time; 0.147098
Execution Time; 0.148605
Execution Time; 0.147358
Execution Time; 3.156626
Execution Time; 0.146022
Execution Time; 0.146241
Execution Time; 0.145935
Execution Time; 0.145827
Execution Time; 0.145515
Execution Time; 0.145532
Execution Time; 0.144311
Execution Time; 0.135499
Execution Time; 0.135489
Execution Time; 0.135990
Execution Time; 0.141502
Execution Time; 0.144430
Execution Time; 3.155884
Execution Time; 0.147020
Execution Time; 0.151424
Execution Time; 0.146902
Execution Time; 0.147352
Execution Time; 0.146887
Execution Time; 3.156835
Execution Time; 0.146341
Execution Time; 0.146201
Execution Time; 0.146730
Execution Time; 0.146451
Execution Time; 0.147107
Execution Time; 0.146804
Execution Time; 0.150867
Execution Time; 0.151121
Execution Time; 0.151397
Execution Time; 0.149935
Execution Time; 0.151060
Execution Time; 0.149967
Execution Time; 3.159777
Execution Time; 0.149781
Execution Time; 0.150239
Execution Time; 0.150397
Execution Time; 0.150045
Execution Time; 0.149844
Execution Time; 3.160718
Execution Time; 0.149916
Execution Time; 0.149613
Execution Time; 0.149864
Execution Time; 0.150066
Execution Time; 0.150090
Execution Time; 3.160087
Execution Time; 0.149988
Execution Time; 0.149970
Execution Time; 0.149754
Execution Time; 0.150412
Execution Time; 0.149751
Execution Time; 3.160460
Execution Time; 0.151425
Execution Time; 0.148722
Execution Time; 0.135782
Execution Time; 0.134797
Execution Time; 0.136055
Execution Time; 0.142853
Execution Time; 3.156068
Execution Time; 0.149957
Execution Time; 0.152099
Execution Time; 0.151475
Execution Time; 0.151695
Execution Time; 0.151336
Execution Time; 3.161085
Execution Time; 0.149799
Execution Time; 0.151188
Execution Time; 0.149753
Execution Time; 0.150400
Execution Time; 0.150582
Execution Time; 3.160537
Execution Time; 0.149360
Execution Time; 0.150183
Execution Time; 0.149517
Execution Time; 0.149784
Execution Time; 0.149814
Execution Time; 0.149948
Execution Time; 3.158116
Execution Time; 0.148609
Execution Time; 0.148458
Execution Time; 0.149059
Execution Time; 0.149282
Execution Time; 0.148626
Execution Time; 3.158503
Execution Time; 0.148766
Execution Time; 0.148400
Execution Time; 0.148814
Execution Time; 0.148393
Execution Time; 0.148517
Execution Time; 3.158207
Execution Time; 0.148633
Execution Time; 0.148298
Execution Time; 0.152855
Execution Time; 0.150026
Execution Time; 0.150812
Execution Time; 3.159840
Execution Time; 0.150599
Execution Time; 0.150686
Execution Time; 0.147582
Execution Time; 0.135929
Execution Time; 0.135892
Execution Time; 0.135895
Execution Time; 3.153075
Execution Time; 0.149706
Execution Time; 0.149227
Execution Time; 0.150478
Execution Time; 0.149726
Execution Time; 0.150457
Execution Time; 3.159377
Execution Time; 0.150279
Execution Time; 0.149834
Execution Time; 0.150249
Execution Time; 0.150120
Execution Time; 0.153735
Execution Time; 3.159926
Execution Time; 0.151215
Execution Time; 0.155822
Execution Time; 0.150202
Execution Time; 0.150332
Execution Time; 0.149677
Execution Time; 3.159731
Execution Time; 0.149794
Execution Time; 0.149380
Execution Time; 0.149387
Execution Time; 0.149818
Execution Time; 0.149512
Execution Time; 3.165551
Execution Time; 0.149769
Execution Time; 0.149778
Execution Time; 0.149757
Execution Time; 0.149745
Execution Time; 0.150054
Execution Time; 3.160672
Execution Time; 0.149685
Execution Time; 0.150395
Execution Time; 0.150248
Execution Time; 0.150548
Execution Time; 0.150163
Execution Time; 0.150126
Execution Time; 3.158248
Execution Time; 0.149237
Execution Time; 0.148099
Execution Time; 0.148622
Execution Time; 0.136349
Execution Time; 0.135474
Execution Time; 3.146410
Execution Time; 0.140138
Execution Time; 0.145685
Execution Time; 0.148860
Execution Time; 0.149781
Execution Time; 0.149652
Execution Time; 0.149833
Execution Time; 0.149952
Execution Time; 0.149892
Execution Time; 0.149530
Execution Time; 0.150667
Execution Time; 0.150408
Execution Time; 0.149996
Execution Time; 3.163943
Execution Time; 0.150129
Execution Time; 0.149244
Execution Time; 0.150084
Execution Time; 0.149348
Execution Time; 0.150011
Execution Time; 3.159850
Execution Time; 0.149662
Execution Time; 0.149147
Execution Time; 0.149702
Execution Time; 0.150753
Execution Time; 0.150130
Execution Time; 3.160370
Execution Time; 0.151100
Execution Time; 0.150028
Execution Time; 0.150217
Execution Time; 0.150772
Execution Time; 0.150244
Execution Time; 3.159935
Execution Time; 0.148965
Execution Time; 0.148900
Execution Time; 0.148962
Execution Time; 0.148625
Execution Time; 0.149096
Execution Time; 3.160103
Execution Time; 0.147289
Execution Time; 0.147193
Execution Time; 0.148076
Execution Time; 0.148250
Execution Time; 0.146510
Execution Time; 0.135834
Execution Time; 3.145831
Execution Time; 0.135475
Execution Time; 0.140638
Execution Time; 0.144255
Execution Time; 0.145888
Execution Time; 0.146068
Execution Time; 3.155608
Execution Time; 0.146089
Execution Time; 0.145992
Execution Time; 0.146825
Execution Time; 0.145858
Execution Time; 0.146016
Execution Time; 0.146275
Execution Time; 3.159296
Execution Time; 0.149963
Execution Time; 0.150319
Execution Time; 0.149987
Execution Time; 0.150148
Execution Time; 0.150104
Execution Time; 3.160328
Execution Time; 0.150154
Execution Time; 0.150256
Execution Time; 0.149733
Execution Time; 0.150435
Execution Time; 0.150181
Execution Time; 3.160364
Execution Time; 0.150315
Execution Time; 0.155510
Execution Time; 0.149995
Execution Time; 0.149438
Execution Time; 0.149746
Execution Time; 3.160226
Execution Time; 0.149428
Execution Time; 0.149469
Execution Time; 0.149528
Execution Time; 0.149509
Execution Time; 0.150474
Execution Time; 3.161307
Execution Time; 0.150019
Execution Time; 0.150604
Execution Time; 0.150550
Execution Time; 0.150245
Execution Time; 0.150403
Execution Time; 3.155719
Execution Time; 0.135744
Execution Time; 0.135537
Execution Time; 0.136410
Execution Time; 0.144625
Execution Time; 0.146585
Execution Time; 0.148374
Execution Time; 3.163574
Execution Time; 0.149484
Execution Time; 0.150037
Execution Time; 0.150179
Execution Time; 0.150197
Execution Time; 0.149759
Execution Time; 3.164351
Execution Time; 0.150016
Execution Time; 0.150532
Execution Time; 0.149674
Execution Time; 0.150672
Execution Time; 0.149969
Execution Time; 3.160104
Execution Time; 0.148698
Execution Time; 0.149650
Execution Time; 0.149468
Execution Time; 0.149873
Execution Time; 0.149926
Execution Time; 0.150677
Execution Time; 0.149659
Execution Time; 0.149470
Execution Time; 0.149733
Execution Time; 0.150114
Execution Time; 0.149656
Execution Time; 0.149864
Execution Time; 3.157152
Execution Time; 0.146769
Execution Time; 0.147003
Execution Time; 0.147607
Execution Time; 0.146764
Execution Time; 0.150051
Execution Time; 3.159998
Execution Time; 0.150827
Execution Time; 0.150421
Execution Time; 0.150777
Execution Time; 0.150540
Execution Time; 0.151183
Execution Time; 3.160108
Execution Time; 0.143812
Execution Time; 0.135671
Execution Time; 0.135802
Execution Time; 0.136248
Execution Time; 0.144826
Execution Time; 0.146525
Execution Time; 3.158386
Execution Time; 0.147333
Execution Time; 0.147225
Execution Time; 0.147515
Execution Time; 0.147172
Execution Time; 0.147196
Execution Time; 3.157274
Execution Time; 0.147340
Execution Time; 0.147173
Execution Time; 0.147348
Execution Time; 0.147167
Execution Time; 0.147365
Execution Time; 3.158019
Execution Time; 0.147110
Execution Time; 0.147667
Execution Time; 0.147262
Execution Time; 0.146974
Execution Time; 0.147355
Execution Time; 0.146990
Execution Time; 3.156924
Execution Time; 0.146613
Execution Time; 0.146939
Execution Time; 0.146200
Execution Time; 0.146557
Execution Time; 0.146775
Execution Time; 3.157250
Execution Time; 0.150025
Execution Time; 0.150854
Execution Time; 0.149857
Execution Time; 0.150818
Execution Time; 0.149669
Execution Time; 3.161353
Execution Time; 0.150483
Execution Time; 0.155184
Execution Time; 0.150060
Execution Time; 0.149692
Execution Time; 0.149937
Execution Time; 3.160292
Execution Time; 0.149605
Execution Time; 0.143409
Execution Time; 0.135552
Execution Time; 0.135045
Execution Time; 0.135821
Execution Time; 0.144338
Execution Time; 3.161181
Execution Time; 0.147731
Execution Time; 0.148057
Execution Time; 0.148168
Execution Time; 0.148701
Execution Time; 0.148566
Execution Time; 3.157141
Execution Time; 0.150921
Execution Time; 0.151704
Execution Time; 0.150894
Execution Time; 0.151712
Execution Time; 0.150754
Execution Time; 3.161658
Execution Time; 0.150242
Execution Time; 0.150779
Execution Time; 0.150689
Execution Time; 0.150471
Execution Time; 0.151188
Execution Time; 3.161071
Execution Time; 0.150370
Execution Time; 0.151449
Execution Time; 0.150006
Execution Time; 0.150490
Execution Time; 0.150398
Execution Time; 3.160487
Execution Time; 0.150225
Execution Time; 0.151546
Execution Time; 0.150705
Execution Time; 0.153223
Execution Time; 0.151068
Execution Time; 0.150732
Execution Time; 3.159677
Execution Time; 0.150230
Execution Time; 0.150720
Execution Time; 0.149675
Execution Time; 0.150703
Execution Time; 0.150261
Execution Time; 3.158546
Execution Time; 0.149179
Execution Time; 0.148904
Execution Time; 0.140493
Execution Time; 0.135713
Execution Time; 0.135530
Execution Time; 3.148551
Execution Time; 0.145555
Execution Time; 0.147416
Execution Time; 0.149282
Execution Time; 0.150243
Execution Time; 0.149996
Execution Time; 0.149992
Execution Time; 3.159789
Execution Time; 0.149290
Execution Time; 0.149301
Execution Time; 0.225338
Execution Time; 0.150958
Execution Time; 3.159841
Execution Time; 0.151739
Execution Time; 0.151043
Execution Time; 0.150621
Execution Time; 0.149994
Execution Time; 0.150160
Execution Time; 0.150191
Execution Time; 0.149913
Execution Time; 0.149679
Execution Time; 0.150452
Execution Time; 0.150004
Execution Time; 0.150956
Execution Time; 0.150491
Execution Time; 3.159858
Execution Time; 0.149709
Execution Time; 0.149748
Execution Time; 0.149376
Execution Time; 0.150188
Execution Time; 0.150179
Execution Time; 3.160083
Execution Time; 0.149555
Execution Time; 0.150340
Execution Time; 0.149808
Execution Time; 0.149768
Execution Time; 0.149971
Execution Time; 3.159317
Execution Time; 0.149805
Execution Time; 0.150172
Execution Time; 0.149851
Execution Time; 0.143096
Execution Time; 0.135419
Execution Time; 0.135382
Execution Time; 3.145789
Execution Time; 0.145359
Execution Time; 0.151440
Execution Time; 0.149836
Execution Time; 0.150547
Execution Time; 0.150375
Execution Time; 3.159705
Execution Time; 0.150295
Execution Time; 0.149758
Execution Time; 0.150269
Execution Time; 0.150557
Execution Time; 0.150298
Execution Time; 3.160099
Execution Time; 0.149539
Execution Time; 0.149560
Execution Time; 0.149699
Execution Time; 0.150007
Execution Time; 0.149953
Execution Time; 3.159234
Execution Time; 0.150095
Execution Time; 0.150388
Execution Time; 0.150120
Execution Time; 0.149517
Execution Time; 0.150619
Execution Time; 3.159516
Execution Time; 0.150060
Execution Time; 0.150521
Execution Time; 0.150271
Execution Time; 0.149830
Execution Time; 0.150982
Execution Time; 3.159906
Execution Time; 0.149961
Execution Time; 0.149811
Execution Time; 0.151582
Execution Time; 0.149974
Execution Time; 0.150852
Execution Time; 0.149567
Execution Time; 3.159690
Execution Time; 0.149346
Execution Time; 0.150495
Execution Time; 0.149986
Execution Time; 0.150210
Execution Time; 0.135917
Execution Time; 3.150008
Execution Time; 0.135583
Execution Time; 0.139207
Execution Time; 0.145722
Execution Time; 0.146364
Execution Time; 0.150161
Execution Time; 0.150558
Execution Time; 0.150298
Execution Time; 0.150115
Execution Time; 0.149848
Execution Time; 0.150115
Execution Time; 0.150188
Execution Time; 0.150278
Execution Time; 3.159913
Execution Time; 0.150806
Execution Time; 0.150112
Execution Time; 0.150237
Execution Time; 0.150553
Execution Time; 0.149738
Execution Time; 3.159844
Execution Time; 0.150503
Execution Time; 0.150320
Execution Time; 0.150551
Execution Time; 0.150415
Execution Time; 0.149416
Execution Time; 3.159579
Execution Time; 0.149108
Execution Time; 0.149878
Execution Time; 0.149231
Execution Time; 0.150117
Execution Time; 0.149255
Execution Time; 3.159314
Execution Time; 0.149722
Execution Time; 0.150002
Execution Time; 0.149242
Execution Time; 0.150101
Execution Time; 0.148910
Execution Time; 3.159554
Execution Time; 0.149062
Execution Time; 0.149643
Execution Time; 0.149073
Execution Time; 0.149996
Execution Time; 0.149304
Execution Time; 0.149511
Execution Time; 3.145577
Execution Time; 0.135380
Execution Time; 0.135314
Execution Time; 0.141000
Execution Time; 0.145606
Execution Time; 0.149457
Execution Time; 3.160202
Execution Time; 0.150200
Execution Time; 0.151114
Execution Time; 0.149990
Execution Time; 0.150882
Execution Time; 0.150154
Execution Time; 0.150549
Execution Time; 3.159242
Execution Time; 0.150795
Execution Time; 0.155043
Execution Time; 0.149841
Execution Time; 0.149933
Execution Time; 3.159733
Execution Time; 0.150147
Execution Time; 0.151676
Execution Time; 0.149685
Execution Time; 0.150703
Execution Time; 0.149904
Execution Time; 0.149950
Execution Time; 0.150549
Execution Time; 0.150410
Execution Time; 0.149702
Execution Time; 0.150031
Execution Time; 0.149985
Execution Time; 0.149313
Execution Time; 3.159814
Execution Time; 0.149276
Execution Time; 0.149450
Execution Time; 0.150179
Execution Time; 0.149983
Execution Time; 0.149783
Execution Time; 3.159556
Execution Time; 0.149555
Execution Time; 0.149743
Execution Time; 0.149701
Execution Time; 0.149877
Execution Time; 0.150033
Execution Time; 3.159523
Execution Time; 0.141868
Execution Time; 0.135729
Execution Time; 0.135579
Execution Time; 0.136130
Execution Time; 0.145354
Execution Time; 0.146082
Execution Time; 3.159064
Execution Time; 0.150368
Execution Time; 0.149312
Execution Time; 0.149668
Execution Time; 0.149346
Execution Time; 0.149594
Execution Time; 3.158285
Execution Time; 0.149811
Execution Time; 0.149501
Execution Time; 0.149738
Execution Time; 0.149557
Execution Time; 0.149931
Execution Time; 3.159151
Execution Time; 0.149368
Execution Time; 0.149248
Execution Time; 0.149469
Execution Time; 0.149315
Execution Time; 0.149350
Execution Time; 0.149046
Execution Time; 0.148947
Execution Time; 0.148684
Execution Time; 0.149208
Execution Time; 0.148619
Execution Time; 0.148848
Execution Time; 0.148798
Execution Time; 3.163510
Execution Time; 0.150620
Execution Time; 0.150010
Execution Time; 0.149851
Execution Time; 0.150828
Execution Time; 0.149775
Execution Time; 3.164860
Execution Time; 0.150392
Execution Time; 0.149623
Execution Time; 0.150627
Execution Time; 0.149687
Execution Time; 0.149802
Execution Time; 3.159914
Execution Time; 0.150804
Execution Time; 0.142170
Execution Time; 0.135648
Execution Time; 0.135608
Execution Time; 0.136038
Execution Time; 0.143818
Execution Time; 3.154486
Execution Time; 0.148102
Execution Time; 0.148347
Execution Time; 0.148317
Execution Time; 0.149096
Execution Time; 0.148151
Execution Time; 3.158138
Execution Time; 0.146828
Execution Time; 0.146630
Execution Time; 0.146840
Execution Time; 0.147695
Execution Time; 0.146748
Execution Time; 3.157278
Execution Time; 0.145159
Execution Time; 0.145915
Execution Time; 0.145748
Execution Time; 0.146151
Execution Time; 0.145758
Execution Time; 0.145894
Execution Time; 3.160088
Execution Time; 0.150129
INIT: Switching to runlevel: 0INIT: Sending processes the TERM signal
[[36minfo[39;49m] Using makefile-style concurrent boot in runlevel 0.
[[36minfo[39;49m] Saving the system clock.
[[36minfo[39;49m] Hardware Clock updated to Tue Jan  3 10:25:09 UTC 2017.
[....] Asking all remaining processes to terminate...[?25l[?1c7[1G[[32m ok [39;49m8[?25h[?0cdone.
[....] All processes ended within 2 seconds...[?25l[?1c7[1G[[32m ok [39;49m8[?25h[?0cdone.
[....] Deconfiguring network interfaces...Internet Systems Consortium DHCP Client 4.2.2
Copyright 2004-2011 Internet Systems Consortium.
All rights reserved.
For info, please visit https://www.isc.org/software/dhcp/

Listening on LPF/eth0/52:54:00:12:34:56
Sending on   LPF/eth0/52:54:00:12:34:56
Sending on   Socket/fallback
DHCPRELEASE on eth0 to 10.0.2.2 port 67
[?25l[?1c7[1G[[32m ok [39;49m8[?25h[?0cdone.
[....] Deactivating swap...[?25l[?1c7[1G[[32m ok [39;49m8[?25h[?0cdone.
[  481.320502] EXT4-fs (sda1): re-mounted. Opts: (null)
[[36minfo[39;49m] Will now halt.
[  484.970755] sd 0:0:0:0: [sda] Synchronizing SCSI cache
[  484.974214] sd 0:0:0:0: [sda] Stopping disk
[  484.978144] ACPI: Preparing to enter system sleep state S5
[  484.979562] Power down.
aff-executor-preload.c:affhooks_init()
aff-executor-preload.c:affhooks_shut()
HELLO KITTY
