aff-executor-preload.c:affhooks_init()
[H[J[?25l[m[H[J[2;25HGNU GRUB  version 1.99-27+deb7u2

[m[4;2H+--------------------------------------------------------------------------+[5;2H|[5;77H|[6;2H|[6;77H|[7;2H|[7;77H|[8;2H|[8;77H|[9;2H|[9;77H|[10;2H|[10;77H|[11;2H|[11;77H|[12;2H|[12;77H|[13;2H|[13;77H|[14;2H|[14;77H|[15;2H|[15;77H|[16;2H|[16;77H|[17;2H+--------------------------------------------------------------------------+[m[18;2H[m
      Use the ^ and v keys to select which entry is highlighted.      
      Press enter to boot the selected OS, 'e' to edit the commands      
      before booting or 'c' for a command-line.      
      [5;78H [7m[5;3HDebian GNU/Linux, with Linux 3.2.0-4-amd64                               [m [5;76H[m[m[6;3HDebian GNU/Linux, with Linux 3.2.0-4-amd64 (recovery mode)               [m [6;76H[m[m[7;3H                                                                         [m [7;76H[m[m[8;3H                                                                         [m [8;76H[m[m[9;3H                                                                         [m [9;76H[m[m[10;3H                                                                         [m [10;76H[m[m[11;3H                                                                         [m [11;76H[m[m[12;3H                                                                         [m [12;76H[m[m[13;3H                                                                         [m [13;76H[m[m[14;3H                                                                         [m [14;76H[m[m[15;3H                                                                         [m [15;76H[m[m[16;3H                                                                         [m [16;76H[m[16;78H [5;76H[22;1H   The highlighted entry will be executed automatically in 5s.                 [5;76H[22;1H   The highlighted entry will be executed automatically in 4s.                 [5;76H[22;1H   The highlighted entry will be executed automatically in 3s.                 [5;76H[22;1H   The highlighted entry will be executed automatically in 2s.                 [5;76H[22;1H   The highlighted entry will be executed automatically in 1s.                 [5;76H[22;1H   The highlighted entry will be executed automatically in 0s.                 [5;76H[?25h[H[J[H[J  Booting 'Debian GNU/Linux, with Linux 3.2.0-4-amd64'

Loading Linux 3.2.0-4-amd64 ...
Loading initial ramdisk ...
[    0.000000] Initializing cgroup subsys cpuset
[    0.000000] Initializing cgroup subsys cpu
[    0.000000] Linux version 3.2.0-4-amd64 (debian-kernel@lists.debian.org) (gcc version 4.6.3 (Debian 4.6.3-14) ) #1 SMP Debian 3.2.68-1+deb7u3
[    0.000000] Command line: BOOT_IMAGE=/boot/vmlinuz-3.2.0-4-amd64 root=UUID=e35ebd7f-2405-4c97-9c3e-26919d55a9e5 ro console=tty0 console=ttyS0,115200n8
[    0.000000] BIOS-provided physical RAM map:
[    0.000000]  BIOS-e820: 0000000000000000 - 000000000009fc00 (usable)
[    0.000000]  BIOS-e820: 000000000009fc00 - 00000000000a0000 (reserved)
[    0.000000]  BIOS-e820: 00000000000f0000 - 0000000000100000 (reserved)
[    0.000000]  BIOS-e820: 0000000000100000 - 00000000bfffe000 (usable)
[    0.000000]  BIOS-e820: 00000000bfffe000 - 00000000c0000000 (reserved)
[    0.000000]  BIOS-e820: 00000000feffc000 - 00000000ff000000 (reserved)
[    0.000000]  BIOS-e820: 00000000fffc0000 - 0000000100000000 (reserved)
[    0.000000]  BIOS-e820: 0000000100000000 - 0000000440000000 (usable)
[    0.000000] NX (Execute Disable) protection: active
[    0.000000] SMBIOS 2.4 present.
[    0.000000] No AGP bridge found
[    0.000000] last_pfn = 0x440000 max_arch_pfn = 0x400000000
[    0.000000] x86 PAT enabled: cpu 0, old 0x70406, new 0x7010600070106
[    0.000000] last_pfn = 0xbfffe max_arch_pfn = 0x400000000
[    0.000000] found SMP MP-table at [ffff8800000f0b10] f0b10
[    0.000000] Using GB pages for direct mapping
[    0.000000] init_memory_mapping: 0000000000000000-00000000bfffe000
[    0.000000] init_memory_mapping: 0000000100000000-0000000440000000
[    0.000000] RAMDISK: 36c6c000 - 3762e000
[    0.000000] ACPI: RSDP 00000000000f08e0 00014 (v00 BOCHS )
[    0.000000] ACPI: RSDT 00000000bffffcfc 00034 (v01 BOCHS  BXPCRSDT 00000001 BXPC 00000001)
[    0.000000] ACPI: FACP 00000000bffff1c0 00074 (v01 BOCHS  BXPCFACP 00000001 BXPC 00000001)
[    0.000000] ACPI: DSDT 00000000bfffe040 01180 (v01 BOCHS  BXPCDSDT 00000001 BXPC 00000001)
[    0.000000] ACPI: FACS 00000000bfffe000 00040
[    0.000000] ACPI: SSDT 00000000bffff234 00A00 (v01 BOCHS  BXPCSSDT 00000001 BXPC 00000001)
[    0.000000] ACPI: APIC 00000000bffffc34 00090 (v01 BOCHS  BXPCAPIC 00000001 BXPC 00000001)
[    0.000000] ACPI: HPET 00000000bffffcc4 00038 (v01 BOCHS  BXPCHPET 00000001 BXPC 00000001)
[    0.000000] No NUMA configuration found
[    0.000000] Faking a node at 0000000000000000-0000000440000000
[    0.000000] Initmem setup node 0 0000000000000000-0000000440000000
[    0.000000]   NODE_DATA [000000043fffb000 - 000000043fffffff]
[    0.000000] kvm-clock: Using msrs 4b564d01 and 4b564d00
[    0.000000] kvm-clock: cpu 0, msr 0:16a8741, boot clock
[    0.000000] Zone PFN ranges:
[    0.000000]   DMA      0x00000010 -> 0x00001000
[    0.000000]   DMA32    0x00001000 -> 0x00100000
[    0.000000]   Normal   0x00100000 -> 0x00440000
[    0.000000] Movable zone start PFN for each node
[    0.000000] early_node_map[3] active PFN ranges
[    0.000000]     0: 0x00000010 -> 0x0000009f
[    0.000000]     0: 0x00000100 -> 0x000bfffe
[    0.000000]     0: 0x00100000 -> 0x00440000
[    0.000000] ACPI: PM-Timer IO Port: 0xb008
[    0.000000] ACPI: LAPIC (acpi_id[0x00] lapic_id[0x00] enabled)
[    0.000000] ACPI: LAPIC (acpi_id[0x01] lapic_id[0x01] enabled)
[    0.000000] ACPI: LAPIC (acpi_id[0x02] lapic_id[0x02] enabled)
[    0.000000] ACPI: LAPIC (acpi_id[0x03] lapic_id[0x03] enabled)
[    0.000000] ACPI: LAPIC_NMI (acpi_id[0xff] dfl dfl lint[0x1])
[    0.000000] ACPI: IOAPIC (id[0x00] address[0xfec00000] gsi_base[0])
[    0.000000] IOAPIC[0]: apic_id 0, version 17, address 0xfec00000, GSI 0-23
[    0.000000] ACPI: INT_SRC_OVR (bus 0 bus_irq 0 global_irq 2 dfl dfl)
[    0.000000] ACPI: INT_SRC_OVR (bus 0 bus_irq 5 global_irq 5 high level)
[    0.000000] ACPI: INT_SRC_OVR (bus 0 bus_irq 9 global_irq 9 high level)
[    0.000000] ACPI: INT_SRC_OVR (bus 0 bus_irq 10 global_irq 10 high level)
[    0.000000] ACPI: INT_SRC_OVR (bus 0 bus_irq 11 global_irq 11 high level)
[    0.000000] Using ACPI (MADT) for SMP configuration information
[    0.000000] ACPI: HPET id: 0x8086a201 base: 0xfed00000
[    0.000000] SMP: Allowing 4 CPUs, 0 hotplug CPUs
[    0.000000] PM: Registered nosave memory: 000000000009f000 - 00000000000a0000
[    0.000000] PM: Registered nosave memory: 00000000000a0000 - 00000000000f0000
[    0.000000] PM: Registered nosave memory: 00000000000f0000 - 0000000000100000
[    0.000000] PM: Registered nosave memory: 00000000bfffe000 - 00000000c0000000
[    0.000000] PM: Registered nosave memory: 00000000c0000000 - 00000000feffc000
[    0.000000] PM: Registered nosave memory: 00000000feffc000 - 00000000ff000000
[    0.000000] PM: Registered nosave memory: 00000000ff000000 - 00000000fffc0000
[    0.000000] PM: Registered nosave memory: 00000000fffc0000 - 0000000100000000
[    0.000000] Allocating PCI resources starting at c0000000 (gap: c0000000:3effc000)
[    0.000000] Booting paravirtualized kernel on KVM
[    0.000000] setup_percpu: NR_CPUS:512 nr_cpumask_bits:512 nr_cpu_ids:4 nr_node_ids:1
[    0.000000] PERCPU: Embedded 27 pages/cpu @ffff88043fc00000 s78912 r8192 d23488 u524288
[    0.000000] kvm-clock: cpu 0, msr 4:3fc12741, primary cpu clock
[    0.000000] KVM setup async PF for cpu 0
[    0.000000] kvm-stealtime: cpu 0, msr 43fc0cfc0
[    0.000000] Built 1 zonelists in Zone order, mobility grouping on.  Total pages: 4133256
[    0.000000] Policy zone: Normal
[    0.000000] Kernel command line: BOOT_IMAGE=/boot/vmlinuz-3.2.0-4-amd64 root=UUID=e35ebd7f-2405-4c97-9c3e-26919d55a9e5 ro console=tty0 console=ttyS0,115200n8
[    0.000000] PID hash table entries: 4096 (order: 3, 32768 bytes)
[    0.000000] xsave/xrstor: enabled xstate_bv 0x7, cntxt size 0x340
[    0.000000] Checking aperture...
[    0.000000] No AGP bridge found
[    0.000000] Memory: 16462372k/17825792k available (3434k kernel code, 1049036k absent, 314384k reserved, 3305k data, 580k init)
[    0.000000] Hierarchical RCU implementation.
[    0.000000] 	RCU dyntick-idle grace-period acceleration is enabled.
[    0.000000] NR_IRQS:33024 nr_irqs:712 16
[    0.000000] Console: colour VGA+ 80x25
[    0.000000] console [tty0] enabled
[    0.000000] console [ttyS0] enabled
[    0.000000] Detected 2199.998 MHz processor.
[    0.008000] Calibrating delay loop (skipped) preset value.. 4399.99 BogoMIPS (lpj=8799992)
[    0.008000] pid_max: default: 32768 minimum: 301
[    0.008000] Security Framework initialized
[    0.008009] AppArmor: AppArmor disabled by boot time parameter
[    0.010302] Dentry cache hash table entries: 2097152 (order: 12, 16777216 bytes)
[    0.017322] Inode-cache hash table entries: 1048576 (order: 11, 8388608 bytes)
[    0.020745] Mount-cache hash table entries: 256
[    0.021906] Initializing cgroup subsys cpuacct
[    0.022914] Initializing cgroup subsys memory
[    0.023882] Initializing cgroup subsys devices
[    0.024008] Initializing cgroup subsys freezer
[    0.024984] Initializing cgroup subsys net_cls
[    0.025964] Initializing cgroup subsys blkio
[    0.026935] Initializing cgroup subsys perf_event
[    0.028115] mce: CPU supports 10 MCE banks
[    0.030588] ACPI: Core revision 20110623
[    0.033403] Enabling x2apic
[    0.034127] Enabled x2apic
[    0.035033] Switched APIC routing to physical x2apic.
[    0.037499] ..TIMER: vector=0x30 apic1=0 pin1=2 apic2=-1 pin2=-1
[    0.040005] CPU0: Intel(R) Xeon(R) CPU E5-4620 0 @ 2.20GHz stepping 07
[    0.044002] Performance Events: SandyBridge events, Intel PMU driver.
[    0.044002] ... version:                2
[    0.044002] ... bit width:              48
[    0.044002] ... generic registers:      4
[    0.044006] ... value mask:             0000ffffffffffff
[    0.045266] ... max period:             000000007fffffff
[    0.046521] ... fixed-purpose events:   3
[    0.048005] ... event mask:             000000070000000f
[    0.049743] NMI watchdog enabled, takes one hw-pmu counter.
[    0.051282] Booting Node   0, Processors  #1
[    0.072027] KVM setup async PF for cpu 1
[    0.072027] kvm-stealtime: cpu 1, msr 43fc8cfc0
[    0.074352] NMI watchdog enabled, takes one hw-pmu counter.
[    0.072027] kvm-clock: cpu 1, msr 4:3fc92741, secondary cpu clock
[    0.076218]  #2
[    0.096027] KVM setup async PF for cpu 2
[    0.096027] kvm-stealtime: cpu 2, msr 43fd0cfc0
[    0.098298] NMI watchdog enabled, takes one hw-pmu counter.
[    0.096027] kvm-clock: cpu 2, msr 4:3fd12741, secondary cpu clock
[    0.100169]  #3 Ok.
[    0.120028] KVM setup async PF for cpu 3
[    0.120028] kvm-stealtime: cpu 3, msr 43fd8cfc0
[    0.125074] NMI watchdog enabled, takes one hw-pmu counter.
[    0.120028] kvm-clock: cpu 3, msr 4:3fd92741, secondary cpu clock
[    0.127628] Brought up 4 CPUs
[    0.128023] Total of 4 processors activated (17599.98 BogoMIPS).
[    0.129871] devtmpfs: initialized
[    0.135092] print_constraints: dummy: 
[    0.136297] NET: Registered protocol family 16
[    0.137625] ACPI: bus type pci registered
[    0.138862] PCI: Using configuration type 1 for base access
[    0.141014] bio: create slab <bio-0> at 0
[    0.141631] ACPI: Added _OSI(Module Device)
[    0.144028] ACPI: Added _OSI(Processor Device)
[    0.145009] ACPI: Added _OSI(3.0 _SCP Extensions)
[    0.146039] ACPI: Added _OSI(Processor Aggregator Device)
[    0.150795] ACPI: Interpreter enabled
[    0.151667] ACPI: (supports S0 S3 S4 S5)
[    0.152794] ACPI: Using IOAPIC for interrupt routing
[    0.158083] ACPI: No dock devices found.
[    0.159033] HEST: Table not found.
[    0.159871] PCI: Using host bridge windows from ACPI; if necessary, use "pci=nocrs" and report a bug
[    0.160098] ACPI: PCI Root Bridge [PCI0] (domain 0000 [bus 00-ff])
[    0.161541] pci_root PNP0A03:00: host bridge window [io  0x0000-0x0cf7]
[    0.164027] pci_root PNP0A03:00: host bridge window [io  0x0d00-0xadff]
[    0.165347] pci_root PNP0A03:00: host bridge window [io  0xae0f-0xaeff]
[    0.166671] pci_root PNP0A03:00: host bridge window [io  0xaf20-0xafdf]
[    0.168024] pci_root PNP0A03:00: host bridge window [io  0xafe4-0xffff]
[    0.169345] pci_root PNP0A03:00: host bridge window [mem 0x000a0000-0x000bffff]
[    0.170957] pci_root PNP0A03:00: host bridge window [mem 0xc0000000-0xfebfffff]
[    0.178491] pci 0000:00:01.3: quirk: [io  0xb000-0xb03f] claimed by PIIX4 ACPI
[    0.180038] pci 0000:00:01.3: quirk: [io  0xb100-0xb10f] claimed by PIIX4 SMB
[    0.197856]  pci0000:00: Unable to request _OSC control (_OSC support mask: 0x1e)
[    0.201978] ACPI: PCI Interrupt Link [LNKA] (IRQs 5 *10 11)
[    0.203769] ACPI: PCI Interrupt Link [LNKB] (IRQs 5 *10 11)
[    0.204976] ACPI: PCI Interrupt Link [LNKC] (IRQs 5 10 *11)
[    0.206747] ACPI: PCI Interrupt Link [LNKD] (IRQs 5 10 *11)
[    0.208936] ACPI: PCI Interrupt Link [LNKS] (IRQs *9)
[    0.210469] vgaarb: device added: PCI:0000:00:02.0,decodes=io+mem,owns=io+mem,locks=none
[    0.212029] vgaarb: loaded
[    0.212743] vgaarb: bridge control possible 0000:00:02.0
[    0.213907] PCI: Using ACPI for IRQ routing
[    0.215135] HPET: 3 timers in total, 0 timers will be used for per-cpu timer
[    0.216058] hpet0: at MMIO 0xfed00000, IRQs 2, 8, 0
[    0.224024] hpet0: 3 comparators, 64-bit 100.000000 MHz counter
[    0.236879] Switching to clocksource kvm-clock
[    0.239645] pnp: PnP ACPI init
[    0.241138] ACPI: bus type pnp registered
[    0.244607] pnp: PnP ACPI: found 9 devices
[    0.246322] ACPI: ACPI bus type pnp unregistered
[    0.262531] NET: Registered protocol family 2
[    0.268773] IP route cache hash table entries: 524288 (order: 10, 4194304 bytes)
[    0.272734] TCP established hash table entries: 524288 (order: 11, 8388608 bytes)
[    0.277452] TCP bind hash table entries: 65536 (order: 8, 1048576 bytes)
[    0.279556] TCP: Hash tables configured (established 524288 bind 65536)
[    0.280944] TCP reno registered
[    0.281740] UDP hash table entries: 8192 (order: 6, 262144 bytes)
[    0.283045] UDP-Lite hash table entries: 8192 (order: 6, 262144 bytes)
[    0.284692] NET: Registered protocol family 1
[    0.285674] pci 0000:00:00.0: Limiting direct PCI/PCI transfers
[    0.286926] pci 0000:00:01.0: PIIX3: Enabling Passive Release
[    0.288177] pci 0000:00:01.0: Activating ISA DMA hang workarounds
[    0.289536] Unpacking initramfs...
[    0.517748] Freeing initrd memory: 9992k freed
[    0.521764] PCI-DMA: Using software bounce buffering for IO (SWIOTLB)
[    0.523169] Placing 64MB software IO TLB between ffff8800bbffe000 - ffff8800bfffe000
[    0.524957] software IO TLB at phys 0xbbffe000 - 0xbfffe000
[    0.527407] audit: initializing netlink socket (disabled)
[    0.528682] type=2000 audit(1483438627.528:1): initialized
[    0.546831] HugeTLB registered 2 MB page size, pre-allocated 0 pages
[    0.550902] VFS: Disk quotas dquot_6.5.2
[    0.551968] Dquot-cache hash table entries: 512 (order 0, 4096 bytes)
[    0.553446] msgmni has been set to 32172
[    0.554840] alg: No test for stdrng (krng)
[    0.556430] Block layer SCSI generic (bsg) driver version 0.4 loaded (major 253)
[    0.558080] io scheduler noop registered
[    0.558976] io scheduler deadline registered
[    0.560067] io scheduler cfq registered (default)
[    0.561241] pci_hotplug: PCI Hot Plug PCI Core version: 0.5
[    0.562438] pciehp: PCI Express Hot Plug Controller Driver version: 0.4
[    0.563776] acpiphp: ACPI Hot Plug PCI Controller Driver version: 0.5
[    0.565205] acpiphp: Slot [3] registered
[    0.566127] acpiphp: Slot [4] registered
[    0.567061] acpiphp: Slot [5] registered
[    0.568036] acpiphp: Slot [6] registered
[    0.568969] acpiphp: Slot [7] registered
[    0.569900] acpiphp: Slot [8] registered
[    0.570819] acpiphp: Slot [9] registered
[    0.571756] acpiphp: Slot [10] registered
[    0.572729] acpiphp: Slot [11] registered
[    0.573665] acpiphp: Slot [12] registered
[    0.574595] acpiphp: Slot [13] registered
[    0.575534] acpiphp: Slot [14] registered
[    0.576506] acpiphp: Slot [15] registered
[    0.577448] acpiphp: Slot [16] registered
[    0.578385] acpiphp: Slot [17] registered
[    0.579339] acpiphp: Slot [18] registered
[    0.580316] acpiphp: Slot [19] registered
[    0.581256] acpiphp: Slot [20] registered
[    0.582188] acpiphp: Slot [21] registered
[    0.583128] acpiphp: Slot [22] registered
[    0.584109] acpiphp: Slot [23] registered
[    0.585044] acpiphp: Slot [24] registered
[    0.585977] acpiphp: Slot [25] registered
[    0.586913] acpiphp: Slot [26] registered
[    0.587856] acpiphp: Slot [27] registered
[    0.588817] acpiphp: Slot [28] registered
[    0.589757] acpiphp: Slot [29] registered
[    0.590694] acpiphp: Slot [30] registered
[    0.591645] acpiphp: Slot [31] registered
[    0.592759] ERST: Table is not found!
[    0.593624] GHES: HEST is not enabled!
[    0.594677] Serial: 8250/16550 driver, 4 ports, IRQ sharing enabled
[    0.620632] serial8250: ttyS0 at I/O 0x3f8 (irq = 4) is a 16550A
[    0.658431] 00:06: ttyS0 at I/O 0x3f8 (irq = 4) is a 16550A
[    0.660270] Linux agpgart interface v0.103
[    0.662334] i8042: PNP: PS/2 Controller [PNP0303:KBD,PNP0f13:MOU] at 0x60,0x64 irq 1,12
[    0.665317] serio: i8042 KBD port at 0x60,0x64 irq 1
[    0.666391] serio: i8042 AUX port at 0x60,0x64 irq 12
[    0.667799] mousedev: PS/2 mouse device common for all mice
[    0.669378] input: AT Translated Set 2 keyboard as /devices/platform/i8042/serio0/input/input0
[    0.672128] rtc_cmos 00:01: RTC can wake from S4
[    0.673471] rtc_cmos 00:01: rtc core: registered rtc_cmos as rtc0
[    0.674900] rtc0: alarms up to one day, 114 bytes nvram, hpet irqs
[    0.676263] cpuidle: using governor ladder
[    0.677195] cpuidle: using governor menu
[    0.678304] TCP cubic registered
[    0.679406] NET: Registered protocol family 10
[    0.681013] Mobile IPv6
[    0.681705] NET: Registered protocol family 17
[    0.682692] Registering the dns_resolver key type
[    0.684425] registered taskstats version 1
[    0.686390] rtc_cmos 00:01: setting system clock to 2017-01-03 10:17:10 UTC (1483438630)
[    0.688213] Initializing network drop monitor service
[    0.691807] Freeing unused kernel memory: 580k freed
[    0.694084] Write protecting the kernel read-only data: 6144k
[    0.700176] Freeing unused kernel memory: 644k freed
[    0.703958] Freeing unused kernel memory: 688k freed
Loading, please wait...
[    0.722622] udevd[58]: starting version 175
[    0.749290] SCSI subsystem initialized
[    0.750471] e1000: Intel(R) PRO/1000 Network Driver - version 7.3.21-k8-NAPI
[    0.751980] e1000: Copyright (c) 1999-2006 Intel Corporation.
[    0.753805] ACPI: PCI Interrupt Link [LNKC] enabled at IRQ 11
[    0.761174] Floppy drive(s): fd0 is 1.44M
[    0.777003] FDC 0 is a S82078B
[    3.797112] Refined TSC clocksource calibration: 2199.955 MHz.
[    4.116189] e1000 0000:00:03.0: eth0: (PCI:33MHz:32-bit) 52:54:00:12:34:56
[    4.117636] e1000 0000:00:03.0: eth0: Intel(R) PRO/1000 Network Connection
[    4.121065] scsi0 : ata_piix
[    4.122043] scsi1 : ata_piix
[    4.122853] ata1: PATA max MWDMA2 cmd 0x1f0 ctl 0x3f6 bmdma 0xc040 irq 14
[    4.124245] ata2: PATA max MWDMA2 cmd 0x170 ctl 0x376 bmdma 0xc048 irq 15
[    4.281915] ata1.00: ATA-7: QEMU HARDDISK, 2.0.0, max UDMA/100
[    4.284270] ata1.00: 9011200 sectors, multi 16: LBA48 
[    4.287213] ata2.00: ATAPI: QEMU DVD-ROM, 2.0.0, max UDMA/100
[    4.289108] ata1.00: configured for MWDMA2
[    4.290197] ata2.00: configured for MWDMA2
[    4.290293] scsi 0:0:0:0: Direct-Access     ATA      QEMU HARDDISK    2.0. PQ: 0 ANSI: 5
[    4.293885] scsi 1:0:0:0: CD-ROM            QEMU     QEMU DVD-ROM     2.0. PQ: 0 ANSI: 5
[    4.301850] sd 0:0:0:0: [sda] 9011200 512-byte logical blocks: (4.61 GB/4.29 GiB)
[    4.303727] sd 0:0:0:0: [sda] Write Protect is off
[    4.304902] sd 0:0:0:0: [sda] Write cache: enabled, read cache: enabled, doesn't support DPO or FUA
[    4.307756] sr0: scsi3-mmc drive: 4x/4x cd/rw xa/form2 tray
[    4.308520]  sda: sda1
[    4.310238] cdrom: Uniform CD-ROM driver Revision: 3.20
[    4.310363] sd 0:0:0:0: [sda] Attached SCSI disk
[    4.314869] sd 0:0:0:0: Attached scsi generic sg0 type 0
[    4.317289] sr 1:0:0:0: Attached scsi generic sg1 type 5
Begin: Loading essential drivers ... done.
Begin: Running /scripts/init-premount ... done.
Begin: Mounting root file system ... Begin: Running /scripts/local-top ... done.
Begin: Running /scripts/local-premount ... done.
[    7.907623] EXT4-fs (sda1): mounted filesystem with ordered data mode. Opts: (null)
Begin: Running /scripts/local-bottom ... done.
done.
Begin: Running /scripts/init-bottom ... done.
INIT: version 2.88 booting
[[36minfo[39;49m] Using makefile-style concurrent boot in runlevel S.
findfs: unable to resolve 'UUID="e35ebd7f-2405-4c97-9c3e-26919d55a9e5"'
[....] Starting the hotplug events dispatcher: udevd[    8.480042] udevd[309]: starting version 175
[?25l[?1c7[1G[[32m ok [39;49m8[?25h[?0c.
[....] Synthesizing the initial hotplug events...[    8.525519] input: Power Button as /devices/LNXSYSTM:00/LNXPWRBN:00/input/input1
[    8.527292] ACPI: Power Button [PWRF]
[?25l[?1c7[1G[[32m ok [39;49m8[?25h[?0cdone.
[....] Waiting for /dev to be fully populated...[    8.603678] input: PC Speaker as /devices/platform/pcspkr/input/input2
[    8.617716] parport_pc 00:05: reported by Plug and Play ACPI
[    8.619599] parport0: PC-style at 0x378, irq 7 [
[    8.621016] piix4_smbus 0000:00:01.3: SMBus Host Controller at 0xb100, revision 0
[    8.623717] PCSPP,TRISTATE]
[    8.627831] alg: No test for __gcm-aes-aesni (__driver-gcm-aes-aesni)
[    8.644882] Error: Driver 'pcspkr' is already registered, aborting...
[?25l[?1c7[1G[[32m ok [39;49m8[?25h[?0cdone.
findfs: unable to resolve 'UUID="e35ebd7f-2405-4c97-9c3e-26919d55a9e5"'
[....] Activating swap...[?25l[?1c7[1G[[32m ok [39;49m8[?25h[?0cdone.
Usage: mountpoint [-q] [-d] [-x] path
[   11.956453] EXT4-fs (sda1): re-mounted. Opts: (null)
[....] Checking root file system...fsck from util-linux 2.20.1
/run/rootdev: clean, 32669/264000 files, 885551/1054720 blocks
[?25l[?1c7[1G[[32m ok [39;49m8[?25h[?0cdone.
[   12.028896] EXT4-fs (sda1): re-mounted. Opts: errors=remount-ro,errors=remount-ro
[....] Cleaning up temporary files... /tmp[?25l[?1c7[1G[[32m ok [39;49m8[?25h[?0c.
findfs: unable to resolve 'UUID="e35ebd7f-2405-4c97-9c3e-26919d55a9e5"'
[   12.258321] input: ImExPS/2 Generic Explorer Mouse as /devices/platform/i8042/serio1/input/input3
findfs: unable to resolve 'UUID="e35ebd7f-2405-4c97-9c3e-26919d55a9e5"'
[....] Activating lvm and md swap...[?25l[?1c7[1G[[32m ok [39;49m8[?25h[?0cdone.
[....] Checking file systems...fsck from util-linux 2.20.1
[?25l[?1c7[1G[[32m ok [39;49m8[?25h[?0cdone.
[....] Mounting local filesystems...[?25l[?1c7[1G[[32m ok [39;49m8[?25h[?0cdone.
[....] Activating swapfile swap...[?25l[?1c7[1G[[32m ok [39;49m8[?25h[?0cdone.
findfs: unable to resolve 'UUID="e35ebd7f-2405-4c97-9c3e-26919d55a9e5"'
[....] Cleaning up temporary files...[?25l[?1c7[1G[[32m ok [39;49m8[?25h[?0c.
[....] Setting kernel variables ...[?25l[?1c7[1G[[32m ok [39;49m8[?25h[?0cdone.
[....] Configuring network interfaces...Internet Systems Consortium DHCP Client 4.2.2
Copyright 2004-2011 Internet Systems Consortium.
All rights reserved.
For info, please visit https://www.isc.org/software/dhcp/

[   16.126133] ADDRCONF(NETDEV_UP): eth0: link is not ready
Listening on LPF/eth0/52:54:00:12:34:56
Sending on   LPF/eth0/52:54:00:12:34:56
Sending on   Socket/fallback
DHCPDISCOVER on eth0 to 255.255.255.255 port 67 interval 8
[   19.856255] e1000: eth0 NIC Link is Up 1000 Mbps Full Duplex, Flow Control: RX
[   19.861718] ADDRCONF(NETDEV_CHANGE): eth0: link becomes ready
DHCPDISCOVER on eth0 to 255.255.255.255 port 67 interval 8
DHCPREQUEST on eth0 to 255.255.255.255 port 67
DHCPOFFER from 10.0.2.2
DHCPACK from 10.0.2.2
bound to 10.0.2.15 -- renewal in 40505 seconds.
ifup: interface eth0 already configured
[?25l[?1c7[1G[[32m ok [39;49m8[?25h[?0cdone.
[....] Cleaning up temporary files...[?25l[?1c7[1G[[32m ok [39;49m8[?25h[?0c.
INIT: Entering runlevel: 2
[[36minfo[39;49m] Using makefile-style concurrent boot in runlevel 2.
[....] Starting OpenBSD Secure Shell server: sshd[?25l[?1c7[1G[[32m ok [39;49m8[?25h[?0c.
Entering benchmark mode
./scaff/bin/uniform/doitgen_STANDARD dummy.out 100
STARTING doitgen_STANDARD execution: Tue Jan  3 12:17:33 EET 2017
Execution Time; 0.149104
Execution Time; 0.146625
Execution Time; 0.131476
Execution Time; 0.129714
Execution Time; 3.145986
Execution Time; 0.140483
Execution Time; 0.146807
Execution Time; 0.147213
Execution Time; 0.151131
Execution Time; 0.147132
Execution Time; 3.161429
Execution Time; 0.148426
Execution Time; 0.147122
Execution Time; 0.152050
Execution Time; 0.147559
Execution Time; 0.148258
Execution Time; 0.151332
Execution Time; 3.157005
Execution Time; 0.152446
Execution Time; 0.147704
Execution Time; 0.147460
Execution Time; 0.151978
Execution Time; 0.147460
Execution Time; 3.165406
Execution Time; 0.150944
Execution Time; 0.147367
Execution Time; 0.151385
Execution Time; 0.147344
Execution Time; 0.147479
Execution Time; 3.161423
Execution Time; 0.146928
Execution Time; 0.148934
Execution Time; 0.149651
Execution Time; 0.147191
Execution Time; 0.152789
Execution Time; 3.157039
Execution Time; 0.147293
Execution Time; 0.151365
Execution Time; 0.147068
Execution Time; 0.150474
Execution Time; 0.148849
Execution Time; 0.146942
Execution Time; 0.151374
Execution Time; 0.146914
Execution Time; 0.147800
Execution Time; 0.150720
Execution Time; 0.146757
Execution Time; 0.150878
Execution Time; 3.157482
Execution Time; 0.146696
Execution Time; 0.150806
Execution Time; 0.147040
Execution Time; 0.149715
Execution Time; 0.149538
Execution Time; 3.156252
Execution Time; 0.151052
Execution Time; 0.146998
Execution Time; 0.147470
Execution Time; 0.151195
Execution Time; 0.147120
Execution Time; 3.161276
Execution Time; 0.148209
Execution Time; 0.147219
Execution Time; 0.152086
Execution Time; 0.147085
Execution Time; 0.148057
Execution Time; 3.160058
Execution Time; 0.146967
Execution Time; 0.150414
Execution Time; 0.146427
Execution Time; 0.146578
Execution Time; 0.150435
Execution Time; 0.146426
Execution Time; 3.160178
Execution Time; 0.147918
Execution Time; 0.146399
Execution Time; 0.150579
Execution Time; 0.146794
Execution Time; 0.148052
Execution Time; 3.160388
Execution Time; 0.147201
Execution Time; 0.150336
Execution Time; 0.146602
Execution Time; 0.146520
Execution Time; 0.150638
Execution Time; 3.165718
Execution Time; 0.149755
Execution Time; 0.143226
Execution Time; 0.150889
Execution Time; 0.148182
Execution Time; 0.146531
Execution Time; 3.161296
Execution Time; 0.146459
Execution Time; 0.148048
Execution Time; 0.150057
Execution Time; 0.146736
Execution Time; 0.150392
Execution Time; 0.146576
Execution Time; 3.156346
Execution Time; 0.151645
Execution Time; 0.154686
Execution Time; 0.146326
Execution Time; 0.150936
Execution Time; 0.146341
Execution Time; 0.146834
Execution Time; 0.151802
Execution Time; 0.146762
Execution Time; 0.150036
Execution Time; 0.148927
Execution Time; 0.146905
Execution Time; 3.165327
Execution Time; 0.147005
Execution Time; 0.147664
Execution Time; 0.151562
Execution Time; 0.147123
Execution Time; 0.150381
Execution Time; 3.159447
Execution Time; 0.147339
Execution Time; 0.151781
Execution Time; 0.147093
Execution Time; 0.147819
Execution Time; 0.151351
Execution Time; 3.157338
Execution Time; 0.150196
Execution Time; 0.150123
Execution Time; 0.147100
Execution Time; 0.151470
Execution Time; 0.146927
Execution Time; 3.157439
Execution Time; 0.152432
Execution Time; 0.147277
Execution Time; 0.149536
Execution Time; 0.150233
Execution Time; 0.147503
Execution Time; 3.161755
Execution Time; 0.147721
Execution Time; 0.147710
Execution Time; 0.152446
Execution Time; 0.147808
Execution Time; 0.148693
Execution Time; 0.152504
Execution Time; 3.157842
Execution Time; 0.152389
Execution Time; 0.149104
Execution Time; 0.147683
Execution Time; 0.152446
Execution Time; 0.147997
Execution Time; 3.158319
Execution Time; 0.153569
Execution Time; 0.148124
Execution Time; 0.149104
Execution Time; 0.149423
Execution Time; 0.146812
Execution Time; 3.161384
Execution Time; 0.146512
Execution Time; 0.147825
Execution Time; 0.151931
Execution Time; 0.146718
Execution Time; 0.150258
Execution Time; 3.158885
Execution Time; 0.146861
Execution Time; 0.152681
Execution Time; 0.146813
Execution Time; 0.146951
Execution Time; 0.152108
Execution Time; 3.162107
Execution Time; 0.150041
Execution Time; 0.144234
Execution Time; 0.148704
Execution Time; 0.150202
Execution Time; 0.146806
Execution Time; 0.151432
Execution Time; 3.157010
Execution Time; 0.146612
Execution Time; 0.151483
Execution Time; 0.147022
Execution Time; 0.148421
Execution Time; 0.151026
Execution Time; 3.156550
Execution Time; 0.152007
Execution Time; 0.147324
Execution Time; 0.147027
Execution Time; 0.152258
Execution Time; 0.147725
Execution Time; 3.160925
Execution Time; 0.150253
Execution Time; 0.148015
Execution Time; 0.151748
Execution Time; 0.147261
Execution Time; 0.147957
Execution Time; 3.162992
Execution Time; 0.148564
Execution Time; 0.150443
Execution Time; 0.151874
Execution Time; 0.148017
Execution Time; 0.153039
Execution Time; 3.157710
Execution Time; 0.147933
Execution Time; 0.152488
Execution Time; 0.147854
Execution Time; 0.153027
Execution Time; 0.150179
Execution Time; 3.159206
Execution Time; 0.147794
Execution Time; 0.152467
Execution Time; 0.147019
Execution Time; 0.146995
Execution Time; 0.152036
Execution Time; 3.161147
Execution Time; 0.150060
Execution Time; 0.149467
Execution Time; 0.146826
Execution Time; 0.150001
Execution Time; 0.146541
Execution Time; 3.156804
Execution Time; 0.150554
Execution Time; 0.146772
Execution Time; 0.150845
Execution Time; 0.149371
Execution Time; 0.146862
Execution Time; 0.151528
Execution Time; 0.147990
Execution Time; 0.146047
Execution Time; 0.151379
Execution Time; 0.146799
Execution Time; 0.150702
Execution Time; 0.149367
Execution Time; 3.156799
Execution Time; 0.152266
Execution Time; 0.146632
Execution Time; 0.146715
Execution Time; 0.152536
Execution Time; 0.146325
Execution Time; 3.158150
Execution Time; 0.150858
Execution Time; 0.147095
Execution Time; 0.151602
Execution Time; 0.146720
Execution Time; 0.147263
Execution Time; 3.162472
Execution Time; 0.147429
Execution Time; 0.148285
Execution Time; 0.151476
Execution Time; 0.147686
Execution Time; 0.151893
Execution Time; 3.158174
Execution Time; 0.146355
Execution Time; 0.148521
Execution Time; 0.147037
Execution Time; 0.152754
Execution Time; 0.147977
Execution Time; 0.149224
Execution Time; 0.155035
Execution Time; 0.146995
Execution Time; 0.149136
Execution Time; 0.150024
Execution Time; 0.147143
Execution Time; 0.152205
Execution Time; 3.157535
Execution Time; 0.147282
Execution Time; 0.152850
Execution Time; 0.148039
Execution Time; 0.150735
Execution Time; 0.151010
Execution Time; 3.158268
Execution Time; 0.152786
Execution Time; 0.148606
Execution Time; 0.146334
Execution Time; 0.152935
Execution Time; 0.148658
Execution Time; 3.159596
Execution Time; 0.152065
Execution Time; 0.147485
Execution Time; 0.152041
Execution Time; 0.147570
Execution Time; 0.148926
Execution Time; 3.162618
Execution Time; 0.149217
Execution Time; 0.150279
Execution Time; 0.153788
Execution Time; 0.149291
Execution Time; 0.153803
Execution Time; 3.159052
Execution Time; 0.148907
Execution Time; 0.154635
Execution Time; 0.149369
Execution Time; 0.149184
Execution Time; 0.154490
Execution Time; 0.149425
Execution Time; 3.167644
Execution Time; 0.151297
Execution Time; 0.147918
Execution Time; 0.151495
Execution Time; 0.146936
Execution Time; 0.145148
Execution Time; 3.159996
Execution Time; 0.146698
Execution Time; 0.149670
Execution Time; 0.150641
Execution Time; 0.147151
Execution Time; 3.162520
Execution Time; 0.150263
Execution Time; 0.146594
Execution Time; 0.147364
Execution Time; 0.150816
Execution Time; 0.146382
Execution Time; 0.150541
Execution Time; 3.158465
Execution Time; 0.146637
Execution Time; 0.150658
Execution Time; 0.146277
Execution Time; 0.148346
Execution Time; 0.149441
Execution Time; 3.157199
Execution Time; 0.151366
Execution Time; 0.146647
Execution Time; 0.147121
Execution Time; 0.151491
Execution Time; 0.147055
Execution Time; 3.166254
Execution Time; 0.149176
Execution Time; 0.146193
Execution Time; 0.151182
Execution Time; 0.146411
Execution Time; 0.146408
Execution Time; 3.161759
Execution Time; 0.141379
Execution Time; 0.150578
Execution Time; 0.146451
Execution Time; 0.149864
Execution Time; 0.147532
Execution Time; 0.146452
Execution Time; 3.168209
Execution Time; 0.147048
Execution Time; 0.147080
Execution Time; 0.151165
Execution Time; 0.146509
Execution Time; 0.151126
Execution Time; 3.156814
Execution Time; 0.146414
Execution Time; 0.150713
Execution Time; 0.146805
Execution Time; 0.149102
Execution Time; 0.149726
Execution Time; 3.156719
Execution Time; 0.150596
Execution Time; 0.146332
Execution Time; 0.146415
Execution Time; 0.150506
Execution Time; 0.146283
Execution Time; 3.158777
Execution Time; 0.148949
Execution Time; 0.145902
Execution Time; 0.149941
Execution Time; 0.145882
Execution Time; 0.146070
Execution Time; 0.150066
Execution Time; 0.145572
Execution Time; 0.149513
Execution Time; 0.148105
Execution Time; 0.147298
Execution Time; 0.151225
Execution Time; 0.146080
Execution Time; 3.158069
Execution Time; 0.150054
Execution Time; 0.145925
Execution Time; 0.150202
Execution Time; 0.147784
Execution Time; 0.146652
Execution Time; 3.160584
Execution Time; 0.145848
Execution Time; 0.146879
Execution Time; 0.148543
Execution Time; 0.145715
Execution Time; 0.150606
Execution Time; 3.156600
Execution Time; 0.147324
Execution Time; 0.152247
Execution Time; 0.146566
Execution Time; 0.149721
Execution Time; 0.150418
Execution Time; 0.147604
Execution Time; 3.162438
Execution Time; 0.147288
Execution Time; 0.147432
Execution Time; 0.153127
Execution Time; 0.147555
Execution Time; 0.151069
Execution Time; 3.163317
Execution Time; 0.148071
Execution Time; 0.152464
Execution Time; 0.148128
Execution Time; 0.147298
Execution Time; 0.152702
Execution Time; 3.160735
Execution Time; 0.148924
Execution Time; 0.149168
Execution Time; 0.147151
Execution Time; 0.151058
Execution Time; 0.146490
Execution Time; 3.162395
Execution Time; 0.148619
Execution Time; 0.150387
Execution Time; 0.146877
Execution Time; 0.150714
Execution Time; 0.146803
Execution Time; 3.158366
Execution Time; 0.146789
Execution Time; 0.147210
Execution Time; 0.151341
Execution Time; 0.146887
Execution Time; 0.149313
Execution Time; 3.160210
Execution Time; 0.147002
Execution Time; 0.151919
Execution Time; 0.147220
Execution Time; 0.146971
Execution Time; 0.152103
Execution Time; 3.157271
Execution Time; 0.148952
Execution Time; 0.150560
Execution Time; 0.147267
Execution Time; 0.151585
Execution Time; 0.147429
Execution Time; 0.147408
Execution Time; 0.150378
Execution Time; 0.146271
Execution Time; 0.148460
Execution Time; 0.149040
Execution Time; 0.146691
Execution Time; 0.150593
Execution Time; 3.156349
Execution Time; 0.146630
Execution Time; 0.150957
Execution Time; 0.146685
Execution Time; 0.148959
Execution Time; 0.148294
Execution Time; 3.155870
Execution Time; 0.151438
Execution Time; 0.146407
Execution Time; 0.147719
Execution Time; 0.152019
Execution Time; 0.146571
Execution Time; 3.158733
Execution Time; 0.148995
Execution Time; 0.146662
Execution Time; 0.151496
Execution Time; 0.146752
Execution Time; 0.147475
Execution Time; 3.161040
Execution Time; 0.147009
Execution Time; 0.148887
Execution Time; 0.150088
Execution Time; 0.146714
Execution Time; 0.151187
Execution Time; 0.147063
Execution Time; 3.157476
Execution Time; 0.151736
Execution Time; 0.147434
Execution Time; 0.149081
Execution Time; 0.150697
Execution Time; 0.147181
Execution Time; 3.162596
Execution Time; 0.147749
Execution Time; 0.147374
Execution Time; 0.151843
Execution Time; 0.147226
Execution Time; 0.148135
Execution Time; 3.162457
Execution Time; 0.147790
Execution Time; 0.151398
Execution Time; 0.149014
Execution Time; 0.147637
Execution Time; 0.151854
Execution Time; 3.157251
Execution Time; 0.148576
Execution Time; 0.151930
Execution Time; 0.147045
Execution Time; 0.149656
Execution Time; 0.149633
Execution Time; 3.157051
Execution Time; 0.153818
Execution Time; 0.147303
Execution Time; 0.146030
Execution Time; 0.151127
Execution Time; 0.146622
Execution Time; 0.150089
Execution Time; 3.154462
Execution Time; 0.148952
Execution Time; 0.149378
Execution Time; 0.146534
Execution Time; 0.151491
Execution Time; 0.146446
Execution Time; 3.156281
Execution Time; 0.151376
Execution Time; 0.146874
Execution Time; 0.149899
Execution Time; 0.148648
Execution Time; 0.146882
Execution Time; 3.161057
Execution Time; 0.156611
Execution Time; 0.147083
Execution Time; 0.151370
Execution Time; 0.147199
Execution Time; 0.147343
Execution Time; 3.160908
Execution Time; 0.147266
Execution Time; 0.149216
Execution Time; 0.150436
Execution Time; 0.147796
Execution Time; 0.152301
Execution Time; 3.160694
Execution Time; 0.146971
Execution Time; 0.151350
Execution Time; 0.146875
Execution Time; 0.148286
Execution Time; 0.150362
Execution Time; 3.158956
Execution Time; 0.151123
Execution Time; 0.147493
Execution Time; 0.147223
Execution Time; 0.151260
Execution Time; 0.147378
Execution Time; 0.148805
Execution Time; 0.149891
Execution Time; 0.147210
Execution Time; 0.151993
Execution Time; 0.147346
Execution Time; 0.147279
Execution Time; 0.151583
Execution Time; 3.156656
Execution Time; 0.149595
Execution Time; 0.150783
Execution Time; 0.147692
Execution Time; 0.151659
Execution Time; 0.147962
Execution Time; 3.157038
Execution Time; 0.152275
Execution Time; 0.147962
Execution Time; 0.149314
Execution Time; 0.151855
Execution Time; 0.147767
Execution Time; 3.162070
Execution Time; 0.148439
Execution Time; 0.148157
Execution Time; 0.152833
Execution Time; 0.148137
Execution Time; 0.148994
Execution Time; 3.166454
Execution Time; 0.147143
Execution Time; 0.151969
Execution Time; 0.148408
Execution Time; 0.148061
Execution Time; 0.151957
Execution Time; 3.157141
Execution Time; 0.147849
Execution Time; 0.150896
Execution Time; 0.147136
Execution Time; 0.151378
Execution Time; 0.147470
Execution Time; 0.147420
Execution Time; 3.161214
Execution Time; 0.147325
Execution Time; 0.148921
Execution Time; 0.150713
Execution Time; 0.147390
Execution Time; 0.151370
Execution Time; 3.151982
Execution Time; 0.151244
Execution Time; 0.147645
Execution Time; 0.147648
Execution Time; 0.151953
Execution Time; 0.147145
Execution Time; 3.157389
Execution Time; 0.150307
Execution Time; 0.146335
Execution Time; 0.151369
Execution Time; 0.146907
Execution Time; 0.146508
Execution Time; 3.160566
Execution Time; 0.146817
Execution Time; 0.147957
Execution Time; 0.150801
Execution Time; 0.146757
Execution Time; 0.151252
Execution Time; 0.147282
Execution Time; 3.156292
Execution Time; 0.150926
Execution Time; 0.146619
Execution Time; 0.147576
Execution Time; 0.150828
Execution Time; 0.146708
Execution Time; 3.160571
Execution Time; 0.147805
Execution Time; 0.147310
Execution Time; 0.151591
Execution Time; 0.146625
Execution Time; 0.147668
Execution Time; 3.166800
Execution Time; 0.146674
Execution Time; 0.151621
Execution Time; 0.150570
Execution Time; 0.146750
Execution Time; 0.146468
Execution Time; 3.159904
Execution Time; 0.146340
Execution Time; 0.148515
Execution Time; 0.149128
Execution Time; 0.146428
Execution Time; 0.150730
Execution Time; 3.157675
Execution Time; 0.147036
Execution Time; 0.150846
Execution Time; 0.146505
Execution Time; 0.149500
Execution Time; 0.148985
Execution Time; 3.156306
Execution Time; 0.150868
Execution Time; 0.146537
Execution Time; 0.146910
Execution Time; 0.150487
Execution Time; 0.146349
Execution Time; 3.158770
Execution Time; 0.148971
Execution Time; 0.146434
Execution Time; 0.151936
Execution Time; 0.146692
Execution Time; 0.147032
Execution Time; 0.151100
Execution Time; 3.156551
Execution Time; 0.149566
Execution Time; 0.149358
Execution Time; 0.147036
Execution Time; 0.151617
Execution Time; 0.147213
Execution Time; 3.156048
Execution Time; 0.152386
Execution Time; 0.146297
Execution Time; 0.148364
Execution Time; 0.148129
Execution Time; 0.146269
Execution Time; 3.159972
Execution Time; 0.145877
Execution Time; 0.146431
Execution Time; 0.150688
Execution Time; 0.145563
Execution Time; 0.149300
Execution Time; 3.151686
Execution Time; 0.150717
Execution Time; 0.145938
Execution Time; 0.146032
Execution Time; 0.151491
Execution Time; 0.146074
Execution Time; 0.147814
Execution Time; 3.161899
Execution Time; 0.145561
Execution Time; 0.149357
Execution Time; 0.145753
Execution Time; 0.145807
Execution Time; 0.149702
Execution Time; 3.162267
Execution Time; 0.148061
Execution Time; 0.147784
Execution Time; 0.146136
Execution Time; 0.148714
Execution Time; 0.145456
Execution Time; 3.156271
Execution Time; 0.149656
Execution Time; 0.145205
Execution Time; 0.148881
Execution Time; 0.146271
Execution Time; 0.145402
Execution Time; 3.159444
Execution Time; 0.145523
Execution Time; 0.146397
Execution Time; 0.148354
Execution Time; 0.145355
Execution Time; 0.149121
Execution Time; 0.145281
Execution Time; 3.155814
Execution Time; 0.149531
Execution Time; 0.145117
Execution Time; 0.147410
Execution Time; 0.147538
Execution Time; 0.145198
Execution Time; 3.162608
Execution Time; 0.144047
Execution Time; 0.144007
Execution Time; 0.147185
Execution Time; 0.144139
Execution Time; 0.146852
Execution Time; 3.155001
Execution Time; 0.145864
Execution Time; 0.147270
Execution Time; 0.144256
Execution Time; 0.146417
Execution Time; 0.146394
Execution Time; 0.144530
Execution Time; 3.158470
Execution Time; 0.145679
INIT: Switching to runlevel: 0INIT: Sending processes the TERM signal
[[36minfo[39;49m] Using makefile-style concurrent boot in runlevel 0.
[[36minfo[39;49m] Saving the system clock.
[[36minfo[39;49m] Hardware Clock updated to Tue Jan  3 10:25:15 UTC 2017.
[....] Asking all remaining processes to terminate...[?25l[?1c7[1G[[32m ok [39;49m8[?25h[?0cdone.
[....] All processes ended within 2 seconds...[?25l[?1c7[1G[[32m ok [39;49m8[?25h[?0cdone.
[....] Deconfiguring network interfaces...Internet Systems Consortium DHCP Client 4.2.2
Copyright 2004-2011 Internet Systems Consortium.
All rights reserved.
For info, please visit https://www.isc.org/software/dhcp/

Listening on LPF/eth0/52:54:00:12:34:56
Sending on   LPF/eth0/52:54:00:12:34:56
Sending on   Socket/fallback
DHCPRELEASE on eth0 to 10.0.2.2 port 67
[?25l[?1c7[1G[[32m ok [39;49m8[?25h[?0cdone.
[....] Deactivating swap...[?25l[?1c7[1G[[32m ok [39;49m8[?25h[?0cdone.
[  485.655907] EXT4-fs (sda1): re-mounted. Opts: (null)
[[36minfo[39;49m] Will now halt.
[  489.275360] sd 0:0:0:0: [sda] Synchronizing SCSI cache
[  489.277545] sd 0:0:0:0: [sda] Stopping disk
[  489.281315] ACPI: Preparing to enter system sleep state S5
[  489.282841] Power down.
aff-executor-preload.c:affhooks_init()
aff-executor-preload.c:affhooks_shut()
HELLO KITTY
