aff-executor-preload.c:affhooks_init()
[H[J[?25l[m[H[J[2;25HGNU GRUB  version 1.99-27+deb7u2

[m[4;2H+--------------------------------------------------------------------------+[5;2H|[5;77H|[6;2H|[6;77H|[7;2H|[7;77H|[8;2H|[8;77H|[9;2H|[9;77H|[10;2H|[10;77H|[11;2H|[11;77H|[12;2H|[12;77H|[13;2H|[13;77H|[14;2H|[14;77H|[15;2H|[15;77H|[16;2H|[16;77H|[17;2H+--------------------------------------------------------------------------+[m[18;2H[m
      Use the ^ and v keys to select which entry is highlighted.      
      Press enter to boot the selected OS, 'e' to edit the commands      
      before booting or 'c' for a command-line.      
      [5;78H [7m[5;3HDebian GNU/Linux, with Linux 3.2.0-4-amd64                               [m [5;76H[m[m[6;3HDebian GNU/Linux, with Linux 3.2.0-4-amd64 (recovery mode)               [m [6;76H[m[m[7;3H                                                                         [m [7;76H[m[m[8;3H                                                                         [m [8;76H[m[m[9;3H                                                                         [m [9;76H[m[m[10;3H                                                                         [m [10;76H[m[m[11;3H                                                                         [m [11;76H[m[m[12;3H                                                                         [m [12;76H[m[m[13;3H                                                                         [m [13;76H[m[m[14;3H                                                                         [m [14;76H[m[m[15;3H                                                                         [m [15;76H[m[m[16;3H                                                                         [m [16;76H[m[16;78H [5;76H[22;1H   The highlighted entry will be executed automatically in 5s.                 [5;76H[22;1H   The highlighted entry will be executed automatically in 4s.                 [5;76H[22;1H   The highlighted entry will be executed automatically in 3s.                 [5;76H[22;1H   The highlighted entry will be executed automatically in 2s.                 [5;76H[22;1H   The highlighted entry will be executed automatically in 1s.                 [5;76H[22;1H   The highlighted entry will be executed automatically in 0s.                 [5;76H[?25h[H[J[H[J  Booting 'Debian GNU/Linux, with Linux 3.2.0-4-amd64'

Loading Linux 3.2.0-4-amd64 ...
Loading initial ramdisk ...
[    0.000000] Initializing cgroup subsys cpuset
[    0.000000] Initializing cgroup subsys cpu
[    0.000000] Linux version 3.2.0-4-amd64 (debian-kernel@lists.debian.org) (gcc version 4.6.3 (Debian 4.6.3-14) ) #1 SMP Debian 3.2.68-1+deb7u3
[    0.000000] Command line: BOOT_IMAGE=/boot/vmlinuz-3.2.0-4-amd64 root=UUID=e35ebd7f-2405-4c97-9c3e-26919d55a9e5 ro console=tty0 console=ttyS0,115200n8
[    0.000000] BIOS-provided physical RAM map:
[    0.000000]  BIOS-e820: 0000000000000000 - 000000000009f400 (usable)
[    0.000000]  BIOS-e820: 000000000009f400 - 00000000000a0000 (reserved)
[    0.000000]  BIOS-e820: 00000000000f0000 - 0000000000100000 (reserved)
[    0.000000]  BIOS-e820: 0000000000100000 - 00000000dfffe000 (usable)
[    0.000000]  BIOS-e820: 00000000dfffe000 - 00000000e0000000 (reserved)
[    0.000000]  BIOS-e820: 00000000feffc000 - 00000000ff000000 (reserved)
[    0.000000]  BIOS-e820: 00000000fffc0000 - 0000000100000000 (reserved)
[    0.000000]  BIOS-e820: 0000000100000000 - 0000000420000000 (usable)
[    0.000000] NX (Execute Disable) protection: active
[    0.000000] SMBIOS 2.4 present.
[    0.000000] No AGP bridge found
[    0.000000] last_pfn = 0x420000 max_arch_pfn = 0x400000000
[    0.000000] PAT not supported by CPU.
[    0.000000] last_pfn = 0xdfffe max_arch_pfn = 0x400000000
[    0.000000] found SMP MP-table at [ffff8800000fdac0] fdac0
[    0.000000] init_memory_mapping: 0000000000000000-00000000dfffe000
[    0.000000] init_memory_mapping: 0000000100000000-0000000420000000
[    0.000000] RAMDISK: 36c6c000 - 3762e000
[    0.000000] ACPI: RSDP 00000000000fd8b0 00014 (v00 BOCHS )
[    0.000000] ACPI: RSDT 00000000dfffe470 00038 (v01 BOCHS  BXPCRSDT 00000001 BXPC 00000001)
[    0.000000] ACPI: FACP 00000000dfffff80 00074 (v01 BOCHS  BXPCFACP 00000001 BXPC 00000001)
[    0.000000] ACPI: DSDT 00000000dfffe4b0 01121 (v01   BXPC   BXDSDT 00000001 INTL 20100528)
[    0.000000] ACPI: FACS 00000000dfffff40 00040
[    0.000000] ACPI: SSDT 00000000dffffd70 001C1 (v01 BOCHS  BXPCSSDT 00000001 BXPC 00000001)
[    0.000000] ACPI: APIC 00000000dffffc70 00090 (v01 BOCHS  BXPCAPIC 00000001 BXPC 00000001)
[    0.000000] ACPI: HPET 00000000dffffc30 00038 (v01 BOCHS  BXPCHPET 00000001 BXPC 00000001)
[    0.000000] ACPI: SSDT 00000000dffff5e0 00644 (v01   BXPC BXSSDTPC 00000001 INTL 20100528)
[    0.000000] No NUMA configuration found
[    0.000000] Faking a node at 0000000000000000-0000000420000000
[    0.000000] Initmem setup node 0 0000000000000000-0000000420000000
[    0.000000]   NODE_DATA [000000041fffb000 - 000000041fffffff]
[    0.000000] kvm-clock: Using msrs 4b564d01 and 4b564d00
[    0.000000] kvm-clock: cpu 0, msr 0:16a8741, boot clock
[    0.000000] Zone PFN ranges:
[    0.000000]   DMA      0x00000010 -> 0x00001000
[    0.000000]   DMA32    0x00001000 -> 0x00100000
[    0.000000]   Normal   0x00100000 -> 0x00420000
[    0.000000] Movable zone start PFN for each node
[    0.000000] early_node_map[3] active PFN ranges
[    0.000000]     0: 0x00000010 -> 0x0000009f
[    0.000000]     0: 0x00000100 -> 0x000dfffe
[    0.000000]     0: 0x00100000 -> 0x00420000
[    0.000000] ACPI: PM-Timer IO Port: 0xb008
[    0.000000] ACPI: LAPIC (acpi_id[0x00] lapic_id[0x00] enabled)
[    0.000000] ACPI: LAPIC (acpi_id[0x01] lapic_id[0x01] enabled)
[    0.000000] ACPI: LAPIC (acpi_id[0x02] lapic_id[0x02] enabled)
[    0.000000] ACPI: LAPIC (acpi_id[0x03] lapic_id[0x03] enabled)
[    0.000000] ACPI: LAPIC_NMI (acpi_id[0xff] dfl dfl lint[0x1])
[    0.000000] ACPI: IOAPIC (id[0x04] address[0xfec00000] gsi_base[0])
[    0.000000] IOAPIC[0]: apic_id 4, version 17, address 0xfec00000, GSI 0-23
[    0.000000] ACPI: INT_SRC_OVR (bus 0 bus_irq 0 global_irq 2 dfl dfl)
[    0.000000] ACPI: INT_SRC_OVR (bus 0 bus_irq 5 global_irq 5 high level)
[    0.000000] ACPI: INT_SRC_OVR (bus 0 bus_irq 9 global_irq 9 high level)
[    0.000000] ACPI: INT_SRC_OVR (bus 0 bus_irq 10 global_irq 10 high level)
[    0.000000] ACPI: INT_SRC_OVR (bus 0 bus_irq 11 global_irq 11 high level)
[    0.000000] Using ACPI (MADT) for SMP configuration information
[    0.000000] ACPI: HPET id: 0x8086a201 base: 0xfed00000
[    0.000000] SMP: Allowing 4 CPUs, 0 hotplug CPUs
[    0.000000] PM: Registered nosave memory: 000000000009f000 - 00000000000a0000
[    0.000000] PM: Registered nosave memory: 00000000000a0000 - 00000000000f0000
[    0.000000] PM: Registered nosave memory: 00000000000f0000 - 0000000000100000
[    0.000000] PM: Registered nosave memory: 00000000dfffe000 - 00000000e0000000
[    0.000000] PM: Registered nosave memory: 00000000e0000000 - 00000000feffc000
[    0.000000] PM: Registered nosave memory: 00000000feffc000 - 00000000ff000000
[    0.000000] PM: Registered nosave memory: 00000000ff000000 - 00000000fffc0000
[    0.000000] PM: Registered nosave memory: 00000000fffc0000 - 0000000100000000
[    0.000000] Allocating PCI resources starting at e0000000 (gap: e0000000:1effc000)
[    0.000000] Booting paravirtualized kernel on KVM
[    0.000000] setup_percpu: NR_CPUS:512 nr_cpumask_bits:512 nr_cpu_ids:4 nr_node_ids:1
[    0.000000] PERCPU: Embedded 27 pages/cpu @ffff88041fc00000 s78912 r8192 d23488 u524288
[    0.000000] kvm-clock: cpu 0, msr 4:1fc12741, primary cpu clock
[    0.000000] KVM setup async PF for cpu 0
[    0.000000] kvm-stealtime: cpu 0, msr 41fc0cfc0
[    0.000000] Built 1 zonelists in Zone order, mobility grouping on.  Total pages: 4135048
[    0.000000] Policy zone: Normal
[    0.000000] Kernel command line: BOOT_IMAGE=/boot/vmlinuz-3.2.0-4-amd64 root=UUID=e35ebd7f-2405-4c97-9c3e-26919d55a9e5 ro console=tty0 console=ttyS0,115200n8
[    0.000000] PID hash table entries: 4096 (order: 3, 32768 bytes)
[    0.000000] Checking aperture...
[    0.000000] No AGP bridge found
[    0.000000] Memory: 16460264k/17301504k available (3434k kernel code, 524748k absent, 316492k reserved, 3305k data, 580k init)
[    0.000000] Hierarchical RCU implementation.
[    0.000000] 	RCU dyntick-idle grace-period acceleration is enabled.
[    0.000000] NR_IRQS:33024 nr_irqs:712 16
[    0.000000] Console: colour VGA+ 80x25
[    0.000000] console [tty0] enabled
[    0.000000] console [ttyS0] enabled
[    0.000000] Detected 2199.998 MHz processor.
[    0.008000] Calibrating delay loop (skipped) preset value.. 4399.99 BogoMIPS (lpj=8799992)
[    0.008000] pid_max: default: 32768 minimum: 301
[    0.008000] Security Framework initialized
[    0.008015] AppArmor: AppArmor disabled by boot time parameter
[    0.009888] Dentry cache hash table entries: 2097152 (order: 12, 16777216 bytes)
[    0.014381] Inode-cache hash table entries: 1048576 (order: 11, 8388608 bytes)
[    0.017293] Mount-cache hash table entries: 256
[    0.018263] Initializing cgroup subsys cpuacct
[    0.019064] Initializing cgroup subsys memory
[    0.019920] Initializing cgroup subsys devices
[    0.020018] Initializing cgroup subsys freezer
[    0.020829] Initializing cgroup subsys net_cls
[    0.021593] Initializing cgroup subsys blkio
[    0.022371] Initializing cgroup subsys perf_event
[    0.024092] mce: CPU supports 10 MCE banks
[    0.026118] ACPI: Core revision 20110623
[    0.030691] ..TIMER: vector=0x30 apic1=0 pin1=2 apic2=-1 pin2=-1
[    0.031697] CPU0: Intel QEMU Virtual CPU version 1.1.2 stepping 03
[    0.036002] Performance Events: unsupported p6 CPU model 2 no PMU driver, software events only.
[    0.036002] NMI watchdog disabled (cpu0): hardware events not enabled
[    0.036002] Booting Node   0, Processors  #1
[    0.048009] kvm-clock: cpu 1, msr 4:1fc92741, secondary cpu clock
[    0.048175] NMI watchdog disabled (cpu1): hardware events not enabled
[    0.052118]  #2
[    0.048210] KVM setup async PF for cpu 1
[    0.048210] kvm-stealtime: cpu 1, msr 41fc8cfc0
[    0.064009] kvm-clock: cpu 2, msr 4:1fd12741, secondary cpu clock
[    0.064173] NMI watchdog disabled (cpu2): hardware events not enabled
[    0.068156]  #3 Ok.
[    0.064200] KVM setup async PF for cpu 2
[    0.064200] kvm-stealtime: cpu 2, msr 41fd0cfc0
[    0.080009] kvm-clock: cpu 3, msr 4:1fd92741, secondary cpu clock
[    0.080164] NMI watchdog disabled (cpu3): hardware events not enabled
[    0.080199] Brought up 4 CPUs
[    0.080201] Total of 4 processors activated (17599.98 BogoMIPS).
[    0.080197] KVM setup async PF for cpu 3
[    0.080197] kvm-stealtime: cpu 3, msr 41fd8cfc0
[    0.092044] devtmpfs: initialized
[    0.096888] print_constraints: dummy: 
[    0.097523] NET: Registered protocol family 16
[    0.098577] ACPI: bus type pci registered
[    0.100183] PCI: Using configuration type 1 for base access
[    0.102347] bio: create slab <bio-0> at 0
[    0.104433] ACPI: Added _OSI(Module Device)
[    0.105143] ACPI: Added _OSI(Processor Device)
[    0.106045] ACPI: Added _OSI(3.0 _SCP Extensions)
[    0.108012] ACPI: Added _OSI(Processor Aggregator Device)
[    0.112246] ACPI: Interpreter enabled
[    0.113045] ACPI: (supports S0 S3 S4 S5)
[    0.114280] ACPI: Using IOAPIC for interrupt routing
[    0.119133] ACPI: No dock devices found.
[    0.119930] HEST: Table not found.
[    0.120014] PCI: Ignoring host bridge windows from ACPI; if necessary, use "pci=use_crs" and report a bug
[    0.121754] ACPI: PCI Root Bridge [PCI0] (domain 0000 [bus 00-ff])
[    0.128569] pci 0000:00:01.3: quirk: [io  0xb000-0xb03f] claimed by PIIX4 ACPI
[    0.130009] pci 0000:00:01.3: quirk: [io  0xb100-0xb10f] claimed by PIIX4 SMB
[    0.154530]  pci0000:00: Unable to request _OSC control (_OSC support mask: 0x1e)
[    0.158650] ACPI: PCI Interrupt Link [LNKA] (IRQs 5 *10 11)
[    0.161027] ACPI: PCI Interrupt Link [LNKB] (IRQs 5 *10 11)
[    0.162723] ACPI: PCI Interrupt Link [LNKC] (IRQs 5 10 *11)
[    0.164498] ACPI: PCI Interrupt Link [LNKD] (IRQs 5 10 *11)
[    0.166295] ACPI: PCI Interrupt Link [LNKS] (IRQs 9) *0
[    0.168308] vgaarb: device added: PCI:0000:00:02.0,decodes=io+mem,owns=io+mem,locks=none
[    0.169778] vgaarb: loaded
[    0.170423] vgaarb: bridge control possible 0000:00:02.0
[    0.171600] PCI: Using ACPI for IRQ routing
[    0.172530] HPET: 3 timers in total, 0 timers will be used for per-cpu timer
[    0.173842] hpet0: at MMIO 0xfed00000, IRQs 2, 8, 0
[    0.176016] hpet0: 3 comparators, 64-bit 100.000000 MHz counter
[    0.189390] Switching to clocksource kvm-clock
[    0.199282] pnp: PnP ACPI init
[    0.200774] ACPI: bus type pnp registered
[    0.204287] pnp: PnP ACPI: found 8 devices
[    0.205145] ACPI: ACPI bus type pnp unregistered
[    0.224291] NET: Registered protocol family 2
[    0.228505] IP route cache hash table entries: 524288 (order: 10, 4194304 bytes)
[    0.234973] TCP established hash table entries: 524288 (order: 11, 8388608 bytes)
[    0.244046] TCP bind hash table entries: 65536 (order: 8, 1048576 bytes)
[    0.246289] TCP: Hash tables configured (established 524288 bind 65536)
[    0.247528] TCP reno registered
[    0.248337] UDP hash table entries: 8192 (order: 6, 262144 bytes)
[    0.249748] UDP-Lite hash table entries: 8192 (order: 6, 262144 bytes)
[    0.251854] NET: Registered protocol family 1
[    0.252849] pci 0000:00:00.0: Limiting direct PCI/PCI transfers
[    0.262598] pci 0000:00:01.0: PIIX3: Enabling Passive Release
[    0.263727] pci 0000:00:01.0: Activating ISA DMA hang workarounds
[    0.265153] Unpacking initramfs...
[    0.527648] Freeing initrd memory: 9992k freed
[    0.531810] PCI-DMA: Using software bounce buffering for IO (SWIOTLB)
[    0.533208] Placing 64MB software IO TLB between ffff8800dbff0000 - ffff8800dfff0000
[    0.534742] software IO TLB at phys 0xdbff0000 - 0xdfff0000
[    0.538208] audit: initializing netlink socket (disabled)
[    0.539283] type=2000 audit(1481494230.536:1): initialized
[    0.570802] HugeTLB registered 2 MB page size, pre-allocated 0 pages
[    0.576627] VFS: Disk quotas dquot_6.5.2
[    0.577582] Dquot-cache hash table entries: 512 (order 0, 4096 bytes)
[    0.579029] msgmni has been set to 32168
[    0.580767] alg: No test for stdrng (krng)
[    0.581843] Block layer SCSI generic (bsg) driver version 0.4 loaded (major 253)
[    0.583350] io scheduler noop registered
[    0.584231] io scheduler deadline registered
[    0.585354] io scheduler cfq registered (default)
[    0.586471] pci_hotplug: PCI Hot Plug PCI Core version: 0.5
[    0.587573] pciehp: PCI Express Hot Plug Controller Driver version: 0.4
[    0.588948] acpiphp: ACPI Hot Plug PCI Controller Driver version: 0.5
[    0.590249] acpiphp: Slot [3] registered
[    0.591111] acpiphp: Slot [4] registered
[    0.591975] acpiphp: Slot [5] registered
[    0.592927] acpiphp: Slot [6] registered
[    0.593810] acpiphp: Slot [7] registered
[    0.594668] acpiphp: Slot [8] registered
[    0.595527] acpiphp: Slot [9] registered
[    0.596527] acpiphp: Slot [10] registered
[    0.597396] acpiphp: Slot [11] registered
[    0.598260] acpiphp: Slot [12] registered
[    0.599137] acpiphp: Slot [13] registered
[    0.600116] acpiphp: Slot [14] registered
[    0.601005] acpiphp: Slot [15] registered
[    0.601876] acpiphp: Slot [16] registered
[    0.602737] acpiphp: Slot [17] registered
[    0.603601] acpiphp: Slot [18] registered
[    0.604638] acpiphp: Slot [19] registered
[    0.605503] acpiphp: Slot [20] registered
[    0.606364] acpiphp: Slot [21] registered
[    0.607240] acpiphp: Slot [22] registered
[    0.608222] acpiphp: Slot [23] registered
[    0.609084] acpiphp: Slot [24] registered
[    0.609967] acpiphp: Slot [25] registered
[    0.610842] acpiphp: Slot [26] registered
[    0.611705] acpiphp: Slot [27] registered
[    0.612762] acpiphp: Slot [28] registered
[    0.613653] acpiphp: Slot [29] registered
[    0.614552] acpiphp: Slot [30] registered
[    0.615428] acpiphp: Slot [31] registered
[    0.616560] ERST: Table is not found!
[    0.617354] GHES: HEST is not enabled!
[    0.618384] Serial: 8250/16550 driver, 4 ports, IRQ sharing enabled
[    0.641298] serial8250: ttyS0 at I/O 0x3f8 (irq = 4) is a 16550A
[    0.699555] 00:06: ttyS0 at I/O 0x3f8 (irq = 4) is a 16550A
[    0.704705] Linux agpgart interface v0.103
[    0.705807] i8042: PNP: PS/2 Controller [PNP0303:KBD,PNP0f13:MOU] at 0x60,0x64 irq 1,12
[    0.708994] serio: i8042 KBD port at 0x60,0x64 irq 1
[    0.710817] serio: i8042 AUX port at 0x60,0x64 irq 12
[    0.713730] mousedev: PS/2 mouse device common for all mice
[    0.716529] rtc_cmos 00:01: RTC can wake from S4
[    0.716608] input: AT Translated Set 2 keyboard as /devices/platform/i8042/serio0/input/input0
[    0.719900] rtc_cmos 00:01: rtc core: registered rtc_cmos as rtc0
[    0.722539] rtc0: alarms up to one day, 114 bytes nvram, hpet irqs
[    0.724971] cpuidle: using governor ladder
[    0.726590] cpuidle: using governor menu
[    0.728817] TCP cubic registered
[    0.731521] NET: Registered protocol family 10
[    0.733758] Mobile IPv6
[    0.734419] NET: Registered protocol family 17
[    0.735367] Registering the dns_resolver key type
[    0.737188] registered taskstats version 1
[    0.739391] rtc_cmos 00:01: setting system clock to 2016-12-11 22:10:32 UTC (1481494232)
[    0.741155] Initializing network drop monitor service
[    0.744069] Freeing unused kernel memory: 580k freed
[    0.745342] Write protecting the kernel read-only data: 6144k
[    0.749253] Freeing unused kernel memory: 644k freed
[    0.753412] Freeing unused kernel memory: 688k freed
Loading, please wait...
[    0.778473] udevd[58]: starting version 175
[    0.794092] SCSI subsystem initialized
[    0.803197] e1000: Intel(R) PRO/1000 Network Driver - version 7.3.21-k8-NAPI
[    0.804977] e1000: Copyright (c) 1999-2006 Intel Corporation.
[    0.806722] scsi0 : ata_piix
[    0.808238] scsi1 : ata_piix
[    0.809078] ata1: PATA max MWDMA2 cmd 0x1f0 ctl 0x3f6 bmdma 0xc040 irq 14
[    0.810448] ata2: PATA max MWDMA2 cmd 0x170 ctl 0x376 bmdma 0xc048 irq 15
[    0.812221] ACPI: PCI Interrupt Link [LNKC] enabled at IRQ 11
[    0.822728] Floppy drive(s): fd0 is 1.44M
[    0.836674] FDC 0 is a S82078B
[    0.973724] ata2.00: ATAPI: QEMU DVD-ROM, 1.1.2, max UDMA/100
[    0.975211] ata1.00: ATA-7: QEMU HARDDISK, 1.1.2, max UDMA/100
[    0.976785] ata1.00: 9011200 sectors, multi 16: LBA48 
[    0.978392] ata2.00: configured for MWDMA2
[    0.979845] ata1.00: configured for MWDMA2
[    0.981921] scsi 0:0:0:0: Direct-Access     ATA      QEMU HARDDISK    1.1. PQ: 0 ANSI: 5
[    0.985432] scsi 1:0:0:0: CD-ROM            QEMU     QEMU DVD-ROM     1.1. PQ: 0 ANSI: 5
[    4.149688] sched: RT throttling activated
[    4.151379] Refined TSC clocksource calibration: 2199.957 MHz.
[    4.191187] e1000 0000:00:03.0: eth0: (PCI:33MHz:32-bit) 52:54:00:12:34:56
[    4.192725] e1000 0000:00:03.0: eth0: Intel(R) PRO/1000 Network Connection
[    4.201982] sd 0:0:0:0: [sda] 9011200 512-byte logical blocks: (4.61 GB/4.29 GiB)
[    4.203585] sd 0:0:0:0: [sda] Write Protect is off
[    4.204772] sd 0:0:0:0: [sda] Write cache: disabled, read cache: enabled, doesn't support DPO or FUA
[    4.207987]  sda: sda1
[    4.209493] sd 0:0:0:0: [sda] Attached SCSI disk
[    4.210476] sr0: scsi3-mmc drive: 4x/4x cd/rw xa/form2 tray
[    4.211704] cdrom: Uniform CD-ROM driver Revision: 3.20
[    4.215851] sd 0:0:0:0: Attached scsi generic sg0 type 0
[    4.217298] sr 1:0:0:0: Attached scsi generic sg1 type 5
Begin: Loading essential drivers ... done.
Begin: Running /scripts/init-premount ... done.
Begin: Mounting root file system ... Begin: Running /scripts/local-top ... done.
Begin: Running /scripts/local-premount ... done.
[    4.844755] EXT4-fs (sda1): mounted filesystem with ordered data mode. Opts: (null)
Begin: Running /scripts/local-bottom ... done.
done.
Begin: Running /scripts/init-bottom ... done.
INIT: version 2.88 booting
[[36minfo[39;49m] Using makefile-style concurrent boot in runlevel S.
findfs: unable to resolve 'UUID="e35ebd7f-2405-4c97-9c3e-26919d55a9e5"'
[....] Starting the hotplug events dispatcher: udevd[    8.374032] udevd[308]: starting version 175
[?25l[?1c7[1G[[32m ok [39;49m8[?25h[?0c.
[....] Synthesizing the initial hotplug events...[    8.471893] input: Power Button as /devices/LNXSYSTM:00/LNXPWRBN:00/input/input1
[    8.473636] ACPI: Power Button [PWRF]
[?25l[?1c7[1G[[32m ok [39;49m8[?25h[?0cdone.
[    8.510159] input: PC Speaker as /devices/platform/pcspkr/input/input2
[    8.515311] piix4_smbus 0000:00:01.3: SMBus Host Controller at 0xb100, revision 0
[    8.531365] Error: Driver 'pcspkr' is already registered, aborting...
[....] Waiting for /dev to be fully populated...[    8.559085] parport_pc 00:05: reported by Plug and Play ACPI
[    8.560546] parport0: PC-style at 0x378, irq 7 [PCSPP,TRISTATE]
[?25l[?1c7[1G[[32m ok [39;49m8[?25h[?0cdone.
findfs: unable to resolve 'UUID="e35ebd7f-2405-4c97-9c3e-26919d55a9e5"'
[....] Activating swap...[?25l[?1c7[1G[[32m ok [39;49m8[?25h[?0cdone.
Usage: mountpoint [-q] [-d] [-x] path
[    8.971975] EXT4-fs (sda1): re-mounted. Opts: (null)
[....] Checking root file system...fsck from util-linux 2.20.1
/run/rootdev: clean, 32636/264000 files, 884925/1054720 blocks
[?25l[?1c7[1G[[32m ok [39;49m8[?25h[?0cdone.
[    9.060750] EXT4-fs (sda1): re-mounted. Opts: errors=remount-ro,errors=remount-ro
[   12.182505] input: ImExPS/2 Generic Explorer Mouse as /devices/platform/i8042/serio1/input/input3
[....] Cleaning up temporary files... /tmp[?25l[?1c7[1G[[32m ok [39;49m8[?25h[?0c.
findfs: unable to resolve 'UUID="e35ebd7f-2405-4c97-9c3e-26919d55a9e5"'
findfs: unable to resolve 'UUID="e35ebd7f-2405-4c97-9c3e-26919d55a9e5"'
[....] Activating lvm and md swap...[?25l[?1c7[1G[[32m ok [39;49m8[?25h[?0cdone.
[....] Checking file systems...fsck from util-linux 2.20.1
[?25l[?1c7[1G[[32m ok [39;49m8[?25h[?0cdone.
[....] Mounting local filesystems...[?25l[?1c7[1G[[32m ok [39;49m8[?25h[?0cdone.
[....] Activating swapfile swap...[?25l[?1c7[1G[[32m ok [39;49m8[?25h[?0cdone.
findfs: unable to resolve 'UUID="e35ebd7f-2405-4c97-9c3e-26919d55a9e5"'
[....] Cleaning up temporary files...[?25l[?1c7[1G[[32m ok [39;49m8[?25h[?0c.
[....] Setting kernel variables ...[?25l[?1c7[1G[[32m ok [39;49m8[?25h[?0cdone.
[....] Configuring network interfaces...Internet Systems Consortium DHCP Client 4.2.2
Copyright 2004-2011 Internet Systems Consortium.
All rights reserved.
For info, please visit https://www.isc.org/software/dhcp/

[   16.394275] ADDRCONF(NETDEV_UP): eth0: link is not ready
Listening on LPF/eth0/52:54:00:12:34:56
Sending on   LPF/eth0/52:54:00:12:34:56
Sending on   Socket/fallback
DHCPDISCOVER on eth0 to 255.255.255.255 port 67 interval 5
[   20.201598] e1000: eth0 NIC Link is Up 1000 Mbps Full Duplex, Flow Control: RX
[   20.207847] ADDRCONF(NETDEV_CHANGE): eth0: link becomes ready
DHCPDISCOVER on eth0 to 255.255.255.255 port 67 interval 13
DHCPREQUEST on eth0 to 255.255.255.255 port 67
DHCPOFFER from 10.0.2.2
DHCPACK from 10.0.2.2
bound to 10.0.2.15 -- renewal in 43092 seconds.
ifup: interface eth0 already configured
[?25l[?1c7[1G[[32m ok [39;49m8[?25h[?0cdone.
[....] Cleaning up temporary files...[?25l[?1c7[1G[[32m ok [39;49m8[?25h[?0c.
INIT: Entering runlevel: 2
[[36minfo[39;49m] Using makefile-style concurrent boot in runlevel 2.
[....] Starting OpenBSD Secure Shell server: sshd[?25l[?1c7[1G[[32m ok [39;49m8[?25h[?0c.
Entering benchmark mode
./scaff/bin/uniform/doitgen_STANDARD dummy.out 100
STARTING doitgen_STANDARD execution: Mon Dec 12 00:10:56 EET 2016
Execution Time; 0.155932
Execution Time; 0.156745
Execution Time; 0.152749
Execution Time; 3.156845
Execution Time; 0.137606
Execution Time; 0.137429
Execution Time; 0.136522
Execution Time; 0.140818
Execution Time; 0.148284
Execution Time; 0.144156
Execution Time; 3.151188
Execution Time; 0.136294
Execution Time; 0.144242
Execution Time; 0.145239
Execution Time; 0.147394
Execution Time; 0.145174
Execution Time; 3.162242
Execution Time; 0.143932
Execution Time; 0.156127
Execution Time; 0.149341
Execution Time; 0.144888
Execution Time; 0.143940
Execution Time; 0.148246
Execution Time; 3.162109
Execution Time; 0.143931
Execution Time; 0.137247
Execution Time; 0.137686
Execution Time; 0.141686
Execution Time; 0.137598
Execution Time; 0.147469
Execution Time; 3.164852
Execution Time; 0.142268
Execution Time; 0.143908
Execution Time; 0.141477
Execution Time; 0.137421
Execution Time; 0.141130
Execution Time; 3.154820
Execution Time; 0.144354
Execution Time; 0.147608
Execution Time; 0.148907
Execution Time; 0.148951
Execution Time; 0.152493
Execution Time; 0.143897
Execution Time; 3.162009
Execution Time; 0.147111
Execution Time; 0.143988
Execution Time; 0.137351
Execution Time; 0.137199
Execution Time; 0.137278
Execution Time; 3.149650
Execution Time; 0.143412
Execution Time; 0.158888
Execution Time; 0.143973
Execution Time; 0.137193
Execution Time; 0.137486
Execution Time; 0.141403
Execution Time; 3.152064
Execution Time; 0.149228
Execution Time; 0.143688
Execution Time; 0.148735
Execution Time; 0.149282
Execution Time; 0.149227
Execution Time; 0.148189
Execution Time; 0.144576
Execution Time; 0.148803
Execution Time; 0.143085
Execution Time; 0.143127
Execution Time; 0.137273
Execution Time; 0.137435
Execution Time; 3.155228
Execution Time; 0.149446
Execution Time; 0.142918
Execution Time; 0.149887
Execution Time; 0.146817
Execution Time; 0.136515
Execution Time; 0.140020
Execution Time; 3.146446
Execution Time; 0.138678
Execution Time; 0.148947
Execution Time; 0.143294
Execution Time; 0.151599
Execution Time; 0.148950
Execution Time; 3.164163
Execution Time; 0.143683
Execution Time; 0.144165
Execution Time; 0.164501
Execution Time; 0.147308
Execution Time; 0.144986
Execution Time; 0.140188
Execution Time; 3.150276
Execution Time; 0.144207
Execution Time; 0.141343
Execution Time; 0.145905
Execution Time; 0.150025
Execution Time; 0.140206
Execution Time; 3.149827
Execution Time; 0.137934
Execution Time; 0.137363
Execution Time; 0.157390
Execution Time; 0.153086
Execution Time; 0.147982
Execution Time; 0.147897
Execution Time; 3.158610
Execution Time; 0.149550
Execution Time; 0.145485
Execution Time; 0.143977
Execution Time; 0.148590
Execution Time; 0.143068
Execution Time; 3.156686
Execution Time; 0.142405
Execution Time; 0.141978
Execution Time; 0.136237
Execution Time; 0.136343
Execution Time; 0.151157
Execution Time; 0.161249
Execution Time; 3.151879
Execution Time; 0.136335
Execution Time; 0.143925
Execution Time; 0.139944
Execution Time; 0.149288
Execution Time; 0.149320
Execution Time; 3.153270
Execution Time; 0.143453
Execution Time; 0.144781
Execution Time; 0.148964
Execution Time; 0.148757
Execution Time; 0.143793
Execution Time; 0.156253
Execution Time; 3.153592
Execution Time; 0.140526
Execution Time; 0.137451
Execution Time; 0.141331
Execution Time; 0.137241
Execution Time; 0.145229
Execution Time; 0.143045
Execution Time; 3.159336
Execution Time; 0.139525
Execution Time; 0.144869
Execution Time; 0.140769
Execution Time; 0.140841
Execution Time; 0.144634
Execution Time; 3.158418
Execution Time; 0.144011
Execution Time; 0.152620
Execution Time; 0.153187
Execution Time; 0.153269
Execution Time; 0.148820
Execution Time; 0.143858
Execution Time; 3.153976
Execution Time; 0.147511
Execution Time; 0.152631
Execution Time; 0.142440
Execution Time; 0.139740
Execution Time; 0.137043
Execution Time; 3.146946
Execution Time; 0.141472
Execution Time; 0.149104
Execution Time; 0.151578
Execution Time; 0.149660
Execution Time; 0.145420
Execution Time; 0.137277
Execution Time; 3.153914
Execution Time; 0.149040
Execution Time; 0.143708
Execution Time; 0.147683
Execution Time; 0.149191
Execution Time; 0.152999
Execution Time; 3.161873
Execution Time; 0.148462
Execution Time; 0.148722
Execution Time; 0.155312
Execution Time; 0.146046
Execution Time; 0.137317
Execution Time; 0.140925
Execution Time; 3.147630
Execution Time; 0.144997
Execution Time; 0.143945
Execution Time; 0.150847
Execution Time; 0.139509
Execution Time; 0.141098
Execution Time; 0.140851
Execution Time; 0.137072
Execution Time; 0.144476
Execution Time; 0.149176
Execution Time; 0.148302
Execution Time; 0.144181
Execution Time; 0.148755
Execution Time; 3.154740
Execution Time; 0.144971
Execution Time; 0.156188
Execution Time; 0.148506
Execution Time; 0.153511
Execution Time; 0.142469
Execution Time; 0.137362
Execution Time; 3.152863
Execution Time; 0.140459
Execution Time; 0.136208
Execution Time; 0.141764
Execution Time; 0.148857
Execution Time; 0.143983
Execution Time; 3.154272
Execution Time; 0.139948
Execution Time; 0.136222
Execution Time; 0.144165
Execution Time; 0.149075
Execution Time; 0.147532
Execution Time; 0.160668
Execution Time; 0.148359
Execution Time; 0.145069
Execution Time; 0.149215
Execution Time; 0.143865
Execution Time; 0.151959
Execution Time; 0.150399
Execution Time; 3.160220
Execution Time; 0.144347
Execution Time; 0.139839
Execution Time; 0.139924
Execution Time; 0.140286
Execution Time; 0.152989
Execution Time; 0.146560
Execution Time; 0.141067
Execution Time; 0.141324
Execution Time; 0.137228
Execution Time; 0.136752
Execution Time; 0.141016
Execution Time; 0.150021
Execution Time; 3.156935
Execution Time; 0.147818
Execution Time; 0.148636
Execution Time; 0.148811
Execution Time; 0.148656
Execution Time; 0.143906
Execution Time; 0.148893
Execution Time; 3.156284
Execution Time; 0.150349
Execution Time; 0.140693
Execution Time; 0.136356
Execution Time; 0.136117
Execution Time; 0.143914
Execution Time; 3.147772
Execution Time; 0.147552
Execution Time; 0.150064
Execution Time; 0.138321
Execution Time; 0.144354
Execution Time; 0.136158
Execution Time; 0.136218
Execution Time; 3.168772
Execution Time; 0.145430
Execution Time; 0.148562
Execution Time; 0.149478
Execution Time; 0.143931
Execution Time; 0.144639
Execution Time; 0.145205
Execution Time; 3.157781
Execution Time; 0.151620
Execution Time; 0.147928
Execution Time; 0.140656
Execution Time; 0.136222
Execution Time; 0.140270
Execution Time; 3.153548
Execution Time; 0.141204
Execution Time; 0.151404
Execution Time; 0.146942
Execution Time; 0.145995
Execution Time; 0.146537
Execution Time; 0.150057
Execution Time; 3.146777
Execution Time; 0.142453
Execution Time; 0.148852
Execution Time; 0.156714
Execution Time; 0.148235
Execution Time; 0.148034
Execution Time; 3.162013
Execution Time; 0.149100
Execution Time; 0.144948
Execution Time; 0.147675
Execution Time; 0.151631
Execution Time; 0.137656
Execution Time; 0.141300
Execution Time; 3.151078
Execution Time; 0.137355
Execution Time; 0.138416
Execution Time; 0.143594
Execution Time; 0.154426
Execution Time; 0.146169
Execution Time; 3.157462
Execution Time; 0.141199
Execution Time; 0.140496
Execution Time; 0.142641
Execution Time; 0.152529
Execution Time; 0.148907
Execution Time; 0.153117
Execution Time; 3.156817
Execution Time; 0.148687
Execution Time; 0.168539
Execution Time; 0.148978
Execution Time; 0.151284
Execution Time; 0.154106
Execution Time; 3.147374
Execution Time; 0.137191
Execution Time; 0.142222
Execution Time; 0.136332
Execution Time; 0.148333
Execution Time; 0.144659
Execution Time; 0.152105
Execution Time; 3.146576
Execution Time; 0.140284
Execution Time; 0.140026
Execution Time; 0.141338
Execution Time; 0.143953
Execution Time; 0.152232
Execution Time; 3.208277
Execution Time; 0.162236
Execution Time; 0.148996
Execution Time; 0.152711
Execution Time; 0.155479
Execution Time; 0.148560
Execution Time; 3.169697
Execution Time; 0.147525
Execution Time; 0.137415
Execution Time; 0.140042
Execution Time; 0.143950
Execution Time; 0.136190
Execution Time; 0.142866
Execution Time; 3.159854
Execution Time; 0.146695
Execution Time; 0.145509
Execution Time; 0.141171
Execution Time; 0.137534
Execution Time; 0.140524
Execution Time; 3.162389
Execution Time; 0.143893
Execution Time; 0.155540
Execution Time; 0.149010
Execution Time; 0.148769
Execution Time; 0.153068
Execution Time; 0.147621
Execution Time; 3.158553
Execution Time; 0.146734
Execution Time; 0.144208
Execution Time; 0.137490
Execution Time; 0.141587
Execution Time; 0.137204
Execution Time; 3.149677
Execution Time; 0.142888
Execution Time; 0.152835
Execution Time; 0.150568
Execution Time; 0.144681
Execution Time; 0.144738
Execution Time; 0.140173
Execution Time; 3.150192
Execution Time; 0.149138
Execution Time; 0.147571
Execution Time; 0.154223
Execution Time; 0.153086
Execution Time; 0.160962
Execution Time; 3.158337
Execution Time; 0.147046
Execution Time; 0.148657
Execution Time; 0.143389
Execution Time; 0.148491
Execution Time; 0.139872
Execution Time; 0.136282
Execution Time; 3.147300
Execution Time; 0.141109
Execution Time; 0.150475
Execution Time; 0.150435
Execution Time; 0.146938
Execution Time; 0.144355
Execution Time; 0.136326
Execution Time; 3.151045
Execution Time; 0.140583
Execution Time; 0.152965
Execution Time; 0.143666
Execution Time; 0.152464
Execution Time; 0.152998
Execution Time; 3.158099
Execution Time; 0.144023
Execution Time; 0.144125
Execution Time; 0.148581
Execution Time; 0.142760
Execution Time; 0.148893
Execution Time; 0.140706
Execution Time; 3.150029
Execution Time; 0.136221
Execution Time; 0.136349
Execution Time; 0.140078
Execution Time; 0.152658
Execution Time; 0.145402
Execution Time; 3.149996
Execution Time; 0.144033
Execution Time; 0.137292
Execution Time; 0.145714
Execution Time; 0.143979
Execution Time; 0.147151
Execution Time; 0.144776
Execution Time; 3.153961
Execution Time; 0.143648
Execution Time; 0.148466
Execution Time; 0.153257
Execution Time; 0.152146
Execution Time; 0.142688
Execution Time; 3.163451
Execution Time; 0.143860
Execution Time; 0.136506
Execution Time; 0.136177
Execution Time; 0.140196
Execution Time; 0.140822
Execution Time; 0.153348
Execution Time; 3.150375
Execution Time; 0.136344
Execution Time; 0.144020
Execution Time; 0.140241
Execution Time; 0.138676
Execution Time; 0.148930
Execution Time; 0.147555
Execution Time; 3.154669
Execution Time; 0.156879
Execution Time; 0.156568
Execution Time; 0.152353
Execution Time; 0.151901
Execution Time; 0.153038
Execution Time; 3.156275
Execution Time; 0.141237
Execution Time; 0.140604
Execution Time; 0.140110
Execution Time; 0.139929
Execution Time; 0.136280
Execution Time; 0.139849
Execution Time; 3.162773
Execution Time; 0.153724
Execution Time; 0.142209
Execution Time; 0.141281
Execution Time; 0.141791
Execution Time; 0.141091
Execution Time; 3.153257
Execution Time; 0.148828
Execution Time; 0.148961
Execution Time; 0.148310
Execution Time; 0.151744
Execution Time; 0.148646
Execution Time; 0.156889
Execution Time; 0.152861
Execution Time; 0.143465
Execution Time; 0.144161
Execution Time; 0.137366
Execution Time; 0.140485
Execution Time; 0.136499
Execution Time; 3.149697
Execution Time; 0.142269
Execution Time; 0.148031
Execution Time; 0.145862
Execution Time; 0.145979
Execution Time; 0.140256
Execution Time; 0.136353
Execution Time; 3.147077
Execution Time; 0.147598
Execution Time; 0.152643
Execution Time; 0.152592
Execution Time; 0.152734
Execution Time; 0.147852
Execution Time; 3.162349
Execution Time; 0.149143
Execution Time; 0.149535
Execution Time; 0.147635
Execution Time; 0.150429
Execution Time; 0.141445
Execution Time; 0.149605
Execution Time; 3.153738
Execution Time; 0.137503
Execution Time; 0.143440
Execution Time; 0.144264
Execution Time; 0.150586
Execution Time; 0.137555
Execution Time; 0.137425
Execution Time; 0.137621
Execution Time; 0.143568
Execution Time; 0.143652
Execution Time; 0.149205
Execution Time; 0.152473
Execution Time; 0.152981
Execution Time; 3.164789
Execution Time; 0.156522
Execution Time; 0.145032
Execution Time; 0.152561
Execution Time; 0.143272
Execution Time; 0.145967
Execution Time; 3.155067
Execution Time; 0.136629
Execution Time; 0.140051
Execution Time; 0.139858
Execution Time; 0.141508
Execution Time; 0.143888
Execution Time; 0.158168
Execution Time; 3.154566
Execution Time; 0.140881
Execution Time; 0.137174
Execution Time; 0.139352
Execution Time; 0.146959
Execution Time; 0.156255
Execution Time; 3.160686
Execution Time; 0.148308
Execution Time; 0.143817
Execution Time; 0.156076
Execution Time; 0.156380
Execution Time; 0.145191
Execution Time; 0.146928
Execution Time; 3.163510
Execution Time; 0.142623
Execution Time; 0.146277
Execution Time; 0.152765
Execution Time; 0.139759
Execution Time; 0.143581
Execution Time; 3.154194
Execution Time; 0.152774
Execution Time; 0.142273
Execution Time; 0.139965
Execution Time; 0.139823
Execution Time; 0.141627
Execution Time; 0.147096
Execution Time; 3.157909
Execution Time; 0.148443
Execution Time; 0.148646
Execution Time; 0.144424
Execution Time; 0.147631
Execution Time; 0.144822
Execution Time; 3.166264
Execution Time; 0.151024
Execution Time; 0.148440
Execution Time; 0.145988
Execution Time; 0.145159
Execution Time; 0.144248
Execution Time; 0.140100
Execution Time; 3.154544
Execution Time; 0.149065
Execution Time; 0.148420
Execution Time; 0.138297
Execution Time; 0.136278
Execution Time; 0.140009
Execution Time; 0.137053
Execution Time; 3.156385
Execution Time; 0.149369
Execution Time; 0.149108
Execution Time; 0.156702
Execution Time; 0.148601
Execution Time; 0.151855
Execution Time; 3.159006
Execution Time; 0.145584
Execution Time; 0.143849
Execution Time; 0.145681
Execution Time; 0.140930
Execution Time; 0.136329
Execution Time; 0.140229
Execution Time; 3.150105
Execution Time; 0.141560
Execution Time; 0.147002
Execution Time; 0.157346
Execution Time; 0.140387
Execution Time; 0.139866
Execution Time; 3.150521
Execution Time; 0.149435
Execution Time; 0.155139
Execution Time; 0.144833
Execution Time; 0.149124
Execution Time; 0.149130
Execution Time; 0.147585
Execution Time; 3.162251
Execution Time; 0.157368
Execution Time; 0.153017
Execution Time; 0.147210
Execution Time; 0.144362
Execution Time; 0.137673
Execution Time; 3.151502
Execution Time; 0.146584
Execution Time; 0.142011
Execution Time; 0.145151
Execution Time; 0.143561
Execution Time; 0.146832
Execution Time; 0.141638
Execution Time; 3.148131
Execution Time; 0.145430
Execution Time; 0.141376
Execution Time; 0.145817
Execution Time; 0.149232
Execution Time; 0.148897
Execution Time; 3.157817
Execution Time; 0.151650
Execution Time; 0.148553
Execution Time; 0.148812
Execution Time; 0.144959
Execution Time; 0.150600
Execution Time; 0.157546
Execution Time; 3.151969
Execution Time; 0.145921
Execution Time; 0.141383
Execution Time; 0.140270
Execution Time; 0.141466
Execution Time; 0.143503
Execution Time; 3.160598
Execution Time; 0.141426
Execution Time; 0.142765
Execution Time; 0.140564
Execution Time; 0.143941
Execution Time; 0.150765
Execution Time; 0.149084
Execution Time; 3.155060
Execution Time; 0.148503
Execution Time; 0.143926
Execution Time; 0.156406
Execution Time; 0.149041
Execution Time; 0.152783
Execution Time; 3.161561
Execution Time; 0.143711
Execution Time; 0.136748
Execution Time; 0.139962
Execution Time; 0.140413
Execution Time; 0.140640
Execution Time; 0.140997
Execution Time; 3.156304
Execution Time; 0.154363
Execution Time; 0.145972
Execution Time; 0.141962
Execution Time; 0.136171
Execution Time; 0.143727
Execution Time; 3.151039
Execution Time; 0.148888
Execution Time; 0.147730
Execution Time; 0.151839
Execution Time; 0.149079
Execution Time; 0.148663
Execution Time; 0.149260
Execution Time; 3.160449
Execution Time; 0.152689
Execution Time; 0.142845
Execution Time; 0.140685
Execution Time; 0.136390
Execution Time; 0.144720
Execution Time; 3.150038
Execution Time; 0.144004
Execution Time; 0.146648
Execution Time; 0.154285
Execution Time; 0.137621
Execution Time; 0.141224
Execution Time; 0.136645
Execution Time; 3.151363
Execution Time; 0.146974
Execution Time; 0.149018
Execution Time; 0.148035
Execution Time; 0.152381
Execution Time; 0.148561
Execution Time; 0.153647
Execution Time; 0.148772
Execution Time; 0.144102
Execution Time; 0.148877
Execution Time; 0.147877
Execution Time; 0.147892
Execution Time; 0.137964
Execution Time; 3.160032
Execution Time; 0.141132
Execution Time; 0.140400
Execution Time; 0.143294
Execution Time; 0.150169
Execution Time; 0.152236
Execution Time; 0.137354
Execution Time; 3.146333
Execution Time; 0.139847
Execution Time; 0.147304
Execution Time; 0.155057
Execution Time; 0.148757
Execution Time; 0.143975
Execution Time; 3.165299
Execution Time; 0.149357
Execution Time; 0.160842
Execution Time; 0.148617
Execution Time; 0.143633
Execution Time; 0.141332
Execution Time; 0.141577
Execution Time; 3.148258
Execution Time; 0.137617
Execution Time; 0.141019
Execution Time; 0.136065
Execution Time; 0.146210
Execution Time; 0.146313
Execution Time; 3.150408
Execution Time; 0.139362
Execution Time; 0.136187
Execution Time; 0.144128
Execution Time; 0.143055
Execution Time; 0.148762
Execution Time; 0.143604
Execution Time; 3.165914
Execution Time; 0.149163
Execution Time; 0.153532
Execution Time; 0.148407
Execution Time; 0.143791
Execution Time; 0.148686
Execution Time; 3.156542
Execution Time; 0.153909
Execution Time; 0.148383
Execution Time; 0.143704
Execution Time; 0.142424
Execution Time; 0.142524
Execution Time; 0.147640
Execution Time; 3.156068
Execution Time; 0.140514
Execution Time; 0.136677
Execution Time; 0.140124
Execution Time; 0.151987
Execution Time; 0.143449
Execution Time; 3.165495
Execution Time; 0.153841
Execution Time; 0.157181
Execution Time; 0.148817
Execution Time; 0.143874
Execution Time; 0.152482
Execution Time; 3.163145
Execution Time; 0.143190
Execution Time; 0.146936
Execution Time; 0.140437
Execution Time; 0.136230
Execution Time; 0.136430
Execution Time; 0.136488
Execution Time; 3.152691
Execution Time; 0.152307
Execution Time; 0.149396
Execution Time; 0.142533
Execution Time; 0.137957
Execution Time; 0.144602
Execution Time; 0.140552
Execution Time; 3.156714
Execution Time; 0.145106
Execution Time; 0.145599
Execution Time; 0.148837
Execution Time; 0.144059
Execution Time; 0.164128
Execution Time; 3.158106
Execution Time; 0.149166
Execution Time; 0.147529
Execution Time; 0.140719
Execution Time; 0.139378
Execution Time; 0.131135
Execution Time; 0.134923
Execution Time; 3.147528
Execution Time; 0.137963
Execution Time; 0.141435
Execution Time; 0.133172
Execution Time; 0.137007
Execution Time; 0.136388
Execution Time; 0.140372
Execution Time; 3.152102
Execution Time; 0.137572
Execution Time; 0.141049
Execution Time; 0.134075
Execution Time; 0.135213
Execution Time; 0.130776
Execution Time; 0.130818
Execution Time; 3.147358
Execution Time; 0.147444
Execution Time; 0.136085
Execution Time; 0.134373
Execution Time; 0.130616
Execution Time; 0.148861
Execution Time; 0.134593
Execution Time; 0.138467
Execution Time; 3.162748
Execution Time; 0.138869
Execution Time; 0.134397
Execution Time; 0.134656
Execution Time; 0.134722
Execution Time; 0.130691
Execution Time; 0.134741
Execution Time; 3.155623
Execution Time; 0.130581
Execution Time; 0.138717
Execution Time; 0.130848
Execution Time; 0.145743
Execution Time; 0.130952
Execution Time; 0.134948
Execution Time; 3.154536
Execution Time; 0.142267
Execution Time; 0.130806
Execution Time; 0.130640
Execution Time; 0.130675
Execution Time; 0.130728
Execution Time; 0.134283
Execution Time; 3.158938
Execution Time; 0.134830
Execution Time; 0.134620
Execution Time; 0.130751
Execution Time; 0.135117
Execution Time; 0.135137
Execution Time; 0.130837
Execution Time; 3.159819
Execution Time; 0.134690
Execution Time; 0.134399
Execution Time; 0.138847
Execution Time; 0.138517
Execution Time; 0.130487
Execution Time; 0.138414
Execution Time; 3.154395
INIT: Switching to runlevel: 0INIT: Sending processes the TERM signal
[[36minfo[39;49m] Using makefile-style concurrent boot in runlevel 0.
[[36minfo[39;49m] Saving the system clock.
[[36minfo[39;49m] Hardware Clock updated to Sun Dec 11 22:19:13 UTC 2016.
[....] Asking all remaining processes to terminate...[?25l[?1c7[1G[[32m ok [39;49m8[?25h[?0cdone.
[....] All processes ended within 2 seconds...[?25l[?1c7[1G[[32m ok [39;49m8[?25h[?0cdone.
[....] Deconfiguring network interfaces...Internet Systems Consortium DHCP Client 4.2.2
Copyright 2004-2011 Internet Systems Consortium.
All rights reserved.
For info, please visit https://www.isc.org/software/dhcp/

Listening on LPF/eth0/52:54:00:12:34:56
Sending on   LPF/eth0/52:54:00:12:34:56
Sending on   Socket/fallback
DHCPRELEASE on eth0 to 10.0.2.2 port 67
[?25l[?1c7[1G[[32m ok [39;49m8[?25h[?0cdone.
[....] Deactivating swap...[?25l[?1c7[1G[[32m ok [39;49m8[?25h[?0cdone.
[  522.119377] EXT4-fs (sda1): re-mounted. Opts: (null)
[[36minfo[39;49m] Will now halt.
[  525.722227] sd 0:0:0:0: [sda] Stopping disk
[  525.727493] ACPI: Preparing to enter system sleep state S5
[  525.729991] Power down.
aff-executor-preload.c:affhooks_init()
aff-executor-preload.c:affhooks_shut()
HELLO KITTY
