aff-executor-preload.c:affhooks_init()
[H[J[?25l[m[H[J[2;25HGNU GRUB  version 1.99-27+deb7u2

[m[4;2H+--------------------------------------------------------------------------+[5;2H|[5;77H|[6;2H|[6;77H|[7;2H|[7;77H|[8;2H|[8;77H|[9;2H|[9;77H|[10;2H|[10;77H|[11;2H|[11;77H|[12;2H|[12;77H|[13;2H|[13;77H|[14;2H|[14;77H|[15;2H|[15;77H|[16;2H|[16;77H|[17;2H+--------------------------------------------------------------------------+[m[18;2H[m
      Use the ^ and v keys to select which entry is highlighted.      
      Press enter to boot the selected OS, 'e' to edit the commands      
      before booting or 'c' for a command-line.      
      [5;78H [7m[5;3HDebian GNU/Linux, with Linux 3.2.0-4-amd64                               [m [5;76H[m[m[6;3HDebian GNU/Linux, with Linux 3.2.0-4-amd64 (recovery mode)               [m [6;76H[m[m[7;3H                                                                         [m [7;76H[m[m[8;3H                                                                         [m [8;76H[m[m[9;3H                                                                         [m [9;76H[m[m[10;3H                                                                         [m [10;76H[m[m[11;3H                                                                         [m [11;76H[m[m[12;3H                                                                         [m [12;76H[m[m[13;3H                                                                         [m [13;76H[m[m[14;3H                                                                         [m [14;76H[m[m[15;3H                                                                         [m [15;76H[m[m[16;3H                                                                         [m [16;76H[m[16;78H [5;76H[22;1H   The highlighted entry will be executed automatically in 5s.                 [5;76H[22;1H   The highlighted entry will be executed automatically in 4s.                 [5;76H[22;1H   The highlighted entry will be executed automatically in 3s.                 [5;76H[22;1H   The highlighted entry will be executed automatically in 2s.                 [5;76H[22;1H   The highlighted entry will be executed automatically in 1s.                 [5;76H[22;1H   The highlighted entry will be executed automatically in 0s.                 [5;76H[?25h[H[J[H[J  Booting 'Debian GNU/Linux, with Linux 3.2.0-4-amd64'

Loading Linux 3.2.0-4-amd64 ...
Loading initial ramdisk ...
[    0.000000] Initializing cgroup subsys cpuset
[    0.000000] Initializing cgroup subsys cpu
[    0.000000] Linux version 3.2.0-4-amd64 (debian-kernel@lists.debian.org) (gcc version 4.6.3 (Debian 4.6.3-14) ) #1 SMP Debian 3.2.68-1+deb7u3
[    0.000000] Command line: BOOT_IMAGE=/boot/vmlinuz-3.2.0-4-amd64 root=UUID=e35ebd7f-2405-4c97-9c3e-26919d55a9e5 ro console=tty0 console=ttyS0,115200n8
[    0.000000] BIOS-provided physical RAM map:
[    0.000000]  BIOS-e820: 0000000000000000 - 000000000009f400 (usable)
[    0.000000]  BIOS-e820: 000000000009f400 - 00000000000a0000 (reserved)
[    0.000000]  BIOS-e820: 00000000000f0000 - 0000000000100000 (reserved)
[    0.000000]  BIOS-e820: 0000000000100000 - 00000000dfffe000 (usable)
[    0.000000]  BIOS-e820: 00000000dfffe000 - 00000000e0000000 (reserved)
[    0.000000]  BIOS-e820: 00000000feffc000 - 00000000ff000000 (reserved)
[    0.000000]  BIOS-e820: 00000000fffc0000 - 0000000100000000 (reserved)
[    0.000000]  BIOS-e820: 0000000100000000 - 0000000420000000 (usable)
[    0.000000] NX (Execute Disable) protection: active
[    0.000000] SMBIOS 2.4 present.
[    0.000000] No AGP bridge found
[    0.000000] last_pfn = 0x420000 max_arch_pfn = 0x400000000
[    0.000000] PAT not supported by CPU.
[    0.000000] last_pfn = 0xdfffe max_arch_pfn = 0x400000000
[    0.000000] found SMP MP-table at [ffff8800000fdac0] fdac0
[    0.000000] init_memory_mapping: 0000000000000000-00000000dfffe000
[    0.000000] init_memory_mapping: 0000000100000000-0000000420000000
[    0.000000] RAMDISK: 36c6c000 - 3762e000
[    0.000000] ACPI: RSDP 00000000000fd8b0 00014 (v00 BOCHS )
[    0.000000] ACPI: RSDT 00000000dfffe470 00038 (v01 BOCHS  BXPCRSDT 00000001 BXPC 00000001)
[    0.000000] ACPI: FACP 00000000dfffff80 00074 (v01 BOCHS  BXPCFACP 00000001 BXPC 00000001)
[    0.000000] ACPI: DSDT 00000000dfffe4b0 01121 (v01   BXPC   BXDSDT 00000001 INTL 20100528)
[    0.000000] ACPI: FACS 00000000dfffff40 00040
[    0.000000] ACPI: SSDT 00000000dffffd70 001C1 (v01 BOCHS  BXPCSSDT 00000001 BXPC 00000001)
[    0.000000] ACPI: APIC 00000000dffffc70 00090 (v01 BOCHS  BXPCAPIC 00000001 BXPC 00000001)
[    0.000000] ACPI: HPET 00000000dffffc30 00038 (v01 BOCHS  BXPCHPET 00000001 BXPC 00000001)
[    0.000000] ACPI: SSDT 00000000dffff5e0 00644 (v01   BXPC BXSSDTPC 00000001 INTL 20100528)
[    0.000000] No NUMA configuration found
[    0.000000] Faking a node at 0000000000000000-0000000420000000
[    0.000000] Initmem setup node 0 0000000000000000-0000000420000000
[    0.000000]   NODE_DATA [000000041fffb000 - 000000041fffffff]
[    0.000000] kvm-clock: Using msrs 4b564d01 and 4b564d00
[    0.000000] kvm-clock: cpu 0, msr 0:16a8741, boot clock
[    0.000000] Zone PFN ranges:
[    0.000000]   DMA      0x00000010 -> 0x00001000
[    0.000000]   DMA32    0x00001000 -> 0x00100000
[    0.000000]   Normal   0x00100000 -> 0x00420000
[    0.000000] Movable zone start PFN for each node
[    0.000000] early_node_map[3] active PFN ranges
[    0.000000]     0: 0x00000010 -> 0x0000009f
[    0.000000]     0: 0x00000100 -> 0x000dfffe
[    0.000000]     0: 0x00100000 -> 0x00420000
[    0.000000] ACPI: PM-Timer IO Port: 0xb008
[    0.000000] ACPI: LAPIC (acpi_id[0x00] lapic_id[0x00] enabled)
[    0.000000] ACPI: LAPIC (acpi_id[0x01] lapic_id[0x01] enabled)
[    0.000000] ACPI: LAPIC (acpi_id[0x02] lapic_id[0x02] enabled)
[    0.000000] ACPI: LAPIC (acpi_id[0x03] lapic_id[0x03] enabled)
[    0.000000] ACPI: LAPIC_NMI (acpi_id[0xff] dfl dfl lint[0x1])
[    0.000000] ACPI: IOAPIC (id[0x04] address[0xfec00000] gsi_base[0])
[    0.000000] IOAPIC[0]: apic_id 4, version 17, address 0xfec00000, GSI 0-23
[    0.000000] ACPI: INT_SRC_OVR (bus 0 bus_irq 0 global_irq 2 dfl dfl)
[    0.000000] ACPI: INT_SRC_OVR (bus 0 bus_irq 5 global_irq 5 high level)
[    0.000000] ACPI: INT_SRC_OVR (bus 0 bus_irq 9 global_irq 9 high level)
[    0.000000] ACPI: INT_SRC_OVR (bus 0 bus_irq 10 global_irq 10 high level)
[    0.000000] ACPI: INT_SRC_OVR (bus 0 bus_irq 11 global_irq 11 high level)
[    0.000000] Using ACPI (MADT) for SMP configuration information
[    0.000000] ACPI: HPET id: 0x8086a201 base: 0xfed00000
[    0.000000] SMP: Allowing 4 CPUs, 0 hotplug CPUs
[    0.000000] PM: Registered nosave memory: 000000000009f000 - 00000000000a0000
[    0.000000] PM: Registered nosave memory: 00000000000a0000 - 00000000000f0000
[    0.000000] PM: Registered nosave memory: 00000000000f0000 - 0000000000100000
[    0.000000] PM: Registered nosave memory: 00000000dfffe000 - 00000000e0000000
[    0.000000] PM: Registered nosave memory: 00000000e0000000 - 00000000feffc000
[    0.000000] PM: Registered nosave memory: 00000000feffc000 - 00000000ff000000
[    0.000000] PM: Registered nosave memory: 00000000ff000000 - 00000000fffc0000
[    0.000000] PM: Registered nosave memory: 00000000fffc0000 - 0000000100000000
[    0.000000] Allocating PCI resources starting at e0000000 (gap: e0000000:1effc000)
[    0.000000] Booting paravirtualized kernel on KVM
[    0.000000] setup_percpu: NR_CPUS:512 nr_cpumask_bits:512 nr_cpu_ids:4 nr_node_ids:1
[    0.000000] PERCPU: Embedded 27 pages/cpu @ffff88041fc00000 s78912 r8192 d23488 u524288
[    0.000000] kvm-clock: cpu 0, msr 4:1fc12741, primary cpu clock
[    0.000000] KVM setup async PF for cpu 0
[    0.000000] kvm-stealtime: cpu 0, msr 41fc0cfc0
[    0.000000] Built 1 zonelists in Zone order, mobility grouping on.  Total pages: 4135048
[    0.000000] Policy zone: Normal
[    0.000000] Kernel command line: BOOT_IMAGE=/boot/vmlinuz-3.2.0-4-amd64 root=UUID=e35ebd7f-2405-4c97-9c3e-26919d55a9e5 ro console=tty0 console=ttyS0,115200n8
[    0.000000] PID hash table entries: 4096 (order: 3, 32768 bytes)
[    0.000000] Checking aperture...
[    0.000000] No AGP bridge found
[    0.000000] Memory: 16460264k/17301504k available (3434k kernel code, 524748k absent, 316492k reserved, 3305k data, 580k init)
[    0.000000] Hierarchical RCU implementation.
[    0.000000] 	RCU dyntick-idle grace-period acceleration is enabled.
[    0.000000] NR_IRQS:33024 nr_irqs:712 16
[    0.000000] Console: colour VGA+ 80x25
[    0.000000] console [tty0] enabled
[    0.000000] console [ttyS0] enabled
[    0.000000] Detected 2199.998 MHz processor.
[    0.008000] Calibrating delay loop (skipped) preset value.. 4399.99 BogoMIPS (lpj=8799992)
[    0.008000] pid_max: default: 32768 minimum: 301
[    0.008000] Security Framework initialized
[    0.008013] AppArmor: AppArmor disabled by boot time parameter
[    0.009947] Dentry cache hash table entries: 2097152 (order: 12, 16777216 bytes)
[    0.014930] Inode-cache hash table entries: 1048576 (order: 11, 8388608 bytes)
[    0.017661] Mount-cache hash table entries: 256
[    0.018723] Initializing cgroup subsys cpuacct
[    0.020016] Initializing cgroup subsys memory
[    0.020867] Initializing cgroup subsys devices
[    0.021719] Initializing cgroup subsys freezer
[    0.022550] Initializing cgroup subsys net_cls
[    0.023382] Initializing cgroup subsys blkio
[    0.024026] Initializing cgroup subsys perf_event
[    0.025005] mce: CPU supports 10 MCE banks
[    0.027148] ACPI: Core revision 20110623
[    0.032573] ..TIMER: vector=0x30 apic1=0 pin1=2 apic2=-1 pin2=-1
[    0.033628] CPU0: Intel QEMU Virtual CPU version 1.1.2 stepping 03
[    0.036002] Performance Events: unsupported p6 CPU model 2 no PMU driver, software events only.
[    0.036002] NMI watchdog disabled (cpu0): hardware events not enabled
[    0.036002] Booting Node   0, Processors  #1
[    0.048009] kvm-clock: cpu 1, msr 4:1fc92741, secondary cpu clock
[    0.048155] NMI watchdog disabled (cpu1): hardware events not enabled
[    0.048401]  #2
[    0.048188] KVM setup async PF for cpu 1
[    0.048188] kvm-stealtime: cpu 1, msr 41fc8cfc0
[    0.064009] kvm-clock: cpu 2, msr 4:1fd12741, secondary cpu clock
[    0.064183] NMI watchdog disabled (cpu2): hardware events not enabled
[    0.064439]  #3 Ok.
[    0.064225] KVM setup async PF for cpu 2
[    0.064225] kvm-stealtime: cpu 2, msr 41fd0cfc0
[    0.080010] kvm-clock: cpu 3, msr 4:1fd92741, secondary cpu clock
[    0.080207] NMI watchdog disabled (cpu3): hardware events not enabled
[    0.080243] Brought up 4 CPUs
[    0.080245] Total of 4 processors activated (17599.98 BogoMIPS).
[    0.080242] KVM setup async PF for cpu 3
[    0.080242] kvm-stealtime: cpu 3, msr 41fd8cfc0
[    0.088241] devtmpfs: initialized
[    0.092975] print_constraints: dummy: 
[    0.093528] NET: Registered protocol family 16
[    0.094558] ACPI: bus type pci registered
[    0.096168] PCI: Using configuration type 1 for base access
[    0.100821] bio: create slab <bio-0> at 0
[    0.102208] ACPI: Added _OSI(Module Device)
[    0.102208] ACPI: Added _OSI(Processor Device)
[    0.104012] ACPI: Added _OSI(3.0 _SCP Extensions)
[    0.104970] ACPI: Added _OSI(Processor Aggregator Device)
[    0.109476] ACPI: Interpreter enabled
[    0.110258] ACPI: (supports S0 S3 S4 S5)
[    0.111519] ACPI: Using IOAPIC for interrupt routing
[    0.118237] ACPI: No dock devices found.
[    0.120012] HEST: Table not found.
[    0.120811] PCI: Ignoring host bridge windows from ACPI; if necessary, use "pci=use_crs" and report a bug
[    0.122551] ACPI: PCI Root Bridge [PCI0] (domain 0000 [bus 00-ff])
[    0.129588] pci 0000:00:01.3: quirk: [io  0xb000-0xb03f] claimed by PIIX4 ACPI
[    0.131049] pci 0000:00:01.3: quirk: [io  0xb100-0xb10f] claimed by PIIX4 SMB
[    0.151287]  pci0000:00: Unable to request _OSC control (_OSC support mask: 0x1e)
[    0.154486] ACPI: PCI Interrupt Link [LNKA] (IRQs 5 *10 11)
[    0.157003] ACPI: PCI Interrupt Link [LNKB] (IRQs 5 *10 11)
[    0.158626] ACPI: PCI Interrupt Link [LNKC] (IRQs 5 10 *11)
[    0.160597] ACPI: PCI Interrupt Link [LNKD] (IRQs 5 10 *11)
[    0.162296] ACPI: PCI Interrupt Link [LNKS] (IRQs 9) *0
[    0.164189] vgaarb: device added: PCI:0000:00:02.0,decodes=io+mem,owns=io+mem,locks=none
[    0.165657] vgaarb: loaded
[    0.166284] vgaarb: bridge control possible 0000:00:02.0
[    0.167411] PCI: Using ACPI for IRQ routing
[    0.168462] HPET: 3 timers in total, 0 timers will be used for per-cpu timer
[    0.169810] hpet0: at MMIO 0xfed00000, IRQs 2, 8, 0
[    0.171163] hpet0: 3 comparators, 64-bit 100.000000 MHz counter
[    0.181553] Switching to clocksource kvm-clock
[    0.187922] pnp: PnP ACPI init
[    0.188703] ACPI: bus type pnp registered
[    0.190705] pnp: PnP ACPI: found 8 devices
[    0.191531] ACPI: ACPI bus type pnp unregistered
[    0.209371] NET: Registered protocol family 2
[    0.212869] IP route cache hash table entries: 524288 (order: 10, 4194304 bytes)
[    0.219015] TCP established hash table entries: 524288 (order: 11, 8388608 bytes)
[    0.227429] TCP bind hash table entries: 65536 (order: 8, 1048576 bytes)
[    0.229556] TCP: Hash tables configured (established 524288 bind 65536)
[    0.230762] TCP reno registered
[    0.231465] UDP hash table entries: 8192 (order: 6, 262144 bytes)
[    0.232867] UDP-Lite hash table entries: 8192 (order: 6, 262144 bytes)
[    0.234833] NET: Registered protocol family 1
[    0.235687] pci 0000:00:00.0: Limiting direct PCI/PCI transfers
[    0.245561] pci 0000:00:01.0: PIIX3: Enabling Passive Release
[    0.246644] pci 0000:00:01.0: Activating ISA DMA hang workarounds
[    0.247908] Unpacking initramfs...
[    0.489327] Freeing initrd memory: 9992k freed
[    0.493014] PCI-DMA: Using software bounce buffering for IO (SWIOTLB)
[    0.494151] Placing 64MB software IO TLB between ffff8800dbff0000 - ffff8800dfff0000
[    0.495567] software IO TLB at phys 0xdbff0000 - 0xdfff0000
[    0.498957] audit: initializing netlink socket (disabled)
[    0.499980] type=2000 audit(1481708157.496:1): initialized
[    0.529178] HugeTLB registered 2 MB page size, pre-allocated 0 pages
[    0.534604] VFS: Disk quotas dquot_6.5.2
[    0.535524] Dquot-cache hash table entries: 512 (order 0, 4096 bytes)
[    0.536959] msgmni has been set to 32168
[    0.538571] alg: No test for stdrng (krng)
[    0.539550] Block layer SCSI generic (bsg) driver version 0.4 loaded (major 253)
[    0.541088] io scheduler noop registered
[    0.541896] io scheduler deadline registered
[    0.542916] io scheduler cfq registered (default)
[    0.544000] pci_hotplug: PCI Hot Plug PCI Core version: 0.5
[    0.545161] pciehp: PCI Express Hot Plug Controller Driver version: 0.4
[    0.546330] acpiphp: ACPI Hot Plug PCI Controller Driver version: 0.5
[    0.547566] acpiphp: Slot [3] registered
[    0.548517] acpiphp: Slot [4] registered
[    0.549346] acpiphp: Slot [5] registered
[    0.550174] acpiphp: Slot [6] registered
[    0.551020] acpiphp: Slot [7] registered
[    0.551856] acpiphp: Slot [8] registered
[    0.552814] acpiphp: Slot [9] registered
[    0.553658] acpiphp: Slot [10] registered
[    0.554493] acpiphp: Slot [11] registered
[    0.555330] acpiphp: Slot [12] registered
[    0.556234] acpiphp: Slot [13] registered
[    0.557082] acpiphp: Slot [14] registered
[    0.557923] acpiphp: Slot [15] registered
[    0.558758] acpiphp: Slot [16] registered
[    0.559594] acpiphp: Slot [17] registered
[    0.560531] acpiphp: Slot [18] registered
[    0.561356] acpiphp: Slot [19] registered
[    0.562150] acpiphp: Slot [20] registered
[    0.562942] acpiphp: Slot [21] registered
[    0.563749] acpiphp: Slot [22] registered
[    0.564698] acpiphp: Slot [23] registered
[    0.565526] acpiphp: Slot [24] registered
[    0.566347] acpiphp: Slot [25] registered
[    0.567152] acpiphp: Slot [26] registered
[    0.567951] acpiphp: Slot [27] registered
[    0.568941] acpiphp: Slot [28] registered
[    0.569767] acpiphp: Slot [29] registered
[    0.570620] acpiphp: Slot [30] registered
[    0.571435] acpiphp: Slot [31] registered
[    0.572523] ERST: Table is not found!
[    0.573280] GHES: HEST is not enabled!
[    0.574295] Serial: 8250/16550 driver, 4 ports, IRQ sharing enabled
[    0.596977] serial8250: ttyS0 at I/O 0x3f8 (irq = 4) is a 16550A
[    0.678087] 00:06: ttyS0 at I/O 0x3f8 (irq = 4) is a 16550A
[    0.680604] Linux agpgart interface v0.103
[    0.681681] i8042: PNP: PS/2 Controller [PNP0303:KBD,PNP0f13:MOU] at 0x60,0x64 irq 1,12
[    0.684208] serio: i8042 KBD port at 0x60,0x64 irq 1
[    0.685150] serio: i8042 AUX port at 0x60,0x64 irq 12
[    0.686685] mousedev: PS/2 mouse device common for all mice
[    0.688144] input: AT Translated Set 2 keyboard as /devices/platform/i8042/serio0/input/input0
[    0.689998] rtc_cmos 00:01: RTC can wake from S4
[    0.691277] rtc_cmos 00:01: rtc core: registered rtc_cmos as rtc0
[    0.692605] rtc0: alarms up to one day, 114 bytes nvram, hpet irqs
[    0.693781] cpuidle: using governor ladder
[    0.694578] cpuidle: using governor menu
[    0.695782] TCP cubic registered
[    0.697430] NET: Registered protocol family 10
[    0.699160] Mobile IPv6
[    0.699756] NET: Registered protocol family 17
[    0.700734] Registering the dns_resolver key type
[    0.702255] registered taskstats version 1
[    0.704481] rtc_cmos 00:01: setting system clock to 2016-12-14 09:36:49 UTC (1481708209)
[    0.706076] Initializing network drop monitor service
[    0.708819] Freeing unused kernel memory: 580k freed
[    0.710106] Write protecting the kernel read-only data: 6144k
[    0.713965] Freeing unused kernel memory: 644k freed
[    0.718019] Freeing unused kernel memory: 688k freed
Loading, please wait...
[    0.736375] udevd[58]: starting version 175
[    0.750022] SCSI subsystem initialized
[    0.757919] e1000: Intel(R) PRO/1000 Network Driver - version 7.3.21-k8-NAPI
[    0.759157] e1000: Copyright (c) 1999-2006 Intel Corporation.
[    0.761658] ACPI: PCI Interrupt Link [LNKC] enabled at IRQ 11
[    0.775544] Floppy drive(s): fd0 is 1.44M
[    0.796769] FDC 0 is a S82078B
[   38.220692] e1000 0000:00:03.0: eth0: (PCI:33MHz:32-bit) 52:54:00:12:34:56
[   38.222010] e1000 0000:00:03.0: eth0: Intel(R) PRO/1000 Network Connection
[   38.224973] scsi0 : ata_piix
[   38.226116] scsi1 : ata_piix
[   38.226866] ata1: PATA max MWDMA2 cmd 0x1f0 ctl 0x3f6 bmdma 0xc040 irq 14
[   38.228308] ata2: PATA max MWDMA2 cmd 0x170 ctl 0x376 bmdma 0xc048 irq 15
[   38.385425] ata1.00: ATA-7: QEMU HARDDISK, 1.1.2, max UDMA/100
[   38.386510] ata1.00: 9011200 sectors, multi 16: LBA48 
[   38.387960] ata2.00: ATAPI: QEMU DVD-ROM, 1.1.2, max UDMA/100
[   38.389941] ata1.00: configured for MWDMA2
[   38.390939] ata2.00: configured for MWDMA2
[   38.392316] scsi 0:0:0:0: Direct-Access     ATA      QEMU HARDDISK    1.1. PQ: 0 ANSI: 5
[   38.394857] scsi 1:0:0:0: CD-ROM            QEMU     QEMU DVD-ROM     1.1. PQ: 0 ANSI: 5
[   38.404529] sd 0:0:0:0: [sda] 9011200 512-byte logical blocks: (4.61 GB/4.29 GiB)
[   38.406360] sd 0:0:0:0: [sda] Write Protect is off
[   38.407418] sd 0:0:0:0: [sda] Write cache: disabled, read cache: enabled, doesn't support DPO or FUA
[   38.410549] sr0: scsi3-mmc drive: 4x/4x cd/rw xa/form2 tray
[   38.411768] cdrom: Uniform CD-ROM driver Revision: 3.20
[   38.411826]  sda: sda1
[   38.413934] sd 0:0:0:0: [sda] Attached SCSI disk
[   38.418291] sd 0:0:0:0: Attached scsi generic sg0 type 0
[   38.419533] sr 1:0:0:0: Attached scsi generic sg1 type 5
Begin: Loading essential drivers ... done.
Begin: Running /scripts/init-premount ... done.
Begin: Mounting root file system ... Begin: Running /scripts/local-top ... done.
Begin: Running /scripts/local-premount ... done.
[   39.045294] EXT4-fs (sda1): mounted filesystem with ordered data mode. Opts: (null)
Begin: Running /scripts/local-bottom ... done.
done.
Begin: Running /scripts/init-bottom ... done.
INIT: version 2.88 booting
[[36minfo[39;49m] Using makefile-style concurrent boot in runlevel S.
findfs: unable to resolve 'UUID="e35ebd7f-2405-4c97-9c3e-26919d55a9e5"'
[....] Starting the hotplug events dispatcher: udevd[   60.504357] udevd[305]: starting version 175
[?25l[?1c7[1G[[32m ok [39;49m8[?25h[?0c.
[....] Synthesizing the initial hotplug events...[   60.559278] input: Power Button as /devices/LNXSYSTM:00/LNXPWRBN:00/input/input1
[   60.561103] ACPI: Power Button [PWRF]
[?25l[?1c7[1G[[32m ok [39;49m8[?25h[?0cdone.
[   60.594089] input: PC Speaker as /devices/platform/pcspkr/input/input2
[   60.601720] parport_pc 00:05: reported by Plug and Play ACPI
[   60.603683] parport0: PC-style at 0x378, irq 7 [PCSPP,TRISTATE]
[   60.617018] piix4_smbus 0000:00:01.3: SMBus Host Controller at 0xb100, revision 0
[....] Waiting for /dev to be fully populated...[   60.637548] Error: Driver 'pcspkr' is already registered, aborting...
[?25l[?1c7[1G[[32m ok [39;49m8[?25h[?0cdone.
findfs: unable to resolve 'UUID="e35ebd7f-2405-4c97-9c3e-26919d55a9e5"'
[....] Activating swap...[?25l[?1c7[1G[[32m ok [39;49m8[?25h[?0cdone.
Usage: mountpoint [-q] [-d] [-x] path
[   60.910964] EXT4-fs (sda1): re-mounted. Opts: (null)
[....] Checking root file system...fsck from util-linux 2.20.1
/run/rootdev: clean, 32635/264000 files, 832589/1054720 blocks
[?25l[?1c7[1G[[32m ok [39;49m8[?25h[?0cdone.
[   60.957790] EXT4-fs (sda1): re-mounted. Opts: errors=remount-ro,errors=remount-ro
[....] Cleaning up temporary files... /tmp[?25l[?1c7[1G[[32m ok [39;49m8[?25h[?0c.
findfs: unable to resolve 'UUID="e35ebd7f-2405-4c97-9c3e-26919d55a9e5"'
findfs: unable to resolve 'UUID="e35ebd7f-2405-4c97-9c3e-26919d55a9e5"'
[   61.243670] input: ImExPS/2 Generic Explorer Mouse as /devices/platform/i8042/serio1/input/input3
[....] Activating lvm and md swap...[?25l[?1c7[1G[[32m ok [39;49m8[?25h[?0cdone.
[....] Checking file systems...fsck from util-linux 2.20.1
[?25l[?1c7[1G[[32m ok [39;49m8[?25h[?0cdone.
[....] Mounting local filesystems...[?25l[?1c7[1G[[32m ok [39;49m8[?25h[?0cdone.
[....] Activating swapfile swap...[?25l[?1c7[1G[[32m ok [39;49m8[?25h[?0cdone.
findfs: unable to resolve 'UUID="e35ebd7f-2405-4c97-9c3e-26919d55a9e5"'
[....] Cleaning up temporary files...[?25l[?1c7[1G[[32m ok [39;49m8[?25h[?0c.
[....] Setting kernel variables ...[?25l[?1c7[1G[[32m ok [39;49m8[?25h[?0cdone.
[....] Configuring network interfaces...Internet Systems Consortium DHCP Client 4.2.2
Copyright 2004-2011 Internet Systems Consortium.
All rights reserved.
For info, please visit https://www.isc.org/software/dhcp/

[   84.744541] ADDRCONF(NETDEV_UP): eth0: link is not ready
Listening on LPF/eth0/52:54:00:12:34:56
Sending on   LPF/eth0/52:54:00:12:34:56
Sending on   Socket/fallback
DHCPDISCOVER on eth0 to 255.255.255.255 port 67 interval 5
DHCPDISCOVER on eth0 to 255.255.255.255 port 67 interval 7
[  106.412579] e1000: eth0 NIC Link is Up 1000 Mbps Full Duplex, Flow Control: RX
[  106.416018] ADDRCONF(NETDEV_CHANGE): eth0: link becomes ready
DHCPDISCOVER on eth0 to 255.255.255.255 port 67 interval 8
DHCPREQUEST on eth0 to 255.255.255.255 port 67
DHCPOFFER from 10.0.2.2
DHCPACK from 10.0.2.2
bound to 10.0.2.15 -- renewal in 34484 seconds.
ifup: interface eth0 already configured
[?25l[?1c7[1G[[32m ok [39;49m8[?25h[?0cdone.
[....] Cleaning up temporary files...[?25l[?1c7[1G[[32m ok [39;49m8[?25h[?0c.
INIT: Entering runlevel: 2
[[36minfo[39;49m] Using makefile-style concurrent boot in runlevel 2.
[....] Starting OpenBSD Secure Shell server: sshd[?25l[?1c7[1G[[32m ok [39;49m8[?25h[?0c.
Entering benchmark mode
./scaff/bin/uniform/durbin_STANDARD dummy.out 10
STARTING durbin_STANDARD execution: Wed Dec 14 11:38:55 EET 2016
Execution Time; 8.931068
Execution Time; 3.928940
Execution Time; 3.921568
Execution Time; 3.915844
Execution Time; 3.919534
Execution Time; 3.913288
Execution Time; 3.933528
Execution Time; 3.916169
Execution Time; 3.915284
Execution Time; 3.919562
Execution Time; 4.963708
Execution Time; 3.950856
Execution Time; 3.935592
Execution Time; 3.954300
Execution Time; 3.936884
Execution Time; 3.944985
Execution Time; 3.945462
Execution Time; 3.937767
Execution Time; 3.937623
Execution Time; 4.903076
Execution Time; 3.936717
Execution Time; 3.944204
Execution Time; 3.949865
Execution Time; 3.950634
Execution Time; 3.940523
Execution Time; 3.938710
Execution Time; 3.888504
Execution Time; 3.922688
Execution Time; 5.013325
Execution Time; 2.892410
Execution Time; 0.931942
Execution Time; 0.879052
Execution Time; 2.907940
Execution Time; 1.952446
Execution Time; 0.970772
Execution Time; 0.947215
Execution Time; 0.945468
Execution Time; 0.944009
Execution Time; 0.943102
Execution Time; 0.951615
Execution Time; 0.957710
Execution Time; 0.953564
Execution Time; 0.956437
Execution Time; 0.953700
Execution Time; 0.960057
Execution Time; 0.965423
Execution Time; 0.951549
Execution Time; 0.949878
Execution Time; 0.967009
Execution Time; 0.954577
Execution Time; 0.939408
Execution Time; 0.948282
Execution Time; 0.932514
Execution Time; 0.943037
Execution Time; 0.939784
Execution Time; 0.943700
Execution Time; 0.928657
Execution Time; 0.943384
Execution Time; 0.928676
Execution Time; 0.935520
Execution Time; 0.945137
Execution Time; 0.957144
Execution Time; 0.944160
Execution Time; 0.948791
Execution Time; 0.944473
Execution Time; 0.947412
Execution Time; 0.943508
Execution Time; 0.943768
Execution Time; 0.947165
Execution Time; 0.940347
Execution Time; 0.962465
Execution Time; 0.956648
Execution Time; 0.957412
Execution Time; 0.955974
Execution Time; 0.958575
Execution Time; 0.950757
Execution Time; 0.963597
Execution Time; 0.956936
Execution Time; 0.966255
Execution Time; 0.953402
Execution Time; 0.956036
Execution Time; 0.959409
Execution Time; 0.957062
Execution Time; 0.939787
Execution Time; 0.953025
Execution Time; 0.943444
Execution Time; 0.947485
Execution Time; 0.958704
Execution Time; 0.953106
Execution Time; 0.940985
Execution Time; 0.943614
Execution Time; 0.973989
Execution Time; 0.971099
Execution Time; 0.968663
Execution Time; 0.954975
Execution Time; 0.964213
Execution Time; 0.976114
Execution Time; 0.953836
Execution Time; 0.962975
Execution Time; 0.945848
Execution Time; 0.969876
Execution Time; 0.957015
Execution Time; 0.969150
Execution Time; 0.970126
Execution Time; 0.971260
Execution Time; 0.968658
Execution Time; 0.976336
Execution Time; 0.961151
Execution Time; 0.959279
Execution Time; 0.959677
Execution Time; 1.949918
Execution Time; 0.970326
Execution Time; 0.956727
Execution Time; 0.961297
Execution Time; 0.959575
Execution Time; 0.944014
Execution Time; 0.945950
Execution Time; 0.967626
Execution Time; 0.941084
Execution Time; 0.947707
Execution Time; 1.960308
Execution Time; 0.965327
Execution Time; 0.959539
Execution Time; 0.969210
Execution Time; 0.959838
Execution Time; 0.968514
Execution Time; 0.966340
Execution Time; 0.973024
Execution Time; 0.954032
Execution Time; 0.969647
Execution Time; 0.961217
Execution Time; 0.969686
Execution Time; 0.966606
Execution Time; 0.964160
Execution Time; 0.964685
Execution Time; 0.974818
Execution Time; 0.971289
Execution Time; 0.966821
Execution Time; 1.978450
Execution Time; 1.971602
Execution Time; 1.977782
Execution Time; 0.975486
Execution Time; 0.969895
Execution Time; 0.981520
Execution Time; 0.964379
Execution Time; 0.967631
Execution Time; 0.966244
Execution Time; 0.959552
Execution Time; 0.960913
Execution Time; 0.956300
Execution Time; 1.978862
Execution Time; 0.975097
Execution Time; 0.976953
Execution Time; 0.957037
Execution Time; 0.957426
Execution Time; 0.954354
Execution Time; 0.952197
Execution Time; 0.966043
Execution Time; 0.965940
Execution Time; 0.959791
Execution Time; 0.960074
Execution Time; 1.962761
Execution Time; 0.911127
Execution Time; 0.959565
Execution Time; 0.950313
Execution Time; 0.963136
Execution Time; 0.951185
Execution Time; 0.940028
Execution Time; 0.896316
Execution Time; 0.894966
Execution Time; 0.905400
Execution Time; 0.877833
Execution Time; 0.873640
Execution Time; 0.922308
Execution Time; 0.882294
Execution Time; 0.953119
Execution Time; 0.931532
Execution Time; 0.908405
Execution Time; 0.935601
Execution Time; 0.958147
Execution Time; 0.949156
Execution Time; 0.958256
Execution Time; 0.953429
Execution Time; 0.946611
Execution Time; 0.946207
Execution Time; 0.927706
Execution Time; 0.947711
Execution Time; 0.949543
Execution Time; 0.960940
Execution Time; 0.955774
Execution Time; 0.949257
Execution Time; 0.947513
Execution Time; 0.951095
Execution Time; 0.936602
Execution Time; 0.953557
Execution Time; 0.957342
Execution Time; 0.962122
Execution Time; 0.950660
Execution Time; 0.954710
Execution Time; 0.962345
Execution Time; 0.955911
Execution Time; 0.963256
Execution Time; 0.957711
Execution Time; 0.960096
Execution Time; 0.949144
Execution Time; 0.952753
Execution Time; 0.957891
Execution Time; 0.940099
Execution Time; 0.938276
Execution Time; 0.954376
Execution Time; 0.958677
Execution Time; 0.963262
Execution Time; 0.953503
Execution Time; 0.957724
Execution Time; 0.954517
Execution Time; 0.969757
Execution Time; 0.956700
Execution Time; 0.975413
Execution Time; 0.972305
Execution Time; 0.958656
Execution Time; 0.976727
Execution Time; 0.974675
Execution Time; 0.961968
Execution Time; 0.941259
Execution Time; 0.973038
Execution Time; 0.968100
Execution Time; 0.975705
Execution Time; 0.960481
Execution Time; 0.975935
Execution Time; 0.964888
Execution Time; 0.973786
Execution Time; 0.978789
Execution Time; 0.990996
Execution Time; 0.958231
Execution Time; 0.938529
Execution Time; 0.955871
Execution Time; 0.951494
Execution Time; 0.931537
Execution Time; 0.924559
Execution Time; 0.963079
Execution Time; 0.965459
Execution Time; 0.952635
Execution Time; 0.934205
Execution Time; 0.954545
Execution Time; 0.951886
Execution Time; 0.956180
Execution Time; 0.948917
Execution Time; 0.960622
Execution Time; 0.964537
Execution Time; 0.974726
Execution Time; 0.971396
Execution Time; 0.967675
Execution Time; 0.965248
Execution Time; 0.939572
Execution Time; 0.947328
Execution Time; 0.965831
Execution Time; 0.968921
Execution Time; 0.939592
Execution Time; 0.954905
Execution Time; 0.946637
Execution Time; 0.951037
Execution Time; 0.953891
Execution Time; 0.974784
Execution Time; 0.964117
Execution Time; 0.972376
Execution Time; 0.943398
Execution Time; 0.954733
Execution Time; 0.932837
Execution Time; 0.938484
Execution Time; 0.934729
Execution Time; 0.978250
Execution Time; 0.984293
Execution Time; 0.930018
Execution Time; 0.965415
Execution Time; 0.969598
Execution Time; 0.967522
Execution Time; 0.940567
Execution Time; 0.953794
Execution Time; 0.967676
Execution Time; 0.969632
Execution Time; 0.914551
Execution Time; 0.960893
Execution Time; 0.955323
Execution Time; 0.959075
Execution Time; 0.926199
Execution Time; 0.970848
Execution Time; 0.956708
Execution Time; 0.967000
Execution Time; 0.937974
Execution Time; 0.975667
Execution Time; 0.961381
Execution Time; 0.936875
Execution Time; 0.961445
Execution Time; 0.968682
Execution Time; 0.943879
Execution Time; 0.943820
Execution Time; 0.966913
Execution Time; 0.962188
Execution Time; 0.918545
Execution Time; 0.911884
Execution Time; 0.973409
Execution Time; 0.956476
Execution Time; 0.951039
Execution Time; 0.931365
Execution Time; 0.978118
Execution Time; 0.974041
Execution Time; 0.960198
Execution Time; 0.929888
Execution Time; 0.958798
Execution Time; 0.958600
Execution Time; 0.936318
Execution Time; 0.962949
Execution Time; 0.981389
Execution Time; 0.963265
Execution Time; 0.927475
Execution Time; 0.973175
Execution Time; 0.964150
Execution Time; 0.969813
Execution Time; 0.917888
Execution Time; 0.979176
Execution Time; 0.960077
Execution Time; 0.963714
Execution Time; 0.924766
Execution Time; 0.970454
Execution Time; 0.977246
Execution Time; 0.956092
Execution Time; 0.959884
Execution Time; 0.967865
Execution Time; 0.968570
Execution Time; 0.937853
INIT: Switching to runlevel: 0INIT: Sending processes the TERM signal
[[36minfo[39;49m] Using makefile-style concurrent boot in runlevel 0.
[[36minfo[39;49m] Saving the system clock.
[[36minfo[39;49m] Hardware Clock updated to Wed Dec 14 09:46:32 UTC 2016.
[....] Asking all remaining processes to terminate...[?25l[?1c7[1G[[32m ok [39;49m8[?25h[?0cdone.
[....] All processes ended within 2 seconds...[?25l[?1c7[1G[[32m ok [39;49m8[?25h[?0cdone.
[....] Deconfiguring network interfaces...Internet Systems Consortium DHCP Client 4.2.2
Copyright 2004-2011 Internet Systems Consortium.
All rights reserved.
For info, please visit https://www.isc.org/software/dhcp/

Listening on LPF/eth0/52:54:00:12:34:56
Sending on   LPF/eth0/52:54:00:12:34:56
Sending on   Socket/fallback
DHCPRELEASE on eth0 to 10.0.2.2 port 67
[?25l[?1c7[1G[[32m ok [39;49m8[?25h[?0cdone.
[....] Deactivating swap...[?25l[?1c7[1G[[32m ok [39;49m8[?25h[?0cdone.
[  584.636313] EXT4-fs (sda1): re-mounted. Opts: (null)
[[36minfo[39;49m] Will now halt.
[  586.678044] sd 0:0:0:0: [sda] Stopping disk
[  586.682047] ACPI: Preparing to enter system sleep state S5
[  586.683179] Power down.
aff-executor-preload.c:affhooks_init()
aff-executor-preload.c:affhooks_shut()
HELLO KITTY
