aff-executor-preload.c:affhooks_init()
[H[J[?25l[m[H[J[2;25HGNU GRUB  version 1.99-27+deb7u2

[m[4;2H+--------------------------------------------------------------------------+[5;2H|[5;77H|[6;2H|[6;77H|[7;2H|[7;77H|[8;2H|[8;77H|[9;2H|[9;77H|[10;2H|[10;77H|[11;2H|[11;77H|[12;2H|[12;77H|[13;2H|[13;77H|[14;2H|[14;77H|[15;2H|[15;77H|[16;2H|[16;77H|[17;2H+--------------------------------------------------------------------------+[m[18;2H[m
      Use the ^ and v keys to select which entry is highlighted.      
      Press enter to boot the selected OS, 'e' to edit the commands      
      before booting or 'c' for a command-line.      
      [5;78H [7m[5;3HDebian GNU/Linux, with Linux 3.2.0-4-amd64                               [m [5;76H[m[m[6;3HDebian GNU/Linux, with Linux 3.2.0-4-amd64 (recovery mode)               [m [6;76H[m[m[7;3H                                                                         [m [7;76H[m[m[8;3H                                                                         [m [8;76H[m[m[9;3H                                                                         [m [9;76H[m[m[10;3H                                                                         [m [10;76H[m[m[11;3H                                                                         [m [11;76H[m[m[12;3H                                                                         [m [12;76H[m[m[13;3H                                                                         [m [13;76H[m[m[14;3H                                                                         [m [14;76H[m[m[15;3H                                                                         [m [15;76H[m[m[16;3H                                                                         [m [16;76H[m[16;78H [5;76H[22;1H   The highlighted entry will be executed automatically in 5s.                 [5;76H[22;1H   The highlighted entry will be executed automatically in 4s.                 [5;76H[22;1H   The highlighted entry will be executed automatically in 3s.                 [5;76H[22;1H   The highlighted entry will be executed automatically in 2s.                 [5;76H[22;1H   The highlighted entry will be executed automatically in 1s.                 [5;76H[22;1H   The highlighted entry will be executed automatically in 0s.                 [5;76H[?25h[H[J[H[J  Booting 'Debian GNU/Linux, with Linux 3.2.0-4-amd64'

Loading Linux 3.2.0-4-amd64 ...
Loading initial ramdisk ...
[    0.000000] Initializing cgroup subsys cpuset
[    0.000000] Initializing cgroup subsys cpu
[    0.000000] Linux version 3.2.0-4-amd64 (debian-kernel@lists.debian.org) (gcc version 4.6.3 (Debian 4.6.3-14) ) #1 SMP Debian 3.2.68-1+deb7u3
[    0.000000] Command line: BOOT_IMAGE=/boot/vmlinuz-3.2.0-4-amd64 root=UUID=e35ebd7f-2405-4c97-9c3e-26919d55a9e5 ro console=tty0 console=ttyS0,115200n8
[    0.000000] BIOS-provided physical RAM map:
[    0.000000]  BIOS-e820: 0000000000000000 - 000000000009fc00 (usable)
[    0.000000]  BIOS-e820: 000000000009fc00 - 00000000000a0000 (reserved)
[    0.000000]  BIOS-e820: 00000000000f0000 - 0000000000100000 (reserved)
[    0.000000]  BIOS-e820: 0000000000100000 - 00000000bfffe000 (usable)
[    0.000000]  BIOS-e820: 00000000bfffe000 - 00000000c0000000 (reserved)
[    0.000000]  BIOS-e820: 00000000feffc000 - 00000000ff000000 (reserved)
[    0.000000]  BIOS-e820: 00000000fffc0000 - 0000000100000000 (reserved)
[    0.000000]  BIOS-e820: 0000000100000000 - 0000000440000000 (usable)
[    0.000000] NX (Execute Disable) protection: active
[    0.000000] SMBIOS 2.4 present.
[    0.000000] No AGP bridge found
[    0.000000] last_pfn = 0x440000 max_arch_pfn = 0x400000000
[    0.000000] x86 PAT enabled: cpu 0, old 0x70406, new 0x7010600070106
[    0.000000] last_pfn = 0xbfffe max_arch_pfn = 0x400000000
[    0.000000] found SMP MP-table at [ffff8800000f0b10] f0b10
[    0.000000] Using GB pages for direct mapping
[    0.000000] init_memory_mapping: 0000000000000000-00000000bfffe000
[    0.000000] init_memory_mapping: 0000000100000000-0000000440000000
[    0.000000] RAMDISK: 36c6c000 - 3762e000
[    0.000000] ACPI: RSDP 00000000000f08e0 00014 (v00 BOCHS )
[    0.000000] ACPI: RSDT 00000000bffffcfc 00034 (v01 BOCHS  BXPCRSDT 00000001 BXPC 00000001)
[    0.000000] ACPI: FACP 00000000bffff1c0 00074 (v01 BOCHS  BXPCFACP 00000001 BXPC 00000001)
[    0.000000] ACPI: DSDT 00000000bfffe040 01180 (v01 BOCHS  BXPCDSDT 00000001 BXPC 00000001)
[    0.000000] ACPI: FACS 00000000bfffe000 00040
[    0.000000] ACPI: SSDT 00000000bffff234 00A00 (v01 BOCHS  BXPCSSDT 00000001 BXPC 00000001)
[    0.000000] ACPI: APIC 00000000bffffc34 00090 (v01 BOCHS  BXPCAPIC 00000001 BXPC 00000001)
[    0.000000] ACPI: HPET 00000000bffffcc4 00038 (v01 BOCHS  BXPCHPET 00000001 BXPC 00000001)
[    0.000000] No NUMA configuration found
[    0.000000] Faking a node at 0000000000000000-0000000440000000
[    0.000000] Initmem setup node 0 0000000000000000-0000000440000000
[    0.000000]   NODE_DATA [000000043fffb000 - 000000043fffffff]
[    0.000000] kvm-clock: Using msrs 4b564d01 and 4b564d00
[    0.000000] kvm-clock: cpu 0, msr 0:16a8741, boot clock
[    0.000000] Zone PFN ranges:
[    0.000000]   DMA      0x00000010 -> 0x00001000
[    0.000000]   DMA32    0x00001000 -> 0x00100000
[    0.000000]   Normal   0x00100000 -> 0x00440000
[    0.000000] Movable zone start PFN for each node
[    0.000000] early_node_map[3] active PFN ranges
[    0.000000]     0: 0x00000010 -> 0x0000009f
[    0.000000]     0: 0x00000100 -> 0x000bfffe
[    0.000000]     0: 0x00100000 -> 0x00440000
[    0.000000] ACPI: PM-Timer IO Port: 0xb008
[    0.000000] ACPI: LAPIC (acpi_id[0x00] lapic_id[0x00] enabled)
[    0.000000] ACPI: LAPIC (acpi_id[0x01] lapic_id[0x01] enabled)
[    0.000000] ACPI: LAPIC (acpi_id[0x02] lapic_id[0x02] enabled)
[    0.000000] ACPI: LAPIC (acpi_id[0x03] lapic_id[0x03] enabled)
[    0.000000] ACPI: LAPIC_NMI (acpi_id[0xff] dfl dfl lint[0x1])
[    0.000000] ACPI: IOAPIC (id[0x00] address[0xfec00000] gsi_base[0])
[    0.000000] IOAPIC[0]: apic_id 0, version 17, address 0xfec00000, GSI 0-23
[    0.000000] ACPI: INT_SRC_OVR (bus 0 bus_irq 0 global_irq 2 dfl dfl)
[    0.000000] ACPI: INT_SRC_OVR (bus 0 bus_irq 5 global_irq 5 high level)
[    0.000000] ACPI: INT_SRC_OVR (bus 0 bus_irq 9 global_irq 9 high level)
[    0.000000] ACPI: INT_SRC_OVR (bus 0 bus_irq 10 global_irq 10 high level)
[    0.000000] ACPI: INT_SRC_OVR (bus 0 bus_irq 11 global_irq 11 high level)
[    0.000000] Using ACPI (MADT) for SMP configuration information
[    0.000000] ACPI: HPET id: 0x8086a201 base: 0xfed00000
[    0.000000] SMP: Allowing 4 CPUs, 0 hotplug CPUs
[    0.000000] PM: Registered nosave memory: 000000000009f000 - 00000000000a0000
[    0.000000] PM: Registered nosave memory: 00000000000a0000 - 00000000000f0000
[    0.000000] PM: Registered nosave memory: 00000000000f0000 - 0000000000100000
[    0.000000] PM: Registered nosave memory: 00000000bfffe000 - 00000000c0000000
[    0.000000] PM: Registered nosave memory: 00000000c0000000 - 00000000feffc000
[    0.000000] PM: Registered nosave memory: 00000000feffc000 - 00000000ff000000
[    0.000000] PM: Registered nosave memory: 00000000ff000000 - 00000000fffc0000
[    0.000000] PM: Registered nosave memory: 00000000fffc0000 - 0000000100000000
[    0.000000] Allocating PCI resources starting at c0000000 (gap: c0000000:3effc000)
[    0.000000] Booting paravirtualized kernel on KVM
[    0.000000] setup_percpu: NR_CPUS:512 nr_cpumask_bits:512 nr_cpu_ids:4 nr_node_ids:1
[    0.000000] PERCPU: Embedded 27 pages/cpu @ffff88043fc00000 s78912 r8192 d23488 u524288
[    0.000000] kvm-clock: cpu 0, msr 4:3fc12741, primary cpu clock
[    0.000000] KVM setup async PF for cpu 0
[    0.000000] kvm-stealtime: cpu 0, msr 43fc0cfc0
[    0.000000] Built 1 zonelists in Zone order, mobility grouping on.  Total pages: 4133256
[    0.000000] Policy zone: Normal
[    0.000000] Kernel command line: BOOT_IMAGE=/boot/vmlinuz-3.2.0-4-amd64 root=UUID=e35ebd7f-2405-4c97-9c3e-26919d55a9e5 ro console=tty0 console=ttyS0,115200n8
[    0.000000] PID hash table entries: 4096 (order: 3, 32768 bytes)
[    0.000000] xsave/xrstor: enabled xstate_bv 0x7, cntxt size 0x340
[    0.000000] Checking aperture...
[    0.000000] No AGP bridge found
[    0.000000] Memory: 16462372k/17825792k available (3434k kernel code, 1049036k absent, 314384k reserved, 3305k data, 580k init)
[    0.000000] Hierarchical RCU implementation.
[    0.000000] 	RCU dyntick-idle grace-period acceleration is enabled.
[    0.000000] NR_IRQS:33024 nr_irqs:712 16
[    0.000000] Console: colour VGA+ 80x25
[    0.000000] console [tty0] enabled
[    0.000000] console [ttyS0] enabled
[    0.000000] Detected 2199.998 MHz processor.
[    0.008000] Calibrating delay loop (skipped) preset value.. 4399.99 BogoMIPS (lpj=8799992)
[    0.008000] pid_max: default: 32768 minimum: 301
[    0.008000] Security Framework initialized
[    0.008007] AppArmor: AppArmor disabled by boot time parameter
[    0.009934] Dentry cache hash table entries: 2097152 (order: 12, 16777216 bytes)
[    0.015160] Inode-cache hash table entries: 1048576 (order: 11, 8388608 bytes)
[    0.017292] Mount-cache hash table entries: 256
[    0.018249] Initializing cgroup subsys cpuacct
[    0.019131] Initializing cgroup subsys memory
[    0.020015] Initializing cgroup subsys devices
[    0.020861] Initializing cgroup subsys freezer
[    0.021698] Initializing cgroup subsys net_cls
[    0.022540] Initializing cgroup subsys blkio
[    0.024014] Initializing cgroup subsys perf_event
[    0.024993] mce: CPU supports 10 MCE banks
[    0.027058] ACPI: Core revision 20110623
[    0.029244] Enabling x2apic
[    0.029879] Enabled x2apic
[    0.030643] Switched APIC routing to physical x2apic.
[    0.032871] ..TIMER: vector=0x30 apic1=0 pin1=2 apic2=-1 pin2=-1
[    0.034146] CPU0: Intel(R) Xeon(R) CPU E5-4620 0 @ 2.20GHz stepping 07
[    0.036002] Performance Events: SandyBridge events, Intel PMU driver.
[    0.036002] ... version:                2
[    0.036002] ... bit width:              48
[    0.036002] ... generic registers:      4
[    0.036008] ... value mask:             0000ffffffffffff
[    0.037143] ... max period:             000000007fffffff
[    0.038278] ... fixed-purpose events:   3
[    0.039214] ... event mask:             000000070000000f
[    0.040176] NMI watchdog enabled, takes one hw-pmu counter.
[    0.041574] Booting Node   0, Processors  #1
[    0.060024] KVM setup async PF for cpu 1
[    0.060024] kvm-stealtime: cpu 1, msr 43fc8cfc0
[    0.065074] NMI watchdog enabled, takes one hw-pmu counter.
[    0.060024] kvm-clock: cpu 1, msr 4:3fc92741, secondary cpu clock
[    0.067862]  #2
[    0.084028] KVM setup async PF for cpu 2
[    0.084028] kvm-stealtime: cpu 2, msr 43fd0cfc0
[    0.084028] kvm-clock: cpu 2, msr 4:3fd12741, secondary cpu clock
[    0.089974] NMI watchdog enabled, takes one hw-pmu counter.
[    0.092804]  #3 Ok.
[    0.112029] KVM setup async PF for cpu 3
[    0.112029] kvm-stealtime: cpu 3, msr 43fd8cfc0
[    0.112029] kvm-clock: cpu 3, msr 4:3fd92741, secondary cpu clock
[    0.113815] NMI watchdog enabled, takes one hw-pmu counter.
[    0.116934] Brought up 4 CPUs
[    0.117612] Total of 4 processors activated (17599.98 BogoMIPS).
[    0.119274] devtmpfs: initialized
[    0.123366] print_constraints: dummy: 
[    0.124191] NET: Registered protocol family 16
[    0.125190] ACPI: bus type pci registered
[    0.126136] PCI: Using configuration type 1 for base access
[    0.128816] bio: create slab <bio-0> at 0
[    0.129950] ACPI: Added _OSI(Module Device)
[    0.129950] ACPI: Added _OSI(Processor Device)
[    0.132023] ACPI: Added _OSI(3.0 _SCP Extensions)
[    0.132949] ACPI: Added _OSI(Processor Aggregator Device)
[    0.137692] ACPI: Interpreter enabled
[    0.138475] ACPI: (supports S0 S3 S4 S5)
[    0.139684] ACPI: Using IOAPIC for interrupt routing
[    0.144400] ACPI: No dock devices found.
[    0.145269] HEST: Table not found.
[    0.145990] PCI: Using host bridge windows from ACPI; if necessary, use "pci=nocrs" and report a bug
[    0.147795] ACPI: PCI Root Bridge [PCI0] (domain 0000 [bus 00-ff])
[    0.148159] pci_root PNP0A03:00: host bridge window [io  0x0000-0x0cf7]
[    0.149395] pci_root PNP0A03:00: host bridge window [io  0x0d00-0xadff]
[    0.150590] pci_root PNP0A03:00: host bridge window [io  0xae0f-0xaeff]
[    0.152024] pci_root PNP0A03:00: host bridge window [io  0xaf20-0xafdf]
[    0.153254] pci_root PNP0A03:00: host bridge window [io  0xafe4-0xffff]
[    0.154440] pci_root PNP0A03:00: host bridge window [mem 0x000a0000-0x000bffff]
[    0.156023] pci_root PNP0A03:00: host bridge window [mem 0xc0000000-0xfebfffff]
[    0.163142] pci 0000:00:01.3: quirk: [io  0xb000-0xb03f] claimed by PIIX4 ACPI
[    0.164035] pci 0000:00:01.3: quirk: [io  0xb100-0xb10f] claimed by PIIX4 SMB
[    0.180772]  pci0000:00: Unable to request _OSC control (_OSC support mask: 0x1e)
[    0.184185] ACPI: PCI Interrupt Link [LNKA] (IRQs 5 *10 11)
[    0.185835] ACPI: PCI Interrupt Link [LNKB] (IRQs 5 *10 11)
[    0.187347] ACPI: PCI Interrupt Link [LNKC] (IRQs 5 10 *11)
[    0.188869] ACPI: PCI Interrupt Link [LNKD] (IRQs 5 10 *11)
[    0.190415] ACPI: PCI Interrupt Link [LNKS] (IRQs *9)
[    0.191811] vgaarb: device added: PCI:0000:00:02.0,decodes=io+mem,owns=io+mem,locks=none
[    0.192026] vgaarb: loaded
[    0.192634] vgaarb: bridge control possible 0000:00:02.0
[    0.193619] PCI: Using ACPI for IRQ routing
[    0.196274] HPET: 3 timers in total, 0 timers will be used for per-cpu timer
[    0.197578] hpet0: at MMIO 0xfed00000, IRQs 2, 8, 0
[    0.204021] hpet0: 3 comparators, 64-bit 100.000000 MHz counter
[    0.216793] Switching to clocksource kvm-clock
[    0.218081] pnp: PnP ACPI init
[    0.219611] ACPI: bus type pnp registered
[    0.222981] pnp: PnP ACPI: found 9 devices
[    0.224807] ACPI: ACPI bus type pnp unregistered
[    0.235739] NET: Registered protocol family 2
[    0.239460] IP route cache hash table entries: 524288 (order: 10, 4194304 bytes)
[    0.243104] TCP established hash table entries: 524288 (order: 11, 8388608 bytes)
[    0.247304] TCP bind hash table entries: 65536 (order: 8, 1048576 bytes)
[    0.249228] TCP: Hash tables configured (established 524288 bind 65536)
[    0.250482] TCP reno registered
[    0.251191] UDP hash table entries: 8192 (order: 6, 262144 bytes)
[    0.252499] UDP-Lite hash table entries: 8192 (order: 6, 262144 bytes)
[    0.254069] NET: Registered protocol family 1
[    0.254957] pci 0000:00:00.0: Limiting direct PCI/PCI transfers
[    0.256050] pci 0000:00:01.0: PIIX3: Enabling Passive Release
[    0.257105] pci 0000:00:01.0: Activating ISA DMA hang workarounds
[    0.258325] Unpacking initramfs...
[    0.452614] Freeing initrd memory: 9992k freed
[    0.456179] PCI-DMA: Using software bounce buffering for IO (SWIOTLB)
[    0.457410] Placing 64MB software IO TLB between ffff8800bbffe000 - ffff8800bfffe000
[    0.458892] software IO TLB at phys 0xbbffe000 - 0xbfffe000
[    0.461123] audit: initializing netlink socket (disabled)
[    0.462264] type=2000 audit(1483446599.456:1): initialized
[    0.478079] HugeTLB registered 2 MB page size, pre-allocated 0 pages
[    0.481707] VFS: Disk quotas dquot_6.5.2
[    0.482622] Dquot-cache hash table entries: 512 (order 0, 4096 bytes)
[    0.483917] msgmni has been set to 32172
[    0.485167] alg: No test for stdrng (krng)
[    0.486203] Block layer SCSI generic (bsg) driver version 0.4 loaded (major 253)
[    0.487674] io scheduler noop registered
[    0.488504] io scheduler deadline registered
[    0.489609] io scheduler cfq registered (default)
[    0.490893] pci_hotplug: PCI Hot Plug PCI Core version: 0.5
[    0.491959] pciehp: PCI Express Hot Plug Controller Driver version: 0.4
[    0.493246] acpiphp: ACPI Hot Plug PCI Controller Driver version: 0.5
[    0.494495] acpiphp: Slot [3] registered
[    0.495351] acpiphp: Slot [4] registered
[    0.496233] acpiphp: Slot [5] registered
[    0.497045] acpiphp: Slot [6] registered
[    0.497911] acpiphp: Slot [7] registered
[    0.498735] acpiphp: Slot [8] registered
[    0.499567] acpiphp: Slot [9] registered
[    0.500413] acpiphp: Slot [10] registered
[    0.501273] acpiphp: Slot [11] registered
[    0.502184] acpiphp: Slot [12] registered
[    0.503016] acpiphp: Slot [13] registered
[    0.503834] acpiphp: Slot [14] registered
[    0.504683] acpiphp: Slot [15] registered
[    0.505504] acpiphp: Slot [16] registered
[    0.506362] acpiphp: Slot [17] registered
[    0.507184] acpiphp: Slot [18] registered
[    0.508040] acpiphp: Slot [19] registered
[    0.508865] acpiphp: Slot [20] registered
[    0.509698] acpiphp: Slot [21] registered
[    0.510523] acpiphp: Slot [22] registered
[    0.511350] acpiphp: Slot [23] registered
[    0.512214] acpiphp: Slot [24] registered
[    0.513037] acpiphp: Slot [25] registered
[    0.513886] acpiphp: Slot [26] registered
[    0.514711] acpiphp: Slot [27] registered
[    0.515531] acpiphp: Slot [28] registered
[    0.516386] acpiphp: Slot [29] registered
[    0.517215] acpiphp: Slot [30] registered
[    0.518075] acpiphp: Slot [31] registered
[    0.519039] ERST: Table is not found!
[    0.519801] GHES: HEST is not enabled!
[    0.520757] Serial: 8250/16550 driver, 4 ports, IRQ sharing enabled
[    0.547246] serial8250: ttyS0 at I/O 0x3f8 (irq = 4) is a 16550A
[    3.562562] Refined TSC clocksource calibration: 2199.958 MHz.
[    3.591591] 00:06: ttyS0 at I/O 0x3f8 (irq = 4) is a 16550A
[    3.593617] Linux agpgart interface v0.103
[    3.595777] i8042: PNP: PS/2 Controller [PNP0303:KBD,PNP0f13:MOU] at 0x60,0x64 irq 1,12
[    3.599293] serio: i8042 KBD port at 0x60,0x64 irq 1
[    3.600435] serio: i8042 AUX port at 0x60,0x64 irq 12
[    3.602044] mousedev: PS/2 mouse device common for all mice
[    3.605613] input: AT Translated Set 2 keyboard as /devices/platform/i8042/serio0/input/input0
[    3.609329] rtc_cmos 00:01: RTC can wake from S4
[    3.610790] rtc_cmos 00:01: rtc core: registered rtc_cmos as rtc0
[    3.612348] rtc0: alarms up to one day, 114 bytes nvram, hpet irqs
[    3.613737] cpuidle: using governor ladder
[    3.614653] cpuidle: using governor menu
[    3.615779] TCP cubic registered
[    3.616919] NET: Registered protocol family 10
[    3.618534] Mobile IPv6
[    3.619208] NET: Registered protocol family 17
[    3.620238] Registering the dns_resolver key type
[    3.621610] registered taskstats version 1
[    3.623607] rtc_cmos 00:01: setting system clock to 2017-01-03 12:30:03 UTC (1483446603)
[    3.625462] Initializing network drop monitor service
[    3.628128] Freeing unused kernel memory: 580k freed
[    3.629351] Write protecting the kernel read-only data: 6144k
[    3.633125] Freeing unused kernel memory: 644k freed
[    3.636985] Freeing unused kernel memory: 688k freed
Loading, please wait...
[    3.651745] udevd[58]: starting version 175
[    3.676878] e1000: Intel(R) PRO/1000 Network Driver - version 7.3.21-k8-NAPI
[    3.678430] e1000: Copyright (c) 1999-2006 Intel Corporation.
[    3.680179] ACPI: PCI Interrupt Link [LNKC] enabled at IRQ 11
[    3.682435] SCSI subsystem initialized
[    3.717741] hrtimer: interrupt took 16004497 ns
[    3.790926] Floppy drive(s): fd0 is 1.44M
[    3.808663] FDC 0 is a S82078B
[    4.117990] e1000 0000:00:03.0: eth0: (PCI:33MHz:32-bit) 52:54:00:12:34:56
[    4.119467] e1000 0000:00:03.0: eth0: Intel(R) PRO/1000 Network Connection
[    4.123026] scsi0 : ata_piix
[    4.124854] scsi1 : ata_piix
[    4.126300] ata1: PATA max MWDMA2 cmd 0x1f0 ctl 0x3f6 bmdma 0xc040 irq 14
[    4.128829] ata2: PATA max MWDMA2 cmd 0x170 ctl 0x376 bmdma 0xc048 irq 15
[    4.285182] ata1.00: ATA-7: QEMU HARDDISK, 2.0.0, max UDMA/100
[    4.287473] ata1.00: 9011200 sectors, multi 16: LBA48 
[    4.291228] ata2.00: ATAPI: QEMU DVD-ROM, 2.0.0, max UDMA/100
[    4.294193] ata2.00: configured for MWDMA2
[    4.295576] ata1.00: configured for MWDMA2
[    4.296761] scsi 0:0:0:0: Direct-Access     ATA      QEMU HARDDISK    2.0. PQ: 0 ANSI: 5
[    4.300974] scsi 1:0:0:0: CD-ROM            QEMU     QEMU DVD-ROM     2.0. PQ: 0 ANSI: 5
[    4.309077] sd 0:0:0:0: [sda] 9011200 512-byte logical blocks: (4.61 GB/4.29 GiB)
[    4.310891] sd 0:0:0:0: [sda] Write Protect is off
[    4.313155] sd 0:0:0:0: [sda] Write cache: enabled, read cache: enabled, doesn't support DPO or FUA
[    4.315801] sr0: scsi3-mmc drive: 4x/4x cd/rw xa/form2 tray
[    4.317427] cdrom: Uniform CD-ROM driver Revision: 3.20
[    4.320192]  sda: sda1
[    4.322538] sd 0:0:0:0: [sda] Attached SCSI disk
[    4.327765] sd 0:0:0:0: Attached scsi generic sg0 type 0
[    4.330271] sr 1:0:0:0: Attached scsi generic sg1 type 5
Begin: Loading essential drivers ... done.
Begin: Running /scripts/init-premount ... done.
Begin: Mounting root file system ... Begin: Running /scripts/local-top ... done.
Begin: Running /scripts/local-premount ... done.
[    7.938889] EXT4-fs (sda1): mounted filesystem with ordered data mode. Opts: (null)
Begin: Running /scripts/local-bottom ... done.
done.
Begin: Running /scripts/init-bottom ... done.
INIT: version 2.88 booting
[[36minfo[39;49m] Using makefile-style concurrent boot in runlevel S.
findfs: unable to resolve 'UUID="e35ebd7f-2405-4c97-9c3e-26919d55a9e5"'
[....] Starting the hotplug events dispatcher: udevd[    8.461997] udevd[308]: starting version 175
[?25l[?1c7[1G[[32m ok [39;49m8[?25h[?0c.
[....] Synthesizing the initial hotplug events...[    8.532915] input: Power Button as /devices/LNXSYSTM:00/LNXPWRBN:00/input/input1
[    8.534907] ACPI: Power Button [PWRF]
[?25l[?1c7[1G[[32m ok [39;49m8[    8.558539] alg: No test for __gcm-aes-aesni (__driver-gcm-aes-aesni)
[?25h[?0cdone.
[    8.573844] parport_pc 00:05: reported by Plug and Play ACPI
[    8.575587] parport0: PC-style at 0x378, irq 7 [PCSPP,TRISTATE]
[....] Waiting for /dev to be fully populated...[   11.697924] piix4_smbus 0000:00:01.3: SMBus Host Controller at 0xb100, revision 0
[   11.700159] input: PC Speaker as /devices/platform/pcspkr/input/input2
[   11.716931] Error: Driver 'pcspkr' is already registered, aborting...
[?25l[?1c7[1G[[32m ok [39;49m8[?25h[?0cdone.
findfs: unable to resolve 'UUID="e35ebd7f-2405-4c97-9c3e-26919d55a9e5"'
[....] Activating swap...[?25l[?1c7[1G[[32m ok [39;49m8[?25h[?0cdone.
Usage: mountpoint [-q] [-d] [-x] path
[   12.210627] EXT4-fs (sda1): re-mounted. Opts: (null)
[....] Checking root file system...fsck from util-linux 2.20.1
/run/rootdev: clean, 32981/264000 files, 885547/1054720 blocks
[?25l[?1c7[1G[[32m ok [39;49m8[?25h[?0cdone.
[   12.278848] EXT4-fs (sda1): re-mounted. Opts: errors=remount-ro,errors=remount-ro
[   12.346361] input: ImExPS/2 Generic Explorer Mouse as /devices/platform/i8042/serio1/input/input3
[....] Cleaning up temporary files... /tmp[?25l[?1c7[1G[[32m ok [39;49m8[?25h[?0c.
findfs: unable to resolve 'UUID="e35ebd7f-2405-4c97-9c3e-26919d55a9e5"'
findfs: unable to resolve 'UUID="e35ebd7f-2405-4c97-9c3e-26919d55a9e5"'
[....] Activating lvm and md swap...[?25l[?1c7[1G[[32m ok [39;49m8[?25h[?0cdone.
[....] Checking file systems...fsck from util-linux 2.20.1
[?25l[?1c7[1G[[32m ok [39;49m8[?25h[?0cdone.
[....] Mounting local filesystems...[?25l[?1c7[1G[[32m ok [39;49m8[?25h[?0cdone.
[....] Activating swapfile swap...[?25l[?1c7[1G[[32m ok [39;49m8[?25h[?0cdone.
findfs: unable to resolve 'UUID="e35ebd7f-2405-4c97-9c3e-26919d55a9e5"'
[....] Cleaning up temporary files...[?25l[?1c7[1G[[32m ok [39;49m8[?25h[?0c.
[....] Setting kernel variables ...[?25l[?1c7[1G[[32m ok [39;49m8[?25h[?0cdone.
[....] Configuring network interfaces...Internet Systems Consortium DHCP Client 4.2.2
Copyright 2004-2011 Internet Systems Consortium.
All rights reserved.
For info, please visit https://www.isc.org/software/dhcp/

[   16.280487] ADDRCONF(NETDEV_UP): eth0: link is not ready
Listening on LPF/eth0/52:54:00:12:34:56
Sending on   LPF/eth0/52:54:00:12:34:56
Sending on   Socket/fallback
DHCPDISCOVER on eth0 to 255.255.255.255 port 67 interval 5
[   23.633219] e1000: eth0 NIC Link is Up 1000 Mbps Full Duplex, Flow Control: RX
DHCPDISCOVER on eth0 to 255.255.255.255 port 67 interval 6
[   23.639592] ADDRCONF(NETDEV_CHANGE): eth0: link becomes ready
DHCPDISCOVER on eth0 to 255.255.255.255 port 67 interval 18
DHCPREQUEST on eth0 to 255.255.255.255 port 67
DHCPOFFER from 10.0.2.2
DHCPACK from 10.0.2.2
bound to 10.0.2.15 -- renewal in 35133 seconds.
ifup: interface eth0 already configured
[?25l[?1c7[1G[[32m ok [39;49m8[?25h[?0cdone.
[....] Cleaning up temporary files...[?25l[?1c7[1G[[32m ok [39;49m8[?25h[?0c.
INIT: Entering runlevel: 2
[[36minfo[39;49m] Using makefile-style concurrent boot in runlevel 2.
[....] Starting OpenBSD Secure Shell server: sshd[?25l[?1c7[1G[[32m ok [39;49m8[?25h[?0c.
Entering benchmark mode
./scaff/bin/uniform/doitgen_STANDARD dummy.out 100
STARTING doitgen_STANDARD execution: Tue Jan  3 14:30:31 EET 2017
Execution Time; 0.156706
Execution Time; 0.145930
Execution Time; 0.148879
Execution Time; 3.153140
Execution Time; 0.149059
Execution Time; 0.149186
Execution Time; 0.146128
Execution Time; 0.151042
Execution Time; 0.146724
Execution Time; 3.164224
Execution Time; 0.149276
Execution Time; 0.145888
Execution Time; 0.149951
Execution Time; 0.147721
Execution Time; 0.145714
Execution Time; 0.150025
Execution Time; 3.157307
Execution Time; 0.147795
Execution Time; 0.151437
Execution Time; 0.146045
Execution Time; 0.148621
Execution Time; 0.148072
Execution Time; 3.159606
Execution Time; 0.150048
Execution Time; 0.146380
Execution Time; 0.147650
Execution Time; 0.150817
Execution Time; 0.147194
Execution Time; 3.155943
Execution Time; 0.148684
Execution Time; 0.147277
Execution Time; 0.150813
Execution Time; 0.146020
Execution Time; 0.147739
Execution Time; 3.163837
Execution Time; 0.144897
Execution Time; 0.150731
Execution Time; 0.146317
Execution Time; 0.147057
Execution Time; 0.152225
Execution Time; 0.147270
Execution Time; 0.148075
Execution Time; 0.147130
Execution Time; 0.146650
Execution Time; 0.154753
Execution Time; 0.146919
Execution Time; 0.147810
Execution Time; 3.165862
Execution Time; 0.146959
Execution Time; 0.151294
Execution Time; 0.146240
Execution Time; 0.146244
Execution Time; 0.150701
Execution Time; 3.164838
Execution Time; 0.147884
Execution Time; 0.150262
Execution Time; 0.146364
Execution Time; 0.150982
Execution Time; 0.146631
Execution Time; 3.162824
Execution Time; 0.148608
Execution Time; 0.145216
Execution Time; 0.148884
Execution Time; 0.149024
Execution Time; 0.146268
Execution Time; 3.152817
Execution Time; 0.146050
Execution Time; 0.146674
Execution Time; 0.145124
Execution Time; 0.148080
Execution Time; 0.149874
Execution Time; 0.146038
Execution Time; 3.165024
Execution Time; 0.145532
Execution Time; 0.146434
Execution Time; 0.150212
Execution Time; 0.146326
Execution Time; 0.148642
Execution Time; 3.156623
Execution Time; 0.146551
Execution Time; 0.150224
Execution Time; 0.147422
Execution Time; 0.147564
Execution Time; 0.152107
Execution Time; 3.161895
Execution Time; 0.148163
Execution Time; 0.148714
Execution Time; 0.145751
Execution Time; 0.150365
Execution Time; 0.146282
Execution Time; 3.153366
Execution Time; 0.150494
Execution Time; 0.146231
Execution Time; 0.148605
Execution Time; 0.151172
Execution Time; 0.147465
Execution Time; 0.152316
Execution Time; 3.161864
Execution Time; 0.146700
Execution Time; 0.149369
Execution Time; 0.154344
Execution Time; 0.146204
Execution Time; 3.156635
Execution Time; 0.146893
Execution Time; 0.146890
Execution Time; 0.149568
Execution Time; 0.146661
Execution Time; 0.149960
Execution Time; 0.150293
Execution Time; 3.164785
Execution Time; 0.150914
Execution Time; 0.146803
Execution Time; 0.145990
Execution Time; 0.149712
Execution Time; 0.146219
Execution Time; 3.153926
Execution Time; 0.150532
Execution Time; 0.146691
Execution Time; 0.150437
Execution Time; 0.146394
Execution Time; 0.147091
Execution Time; 3.163865
Execution Time; 0.146250
Execution Time; 0.147879
Execution Time; 0.149785
Execution Time; 0.144584
Execution Time; 0.148430
Execution Time; 3.150984
Execution Time; 0.146275
Execution Time; 0.151749
Execution Time; 0.146266
Execution Time; 0.147640
Execution Time; 0.150362
Execution Time; 0.147458
Execution Time; 3.163614
Execution Time; 0.146271
Execution Time; 0.146513
Execution Time; 0.150877
Execution Time; 0.145024
Execution Time; 0.147137
Execution Time; 3.154595
Execution Time; 0.145822
Execution Time; 0.151488
Execution Time; 0.146846
Execution Time; 0.146259
Execution Time; 0.149744
Execution Time; 3.159667
Execution Time; 0.148601
Execution Time; 0.143348
Execution Time; 0.149301
Execution Time; 0.149018
Execution Time; 0.144889
Execution Time; 3.154006
Execution Time; 0.146163
Execution Time; 0.145914
Execution Time; 0.152050
Execution Time; 0.147004
Execution Time; 0.149607
Execution Time; 0.147728
Execution Time; 0.146359
Execution Time; 0.150746
Execution Time; 0.145583
Execution Time; 0.146424
Execution Time; 0.151934
Execution Time; 0.146693
Execution Time; 3.157172
Execution Time; 0.149112
Execution Time; 0.146192
Execution Time; 0.151215
Execution Time; 0.147756
Execution Time; 0.147842
Execution Time; 3.166551
Execution Time; 0.147788
Execution Time; 0.148991
Execution Time; 0.148919
Execution Time; 0.145792
Execution Time; 0.150874
Execution Time; 3.152055
Execution Time; 0.146907
Execution Time; 0.151836
Execution Time; 0.146765
Execution Time; 0.148764
Execution Time; 0.149513
Execution Time; 3.165354
Execution Time; 0.148337
Execution Time; 0.145467
Execution Time; 0.145718
Execution Time; 0.151472
Execution Time; 0.146858
Execution Time; 0.147483
Execution Time; 3.153159
Execution Time; 0.146176
Execution Time; 0.150371
Execution Time; 0.147217
Execution Time; 0.146975
Execution Time; 0.150634
Execution Time; 3.161519
Execution Time; 0.148723
Execution Time; 0.147896
Execution Time; 0.146428
Execution Time; 0.152263
Execution Time; 3.157807
Execution Time; 0.146681
Execution Time; 0.147297
Execution Time; 0.150643
Execution Time; 0.147823
Execution Time; 0.151499
Execution Time; 0.148863
Execution Time; 3.162880
Execution Time; 0.151804
Execution Time; 0.145871
Execution Time; 0.146576
Execution Time; 0.150920
Execution Time; 0.147357
Execution Time; 3.156256
Execution Time; 0.148028
Execution Time; 0.146905
Execution Time; 0.149798
Execution Time; 0.146981
Execution Time; 0.149016
Execution Time; 3.166583
Execution Time; 0.144984
Execution Time; 0.149979
Execution Time; 0.147621
Execution Time; 0.146989
Execution Time; 0.150170
Execution Time; 3.149613
Execution Time; 0.150008
Execution Time; 0.142930
Execution Time; 0.150627
Execution Time; 0.151052
Execution Time; 0.147515
Execution Time; 0.150916
Execution Time; 3.166323
Execution Time; 0.145505
Execution Time; 0.149998
Execution Time; 0.146584
Execution Time; 0.148163
Execution Time; 0.150301
Execution Time; 3.152794
Execution Time; 0.150498
Execution Time; 0.147554
Execution Time; 0.147346
Execution Time; 0.152077
Execution Time; 0.147771
Execution Time; 3.162903
Execution Time; 0.148925
Execution Time; 0.145910
Execution Time; 0.150465
Execution Time; 0.146788
Execution Time; 0.146994
Execution Time; 3.156833
Execution Time; 0.146715
Execution Time; 0.148091
Execution Time; 0.149775
Execution Time; 0.147465
Execution Time; 0.152161
Execution Time; 0.147405
Execution Time; 0.147056
Execution Time; 0.149493
Execution Time; 0.146223
Execution Time; 0.148172
Execution Time; 0.149799
Execution Time; 0.147171
Execution Time; 3.158728
Execution Time; 0.146300
Execution Time; 0.146333
Execution Time; 0.151602
Execution Time; 0.147558
Execution Time; 0.148795
Execution Time; 3.163988
Execution Time; 0.146360
Execution Time; 0.150044
Execution Time; 0.146674
Execution Time; 0.146816
Execution Time; 0.151382
Execution Time; 3.153238
Execution Time; 0.147827
Execution Time; 0.149257
Execution Time; 0.148115
Execution Time; 0.152689
Execution Time; 0.148551
Execution Time; 3.162095
Execution Time; 0.151292
Execution Time; 0.145616
Execution Time; 0.146857
Execution Time; 0.150067
Execution Time; 0.146919
Execution Time; 0.151520
Execution Time; 3.154214
Execution Time; 0.147049
Execution Time; 0.149795
Execution Time; 0.146861
Execution Time; 0.148585
Execution Time; 0.151126
Execution Time; 3.161030
Execution Time; 0.150837
Execution Time; 0.145753
Execution Time; 0.146378
Execution Time; 0.150789
Execution Time; 0.155045
Execution Time; 3.153395
Execution Time; 0.150776
Execution Time; 0.146385
Execution Time; 0.146381
Execution Time; 0.151537
Execution Time; 0.147226
Execution Time; 3.164623
Execution Time; 0.143210
Execution Time; 0.148625
Execution Time; 0.148656
Execution Time; 0.145562
Execution Time; 0.150560
Execution Time; 3.152683
Execution Time; 0.147883
Execution Time; 0.151045
Execution Time; 0.146614
Execution Time; 0.147365
Execution Time; 0.149243
Execution Time; 3.159769
Execution Time; 0.149703
Execution Time; 0.146817
Execution Time; 0.147517
Execution Time; 0.151880
Execution Time; 0.147175
Execution Time; 0.145718
Execution Time; 3.156801
Execution Time; 0.147913
Execution Time; 0.151381
Execution Time; 0.147277
Execution Time; 0.146318
Execution Time; 0.149628
Execution Time; 3.159704
Execution Time; 0.146886
Execution Time; 0.149552
Execution Time; 0.146523
Execution Time; 0.151532
Execution Time; 0.145284
Execution Time; 3.151581
Execution Time; 0.149149
Execution Time; 0.147124
Execution Time; 0.147704
Execution Time; 0.149217
Execution Time; 0.145782
Execution Time; 3.162891
Execution Time; 0.144650
Execution Time; 0.145245
Execution Time; 0.150268
Execution Time; 0.146580
Execution Time; 0.148714
Execution Time; 0.148069
Execution Time; 3.151375
Execution Time; 0.151519
Execution Time; 0.147103
Execution Time; 0.146073
Execution Time; 0.153557
Execution Time; 0.148341
Execution Time; 3.164082
Execution Time; 0.152313
Execution Time; 0.147580
Execution Time; 0.150753
Execution Time; 0.147901
Execution Time; 0.148425
Execution Time; 3.157257
Execution Time; 0.147643
Execution Time; 0.147188
Execution Time; 0.150627
Execution Time; 0.146714
Execution Time; 0.150997
Execution Time; 3.161122
Execution Time; 0.146571
Execution Time; 0.151087
Execution Time; 0.147330
Execution Time; 0.147692
Execution Time; 0.148864
Execution Time; 0.145386
[  276.386039] sched: RT throttling activated
Execution Time; 0.150943
Execution Time; 0.149515
Execution Time; 0.146458
Execution Time; 0.150412
Execution Time; 0.147572
Execution Time; 0.147179
Execution Time; 3.164086
Execution Time; 0.146320
Execution Time; 0.148589
Execution Time; 0.149268
Execution Time; 0.145756
Execution Time; 0.148756
Execution Time; 3.148167
Execution Time; 0.150887
Execution Time; 0.146443
Execution Time; 0.146670
Execution Time; 0.150171
Execution Time; 0.147316
Execution Time; 3.162397
Execution Time; 0.148234
Execution Time; 0.146458
Execution Time; 0.150454
Execution Time; 0.144247
Execution Time; 0.145054
Execution Time; 3.159830
Execution Time; 0.151004
Execution Time; 0.147751
Execution Time; 0.150807
Execution Time; 0.147527
Execution Time; 0.148872
Execution Time; 3.165250
Execution Time; 0.146842
Execution Time; 0.147875
Execution Time; 0.149990
Execution Time; 0.146322
Execution Time; 0.148835
Execution Time; 3.151976
Execution Time; 0.149351
Execution Time; 0.152295
Execution Time; 0.147734
Execution Time; 0.147852
Execution Time; 0.151620
Execution Time; 0.148284
Execution Time; 3.164074
Execution Time; 0.146907
Execution Time; 0.147225
Execution Time; 0.152674
Execution Time; 0.148742
Execution Time; 0.146499
Execution Time; 3.154461
Execution Time; 0.147963
Execution Time; 0.152519
Execution Time; 0.147105
Execution Time; 0.145861
Execution Time; 0.151977
Execution Time; 3.159528
Execution Time; 0.147808
Execution Time; 0.151351
Execution Time; 0.147773
Execution Time; 0.149368
Execution Time; 0.145335
Execution Time; 3.152068
Execution Time; 0.148870
Execution Time; 0.147453
Execution Time; 0.149653
Execution Time; 0.149757
Execution Time; 0.145736
Execution Time; 0.150313
Execution Time; 0.146175
Execution Time; 0.148068
Execution Time; 0.151938
Execution Time; 0.145244
Execution Time; 0.146922
Execution Time; 0.147874
Execution Time; 3.151995
Execution Time; 0.150200
Execution Time; 0.147513
Execution Time; 0.151254
Execution Time; 0.149360
Execution Time; 0.146263
Execution Time; 3.162430
Execution Time; 0.147820
Execution Time; 0.146049
Execution Time; 0.150586
Execution Time; 0.146875
Execution Time; 0.146270
Execution Time; 3.153928
Execution Time; 0.146664
Execution Time; 0.148219
Execution Time; 0.149424
Execution Time; 0.147125
Execution Time; 0.150670
Execution Time; 0.141209
Execution Time; 0.151056
Execution Time; 0.145211
Execution Time; 0.146490
Execution Time; 0.151316
Execution Time; 0.146673
Execution Time; 0.150368
Execution Time; 3.154403
Execution Time; 0.146245
Execution Time; 0.149704
Execution Time; 0.146562
Execution Time; 0.147492
Execution Time; 0.151946
Execution Time; 3.162986
Execution Time; 0.150598
Execution Time; 0.147211
Execution Time; 0.146010
Execution Time; 0.151411
Execution Time; 0.146435
Execution Time; 3.152672
Execution Time; 0.151328
Execution Time; 0.146343
Execution Time; 0.149634
Execution Time; 0.148604
Execution Time; 0.147472
Execution Time; 3.166096
Execution Time; 0.146553
Execution Time; 0.147269
Execution Time; 0.149474
Execution Time; 0.145248
Execution Time; 0.150803
Execution Time; 0.147431
Execution Time; 0.152916
Execution Time; 0.146754
Execution Time; 0.150402
Execution Time; 0.147758
Execution Time; 0.150664
Execution Time; 3.165914
Execution Time; 0.145163
Execution Time; 0.149424
Execution Time; 0.145447
Execution Time; 0.147847
Execution Time; 0.149112
Execution Time; 0.145656
Execution Time; 0.148698
Execution Time; 0.148742
Execution Time; 0.147958
Execution Time; 0.151257
Execution Time; 0.146443
Execution Time; 0.146356
Execution Time; 3.165487
Execution Time; 0.145606
Execution Time; 0.150460
Execution Time; 0.146706
Execution Time; 0.146595
Execution Time; 0.151365
Execution Time; 3.152906
Execution Time; 0.147941
Execution Time; 0.149200
Execution Time; 0.145823
Execution Time; 0.151161
Execution Time; 0.147693
Execution Time; 3.163749
Execution Time; 0.149153
Execution Time; 0.144706
Execution Time; 0.148446
Execution Time; 0.148374
Execution Time; 0.145259
Execution Time; 0.151142
Execution Time; 0.148672
Execution Time; 0.148307
Execution Time; 0.151616
Execution Time; 0.146625
Execution Time; 0.148987
Execution Time; 0.148323
Execution Time; 3.159116
Execution Time; 0.150382
Execution Time; 0.146950
Execution Time; 0.148261
Execution Time; 0.152155
Execution Time; 0.142300
Execution Time; 3.156873
Execution Time; 0.146323
Execution Time; 0.149602
Execution Time; 0.147677
Execution Time; 0.147220
Execution Time; 0.150253
Execution Time; 3.161269
Execution Time; 0.147895
Execution Time; 0.149566
Execution Time; 0.145295
Execution Time; 0.149344
Execution Time; 0.146796
Execution Time; 0.146883
Execution Time; 0.151338
Execution Time; 0.145978
Execution Time; 0.146712
Execution Time; 0.150491
Execution Time; 0.146712
Execution Time; 0.151005
Execution Time; 3.160515
Execution Time; 0.145971
Execution Time; 0.150692
Execution Time; 0.145076
Execution Time; 0.146450
Execution Time; 0.149833
Execution Time; 3.151052
Execution Time; 0.150765
Execution Time; 0.146873
Execution Time; 0.146195
Execution Time; 0.148971
Execution Time; 0.146097
Execution Time; 3.162726
Execution Time; 0.149201
Execution Time; 0.145719
Execution Time; 0.150106
Execution Time; 0.147308
Execution Time; 0.146006
Execution Time; 0.148473
Execution Time; 3.152095
Execution Time; 0.148810
Execution Time; 0.149430
Execution Time; 0.145514
Execution Time; 0.148932
Execution Time; 0.145220
Execution Time; 3.158410
Execution Time; 0.150870
Execution Time; 0.146189
Execution Time; 0.148424
Execution Time; 0.146929
Execution Time; 0.144634
Execution Time; 3.154123
Execution Time; 0.155976
Execution Time; 0.147250
Execution Time; 0.150700
Execution Time; 0.147356
Execution Time; 0.146161
Execution Time; 3.163642
Execution Time; 0.146597
Execution Time; 0.147632
Execution Time; 0.150525
Execution Time; 0.147062
Execution Time; 0.150326
Execution Time; 3.151070
Execution Time; 0.146064
Execution Time; 0.151668
Execution Time; 0.146711
Execution Time; 0.147661
Execution Time; 0.149591
Execution Time; 0.146289
Execution Time; 3.163898
Execution Time; 0.145782
Execution Time; 0.146069
Execution Time; 0.151094
Execution Time; 0.146796
Execution Time; 0.148756
Execution Time; 3.154707
Execution Time; 0.147355
Execution Time; 0.150810
Execution Time; 0.146029
Execution Time; 0.146855
Execution Time; 0.146621
Execution Time; 3.166205
Execution Time; 0.151818
Execution Time; 0.146551
Execution Time; 0.146611
Execution Time; 0.148663
Execution Time; 0.146492
Execution Time; 3.156034
Execution Time; 0.147275
Execution Time; 0.146775
Execution Time; 0.150061
Execution Time; 0.146103
Execution Time; 0.149660
Execution Time; 0.149665
Execution Time; 0.144757
Execution Time; 0.148649
Execution Time; 0.146473
Execution Time; 0.147531
Execution Time; 0.151882
Execution Time; 0.145548
Execution Time; 3.152960
Execution Time; 0.147319
Execution Time; 0.145831
Execution Time; 0.152050
Execution Time; 0.146797
Execution Time; 0.147786
Execution Time; 3.164775
Execution Time; 0.145815
Execution Time; 0.149892
Execution Time; 0.147268
Execution Time; 0.147178
Execution Time; 0.151526
Execution Time; 3.151591
Execution Time; 0.148814
Execution Time; 0.149426
Execution Time; 0.145941
Execution Time; 0.152933
Execution Time; 0.148042
Execution Time; 3.161349
Execution Time; 0.152081
Execution Time; 0.146266
Execution Time; 0.147943
Execution Time; 0.149257
Execution Time; 0.145803
Execution Time; 0.150216
Execution Time; 3.152911
Execution Time; 0.146097
Execution Time; 0.150299
Execution Time; 0.147811
Execution Time; 0.149558
Execution Time; 0.151368
Execution Time; 3.160511
Execution Time; 0.149392
Execution Time; 0.145456
Execution Time; 0.146043
Execution Time; 0.150671
Execution Time; 0.147033
Execution Time; 3.176415
Execution Time; 0.150702
Execution Time; 0.145810
Execution Time; 0.152671
Execution Time; 0.148460
Execution Time; 0.148566
Execution Time; 3.168519
Execution Time; 0.147875
Execution Time; 0.148371
Execution Time; 0.149749
Execution Time; 0.146595
Execution Time; 0.151489
Execution Time; 3.155807
Execution Time; 0.147066
INIT: Switching to runlevel: 0INIT: Sending processes the TERM signal
[[36minfo[39;49m] Using makefile-style concurrent boot in runlevel 0.
[[36minfo[39;49m] Saving the system clock.
[[36minfo[39;49m] Hardware Clock updated to Tue Jan  3 12:38:09 UTC 2017.
[....] Asking all remaining processes to terminate...[?25l[?1c7[1G[[32m ok [39;49m8[?25h[?0cdone.
[....] All processes ended within 2 seconds...[?25l[?1c7[1G[[32m ok [39;49m8[?25h[?0cdone.
[....] Deconfiguring network interfaces...Internet Systems Consortium DHCP Client 4.2.2
Copyright 2004-2011 Internet Systems Consortium.
All rights reserved.
For info, please visit https://www.isc.org/software/dhcp/

Listening on LPF/eth0/52:54:00:12:34:56
Sending on   LPF/eth0/52:54:00:12:34:56
Sending on   Socket/fallback
DHCPRELEASE on eth0 to 10.0.2.2 port 67
[?25l[?1c7[1G[[32m ok [39;49m8[?25h[?0cdone.
[....] Deactivating swap...[?25l[?1c7[1G[[32m ok [39;49m8[?25h[?0cdone.
[  493.374916] EXT4-fs (sda1): re-mounted. Opts: (null)
[[36minfo[39;49m] Will now halt.
[  497.063002] sd 0:0:0:0: [sda] Synchronizing SCSI cache
[  497.065616] sd 0:0:0:0: [sda] Stopping disk
[  497.068754] ACPI: Preparing to enter system sleep state S5
[  497.069838] Power down.
aff-executor-preload.c:affhooks_init()
aff-executor-preload.c:affhooks_shut()
HELLO KITTY
