aff-executor-preload.c:affhooks_init()
[H[J[?25l[m[H[J[2;25HGNU GRUB  version 1.99-27+deb7u2

[m[4;2H+--------------------------------------------------------------------------+[5;2H|[5;77H|[6;2H|[6;77H|[7;2H|[7;77H|[8;2H|[8;77H|[9;2H|[9;77H|[10;2H|[10;77H|[11;2H|[11;77H|[12;2H|[12;77H|[13;2H|[13;77H|[14;2H|[14;77H|[15;2H|[15;77H|[16;2H|[16;77H|[17;2H+--------------------------------------------------------------------------+[m[18;2H[m
      Use the ^ and v keys to select which entry is highlighted.      
      Press enter to boot the selected OS, 'e' to edit the commands      
      before booting or 'c' for a command-line.      
      [5;78H [7m[5;3HDebian GNU/Linux, with Linux 3.2.0-4-amd64                               [m [5;76H[m[m[6;3HDebian GNU/Linux, with Linux 3.2.0-4-amd64 (recovery mode)               [m [6;76H[m[m[7;3H                                                                         [m [7;76H[m[m[8;3H                                                                         [m [8;76H[m[m[9;3H                                                                         [m [9;76H[m[m[10;3H                                                                         [m [10;76H[m[m[11;3H                                                                         [m [11;76H[m[m[12;3H                                                                         [m [12;76H[m[m[13;3H                                                                         [m [13;76H[m[m[14;3H                                                                         [m [14;76H[m[m[15;3H                                                                         [m [15;76H[m[m[16;3H                                                                         [m [16;76H[m[16;78H [5;76H[22;1H   The highlighted entry will be executed automatically in 5s.                 [5;76H[22;1H   The highlighted entry will be executed automatically in 4s.                 [5;76H[22;1H   The highlighted entry will be executed automatically in 3s.                 [5;76H[22;1H   The highlighted entry will be executed automatically in 2s.                 [5;76H[22;1H   The highlighted entry will be executed automatically in 1s.                 [5;76H[22;1H   The highlighted entry will be executed automatically in 0s.                 [5;76H[?25h[H[J[H[J  Booting 'Debian GNU/Linux, with Linux 3.2.0-4-amd64'

Loading Linux 3.2.0-4-amd64 ...
Loading initial ramdisk ...
[    0.000000] Initializing cgroup subsys cpuset
[    0.000000] Initializing cgroup subsys cpu
[    0.000000] Linux version 3.2.0-4-amd64 (debian-kernel@lists.debian.org) (gcc version 4.6.3 (Debian 4.6.3-14) ) #1 SMP Debian 3.2.68-1+deb7u3
[    0.000000] Command line: BOOT_IMAGE=/boot/vmlinuz-3.2.0-4-amd64 root=UUID=e35ebd7f-2405-4c97-9c3e-26919d55a9e5 ro console=tty0 console=ttyS0,115200n8
[    0.000000] BIOS-provided physical RAM map:
[    0.000000]  BIOS-e820: 0000000000000000 - 000000000009fc00 (usable)
[    0.000000]  BIOS-e820: 000000000009fc00 - 00000000000a0000 (reserved)
[    0.000000]  BIOS-e820: 00000000000f0000 - 0000000000100000 (reserved)
[    0.000000]  BIOS-e820: 0000000000100000 - 00000000bfffe000 (usable)
[    0.000000]  BIOS-e820: 00000000bfffe000 - 00000000c0000000 (reserved)
[    0.000000]  BIOS-e820: 00000000feffc000 - 00000000ff000000 (reserved)
[    0.000000]  BIOS-e820: 00000000fffc0000 - 0000000100000000 (reserved)
[    0.000000]  BIOS-e820: 0000000100000000 - 0000000440000000 (usable)
[    0.000000] NX (Execute Disable) protection: active
[    0.000000] SMBIOS 2.4 present.
[    0.000000] No AGP bridge found
[    0.000000] last_pfn = 0x440000 max_arch_pfn = 0x400000000
[    0.000000] x86 PAT enabled: cpu 0, old 0x70406, new 0x7010600070106
[    0.000000] last_pfn = 0xbfffe max_arch_pfn = 0x400000000
[    0.000000] found SMP MP-table at [ffff8800000f0b10] f0b10
[    0.000000] Using GB pages for direct mapping
[    0.000000] init_memory_mapping: 0000000000000000-00000000bfffe000
[    0.000000] init_memory_mapping: 0000000100000000-0000000440000000
[    0.000000] RAMDISK: 36c6c000 - 3762e000
[    0.000000] ACPI: RSDP 00000000000f08e0 00014 (v00 BOCHS )
[    0.000000] ACPI: RSDT 00000000bffffcfc 00034 (v01 BOCHS  BXPCRSDT 00000001 BXPC 00000001)
[    0.000000] ACPI: FACP 00000000bffff1c0 00074 (v01 BOCHS  BXPCFACP 00000001 BXPC 00000001)
[    0.000000] ACPI: DSDT 00000000bfffe040 01180 (v01 BOCHS  BXPCDSDT 00000001 BXPC 00000001)
[    0.000000] ACPI: FACS 00000000bfffe000 00040
[    0.000000] ACPI: SSDT 00000000bffff234 00A00 (v01 BOCHS  BXPCSSDT 00000001 BXPC 00000001)
[    0.000000] ACPI: APIC 00000000bffffc34 00090 (v01 BOCHS  BXPCAPIC 00000001 BXPC 00000001)
[    0.000000] ACPI: HPET 00000000bffffcc4 00038 (v01 BOCHS  BXPCHPET 00000001 BXPC 00000001)
[    0.000000] No NUMA configuration found
[    0.000000] Faking a node at 0000000000000000-0000000440000000
[    0.000000] Initmem setup node 0 0000000000000000-0000000440000000
[    0.000000]   NODE_DATA [000000043fffb000 - 000000043fffffff]
[    0.000000] kvm-clock: Using msrs 4b564d01 and 4b564d00
[    0.000000] kvm-clock: cpu 0, msr 0:16a8741, boot clock
[    0.000000] Zone PFN ranges:
[    0.000000]   DMA      0x00000010 -> 0x00001000
[    0.000000]   DMA32    0x00001000 -> 0x00100000
[    0.000000]   Normal   0x00100000 -> 0x00440000
[    0.000000] Movable zone start PFN for each node
[    0.000000] early_node_map[3] active PFN ranges
[    0.000000]     0: 0x00000010 -> 0x0000009f
[    0.000000]     0: 0x00000100 -> 0x000bfffe
[    0.000000]     0: 0x00100000 -> 0x00440000
[    0.000000] ACPI: PM-Timer IO Port: 0xb008
[    0.000000] ACPI: LAPIC (acpi_id[0x00] lapic_id[0x00] enabled)
[    0.000000] ACPI: LAPIC (acpi_id[0x01] lapic_id[0x01] enabled)
[    0.000000] ACPI: LAPIC (acpi_id[0x02] lapic_id[0x02] enabled)
[    0.000000] ACPI: LAPIC (acpi_id[0x03] lapic_id[0x03] enabled)
[    0.000000] ACPI: LAPIC_NMI (acpi_id[0xff] dfl dfl lint[0x1])
[    0.000000] ACPI: IOAPIC (id[0x00] address[0xfec00000] gsi_base[0])
[    0.000000] IOAPIC[0]: apic_id 0, version 17, address 0xfec00000, GSI 0-23
[    0.000000] ACPI: INT_SRC_OVR (bus 0 bus_irq 0 global_irq 2 dfl dfl)
[    0.000000] ACPI: INT_SRC_OVR (bus 0 bus_irq 5 global_irq 5 high level)
[    0.000000] ACPI: INT_SRC_OVR (bus 0 bus_irq 9 global_irq 9 high level)
[    0.000000] ACPI: INT_SRC_OVR (bus 0 bus_irq 10 global_irq 10 high level)
[    0.000000] ACPI: INT_SRC_OVR (bus 0 bus_irq 11 global_irq 11 high level)
[    0.000000] Using ACPI (MADT) for SMP configuration information
[    0.000000] ACPI: HPET id: 0x8086a201 base: 0xfed00000
[    0.000000] SMP: Allowing 4 CPUs, 0 hotplug CPUs
[    0.000000] PM: Registered nosave memory: 000000000009f000 - 00000000000a0000
[    0.000000] PM: Registered nosave memory: 00000000000a0000 - 00000000000f0000
[    0.000000] PM: Registered nosave memory: 00000000000f0000 - 0000000000100000
[    0.000000] PM: Registered nosave memory: 00000000bfffe000 - 00000000c0000000
[    0.000000] PM: Registered nosave memory: 00000000c0000000 - 00000000feffc000
[    0.000000] PM: Registered nosave memory: 00000000feffc000 - 00000000ff000000
[    0.000000] PM: Registered nosave memory: 00000000ff000000 - 00000000fffc0000
[    0.000000] PM: Registered nosave memory: 00000000fffc0000 - 0000000100000000
[    0.000000] Allocating PCI resources starting at c0000000 (gap: c0000000:3effc000)
[    0.000000] Booting paravirtualized kernel on KVM
[    0.000000] setup_percpu: NR_CPUS:512 nr_cpumask_bits:512 nr_cpu_ids:4 nr_node_ids:1
[    0.000000] PERCPU: Embedded 27 pages/cpu @ffff88043fc00000 s78912 r8192 d23488 u524288
[    0.000000] kvm-clock: cpu 0, msr 4:3fc12741, primary cpu clock
[    0.000000] KVM setup async PF for cpu 0
[    0.000000] kvm-stealtime: cpu 0, msr 43fc0cfc0
[    0.000000] Built 1 zonelists in Zone order, mobility grouping on.  Total pages: 4133256
[    0.000000] Policy zone: Normal
[    0.000000] Kernel command line: BOOT_IMAGE=/boot/vmlinuz-3.2.0-4-amd64 root=UUID=e35ebd7f-2405-4c97-9c3e-26919d55a9e5 ro console=tty0 console=ttyS0,115200n8
[    0.000000] PID hash table entries: 4096 (order: 3, 32768 bytes)
[    0.000000] xsave/xrstor: enabled xstate_bv 0x7, cntxt size 0x340
[    0.000000] Checking aperture...
[    0.000000] No AGP bridge found
[    0.000000] Memory: 16462372k/17825792k available (3434k kernel code, 1049036k absent, 314384k reserved, 3305k data, 580k init)
[    0.000000] Hierarchical RCU implementation.
[    0.000000] 	RCU dyntick-idle grace-period acceleration is enabled.
[    0.000000] NR_IRQS:33024 nr_irqs:712 16
[    0.000000] Console: colour VGA+ 80x25
[    0.000000] console [tty0] enabled
[    0.000000] console [ttyS0] enabled
[    0.000000] Detected 2199.998 MHz processor.
[    0.008000] Calibrating delay loop (skipped) preset value.. 4399.99 BogoMIPS (lpj=8799992)
[    0.008000] pid_max: default: 32768 minimum: 301
[    0.008000] Security Framework initialized
[    0.008009] AppArmor: AppArmor disabled by boot time parameter
[    0.010232] Dentry cache hash table entries: 2097152 (order: 12, 16777216 bytes)
[    0.016821] Inode-cache hash table entries: 1048576 (order: 11, 8388608 bytes)
[    0.020080] Mount-cache hash table entries: 256
[    0.021173] Initializing cgroup subsys cpuacct
[    0.022155] Initializing cgroup subsys memory
[    0.023119] Initializing cgroup subsys devices
[    0.024006] Initializing cgroup subsys freezer
[    0.024978] Initializing cgroup subsys net_cls
[    0.025957] Initializing cgroup subsys blkio
[    0.026921] Initializing cgroup subsys perf_event
[    0.028103] mce: CPU supports 10 MCE banks
[    0.030526] ACPI: Core revision 20110623
[    0.032924] Enabling x2apic
[    0.033646] Enabled x2apic
[    0.034560] Switched APIC routing to physical x2apic.
[    0.036893] ..TIMER: vector=0x30 apic1=0 pin1=2 apic2=-1 pin2=-1
[    0.038330] CPU0: Intel(R) Xeon(R) CPU E5-4620 0 @ 2.20GHz stepping 07
[    0.044002] Performance Events: SandyBridge events, Intel PMU driver.
[    0.044002] ... version:                2
[    0.044002] ... bit width:              48
[    0.044002] ... generic registers:      4
[    0.044005] ... value mask:             0000ffffffffffff
[    0.045279] ... max period:             000000007fffffff
[    0.046396] ... fixed-purpose events:   3
[    0.048004] ... event mask:             000000070000000f
[    0.049563] NMI watchdog enabled, takes one hw-pmu counter.
[    0.050896] Booting Node   0, Processors  #1
[    0.068024] KVM setup async PF for cpu 1
[    0.068024] kvm-stealtime: cpu 1, msr 43fc8cfc0
[    0.073563] NMI watchdog enabled, takes one hw-pmu counter.
[    0.068024] kvm-clock: cpu 1, msr 4:3fc92741, secondary cpu clock
[    0.076181]  #2
[    0.096024] KVM setup async PF for cpu 2
[    0.096024] kvm-stealtime: cpu 2, msr 43fd0cfc0
[    0.098103] NMI watchdog enabled, takes one hw-pmu counter.
[    0.096024] kvm-clock: cpu 2, msr 4:3fd12741, secondary cpu clock
[    0.100151]  #3 Ok.
[    0.120025] KVM setup async PF for cpu 3
[    0.120025] kvm-stealtime: cpu 3, msr 43fd8cfc0
[    0.121803] NMI watchdog enabled, takes one hw-pmu counter.
[    0.120025] kvm-clock: cpu 3, msr 4:3fd92741, secondary cpu clock
[    0.124094] Brought up 4 CPUs
[    0.124754] Total of 4 processors activated (17599.98 BogoMIPS).
[    0.126463] devtmpfs: initialized
[    0.131340] print_constraints: dummy: 
[    0.132186] NET: Registered protocol family 16
[    0.133154] ACPI: bus type pci registered
[    0.134119] PCI: Using configuration type 1 for base access
[    0.136391] bio: create slab <bio-0> at 0
[    0.137304] ACPI: Added _OSI(Module Device)
[    0.137304] ACPI: Added _OSI(Processor Device)
[    0.137817] ACPI: Added _OSI(3.0 _SCP Extensions)
[    0.140024] ACPI: Added _OSI(Processor Aggregator Device)
[    0.144151] ACPI: Interpreter enabled
[    0.144910] ACPI: (supports S0 S3 S4 S5)
[    0.146075] ACPI: Using IOAPIC for interrupt routing
[    0.150585] ACPI: No dock devices found.
[    0.151385] HEST: Table not found.
[    0.152025] PCI: Using host bridge windows from ACPI; if necessary, use "pci=nocrs" and report a bug
[    0.153788] ACPI: PCI Root Bridge [PCI0] (domain 0000 [bus 00-ff])
[    0.155057] pci_root PNP0A03:00: host bridge window [io  0x0000-0x0cf7]
[    0.156025] pci_root PNP0A03:00: host bridge window [io  0x0d00-0xadff]
[    0.157181] pci_root PNP0A03:00: host bridge window [io  0xae0f-0xaeff]
[    0.158400] pci_root PNP0A03:00: host bridge window [io  0xaf20-0xafdf]
[    0.159574] pci_root PNP0A03:00: host bridge window [io  0xafe4-0xffff]
[    0.160023] pci_root PNP0A03:00: host bridge window [mem 0x000a0000-0x000bffff]
[    0.161479] pci_root PNP0A03:00: host bridge window [mem 0xc0000000-0xfebfffff]
[    0.168777] pci 0000:00:01.3: quirk: [io  0xb000-0xb03f] claimed by PIIX4 ACPI
[    0.170248] pci 0000:00:01.3: quirk: [io  0xb100-0xb10f] claimed by PIIX4 SMB
[    0.185620]  pci0000:00: Unable to request _OSC control (_OSC support mask: 0x1e)
[    0.189082] ACPI: PCI Interrupt Link [LNKA] (IRQs 5 *10 11)
[    0.190702] ACPI: PCI Interrupt Link [LNKB] (IRQs 5 *10 11)
[    0.192106] ACPI: PCI Interrupt Link [LNKC] (IRQs 5 10 *11)
[    0.193640] ACPI: PCI Interrupt Link [LNKD] (IRQs 5 10 *11)
[    0.195207] ACPI: PCI Interrupt Link [LNKS] (IRQs *9)
[    0.196622] vgaarb: device added: PCI:0000:00:02.0,decodes=io+mem,owns=io+mem,locks=none
[    0.197565] vgaarb: loaded
[    0.198212] vgaarb: bridge control possible 0000:00:02.0
[    0.199184] PCI: Using ACPI for IRQ routing
[    0.200245] HPET: 3 timers in total, 0 timers will be used for per-cpu timer
[    0.201463] hpet0: at MMIO 0xfed00000, IRQs 2, 8, 0
[    0.208022] hpet0: 3 comparators, 64-bit 100.000000 MHz counter
[    0.217660] Switching to clocksource kvm-clock
[    0.217911] pnp: PnP ACPI init
[    0.218670] ACPI: bus type pnp registered
[    0.220292] pnp: PnP ACPI: found 9 devices
[    0.221114] ACPI: ACPI bus type pnp unregistered
[    0.230365] NET: Registered protocol family 2
[    0.233941] IP route cache hash table entries: 524288 (order: 10, 4194304 bytes)
[    0.237529] TCP established hash table entries: 524288 (order: 11, 8388608 bytes)
[    0.241569] TCP bind hash table entries: 65536 (order: 8, 1048576 bytes)
[    0.243366] TCP: Hash tables configured (established 524288 bind 65536)
[    0.244566] TCP reno registered
[    0.245257] UDP hash table entries: 8192 (order: 6, 262144 bytes)
[    0.246353] UDP-Lite hash table entries: 8192 (order: 6, 262144 bytes)
[    0.247991] NET: Registered protocol family 1
[    0.248888] pci 0000:00:00.0: Limiting direct PCI/PCI transfers
[    0.249950] pci 0000:00:01.0: PIIX3: Enabling Passive Release
[    0.251025] pci 0000:00:01.0: Activating ISA DMA hang workarounds
[    0.252216] Unpacking initramfs...
[    3.491277] Freeing initrd memory: 9992k freed
[    3.494915] PCI-DMA: Using software bounce buffering for IO (SWIOTLB)
[    3.496279] Placing 64MB software IO TLB between ffff8800bbffe000 - ffff8800bfffe000
[    3.497971] software IO TLB at phys 0xbbffe000 - 0xbfffe000
[    3.500332] audit: initializing netlink socket (disabled)
[    3.501512] type=2000 audit(1483442864.496:1): initialized
[    3.519621] HugeTLB registered 2 MB page size, pre-allocated 0 pages
[    3.523253] VFS: Disk quotas dquot_6.5.2
[    3.524290] Dquot-cache hash table entries: 512 (order 0, 4096 bytes)
[    3.525679] msgmni has been set to 32172
[    3.526965] alg: No test for stdrng (krng)
[    3.528055] Block layer SCSI generic (bsg) driver version 0.4 loaded (major 253)
[    3.529714] io scheduler noop registered
[    3.530636] io scheduler deadline registered
[    3.531711] io scheduler cfq registered (default)
[    3.532886] pci_hotplug: PCI Hot Plug PCI Core version: 0.5
[    3.534074] pciehp: PCI Express Hot Plug Controller Driver version: 0.4
[    3.535396] acpiphp: ACPI Hot Plug PCI Controller Driver version: 0.5
[    3.536819] acpiphp: Slot [3] registered
[    3.537746] acpiphp: Slot [4] registered
[    3.538709] acpiphp: Slot [5] registered
[    3.539640] acpiphp: Slot [6] registered
[    3.540596] acpiphp: Slot [7] registered
[    3.541534] acpiphp: Slot [8] registered
[    3.542456] acpiphp: Slot [9] registered
[    3.543364] acpiphp: Slot [10] registered
[    3.544318] acpiphp: Slot [11] registered
[    3.545262] acpiphp: Slot [12] registered
[    3.546181] acpiphp: Slot [13] registered
[    3.547130] acpiphp: Slot [14] registered
[    3.548097] acpiphp: Slot [15] registered
[    3.549030] acpiphp: Slot [16] registered
[    3.549960] acpiphp: Slot [17] registered
[    3.550907] acpiphp: Slot [18] registered
[    3.551837] acpiphp: Slot [19] registered
[    3.552807] acpiphp: Slot [20] registered
[    3.553737] acpiphp: Slot [21] registered
[    3.554671] acpiphp: Slot [22] registered
[    3.555605] acpiphp: Slot [23] registered
[    3.556564] acpiphp: Slot [24] registered
[    3.557491] acpiphp: Slot [25] registered
[    3.558423] acpiphp: Slot [26] registered
[    3.559348] acpiphp: Slot [27] registered
[    3.560309] acpiphp: Slot [28] registered
[    3.561230] acpiphp: Slot [29] registered
[    3.562164] acpiphp: Slot [30] registered
[    3.563108] acpiphp: Slot [31] registered
[    3.564201] ERST: Table is not found!
[    3.565061] GHES: HEST is not enabled!
[    3.566111] Serial: 8250/16550 driver, 4 ports, IRQ sharing enabled
[    3.589071] serial8250: ttyS0 at I/O 0x3f8 (irq = 4) is a 16550A
[    3.623511] 00:06: ttyS0 at I/O 0x3f8 (irq = 4) is a 16550A
[    3.625062] Linux agpgart interface v0.103
[    3.626177] i8042: PNP: PS/2 Controller [PNP0303:KBD,PNP0f13:MOU] at 0x60,0x64 irq 1,12
[    3.628692] serio: i8042 KBD port at 0x60,0x64 irq 1
[    3.629754] serio: i8042 AUX port at 0x60,0x64 irq 12
[    3.631104] mousedev: PS/2 mouse device common for all mice
[    3.632612] input: AT Translated Set 2 keyboard as /devices/platform/i8042/serio0/input/input0
[    3.634671] rtc_cmos 00:01: RTC can wake from S4
[    3.636540] rtc_cmos 00:01: rtc core: registered rtc_cmos as rtc0
[    3.637940] rtc0: alarms up to one day, 114 bytes nvram, hpet irqs
[    3.639230] cpuidle: using governor ladder
[    3.640175] cpuidle: using governor menu
[    3.641301] TCP cubic registered
[    3.642251] NET: Registered protocol family 10
[    3.643846] Mobile IPv6
[    3.644547] NET: Registered protocol family 17
[    3.645526] Registering the dns_resolver key type
[    3.646874] registered taskstats version 1
[    3.648861] rtc_cmos 00:01: setting system clock to 2017-01-03 11:27:44 UTC (1483442864)
[    3.650621] Initializing network drop monitor service
[    3.653255] Freeing unused kernel memory: 580k freed
[    3.654594] Write protecting the kernel read-only data: 6144k
[    3.658297] Freeing unused kernel memory: 644k freed
[    3.662120] Freeing unused kernel memory: 688k freed
Loading, please wait...
[    3.676333] udevd[58]: starting version 175
[    3.691829] e1000: Intel(R) PRO/1000 Network Driver - version 7.3.21-k8-NAPI
[    3.693425] e1000: Copyright (c) 1999-2006 Intel Corporation.
[    3.696352] ACPI: PCI Interrupt Link [LNKC] enabled at IRQ 11
[    3.700607] SCSI subsystem initialized
[    3.707044] Floppy drive(s): fd0 is 1.44M
[    3.724521] FDC 0 is a S82078B
[    4.050229] e1000 0000:00:03.0: eth0: (PCI:33MHz:32-bit) 52:54:00:12:34:56
[    4.051661] e1000 0000:00:03.0: eth0: Intel(R) PRO/1000 Network Connection
[    4.054366] scsi0 : ata_piix
[    4.055363] scsi1 : ata_piix
[    4.056238] ata1: PATA max MWDMA2 cmd 0x1f0 ctl 0x3f6 bmdma 0xc040 irq 14
[    4.057582] ata2: PATA max MWDMA2 cmd 0x170 ctl 0x376 bmdma 0xc048 irq 15
[    4.213322] ata1.00: ATA-7: QEMU HARDDISK, 2.0.0, max UDMA/100
[    4.214713] ata1.00: 9011200 sectors, multi 16: LBA48 
[    4.216045] ata2.00: ATAPI: QEMU DVD-ROM, 2.0.0, max UDMA/100
[    4.217956] ata1.00: configured for MWDMA2
[    4.219025] ata2.00: configured for MWDMA2
[    4.219154] scsi 0:0:0:0: Direct-Access     ATA      QEMU HARDDISK    2.0. PQ: 0 ANSI: 5
[    4.222352] scsi 1:0:0:0: CD-ROM            QEMU     QEMU DVD-ROM     2.0. PQ: 0 ANSI: 5
[    4.228427] sd 0:0:0:0: [sda] 9011200 512-byte logical blocks: (4.61 GB/4.29 GiB)
[    4.230247] sd 0:0:0:0: [sda] Write Protect is off
[    4.231362] sd 0:0:0:0: [sda] Write cache: enabled, read cache: enabled, doesn't support DPO or FUA
[    4.234361] sr0: scsi3-mmc drive: 4x/4x cd/rw xa/form2 tray
[    4.235666] cdrom: Uniform CD-ROM driver Revision: 3.20
[    4.236079]  sda: sda1
[    4.237890] sd 0:0:0:0: [sda] Attached SCSI disk
[    4.241207] sd 0:0:0:0: Attached scsi generic sg0 type 0
[    4.242506] sr 1:0:0:0: Attached scsi generic sg1 type 5
[    7.319391] Refined TSC clocksource calibration: 2199.955 MHz.
Begin: Loading essential drivers ... done.
Begin: Running /scripts/init-premount ... done.
Begin: Mounting root file system ... Begin: Running /scripts/local-top ... done.
Begin: Running /scripts/local-premount ... done.
[    7.777253] EXT4-fs (sda1): mounted filesystem with ordered data mode. Opts: (null)
Begin: Running /scripts/local-bottom ... done.
done.
Begin: Running /scripts/init-bottom ... done.
INIT: version 2.88 booting
[[36minfo[39;49m] Using makefile-style concurrent boot in runlevel S.
findfs: unable to resolve 'UUID="e35ebd7f-2405-4c97-9c3e-26919d55a9e5"'
[....] Starting the hotplug events dispatcher: udevd[    8.124799] udevd[306]: starting version 175
[?25l[?1c7[1G[[32m ok [39;49m8[?25h[?0c.
[....] Synthesizing the initial hotplug events...[    8.169369] input: Power Button as /devices/LNXSYSTM:00/LNXPWRBN:00/input/input1
[    8.171089] ACPI: Power Button [PWRF]
[?25l[?1c7[    8.192955] input: PC Speaker as /devices/platform/pcspkr/input/input2
[1G[[32m ok [39;49m8[?25h[?0cdone.
[    8.207348] piix4_smbus 0000:00:01.3: SMBus Host Controller at 0xb100, revision 0
[....] Waiting for /dev to be fully populated...[    8.217081] parport_pc 00:05: reported by Plug and Play ACPI
[    8.219531] parport0: PC-style at 0x378, irq 7 [PCSPP,TRISTATE]
[    8.221714] alg: No test for __gcm-aes-aesni (__driver-gcm-aes-aesni)
[    8.226177] Error: Driver 'pcspkr' is already registered, aborting...
[?25l[?1c7[1G[[32m ok [39;49m8[?25h[?0cdone.
findfs: unable to resolve 'UUID="e35ebd7f-2405-4c97-9c3e-26919d55a9e5"'
[....] Activating swap...[?25l[?1c7[1G[[32m ok [39;49m8[?25h[?0cdone.
Usage: mountpoint [-q] [-d] [-x] path
[   11.467048] EXT4-fs (sda1): re-mounted. Opts: (null)
[....] Checking root file system...fsck from util-linux 2.20.1
/run/rootdev: clean, 32669/264000 files, 885558/1054720 blocks
[?25l[?1c7[1G[[32m ok [39;49m8[?25h[?0cdone.
[   11.506248] EXT4-fs (sda1): re-mounted. Opts: errors=remount-ro,errors=remount-ro
[....] Cleaning up temporary files... /tmp[?25l[?1c7[1G[[32m ok [39;49m8[?25h[?0c.
findfs: unable to resolve 'UUID="e35ebd7f-2405-4c97-9c3e-26919d55a9e5"'
findfs: unable to resolve 'UUID="e35ebd7f-2405-4c97-9c3e-26919d55a9e5"'
[....] Activating lvm and md swap...[?25l[?1c7[1G[[32m ok [39;49m8[?25h[?0cdone.
[....] Checking file systems...[   11.770810] input: ImExPS/2 Generic Explorer Mouse as /devices/platform/i8042/serio1/input/input3
fsck from util-linux 2.20.1
[?25l[?1c7[1G[[32m ok [39;49m8[?25h[?0cdone.
[....] Mounting local filesystems...[?25l[?1c7[1G[[32m ok [39;49m8[?25h[?0cdone.
[....] Activating swapfile swap...[?25l[?1c7[1G[[32m ok [39;49m8[?25h[?0cdone.
findfs: unable to resolve 'UUID="e35ebd7f-2405-4c97-9c3e-26919d55a9e5"'
[....] Cleaning up temporary files...[?25l[?1c7[1G[[32m ok [39;49m8[?25h[?0c.
[....] Setting kernel variables ...[?25l[?1c7[1G[[32m ok [39;49m8[?25h[?0cdone.
[....] Configuring network interfaces...Internet Systems Consortium DHCP Client 4.2.2
Copyright 2004-2011 Internet Systems Consortium.
All rights reserved.
For info, please visit https://www.isc.org/software/dhcp/

[   12.010374] ADDRCONF(NETDEV_UP): eth0: link is not ready
Listening on LPF/eth0/52:54:00:12:34:56
Sending on   LPF/eth0/52:54:00:12:34:56
Sending on   Socket/fallback
DHCPDISCOVER on eth0 to 255.255.255.255 port 67 interval 3
DHCPDISCOVER on eth0 to 255.255.255.255 port 67 interval 6
[   19.361761] e1000: eth0 NIC Link is Up 1000 Mbps Full Duplex, Flow Control: RX
[   19.367136] ADDRCONF(NETDEV_CHANGE): eth0: link becomes ready
DHCPDISCOVER on eth0 to 255.255.255.255 port 67 interval 10
DHCPREQUEST on eth0 to 255.255.255.255 port 67
DHCPOFFER from 10.0.2.2
DHCPACK from 10.0.2.2
bound to 10.0.2.15 -- renewal in 38867 seconds.
ifup: interface eth0 already configured
[?25l[?1c7[1G[[32m ok [39;49m8[?25h[?0cdone.
[....] Cleaning up temporary files...[?25l[?1c7[1G[[32m ok [39;49m8[?25h[?0c.
INIT: Entering runlevel: 2
[[36minfo[39;49m] Using makefile-style concurrent boot in runlevel 2.
[....] Starting OpenBSD Secure Shell server: sshd[?25l[?1c7[1G[[32m ok [39;49m8[?25h[?0c.
Entering benchmark mode
./scaff/bin/uniform/syrk_STANDARD dummy.out 40
STARTING syrk_STANDARD execution: Tue Jan  3 13:28:04 EET 2017
Execution Time; 0.387497
Execution Time; 0.356074
Execution Time; 3.388928
Execution Time; 0.355936
Execution Time; 3.383531
Execution Time; 0.359630
Execution Time; 0.359119
Execution Time; 3.379081
Execution Time; 0.355973
Execution Time; 0.355762
Execution Time; 3.370636
Execution Time; 0.356119
Execution Time; 3.365959
Execution Time; 0.357408
Execution Time; 0.355935
Execution Time; 3.366178
Execution Time; 0.356587
Execution Time; 0.355977
Execution Time; 3.366057
Execution Time; 0.356478
Execution Time; 0.355850
Execution Time; 3.366675
Execution Time; 0.356248
Execution Time; 0.355785
Execution Time; 3.367299
Execution Time; 0.356053
Execution Time; 3.365823
Execution Time; 0.355948
Execution Time; 0.355790
Execution Time; 3.365670
Execution Time; 0.356098
Execution Time; 0.356118
Execution Time; 3.366396
Execution Time; 0.356006
Execution Time; 0.355886
Execution Time; 3.370054
Execution Time; 0.355799
Execution Time; 3.365579
Execution Time; 0.355993
Execution Time; 0.355843
Execution Time; 3.366088
Execution Time; 0.355538
Execution Time; 0.355498
Execution Time; 3.366772
Execution Time; 0.355614
Execution Time; 0.355377
Execution Time; 3.365723
Execution Time; 0.355463
Execution Time; 3.365091
Execution Time; 0.355916
Execution Time; 0.355532
Execution Time; 3.366265
Execution Time; 0.355704
Execution Time; 0.355542
Execution Time; 3.365428
Execution Time; 0.355575
Execution Time; 0.355402
Execution Time; 3.365374
Execution Time; 0.355614
Execution Time; 0.355424
Execution Time; 3.365290
Execution Time; 0.355385
Execution Time; 3.365291
Execution Time; 0.355987
Execution Time; 0.355433
Execution Time; 3.365235
Execution Time; 0.355709
Execution Time; 0.355417
Execution Time; 3.366573
Execution Time; 0.355581
Execution Time; 0.355434
Execution Time; 3.365592
Execution Time; 0.355480
Execution Time; 3.366183
Execution Time; 0.358816
Execution Time; 0.355896
Execution Time; 3.365730
Execution Time; 0.355739
Execution Time; 0.355480
Execution Time; 3.366917
Execution Time; 0.356960
Execution Time; 0.355946
Execution Time; 3.366176
Execution Time; 0.355557
Execution Time; 3.366046
Execution Time; 0.360043
Execution Time; 0.355397
Execution Time; 3.365772
Execution Time; 0.355504
Execution Time; 0.355513
Execution Time; 3.366084
Execution Time; 0.355649
Execution Time; 0.355509
Execution Time; 3.366548
Execution Time; 0.355444
Execution Time; 0.355367
Execution Time; 3.365455
Execution Time; 0.355465
Execution Time; 3.365808
Execution Time; 0.355685
Execution Time; 0.355668
Execution Time; 3.365697
Execution Time; 0.355562
Execution Time; 0.355616
Execution Time; 3.365827
Execution Time; 0.355559
Execution Time; 0.355303
Execution Time; 3.365515
Execution Time; 0.355579
Execution Time; 3.365908
Execution Time; 0.355619
Execution Time; 0.355434
Execution Time; 3.365872
Execution Time; 0.355494
Execution Time; 0.355391
Execution Time; 3.365564
Execution Time; 0.355591
Execution Time; 0.355507
Execution Time; 3.365903
Execution Time; 0.355515
Execution Time; 3.366502
Execution Time; 0.356453
Execution Time; 0.355493
Execution Time; 3.372337
Execution Time; 0.356474
Execution Time; 0.355514
Execution Time; 3.365771
Execution Time; 0.356528
Execution Time; 0.355494
Execution Time; 3.365630
Execution Time; 0.356309
Execution Time; 0.355392
Execution Time; 3.365355
Execution Time; 0.355714
Execution Time; 3.365553
Execution Time; 0.356640
Execution Time; 0.355996
Execution Time; 3.365831
Execution Time; 0.355871
Execution Time; 0.355483
Execution Time; 3.365487
Execution Time; 0.356307
Execution Time; 0.355509
Execution Time; 3.365351
Execution Time; 0.355408
Execution Time; 3.366112
Execution Time; 0.356611
Execution Time; 0.355589
Execution Time; 3.366002
Execution Time; 0.356563
Execution Time; 0.355682
Execution Time; 3.365934
Execution Time; 0.356247
Execution Time; 0.355347
Execution Time; 3.365831
Execution Time; 0.355905
Execution Time; 0.355451
Execution Time; 3.366369
Execution Time; 0.356018
Execution Time; 3.365914
Execution Time; 0.356608
Execution Time; 0.355375
Execution Time; 3.373660
Execution Time; 0.371789
Execution Time; 0.371865
Execution Time; 3.382653
Execution Time; 0.371774
Execution Time; 3.379664
Execution Time; 0.372693
Execution Time; 0.360830
Execution Time; 3.370811
Execution Time; 0.367405
Execution Time; 0.355025
Execution Time; 3.367662
Execution Time; 0.355674
Execution Time; 3.388700
Execution Time; 0.370019
Execution Time; 0.376527
Execution Time; 3.363692
Execution Time; 0.343616
Execution Time; 0.343991
Execution Time; 3.357854
Execution Time; 0.344116
Execution Time; 0.363314
Execution Time; 3.388427
Execution Time; 0.374578
Execution Time; 3.388141
Execution Time; 0.374095
Execution Time; 0.373261
Execution Time; 3.384056
Execution Time; 0.372766
Execution Time; 0.373392
Execution Time; 3.384393
Execution Time; 0.373449
Execution Time; 3.383943
Execution Time; 0.374076
Execution Time; 0.373791
Execution Time; 3.382835
Execution Time; 0.373369
Execution Time; 0.373654
Execution Time; 3.384183
Execution Time; 0.374567
Execution Time; 3.389933
Execution Time; 0.373888
Execution Time; 0.374726
Execution Time; 3.388210
Execution Time; 0.374392
Execution Time; 3.384384
Execution Time; 0.374190
Execution Time; 0.374714
Execution Time; 3.384601
Execution Time; 0.374575
Execution Time; 0.373933
Execution Time; 3.383455
Execution Time; 0.374309
Execution Time; 3.383091
Execution Time; 0.374546
Execution Time; 0.374160
Execution Time; 3.383850
Execution Time; 0.374733
Execution Time; 0.374055
Execution Time; 3.384031
Execution Time; 0.374127
Execution Time; 3.384708
Execution Time; 0.373867
Execution Time; 0.374785
Execution Time; 3.383317
Execution Time; 0.375207
Execution Time; 0.374928
Execution Time; 3.383913
Execution Time; 0.374305
Execution Time; 3.383333
Execution Time; 0.374870
Execution Time; 0.374007
Execution Time; 3.384515
Execution Time; 0.375103
Execution Time; 3.384660
Execution Time; 0.374686
Execution Time; 0.373983
Execution Time; 3.385122
Execution Time; 0.375094
Execution Time; 0.374089
Execution Time; 3.384185
Execution Time; 0.374174
Execution Time; 3.387687
Execution Time; 0.374676
Execution Time; 0.374229
Execution Time; 3.384172
Execution Time; 0.374181
Execution Time; 0.374610
Execution Time; 3.383339
Execution Time; 0.374156
Execution Time; 3.383834
Execution Time; 0.373910
Execution Time; 0.374684
Execution Time; 3.383309
Execution Time; 0.375098
Execution Time; 3.383392
Execution Time; 0.374242
Execution Time; 0.374530
Execution Time; 3.384714
Execution Time; 0.374321
Execution Time; 0.374562
Execution Time; 3.384183
Execution Time; 0.374160
Execution Time; 3.384583
Execution Time; 0.373874
Execution Time; 0.374468
Execution Time; 3.383194
Execution Time; 0.374272
Execution Time; 0.374199
Execution Time; 3.383416
Execution Time; 0.374223
Execution Time; 3.383360
Execution Time; 0.374704
Execution Time; 0.373925
Execution Time; 3.389142
Execution Time; 0.374446
Execution Time; 0.373847
Execution Time; 3.384458
Execution Time; 0.375082
Execution Time; 3.383537
Execution Time; 0.374775
Execution Time; 0.374161
Execution Time; 3.385942
Execution Time; 0.374140
Execution Time; 3.384184
Execution Time; 0.375101
Execution Time; 0.374303
Execution Time; 3.385188
Execution Time; 0.374685
Execution Time; 0.375176
Execution Time; 3.384611
Execution Time; 0.374233
Execution Time; 3.385870
Execution Time; 0.374086
Execution Time; 0.374160
Execution Time; 3.385270
Execution Time; 0.374009
Execution Time; 0.374034
Execution Time; 3.384858
Execution Time; 0.374476
Execution Time; 3.384170
Execution Time; 0.375156
Execution Time; 0.374530
Execution Time; 3.384846
Execution Time; 0.374393
Execution Time; 3.384601
Execution Time; 0.375049
Execution Time; 0.374443
Execution Time; 3.385310
Execution Time; 0.375066
Execution Time; 0.375152
Execution Time; 3.384664
Execution Time; 0.373719
Execution Time; 3.384052
Execution Time; 0.374664
Execution Time; 0.374949
Execution Time; 3.388074
Execution Time; 0.374321
INIT: Switching to runlevel: 0INIT: Sending processes the TERM signal
[[36minfo[39;49m] Using makefile-style concurrent boot in runlevel 0.
[[36minfo[39;49m] Saving the system clock.
[[36minfo[39;49m] Hardware Clock updated to Tue Jan  3 11:36:02 UTC 2017.
[....] Asking all remaining processes to terminate...[?25l[?1c7[1G[[32m ok [39;49m8[?25h[?0cdone.
[....] All processes ended within 2 seconds...[?25l[?1c7[1G[[32m ok [39;49m8[?25h[?0cdone.
[....] Deconfiguring network interfaces...Internet Systems Consortium DHCP Client 4.2.2
Copyright 2004-2011 Internet Systems Consortium.
All rights reserved.
For info, please visit https://www.isc.org/software/dhcp/

Listening on LPF/eth0/52:54:00:12:34:56
Sending on   LPF/eth0/52:54:00:12:34:56
Sending on   Socket/fallback
DHCPRELEASE on eth0 to 10.0.2.2 port 67
[?25l[?1c7[1G[[32m ok [39;49m8[?25h[?0cdone.
[....] Deactivating swap...[?25l[?1c7[1G[[32m ok [39;49m8[?25h[?0cdone.
[  505.014083] EXT4-fs (sda1): re-mounted. Opts: (null)
[[36minfo[39;49m] Will now halt.
[  508.786155] sd 0:0:0:0: [sda] Synchronizing SCSI cache
[  508.788925] sd 0:0:0:0: [sda] Stopping disk
[  508.791881] ACPI: Preparing to enter system sleep state S5
[  508.793030] Power down.
aff-executor-preload.c:affhooks_init()
aff-executor-preload.c:affhooks_shut()
HELLO KITTY
