aff-executor-preload.c:affhooks_init()
[H[J[?25l[m[H[J[2;25HGNU GRUB  version 1.99-27+deb7u2

[m[4;2H+--------------------------------------------------------------------------+[5;2H|[5;77H|[6;2H|[6;77H|[7;2H|[7;77H|[8;2H|[8;77H|[9;2H|[9;77H|[10;2H|[10;77H|[11;2H|[11;77H|[12;2H|[12;77H|[13;2H|[13;77H|[14;2H|[14;77H|[15;2H|[15;77H|[16;2H|[16;77H|[17;2H+--------------------------------------------------------------------------+[m[18;2H[m
      Use the ^ and v keys to select which entry is highlighted.      
      Press enter to boot the selected OS, 'e' to edit the commands      
      before booting or 'c' for a command-line.      
      [5;78H [7m[5;3HDebian GNU/Linux, with Linux 3.2.0-4-amd64                               [m [5;76H[m[m[6;3HDebian GNU/Linux, with Linux 3.2.0-4-amd64 (recovery mode)               [m [6;76H[m[m[7;3H                                                                         [m [7;76H[m[m[8;3H                                                                         [m [8;76H[m[m[9;3H                                                                         [m [9;76H[m[m[10;3H                                                                         [m [10;76H[m[m[11;3H                                                                         [m [11;76H[m[m[12;3H                                                                         [m [12;76H[m[m[13;3H                                                                         [m [13;76H[m[m[14;3H                                                                         [m [14;76H[m[m[15;3H                                                                         [m [15;76H[m[m[16;3H                                                                         [m [16;76H[m[16;78H [5;76H[22;1H   The highlighted entry will be executed automatically in 5s.                 [5;76H[22;1H   The highlighted entry will be executed automatically in 4s.                 [5;76H[22;1H   The highlighted entry will be executed automatically in 3s.                 [5;76H[22;1H   The highlighted entry will be executed automatically in 2s.                 [5;76H[22;1H   The highlighted entry will be executed automatically in 1s.                 [5;76H[22;1H   The highlighted entry will be executed automatically in 0s.                 [5;76H[?25h[H[J[H[J  Booting 'Debian GNU/Linux, with Linux 3.2.0-4-amd64'

Loading Linux 3.2.0-4-amd64 ...
Loading initial ramdisk ...
[    0.000000] Initializing cgroup subsys cpuset
[    0.000000] Initializing cgroup subsys cpu
[    0.000000] Linux version 3.2.0-4-amd64 (debian-kernel@lists.debian.org) (gcc version 4.6.3 (Debian 4.6.3-14) ) #1 SMP Debian 3.2.68-1+deb7u3
[    0.000000] Command line: BOOT_IMAGE=/boot/vmlinuz-3.2.0-4-amd64 root=UUID=e35ebd7f-2405-4c97-9c3e-26919d55a9e5 ro console=tty0 console=ttyS0,115200n8
[    0.000000] BIOS-provided physical RAM map:
[    0.000000]  BIOS-e820: 0000000000000000 - 000000000009f400 (usable)
[    0.000000]  BIOS-e820: 000000000009f400 - 00000000000a0000 (reserved)
[    0.000000]  BIOS-e820: 00000000000f0000 - 0000000000100000 (reserved)
[    0.000000]  BIOS-e820: 0000000000100000 - 00000000dfffe000 (usable)
[    0.000000]  BIOS-e820: 00000000dfffe000 - 00000000e0000000 (reserved)
[    0.000000]  BIOS-e820: 00000000feffc000 - 00000000ff000000 (reserved)
[    0.000000]  BIOS-e820: 00000000fffc0000 - 0000000100000000 (reserved)
[    0.000000]  BIOS-e820: 0000000100000000 - 0000000420000000 (usable)
[    0.000000] NX (Execute Disable) protection: active
[    0.000000] SMBIOS 2.4 present.
[    0.000000] No AGP bridge found
[    0.000000] last_pfn = 0x420000 max_arch_pfn = 0x400000000
[    0.000000] PAT not supported by CPU.
[    0.000000] last_pfn = 0xdfffe max_arch_pfn = 0x400000000
[    0.000000] found SMP MP-table at [ffff8800000fdac0] fdac0
[    0.000000] init_memory_mapping: 0000000000000000-00000000dfffe000
[    0.000000] init_memory_mapping: 0000000100000000-0000000420000000
[    0.000000] RAMDISK: 36c6c000 - 3762e000
[    0.000000] ACPI: RSDP 00000000000fd8b0 00014 (v00 BOCHS )
[    0.000000] ACPI: RSDT 00000000dfffe470 00038 (v01 BOCHS  BXPCRSDT 00000001 BXPC 00000001)
[    0.000000] ACPI: FACP 00000000dfffff80 00074 (v01 BOCHS  BXPCFACP 00000001 BXPC 00000001)
[    0.000000] ACPI: DSDT 00000000dfffe4b0 01121 (v01   BXPC   BXDSDT 00000001 INTL 20100528)
[    0.000000] ACPI: FACS 00000000dfffff40 00040
[    0.000000] ACPI: SSDT 00000000dffffd70 001C1 (v01 BOCHS  BXPCSSDT 00000001 BXPC 00000001)
[    0.000000] ACPI: APIC 00000000dffffc70 00090 (v01 BOCHS  BXPCAPIC 00000001 BXPC 00000001)
[    0.000000] ACPI: HPET 00000000dffffc30 00038 (v01 BOCHS  BXPCHPET 00000001 BXPC 00000001)
[    0.000000] ACPI: SSDT 00000000dffff5e0 00644 (v01   BXPC BXSSDTPC 00000001 INTL 20100528)
[    0.000000] No NUMA configuration found
[    0.000000] Faking a node at 0000000000000000-0000000420000000
[    0.000000] Initmem setup node 0 0000000000000000-0000000420000000
[    0.000000]   NODE_DATA [000000041fffb000 - 000000041fffffff]
[    0.000000] kvm-clock: Using msrs 4b564d01 and 4b564d00
[    0.000000] kvm-clock: cpu 0, msr 0:16a8741, boot clock
[    0.000000] Zone PFN ranges:
[    0.000000]   DMA      0x00000010 -> 0x00001000
[    0.000000]   DMA32    0x00001000 -> 0x00100000
[    0.000000]   Normal   0x00100000 -> 0x00420000
[    0.000000] Movable zone start PFN for each node
[    0.000000] early_node_map[3] active PFN ranges
[    0.000000]     0: 0x00000010 -> 0x0000009f
[    0.000000]     0: 0x00000100 -> 0x000dfffe
[    0.000000]     0: 0x00100000 -> 0x00420000
[    0.000000] ACPI: PM-Timer IO Port: 0xb008
[    0.000000] ACPI: LAPIC (acpi_id[0x00] lapic_id[0x00] enabled)
[    0.000000] ACPI: LAPIC (acpi_id[0x01] lapic_id[0x01] enabled)
[    0.000000] ACPI: LAPIC (acpi_id[0x02] lapic_id[0x02] enabled)
[    0.000000] ACPI: LAPIC (acpi_id[0x03] lapic_id[0x03] enabled)
[    0.000000] ACPI: LAPIC_NMI (acpi_id[0xff] dfl dfl lint[0x1])
[    0.000000] ACPI: IOAPIC (id[0x04] address[0xfec00000] gsi_base[0])
[    0.000000] IOAPIC[0]: apic_id 4, version 17, address 0xfec00000, GSI 0-23
[    0.000000] ACPI: INT_SRC_OVR (bus 0 bus_irq 0 global_irq 2 dfl dfl)
[    0.000000] ACPI: INT_SRC_OVR (bus 0 bus_irq 5 global_irq 5 high level)
[    0.000000] ACPI: INT_SRC_OVR (bus 0 bus_irq 9 global_irq 9 high level)
[    0.000000] ACPI: INT_SRC_OVR (bus 0 bus_irq 10 global_irq 10 high level)
[    0.000000] ACPI: INT_SRC_OVR (bus 0 bus_irq 11 global_irq 11 high level)
[    0.000000] Using ACPI (MADT) for SMP configuration information
[    0.000000] ACPI: HPET id: 0x8086a201 base: 0xfed00000
[    0.000000] SMP: Allowing 4 CPUs, 0 hotplug CPUs
[    0.000000] PM: Registered nosave memory: 000000000009f000 - 00000000000a0000
[    0.000000] PM: Registered nosave memory: 00000000000a0000 - 00000000000f0000
[    0.000000] PM: Registered nosave memory: 00000000000f0000 - 0000000000100000
[    0.000000] PM: Registered nosave memory: 00000000dfffe000 - 00000000e0000000
[    0.000000] PM: Registered nosave memory: 00000000e0000000 - 00000000feffc000
[    0.000000] PM: Registered nosave memory: 00000000feffc000 - 00000000ff000000
[    0.000000] PM: Registered nosave memory: 00000000ff000000 - 00000000fffc0000
[    0.000000] PM: Registered nosave memory: 00000000fffc0000 - 0000000100000000
[    0.000000] Allocating PCI resources starting at e0000000 (gap: e0000000:1effc000)
[    0.000000] Booting paravirtualized kernel on KVM
[    0.000000] setup_percpu: NR_CPUS:512 nr_cpumask_bits:512 nr_cpu_ids:4 nr_node_ids:1
[    0.000000] PERCPU: Embedded 27 pages/cpu @ffff88041fc00000 s78912 r8192 d23488 u524288
[    0.000000] kvm-clock: cpu 0, msr 4:1fc12741, primary cpu clock
[    0.000000] KVM setup async PF for cpu 0
[    0.000000] kvm-stealtime: cpu 0, msr 41fc0cfc0
[    0.000000] Built 1 zonelists in Zone order, mobility grouping on.  Total pages: 4135048
[    0.000000] Policy zone: Normal
[    0.000000] Kernel command line: BOOT_IMAGE=/boot/vmlinuz-3.2.0-4-amd64 root=UUID=e35ebd7f-2405-4c97-9c3e-26919d55a9e5 ro console=tty0 console=ttyS0,115200n8
[    0.000000] PID hash table entries: 4096 (order: 3, 32768 bytes)
[    0.000000] Checking aperture...
[    0.000000] No AGP bridge found
[    0.000000] Memory: 16460264k/17301504k available (3434k kernel code, 524748k absent, 316492k reserved, 3305k data, 580k init)
[    0.000000] Hierarchical RCU implementation.
[    0.000000] 	RCU dyntick-idle grace-period acceleration is enabled.
[    0.000000] NR_IRQS:33024 nr_irqs:712 16
[    0.000000] Console: colour VGA+ 80x25
[    0.000000] console [tty0] enabled
[    0.000000] console [ttyS0] enabled
[    0.000000] Detected 2199.998 MHz processor.
[    0.008000] Calibrating delay loop (skipped) preset value.. 4399.99 BogoMIPS (lpj=8799992)
[    0.008000] pid_max: default: 32768 minimum: 301
[    0.008000] Security Framework initialized
[    0.008012] AppArmor: AppArmor disabled by boot time parameter
[    0.009935] Dentry cache hash table entries: 2097152 (order: 12, 16777216 bytes)
[    0.014525] Inode-cache hash table entries: 1048576 (order: 11, 8388608 bytes)
[    0.017454] Mount-cache hash table entries: 256
[    0.018447] Initializing cgroup subsys cpuacct
[    0.019259] Initializing cgroup subsys memory
[    0.020034] Initializing cgroup subsys devices
[    0.020849] Initializing cgroup subsys freezer
[    0.021651] Initializing cgroup subsys net_cls
[    0.022464] Initializing cgroup subsys blkio
[    0.023259] Initializing cgroup subsys perf_event
[    0.024098] mce: CPU supports 10 MCE banks
[    0.026195] ACPI: Core revision 20110623
[    0.031012] ..TIMER: vector=0x30 apic1=0 pin1=2 apic2=-1 pin2=-1
[    0.032007] CPU0: Intel QEMU Virtual CPU version 1.1.2 stepping 03
[    0.036002] Performance Events: unsupported p6 CPU model 2 no PMU driver, software events only.
[    0.036002] NMI watchdog disabled (cpu0): hardware events not enabled
[    0.036002] Booting Node   0, Processors  #1
[    0.048030] kvm-clock: cpu 1, msr 4:1fc92741, secondary cpu clock
[    0.052014] NMI watchdog disabled (cpu1): hardware events not enabled
[    0.052256]  #2
[    0.052057] KVM setup async PF for cpu 1
[    0.052057] kvm-stealtime: cpu 1, msr 41fc8cfc0
[    0.064008] kvm-clock: cpu 2, msr 4:1fd12741, secondary cpu clock
[    0.064137] NMI watchdog disabled (cpu2): hardware events not enabled
[    0.068221]  #3 Ok.
[    0.068023] KVM setup async PF for cpu 2
[    0.068023] kvm-stealtime: cpu 2, msr 41fd0cfc0
[    0.080009] kvm-clock: cpu 3, msr 4:1fd92741, secondary cpu clock
[    0.080153] NMI watchdog disabled (cpu3): hardware events not enabled
[    0.084043] Brought up 4 CPUs
[    0.084045] Total of 4 processors activated (17599.98 BogoMIPS).
[    0.084041] KVM setup async PF for cpu 3
[    0.084041] kvm-stealtime: cpu 3, msr 41fd8cfc0
[    0.090956] devtmpfs: initialized
[    0.096310] print_constraints: dummy: 
[    0.097539] NET: Registered protocol family 16
[    0.098523] ACPI: bus type pci registered
[    0.099482] PCI: Using configuration type 1 for base access
[    0.101071] bio: create slab <bio-0> at 0
[    0.104376] ACPI: Added _OSI(Module Device)
[    0.105191] ACPI: Added _OSI(Processor Device)
[    0.106022] ACPI: Added _OSI(3.0 _SCP Extensions)
[    0.106959] ACPI: Added _OSI(Processor Aggregator Device)
[    0.111014] ACPI: Interpreter enabled
[    0.112013] ACPI: (supports S0 S3 S4 S5)
[    0.113271] ACPI: Using IOAPIC for interrupt routing
[    0.118132] ACPI: No dock devices found.
[    0.118930] HEST: Table not found.
[    0.119629] PCI: Ignoring host bridge windows from ACPI; if necessary, use "pci=use_crs" and report a bug
[    0.120033] ACPI: PCI Root Bridge [PCI0] (domain 0000 [bus 00-ff])
[    0.127498] pci 0000:00:01.3: quirk: [io  0xb000-0xb03f] claimed by PIIX4 ACPI
[    0.128025] pci 0000:00:01.3: quirk: [io  0xb100-0xb10f] claimed by PIIX4 SMB
[    0.157422]  pci0000:00: Unable to request _OSC control (_OSC support mask: 0x1e)
[    0.162409] ACPI: PCI Interrupt Link [LNKA] (IRQs 5 *10 11)
[    0.164117] ACPI: PCI Interrupt Link [LNKB] (IRQs 5 *10 11)
[    0.165867] ACPI: PCI Interrupt Link [LNKC] (IRQs 5 10 *11)
[    0.167585] ACPI: PCI Interrupt Link [LNKD] (IRQs 5 10 *11)
[    0.168996] ACPI: PCI Interrupt Link [LNKS] (IRQs 9) *0
[    0.170973] vgaarb: device added: PCI:0000:00:02.0,decodes=io+mem,owns=io+mem,locks=none
[    0.172017] vgaarb: loaded
[    0.172673] vgaarb: bridge control possible 0000:00:02.0
[    0.173867] PCI: Using ACPI for IRQ routing
[    0.176420] HPET: 3 timers in total, 0 timers will be used for per-cpu timer
[    0.177871] hpet0: at MMIO 0xfed00000, IRQs 2, 8, 0
[    0.179256] hpet0: 3 comparators, 64-bit 100.000000 MHz counter
[    0.193268] Switching to clocksource kvm-clock
[    0.196401] pnp: PnP ACPI init
[    0.197161] ACPI: bus type pnp registered
[    0.199233] pnp: PnP ACPI: found 8 devices
[    0.200155] ACPI: ACPI bus type pnp unregistered
[    0.218800] NET: Registered protocol family 2
[    0.222446] IP route cache hash table entries: 524288 (order: 10, 4194304 bytes)
[    0.228905] TCP established hash table entries: 524288 (order: 11, 8388608 bytes)
[    0.237760] TCP bind hash table entries: 65536 (order: 8, 1048576 bytes)
[    0.239889] TCP: Hash tables configured (established 524288 bind 65536)
[    0.241256] TCP reno registered
[    0.242004] UDP hash table entries: 8192 (order: 6, 262144 bytes)
[    0.243415] UDP-Lite hash table entries: 8192 (order: 6, 262144 bytes)
[    0.245711] NET: Registered protocol family 1
[    0.246599] pci 0000:00:00.0: Limiting direct PCI/PCI transfers
[    0.256233] pci 0000:00:01.0: PIIX3: Enabling Passive Release
[    0.257377] pci 0000:00:01.0: Activating ISA DMA hang workarounds
[    0.258704] Unpacking initramfs...
[    0.521078] Freeing initrd memory: 9992k freed
[    0.524927] PCI-DMA: Using software bounce buffering for IO (SWIOTLB)
[    0.526190] Placing 64MB software IO TLB between ffff8800dbff0000 - ffff8800dfff0000
[    0.527764] software IO TLB at phys 0xdbff0000 - 0xdfff0000
[    0.530975] audit: initializing netlink socket (disabled)
[    0.532085] type=2000 audit(1481494229.532:1): initialized
[    0.563536] HugeTLB registered 2 MB page size, pre-allocated 0 pages
[    0.569117] VFS: Disk quotas dquot_6.5.2
[    0.570128] Dquot-cache hash table entries: 512 (order 0, 4096 bytes)
[    0.571543] msgmni has been set to 32168
[    0.573497] alg: No test for stdrng (krng)
[    0.574541] Block layer SCSI generic (bsg) driver version 0.4 loaded (major 253)
[    0.576094] io scheduler noop registered
[    0.576940] io scheduler deadline registered
[    0.578174] io scheduler cfq registered (default)
[    0.579295] pci_hotplug: PCI Hot Plug PCI Core version: 0.5
[    0.580508] pciehp: PCI Express Hot Plug Controller Driver version: 0.4
[    0.581757] acpiphp: ACPI Hot Plug PCI Controller Driver version: 0.5
[    0.583070] acpiphp: Slot [3] registered
[    0.583949] acpiphp: Slot [4] registered
[    0.584937] acpiphp: Slot [5] registered
[    0.585857] acpiphp: Slot [6] registered
[    0.586752] acpiphp: Slot [7] registered
[    0.587617] acpiphp: Slot [8] registered
[    0.588597] acpiphp: Slot [9] registered
[    0.589494] acpiphp: Slot [10] registered
[    0.590375] acpiphp: Slot [11] registered
[    0.591245] acpiphp: Slot [12] registered
[    0.592122] acpiphp: Slot [13] registered
[    0.593067] acpiphp: Slot [14] registered
[    0.593969] acpiphp: Slot [15] registered
[    0.594850] acpiphp: Slot [16] registered
[    0.595736] acpiphp: Slot [17] registered
[    0.596739] acpiphp: Slot [18] registered
[    0.597663] acpiphp: Slot [19] registered
[    0.598539] acpiphp: Slot [20] registered
[    0.599409] acpiphp: Slot [21] registered
[    0.600374] acpiphp: Slot [22] registered
[    0.601259] acpiphp: Slot [23] registered
[    0.602131] acpiphp: Slot [24] registered
[    0.603017] acpiphp: Slot [25] registered
[    0.603902] acpiphp: Slot [26] registered
[    0.604894] acpiphp: Slot [27] registered
[    0.605787] acpiphp: Slot [28] registered
[    0.606674] acpiphp: Slot [29] registered
[    0.607587] acpiphp: Slot [30] registered
[    0.608574] acpiphp: Slot [31] registered
[    0.609667] ERST: Table is not found!
[    0.610491] GHES: HEST is not enabled!
[    0.611564] Serial: 8250/16550 driver, 4 ports, IRQ sharing enabled
[    0.634474] serial8250: ttyS0 at I/O 0x3f8 (irq = 4) is a 16550A
[    0.666225] 00:06: ttyS0 at I/O 0x3f8 (irq = 4) is a 16550A
[    0.667862] Linux agpgart interface v0.103
[    0.669063] i8042: PNP: PS/2 Controller [PNP0303:KBD,PNP0f13:MOU] at 0x60,0x64 irq 1,12
[    0.671671] serio: i8042 KBD port at 0x60,0x64 irq 1
[    0.672772] serio: i8042 AUX port at 0x60,0x64 irq 12
[    0.674349] mousedev: PS/2 mouse device common for all mice
[    0.675803] input: AT Translated Set 2 keyboard as /devices/platform/i8042/serio0/input/input0
[    0.677876] rtc_cmos 00:01: RTC can wake from S4
[    0.679296] rtc_cmos 00:01: rtc core: registered rtc_cmos as rtc0
[    0.680736] rtc0: alarms up to one day, 114 bytes nvram, hpet irqs
[    0.681963] cpuidle: using governor ladder
[    0.682831] cpuidle: using governor menu
[    0.684112] TCP cubic registered
[    0.685847] NET: Registered protocol family 10
[    0.687656] Mobile IPv6
[    0.688354] NET: Registered protocol family 17
[    0.689288] Registering the dns_resolver key type
[    0.691268] registered taskstats version 1
[    0.693671] rtc_cmos 00:01: setting system clock to 2016-12-11 22:10:31 UTC (1481494231)
[    0.695287] Initializing network drop monitor service
[    0.698175] Freeing unused kernel memory: 580k freed
[    0.699436] Write protecting the kernel read-only data: 6144k
[    0.703353] Freeing unused kernel memory: 644k freed
[    0.707567] Freeing unused kernel memory: 688k freed
Loading, please wait...
[    0.735926] udevd[58]: starting version 175
[    0.750404] SCSI subsystem initialized
[    0.758892] e1000: Intel(R) PRO/1000 Network Driver - version 7.3.21-k8-NAPI
[    0.760397] e1000: Copyright (c) 1999-2006 Intel Corporation.
[    0.762060] ACPI: PCI Interrupt Link [LNKC] enabled at IRQ 11
[    0.773290] Floppy drive(s): fd0 is 1.44M
[    0.791903] FDC 0 is a S82078B
[    4.158889] Refined TSC clocksource calibration: 2199.957 MHz.
[    4.159279] e1000 0000:00:03.0: eth0: (PCI:33MHz:32-bit) 52:54:00:12:34:56
[    4.159295] e1000 0000:00:03.0: eth0: Intel(R) PRO/1000 Network Connection
[    4.169483] scsi0 : ata_piix
[    4.171651] scsi1 : ata_piix
[    4.173292] ata1: PATA max MWDMA2 cmd 0x1f0 ctl 0x3f6 bmdma 0xc040 irq 14
[    4.174541] ata2: PATA max MWDMA2 cmd 0x170 ctl 0x376 bmdma 0xc048 irq 15
[    4.334569] ata1.00: ATA-7: QEMU HARDDISK, 1.1.2, max UDMA/100
[    4.336868] ata1.00: 9011200 sectors, multi 16: LBA48 
[    4.339223] ata2.00: ATAPI: QEMU DVD-ROM, 1.1.2, max UDMA/100
[    4.342021] ata1.00: configured for MWDMA2
[    4.343048] ata2.00: configured for MWDMA2
[    4.344357] scsi 0:0:0:0: Direct-Access     ATA      QEMU HARDDISK    1.1. PQ: 0 ANSI: 5
[    4.346848] scsi 1:0:0:0: CD-ROM            QEMU     QEMU DVD-ROM     1.1. PQ: 0 ANSI: 5
[    4.359396] sd 0:0:0:0: [sda] 9011200 512-byte logical blocks: (4.61 GB/4.29 GiB)
[    4.360757] sr0: scsi3-mmc drive: 4x/4x cd/rw xa/form2 tray
[    4.360761] cdrom: Uniform CD-ROM driver Revision: 3.20
[    4.365838] sd 0:0:0:0: [sda] Write Protect is off
[    4.366843] sd 0:0:0:0: [sda] Write cache: disabled, read cache: enabled, doesn't support DPO or FUA
[    4.370891]  sda: sda1
[    4.372901] sd 0:0:0:0: [sda] Attached SCSI disk
[    4.377905] sd 0:0:0:0: Attached scsi generic sg0 type 0
[    4.379203] sr 1:0:0:0: Attached scsi generic sg1 type 5
Begin: Loading essential drivers ... done.
Begin: Running /scripts/init-premount ... done.
Begin: Mounting root file system ... Begin: Running /scripts/local-top ... done.
Begin: Running /scripts/local-premount ... done.
[    5.034231] EXT4-fs (sda1): mounted filesystem with ordered data mode. Opts: (null)
Begin: Running /scripts/local-bottom ... done.
done.
Begin: Running /scripts/init-bottom ... done.
INIT: version 2.88 booting
[[36minfo[39;49m] Using makefile-style concurrent boot in runlevel S.
findfs: unable to resolve 'UUID="e35ebd7f-2405-4c97-9c3e-26919d55a9e5"'
[....] Starting the hotplug events dispatcher: udevd[    8.669755] udevd[317]: starting version 175
[?25l[?1c7[1G[[32m ok [39;49m8[?25h[?0c.
[....] Synthesizing the initial hotplug events...[    8.783725] input: Power Button as /devices/LNXSYSTM:00/LNXPWRBN:00/input/input1
[    8.786160] ACPI: Power Button [PWRF]
[    8.794481] input: PC Speaker as /devices/platform/pcspkr/input/input2
[?25l[?1c7[1G[[32m ok [39;49m8[?25h[?0cdone.
[    8.814538] Error: Driver 'pcspkr' is already registered, aborting...
[    8.823187] parport_pc 00:05: reported by Plug and Play ACPI
[    8.824550] parport0: PC-style at 0x378, irq 7 [PCSPP,TRISTATE]
[    8.829998] piix4_smbus 0000:00:01.3: SMBus Host Controller at 0xb100, revision 0
[....] Waiting for /dev to be fully populated...[?25l[?1c7[1G[[32m ok [39;49m8[?25h[?0cdone.
findfs: unable to resolve 'UUID="e35ebd7f-2405-4c97-9c3e-26919d55a9e5"'
[....] Activating swap...[?25l[?1c7[1G[[32m ok [39;49m8[?25h[?0cdone.
Usage: mountpoint [-q] [-d] [-x] path
[   12.294354] EXT4-fs (sda1): re-mounted. Opts: (null)
[....] Checking root file system...fsck from util-linux 2.20.1
/run/rootdev: clean, 32635/264000 files, 832555/1054720 blocks
[?25l[?1c7[1G[[32m ok [39;49m8[?25h[?0cdone.
[   12.379454] EXT4-fs (sda1): re-mounted. Opts: errors=remount-ro,errors=remount-ro
[....] [   12.423382] input: ImExPS/2 Generic Explorer Mouse as /devices/platform/i8042/serio1/input/input3
Cleaning up temporary files... /tmp[?25l[?1c7[1G[[32m ok [39;49m8[?25h[?0c.
findfs: unable to resolve 'UUID="e35ebd7f-2405-4c97-9c3e-26919d55a9e5"'
findfs: unable to resolve 'UUID="e35ebd7f-2405-4c97-9c3e-26919d55a9e5"'
[....] Activating lvm and md swap...[?25l[?1c7[1G[[32m ok [39;49m8[?25h[?0cdone.
[....] Checking file systems...fsck from util-linux 2.20.1
[?25l[?1c7[1G[[32m ok [39;49m8[?25h[?0cdone.
[....] Mounting local filesystems...[?25l[?1c7[1G[[32m ok [39;49m8[?25h[?0cdone.
[....] Activating swapfile swap...[?25l[?1c7[1G[[32m ok [39;49m8[?25h[?0cdone.
findfs: unable to resolve 'UUID="e35ebd7f-2405-4c97-9c3e-26919d55a9e5"'
[....] Cleaning up temporary files...[?25l[?1c7[1G[[32m ok [39;49m8[?25h[?0c.
[....] Setting kernel variables ...[?25l[?1c7[1G[[32m ok [39;49m8[?25h[?0cdone.
[....] Configuring network interfaces...Internet Systems Consortium DHCP Client 4.2.2
Copyright 2004-2011 Internet Systems Consortium.
All rights reserved.
For info, please visit https://www.isc.org/software/dhcp/

[   16.757342] ADDRCONF(NETDEV_UP): eth0: link is not ready
Listening on LPF/eth0/52:54:00:12:34:56
Sending on   LPF/eth0/52:54:00:12:34:56
Sending on   Socket/fallback
DHCPDISCOVER on eth0 to 255.255.255.255 port 67 interval 5
[   20.215542] e1000: eth0 NIC Link is Up 1000 Mbps Full Duplex, Flow Control: RX
[   20.222965] ADDRCONF(NETDEV_CHANGE): eth0: link becomes ready
DHCPDISCOVER on eth0 to 255.255.255.255 port 67 interval 8
DHCPREQUEST on eth0 to 255.255.255.255 port 67
DHCPOFFER from 10.0.2.2
DHCPACK from 10.0.2.2
bound to 10.0.2.15 -- renewal in 35356 seconds.
ifup: interface eth0 already configured
[?25l[?1c7[1G[[32m ok [39;49m8[?25h[?0cdone.
[....] Cleaning up temporary files...[?25l[?1c7[1G[[32m ok [39;49m8[?25h[?0c.
INIT: Entering runlevel: 2
[[36minfo[39;49m] Using makefile-style concurrent boot in runlevel 2.
[....] Starting OpenBSD Secure Shell server: sshd[?25l[?1c7[1G[[32m ok [39;49m8[?25h[?0c.
Entering benchmark mode
./scaff/bin/uniform/doitgen_STANDARD dummy.out 100
STARTING doitgen_STANDARD execution: Mon Dec 12 00:10:55 EET 2016
Execution Time; 0.155697
Execution Time; 0.149711
Execution Time; 0.150565
Execution Time; 3.159321
Execution Time; 0.161304
Execution Time; 0.147383
Execution Time; 0.146162
Execution Time; 0.149756
Execution Time; 0.143803
Execution Time; 0.141984
Execution Time; 0.146015
Execution Time; 0.142067
Execution Time; 0.141008
Execution Time; 0.143314
Execution Time; 0.141869
Execution Time; 0.147584
Execution Time; 3.159786
Execution Time; 0.140993
Execution Time; 0.143098
Execution Time; 0.142806
Execution Time; 0.140181
Execution Time; 0.143737
Execution Time; 0.143558
Execution Time; 3.156900
Execution Time; 0.142710
Execution Time; 0.144118
Execution Time; 0.141720
Execution Time; 0.140321
Execution Time; 0.146912
Execution Time; 0.141051
Execution Time; 3.154813
Execution Time; 0.142854
Execution Time; 0.147446
Execution Time; 0.144085
Execution Time; 0.141930
Execution Time; 0.149049
Execution Time; 3.151066
Execution Time; 0.146682
Execution Time; 0.147072
Execution Time; 0.144584
Execution Time; 0.142626
Execution Time; 0.148348
Execution Time; 0.141686
Execution Time; 3.151142
Execution Time; 0.141908
Execution Time; 0.142420
Execution Time; 0.143297
Execution Time; 0.149588
Execution Time; 0.147269
Execution Time; 3.157122
Execution Time; 0.141107
Execution Time; 0.154524
Execution Time; 0.142988
Execution Time; 0.143174
Execution Time; 0.140803
Execution Time; 0.158434
Execution Time; 3.165269
Execution Time; 0.147583
Execution Time; 0.143526
Execution Time; 0.143829
Execution Time; 0.143359
Execution Time; 0.141841
Execution Time; 0.142887
Execution Time; 0.147686
Execution Time; 0.153036
Execution Time; 0.140754
Execution Time; 0.150185
Execution Time; 0.140698
Execution Time; 0.150151
Execution Time; 3.153064
Execution Time; 0.143231
Execution Time; 0.141869
Execution Time; 0.141546
Execution Time; 0.142391
Execution Time; 0.147108
Execution Time; 0.152544
Execution Time; 3.152904
Execution Time; 0.147983
Execution Time; 0.145719
Execution Time; 0.153706
Execution Time; 0.149954
Execution Time; 0.141091
Execution Time; 3.165629
Execution Time; 0.146914
Execution Time; 0.143494
Execution Time; 0.148417
Execution Time; 0.142628
Execution Time; 0.143312
Execution Time; 0.143442
Execution Time; 3.151758
Execution Time; 0.142731
Execution Time; 0.150827
Execution Time; 0.143729
Execution Time; 0.148065
Execution Time; 0.147601
Execution Time; 3.154251
Execution Time; 0.140820
Execution Time; 0.149674
Execution Time; 0.143371
Execution Time; 0.151990
Execution Time; 0.148417
Execution Time; 0.142895
Execution Time; 3.157047
Execution Time; 0.146962
Execution Time; 0.143924
Execution Time; 0.146453
Execution Time; 0.147281
Execution Time; 0.143119
Execution Time; 3.152400
Execution Time; 0.145352
Execution Time; 0.142568
Execution Time; 0.142391
Execution Time; 0.150104
Execution Time; 0.146438
Execution Time; 0.141954
Execution Time; 3.153102
Execution Time; 0.142854
Execution Time; 0.144786
Execution Time; 0.151040
Execution Time; 0.140767
Execution Time; 0.146398
Execution Time; 3.155990
Execution Time; 0.148633
Execution Time; 0.146236
Execution Time; 0.146874
Execution Time; 0.143502
Execution Time; 0.142661
Execution Time; 0.146546
Execution Time; 3.156935
Execution Time; 0.147728
Execution Time; 0.142835
Execution Time; 0.147837
Execution Time; 0.142241
Execution Time; 0.141088
Execution Time; 0.154312
Execution Time; 3.153898
Execution Time; 0.142756
Execution Time; 0.143187
Execution Time; 0.145781
Execution Time; 0.141095
Execution Time; 0.146165
Execution Time; 3.153959
Execution Time; 0.142940
Execution Time; 0.150555
Execution Time; 0.143488
Execution Time; 0.142757
Execution Time; 0.143551
Execution Time; 0.141313
Execution Time; 3.150991
Execution Time; 0.143404
Execution Time; 0.148567
Execution Time; 0.139903
Execution Time; 0.147674
Execution Time; 0.143319
Execution Time; 0.143279
Execution Time; 0.146518
Execution Time; 0.141360
Execution Time; 0.146883
Execution Time; 0.146983
Execution Time; 0.144543
Execution Time; 0.142241
Execution Time; 3.152893
Execution Time; 0.141574
Execution Time; 0.152302
Execution Time; 0.143177
Execution Time; 0.141824
Execution Time; 0.154138
Execution Time; 0.143520
Execution Time; 3.154184
Execution Time; 0.141146
Execution Time; 0.149250
Execution Time; 0.152716
Execution Time; 0.141736
Execution Time; 0.142797
Execution Time; 3.151518
Execution Time; 0.151394
Execution Time; 0.142912
Execution Time; 0.157291
Execution Time; 0.149333
Execution Time; 0.143862
Execution Time; 0.146894
Execution Time; 3.153350
Execution Time; 0.148909
Execution Time; 0.143031
Execution Time; 0.150026
Execution Time; 0.145539
Execution Time; 0.142632
Execution Time; 3.157148
Execution Time; 0.152471
Execution Time; 0.153318
Execution Time; 0.147922
Execution Time; 0.142077
Execution Time; 0.142199
Execution Time; 0.141914
Execution Time; 3.160409
Execution Time; 0.145725
Execution Time; 0.147225
Execution Time; 0.146800
Execution Time; 0.143799
Execution Time; 0.143302
Execution Time; 3.153100
Execution Time; 0.140617
Execution Time; 0.142592
Execution Time; 0.139030
Execution Time; 0.146689
Execution Time; 0.140905
Execution Time; 0.145702
Execution Time; 3.157097
Execution Time; 0.148333
Execution Time; 0.146789
Execution Time; 0.146858
Execution Time; 0.142854
Execution Time; 0.147844
Execution Time; 3.158834
Execution Time; 0.142643
Execution Time; 0.141908
Execution Time; 0.147876
Execution Time; 0.142746
Execution Time; 0.143081
Execution Time; 0.142613
Execution Time; 3.152538
Execution Time; 0.140915
Execution Time; 0.142903
Execution Time; 0.143363
Execution Time; 0.144452
Execution Time; 0.150642
Execution Time; 0.145843
Execution Time; 3.158620
Execution Time; 0.148186
Execution Time; 0.141972
Execution Time; 0.149753
Execution Time; 0.143124
Execution Time; 0.142366
Execution Time; 3.150909
Execution Time; 0.143432
Execution Time; 0.141701
Execution Time; 0.146679
Execution Time; 0.145281
Execution Time; 0.142790
Execution Time; 0.143517
Execution Time; 3.152602
Execution Time; 0.142303
Execution Time; 0.140555
Execution Time; 0.143385
Execution Time; 0.139392
Execution Time; 0.141068
Execution Time; 0.137066
Execution Time; 3.152419
Execution Time; 0.140813
Execution Time; 0.148580
Execution Time; 0.142886
Execution Time; 0.146909
Execution Time; 0.141481
Execution Time; 3.152503
Execution Time; 0.145967
Execution Time; 0.140403
Execution Time; 0.142818
Execution Time; 0.140323
Execution Time; 0.146482
Execution Time; 0.150781
Execution Time; 3.160901
Execution Time; 0.142154
Execution Time; 0.145938
Execution Time; 0.141476
Execution Time; 0.140862
Execution Time; 0.146571
Execution Time; 0.148156
Execution Time; 3.155974
Execution Time; 0.146692
Execution Time; 0.143935
Execution Time; 0.140372
Execution Time; 0.145547
Execution Time; 0.142775
Execution Time; 3.151999
Execution Time; 0.142956
Execution Time; 0.146313
Execution Time; 0.143057
Execution Time; 0.146216
Execution Time; 0.155205
Execution Time; 0.147151
Execution Time; 3.156825
Execution Time; 0.142666
Execution Time; 0.141625
Execution Time; 0.143169
Execution Time; 0.149332
Execution Time; 0.142276
Execution Time; 0.141566
Execution Time; 0.142797
Execution Time; 0.145197
Execution Time; 0.143304
Execution Time; 0.146124
Execution Time; 0.141212
Execution Time; 0.143031
Execution Time; 3.152314
Execution Time; 0.141612
Execution Time; 0.145844
Execution Time; 0.147505
Execution Time; 0.146336
Execution Time; 0.140449
Execution Time; 0.142569
Execution Time; 0.145514
Execution Time; 0.148143
Execution Time; 0.141417
Execution Time; 0.143298
Execution Time; 0.143061
Execution Time; 0.143500
Execution Time; 3.163409
Execution Time; 0.149167
Execution Time; 0.141833
Execution Time; 0.140755
Execution Time; 0.141077
Execution Time; 0.147391
Execution Time; 0.150152
Execution Time; 3.150989
Execution Time; 0.146694
Execution Time; 0.143505
Execution Time; 0.146603
Execution Time; 0.147067
Execution Time; 0.141787
Execution Time; 3.155477
Execution Time; 0.146705
Execution Time; 0.143179
Execution Time; 0.142969
Execution Time; 0.147112
Execution Time; 0.147325
Execution Time; 0.143127
Execution Time; 3.158823
Execution Time; 0.141383
Execution Time; 0.147714
Execution Time; 0.146301
Execution Time; 0.144373
Execution Time; 0.143180
Execution Time; 3.160531
Execution Time; 0.150416
Execution Time; 0.145760
Execution Time; 0.141973
Execution Time; 0.142419
Execution Time; 0.146923
Execution Time; 0.142582
Execution Time; 3.153094
Execution Time; 0.139895
Execution Time; 0.142622
Execution Time; 0.149516
Execution Time; 0.143098
Execution Time; 0.154636
Execution Time; 0.151185
Execution Time; 3.154433
Execution Time; 0.142543
Execution Time; 0.143250
Execution Time; 0.147159
Execution Time; 0.140063
Execution Time; 0.149489
Execution Time; 3.153178
Execution Time; 0.143436
Execution Time; 0.147331
Execution Time; 0.148074
Execution Time; 0.147437
Execution Time; 0.142938
Execution Time; 0.154003
Execution Time; 3.152592
Execution Time; 0.142905
Execution Time; 0.143257
Execution Time; 0.144052
Execution Time; 0.143419
Execution Time; 0.142957
Execution Time; 0.143194
Execution Time; 0.146527
Execution Time; 0.142780
Execution Time; 0.150053
Execution Time; 0.145634
Execution Time; 0.142136
Execution Time; 0.141098
Execution Time; 3.157579
Execution Time; 0.141016
Execution Time; 0.145864
Execution Time; 0.150799
Execution Time; 0.142889
Execution Time; 0.146869
Execution Time; 0.145303
Execution Time; 3.156411
Execution Time; 0.147909
Execution Time; 0.146853
Execution Time; 0.155944
Execution Time; 0.143405
Execution Time; 0.147851
Execution Time; 3.155432
Execution Time; 0.143837
Execution Time; 0.142876
Execution Time; 0.143313
Execution Time; 0.142333
Execution Time; 0.157081
Execution Time; 0.142686
Execution Time; 3.158025
Execution Time; 0.143476
Execution Time; 0.146443
Execution Time; 0.148830
Execution Time; 0.150621
Execution Time; 0.148774
Execution Time; 3.155939
Execution Time; 0.147942
Execution Time; 0.145100
Execution Time; 0.147028
Execution Time; 0.143121
Execution Time; 0.143059
Execution Time; 0.143037
Execution Time; 3.154980
Execution Time; 0.141474
Execution Time; 0.148292
Execution Time; 0.141237
Execution Time; 0.144741
Execution Time; 0.147479
Execution Time; 3.160890
Execution Time; 0.142169
Execution Time; 0.140952
Execution Time; 0.146425
Execution Time; 0.155474
Execution Time; 0.141652
Execution Time; 0.146747
Execution Time; 3.153117
Execution Time; 0.143277
Execution Time; 0.143800
Execution Time; 0.149194
Execution Time; 0.143442
Execution Time; 0.142768
Execution Time; 0.143337
Execution Time; 0.148914
Execution Time; 0.142733
Execution Time; 0.142756
Execution Time; 0.143009
Execution Time; 0.141903
Execution Time; 0.146575
Execution Time; 3.159924
Execution Time; 0.142813
Execution Time; 0.143356
Execution Time; 0.143282
Execution Time; 0.140056
Execution Time; 0.143301
Execution Time; 0.147836
Execution Time; 3.158803
Execution Time; 0.146342
Execution Time; 0.143068
Execution Time; 0.142257
Execution Time; 0.143374
Execution Time; 0.148341
Execution Time; 3.156298
Execution Time; 0.143074
Execution Time; 0.141183
Execution Time; 0.140199
Execution Time; 0.143025
Execution Time; 0.146050
Execution Time; 0.144199
Execution Time; 3.153315
Execution Time; 0.150049
Execution Time; 0.140621
Execution Time; 0.151769
Execution Time; 0.143482
Execution Time; 0.143853
Execution Time; 0.142651
Execution Time; 3.151932
Execution Time; 0.146286
Execution Time; 0.146478
Execution Time; 0.141692
Execution Time; 0.150849
Execution Time; 0.146342
Execution Time; 3.154260
Execution Time; 0.145555
Execution Time; 0.142885
Execution Time; 0.142941
Execution Time; 0.142732
Execution Time; 0.142460
Execution Time; 0.141968
Execution Time; 3.153949
Execution Time; 0.143335
Execution Time; 0.150144
Execution Time; 0.142591
Execution Time; 0.147795
Execution Time; 0.142420
Execution Time; 0.142663
Execution Time; 3.152250
Execution Time; 0.140970
Execution Time; 0.146321
Execution Time; 0.142520
Execution Time; 0.140565
Execution Time; 0.146579
Execution Time; 3.156114
Execution Time; 0.146350
Execution Time; 0.143953
Execution Time; 0.143618
Execution Time; 0.143049
Execution Time; 0.149688
Execution Time; 0.142812
Execution Time; 3.164145
Execution Time; 0.150982
Execution Time; 0.149374
Execution Time; 0.142021
Execution Time; 0.141312
Execution Time; 0.146699
Execution Time; 3.164097
Execution Time; 0.145330
Execution Time; 0.142291
Execution Time; 0.144931
Execution Time; 0.142726
Execution Time; 0.145634
Execution Time; 0.154145
Execution Time; 3.159280
Execution Time; 0.142663
Execution Time; 0.143156
Execution Time; 0.141406
Execution Time; 0.142617
Execution Time; 0.148625
Execution Time; 3.155367
Execution Time; 0.147372
Execution Time; 0.147284
Execution Time; 0.146777
Execution Time; 0.140891
Execution Time; 0.145120
Execution Time; 0.156825
Execution Time; 3.155885
Execution Time; 0.142458
Execution Time; 0.141758
Execution Time; 0.145601
Execution Time; 0.148289
Execution Time; 0.143454
Execution Time; 3.156489
Execution Time; 0.139715
Execution Time; 0.142343
Execution Time; 0.141479
Execution Time; 0.141380
Execution Time; 0.146670
Execution Time; 0.144416
Execution Time; 3.166235
Execution Time; 0.153517
Execution Time; 0.146714
Execution Time; 0.148134
Execution Time; 0.145596
Execution Time; 0.142648
Execution Time; 0.147638
Execution Time; 3.151059
Execution Time; 0.143090
Execution Time; 0.141122
Execution Time; 0.146430
Execution Time; 0.143375
Execution Time; 0.143286
Execution Time; 3.152262
Execution Time; 0.146633
Execution Time; 0.153631
Execution Time; 0.147033
Execution Time; 0.147232
Execution Time; 0.140375
Execution Time; 0.142890
Execution Time; 3.159546
Execution Time; 0.143884
Execution Time; 0.142837
Execution Time; 0.150965
Execution Time; 0.143341
Execution Time; 0.140859
Execution Time; 0.146753
Execution Time; 3.160567
Execution Time; 0.145910
Execution Time; 0.150015
Execution Time; 0.142949
Execution Time; 0.142598
Execution Time; 0.143274
Execution Time; 3.157037
Execution Time; 0.142919
Execution Time; 0.150703
Execution Time; 0.146040
Execution Time; 0.139995
Execution Time; 0.143065
Execution Time; 0.140658
Execution Time; 3.155693
Execution Time; 0.147989
Execution Time; 0.146549
Execution Time; 0.140946
Execution Time; 0.148829
Execution Time; 0.141359
Execution Time; 3.156144
Execution Time; 0.143403
Execution Time; 0.150332
Execution Time; 0.145169
Execution Time; 0.143622
Execution Time; 0.140780
Execution Time; 0.153342
Execution Time; 3.156779
Execution Time; 0.148795
Execution Time; 0.146330
Execution Time; 0.142602
Execution Time; 0.141134
Execution Time; 0.141845
Execution Time; 0.149571
Execution Time; 3.158355
Execution Time; 0.145010
Execution Time; 0.150468
Execution Time; 0.143357
Execution Time; 0.151125
Execution Time; 0.148068
Execution Time; 3.153391
Execution Time; 0.140753
Execution Time; 0.142763
Execution Time; 0.147995
Execution Time; 0.149952
Execution Time; 0.142777
Execution Time; 3.152968
Execution Time; 0.142975
Execution Time; 0.142709
Execution Time; 0.146562
Execution Time; 0.145547
Execution Time; 0.142714
Execution Time; 0.150975
Execution Time; 3.161155
Execution Time; 0.143009
Execution Time; 0.150452
Execution Time; 0.144779
Execution Time; 0.141762
Execution Time; 0.147079
Execution Time; 0.141399
Execution Time; 3.153609
Execution Time; 0.143955
Execution Time; 0.143185
Execution Time; 0.146540
Execution Time; 0.150335
Execution Time; 0.144566
Execution Time; 3.158110
Execution Time; 0.149078
Execution Time; 0.147120
Execution Time; 0.142512
Execution Time; 0.148566
Execution Time; 0.142890
Execution Time; 0.146542
Execution Time; 3.158615
Execution Time; 0.143556
Execution Time; 0.141777
Execution Time; 0.149414
Execution Time; 0.146705
Execution Time; 0.141809
Execution Time; 3.155679
Execution Time; 0.150384
Execution Time; 0.143500
Execution Time; 0.149439
Execution Time; 0.147435
Execution Time; 0.142502
Execution Time; 0.146352
Execution Time; 3.153374
Execution Time; 0.142462
Execution Time; 0.153949
Execution Time; 0.142820
Execution Time; 0.144479
Execution Time; 0.143009
Execution Time; 3.152559
Execution Time; 0.140393
Execution Time; 0.151574
Execution Time; 0.147045
Execution Time; 0.150769
Execution Time; 0.150899
Execution Time; 0.145197
Execution Time; 3.152117
Execution Time; 0.142651
Execution Time; 0.146782
Execution Time; 0.141945
Execution Time; 0.153649
Execution Time; 0.144265
Execution Time; 0.146596
Execution Time; 3.152740
Execution Time; 0.146716
Execution Time; 0.142786
Execution Time; 0.154105
Execution Time; 0.143093
Execution Time; 0.142417
Execution Time; 3.153035
Execution Time; 0.143237
Execution Time; 0.145074
Execution Time; 0.146724
Execution Time; 0.142606
Execution Time; 0.143860
Execution Time; 0.143413
Execution Time; 3.158896
Execution Time; 0.150091
Execution Time; 0.146446
Execution Time; 0.146221
Execution Time; 0.143908
Execution Time; 0.146531
Execution Time; 3.151606
Execution Time; 0.143947
Execution Time; 0.152661
Execution Time; 0.147223
Execution Time; 0.146753
Execution Time; 0.143934
Execution Time; 0.152385
Execution Time; 3.158629
Execution Time; 0.142683
Execution Time; 0.141486
Execution Time; 0.155938
Execution Time; 0.143766
Execution Time; 0.145962
Execution Time; 3.153918
Execution Time; 0.142798
Execution Time; 0.141361
Execution Time; 0.140565
Execution Time; 0.142835
Execution Time; 0.143564
Execution Time; 0.160188
Execution Time; 3.151575
Execution Time; 0.148662
Execution Time; 0.140320
Execution Time; 0.141166
Execution Time; 0.146195
Execution Time; 0.140086
Execution Time; 3.155985
Execution Time; 0.147402
Execution Time; 0.140982
Execution Time; 0.141289
Execution Time; 0.146007
Execution Time; 0.146250
Execution Time; 0.155655
Execution Time; 3.153191
Execution Time; 0.144133
Execution Time; 0.140727
Execution Time; 0.143454
Execution Time; 0.148491
Execution Time; 0.147346
Execution Time; 3.156262
Execution Time; 0.143375
Execution Time; 0.151343
Execution Time; 0.142714
Execution Time; 0.142959
Execution Time; 0.140496
Execution Time; 0.147802
Execution Time; 3.149054
Execution Time; 0.150998
Execution Time; 0.144440
Execution Time; 0.143457
Execution Time; 0.143436
Execution Time; 0.141645
Execution Time; 0.146481
Execution Time; 3.153167
Execution Time; 0.146303
Execution Time; 0.140779
Execution Time; 0.142717
Execution Time; 0.143371
Execution Time; 0.151633
Execution Time; 3.152867
Execution Time; 0.143691
Execution Time; 0.141726
Execution Time; 0.147794
Execution Time; 0.146107
Execution Time; 0.143334
Execution Time; 0.147211
Execution Time; 3.154833
Execution Time; 0.143280
Execution Time; 0.149896
Execution Time; 0.145389
Execution Time; 0.140885
Execution Time; 0.142679
Execution Time; 0.147306
Execution Time; 3.160198
Execution Time; 0.152888
Execution Time; 0.147687
Execution Time; 0.151633
Execution Time; 0.142472
Execution Time; 0.145924
Execution Time; 3.152637
Execution Time; 0.146607
Execution Time; 0.143367
Execution Time; 0.143314
Execution Time; 0.149227
Execution Time; 0.146664
Execution Time; 0.147946
Execution Time; 3.211739
Execution Time; 0.147677
Execution Time; 0.147335
Execution Time; 0.140857
Execution Time; 0.151229
Execution Time; 0.140303
Execution Time; 3.153635
Execution Time; 0.146771
Execution Time; 0.153676
Execution Time; 0.142538
Execution Time; 0.150555
Execution Time; 0.151180
Execution Time; 0.140244
Execution Time; 3.153575
Execution Time; 0.140889
Execution Time; 0.142357
Execution Time; 0.142899
Execution Time; 0.143252
Execution Time; 0.147014
Execution Time; 3.162566
Execution Time; 0.142055
Execution Time; 0.143041
Execution Time; 0.142655
Execution Time; 0.149898
Execution Time; 0.143157
Execution Time; 0.146536
Execution Time; 3.157631
Execution Time; 0.147480
Execution Time; 0.143384
Execution Time; 0.147368
Execution Time; 0.152048
Execution Time; 0.149553
Execution Time; 3.163392
INIT: Switching to runlevel: 0INIT: Sending processes the TERM signal
[[36minfo[39;49m] Using makefile-style concurrent boot in runlevel 0.
[[36minfo[39;49m] Saving the system clock.
[[36minfo[39;49m] Hardware Clock updated to Sun Dec 11 22:19:09 UTC 2016.
[....] Asking all remaining processes to terminate...[?25l[?1c7[1G[[32m ok [39;49m8[?25h[?0cdone.
[....] All processes ended within 2 seconds...[?25l[?1c7[1G[[32m ok [39;49m8[?25h[?0cdone.
[....] Deconfiguring network interfaces...Internet Systems Consortium DHCP Client 4.2.2
Copyright 2004-2011 Internet Systems Consortium.
All rights reserved.
For info, please visit https://www.isc.org/software/dhcp/

Listening on LPF/eth0/52:54:00:12:34:56
Sending on   LPF/eth0/52:54:00:12:34:56
Sending on   Socket/fallback
DHCPRELEASE on eth0 to 10.0.2.2 port 67
[?25l[?1c7[1G[[32m ok [39;49m8[?25h[?0cdone.
[....] Deactivating swap...[?25l[?1c7[1G[[32m ok [39;49m8[?25h[?0cdone.
[  522.096256] EXT4-fs (sda1): re-mounted. Opts: (null)
[[36minfo[39;49m] Will now halt.
[  525.734649] sd 0:0:0:0: [sda] Stopping disk
[  525.740627] ACPI: Preparing to enter system sleep state S5
[  525.742044] Power down.
aff-executor-preload.c:affhooks_init()
aff-executor-preload.c:affhooks_shut()
HELLO KITTY
