aff-executor-preload.c:affhooks_init()
[H[J[?25l[m[H[J[2;25HGNU GRUB  version 1.99-27+deb7u2

[m[4;2H+--------------------------------------------------------------------------+[5;2H|[5;77H|[6;2H|[6;77H|[7;2H|[7;77H|[8;2H|[8;77H|[9;2H|[9;77H|[10;2H|[10;77H|[11;2H|[11;77H|[12;2H|[12;77H|[13;2H|[13;77H|[14;2H|[14;77H|[15;2H|[15;77H|[16;2H|[16;77H|[17;2H+--------------------------------------------------------------------------+[m[18;2H[m
      Use the ^ and v keys to select which entry is highlighted.      
      Press enter to boot the selected OS, 'e' to edit the commands      
      before booting or 'c' for a command-line.      
      [5;78H [7m[5;3HDebian GNU/Linux, with Linux 3.2.0-4-amd64                               [m [5;76H[m[m[6;3HDebian GNU/Linux, with Linux 3.2.0-4-amd64 (recovery mode)               [m [6;76H[m[m[7;3H                                                                         [m [7;76H[m[m[8;3H                                                                         [m [8;76H[m[m[9;3H                                                                         [m [9;76H[m[m[10;3H                                                                         [m [10;76H[m[m[11;3H                                                                         [m [11;76H[m[m[12;3H                                                                         [m [12;76H[m[m[13;3H                                                                         [m [13;76H[m[m[14;3H                                                                         [m [14;76H[m[m[15;3H                                                                         [m [15;76H[m[m[16;3H                                                                         [m [16;76H[m[16;78H [5;76H[22;1H   The highlighted entry will be executed automatically in 5s.                 [5;76H[22;1H   The highlighted entry will be executed automatically in 4s.                 [5;76H[22;1H   The highlighted entry will be executed automatically in 3s.                 [5;76H[22;1H   The highlighted entry will be executed automatically in 2s.                 [5;76H[22;1H   The highlighted entry will be executed automatically in 1s.                 [5;76H[22;1H   The highlighted entry will be executed automatically in 0s.                 [5;76H[?25h[H[J[H[J  Booting 'Debian GNU/Linux, with Linux 3.2.0-4-amd64'

Loading Linux 3.2.0-4-amd64 ...
Loading initial ramdisk ...
[    0.000000] Initializing cgroup subsys cpuset
[    0.000000] Initializing cgroup subsys cpu
[    0.000000] Linux version 3.2.0-4-amd64 (debian-kernel@lists.debian.org) (gcc version 4.6.3 (Debian 4.6.3-14) ) #1 SMP Debian 3.2.68-1+deb7u3
[    0.000000] Command line: BOOT_IMAGE=/boot/vmlinuz-3.2.0-4-amd64 root=UUID=e35ebd7f-2405-4c97-9c3e-26919d55a9e5 ro console=tty0 console=ttyS0,115200n8
[    0.000000] BIOS-provided physical RAM map:
[    0.000000]  BIOS-e820: 0000000000000000 - 000000000009fc00 (usable)
[    0.000000]  BIOS-e820: 000000000009fc00 - 00000000000a0000 (reserved)
[    0.000000]  BIOS-e820: 00000000000f0000 - 0000000000100000 (reserved)
[    0.000000]  BIOS-e820: 0000000000100000 - 00000000bfffe000 (usable)
[    0.000000]  BIOS-e820: 00000000bfffe000 - 00000000c0000000 (reserved)
[    0.000000]  BIOS-e820: 00000000feffc000 - 00000000ff000000 (reserved)
[    0.000000]  BIOS-e820: 00000000fffc0000 - 0000000100000000 (reserved)
[    0.000000]  BIOS-e820: 0000000100000000 - 0000000440000000 (usable)
[    0.000000] NX (Execute Disable) protection: active
[    0.000000] SMBIOS 2.4 present.
[    0.000000] No AGP bridge found
[    0.000000] last_pfn = 0x440000 max_arch_pfn = 0x400000000
[    0.000000] x86 PAT enabled: cpu 0, old 0x70406, new 0x7010600070106
[    0.000000] last_pfn = 0xbfffe max_arch_pfn = 0x400000000
[    0.000000] found SMP MP-table at [ffff8800000f0b10] f0b10
[    0.000000] Using GB pages for direct mapping
[    0.000000] init_memory_mapping: 0000000000000000-00000000bfffe000
[    0.000000] init_memory_mapping: 0000000100000000-0000000440000000
[    0.000000] RAMDISK: 36c6c000 - 3762e000
[    0.000000] ACPI: RSDP 00000000000f08e0 00014 (v00 BOCHS )
[    0.000000] ACPI: RSDT 00000000bffffcfc 00034 (v01 BOCHS  BXPCRSDT 00000001 BXPC 00000001)
[    0.000000] ACPI: FACP 00000000bffff1c0 00074 (v01 BOCHS  BXPCFACP 00000001 BXPC 00000001)
[    0.000000] ACPI: DSDT 00000000bfffe040 01180 (v01 BOCHS  BXPCDSDT 00000001 BXPC 00000001)
[    0.000000] ACPI: FACS 00000000bfffe000 00040
[    0.000000] ACPI: SSDT 00000000bffff234 00A00 (v01 BOCHS  BXPCSSDT 00000001 BXPC 00000001)
[    0.000000] ACPI: APIC 00000000bffffc34 00090 (v01 BOCHS  BXPCAPIC 00000001 BXPC 00000001)
[    0.000000] ACPI: HPET 00000000bffffcc4 00038 (v01 BOCHS  BXPCHPET 00000001 BXPC 00000001)
[    0.000000] No NUMA configuration found
[    0.000000] Faking a node at 0000000000000000-0000000440000000
[    0.000000] Initmem setup node 0 0000000000000000-0000000440000000
[    0.000000]   NODE_DATA [000000043fffb000 - 000000043fffffff]
[    0.000000] kvm-clock: Using msrs 4b564d01 and 4b564d00
[    0.000000] kvm-clock: cpu 0, msr 0:16a8741, boot clock
[    0.000000] Zone PFN ranges:
[    0.000000]   DMA      0x00000010 -> 0x00001000
[    0.000000]   DMA32    0x00001000 -> 0x00100000
[    0.000000]   Normal   0x00100000 -> 0x00440000
[    0.000000] Movable zone start PFN for each node
[    0.000000] early_node_map[3] active PFN ranges
[    0.000000]     0: 0x00000010 -> 0x0000009f
[    0.000000]     0: 0x00000100 -> 0x000bfffe
[    0.000000]     0: 0x00100000 -> 0x00440000
[    0.000000] ACPI: PM-Timer IO Port: 0xb008
[    0.000000] ACPI: LAPIC (acpi_id[0x00] lapic_id[0x00] enabled)
[    0.000000] ACPI: LAPIC (acpi_id[0x01] lapic_id[0x01] enabled)
[    0.000000] ACPI: LAPIC (acpi_id[0x02] lapic_id[0x02] enabled)
[    0.000000] ACPI: LAPIC (acpi_id[0x03] lapic_id[0x03] enabled)
[    0.000000] ACPI: LAPIC_NMI (acpi_id[0xff] dfl dfl lint[0x1])
[    0.000000] ACPI: IOAPIC (id[0x00] address[0xfec00000] gsi_base[0])
[    0.000000] IOAPIC[0]: apic_id 0, version 17, address 0xfec00000, GSI 0-23
[    0.000000] ACPI: INT_SRC_OVR (bus 0 bus_irq 0 global_irq 2 dfl dfl)
[    0.000000] ACPI: INT_SRC_OVR (bus 0 bus_irq 5 global_irq 5 high level)
[    0.000000] ACPI: INT_SRC_OVR (bus 0 bus_irq 9 global_irq 9 high level)
[    0.000000] ACPI: INT_SRC_OVR (bus 0 bus_irq 10 global_irq 10 high level)
[    0.000000] ACPI: INT_SRC_OVR (bus 0 bus_irq 11 global_irq 11 high level)
[    0.000000] Using ACPI (MADT) for SMP configuration information
[    0.000000] ACPI: HPET id: 0x8086a201 base: 0xfed00000
[    0.000000] SMP: Allowing 4 CPUs, 0 hotplug CPUs
[    0.000000] PM: Registered nosave memory: 000000000009f000 - 00000000000a0000
[    0.000000] PM: Registered nosave memory: 00000000000a0000 - 00000000000f0000
[    0.000000] PM: Registered nosave memory: 00000000000f0000 - 0000000000100000
[    0.000000] PM: Registered nosave memory: 00000000bfffe000 - 00000000c0000000
[    0.000000] PM: Registered nosave memory: 00000000c0000000 - 00000000feffc000
[    0.000000] PM: Registered nosave memory: 00000000feffc000 - 00000000ff000000
[    0.000000] PM: Registered nosave memory: 00000000ff000000 - 00000000fffc0000
[    0.000000] PM: Registered nosave memory: 00000000fffc0000 - 0000000100000000
[    0.000000] Allocating PCI resources starting at c0000000 (gap: c0000000:3effc000)
[    0.000000] Booting paravirtualized kernel on KVM
[    0.000000] setup_percpu: NR_CPUS:512 nr_cpumask_bits:512 nr_cpu_ids:4 nr_node_ids:1
[    0.000000] PERCPU: Embedded 27 pages/cpu @ffff88043fc00000 s78912 r8192 d23488 u524288
[    0.000000] kvm-clock: cpu 0, msr 4:3fc12741, primary cpu clock
[    0.000000] KVM setup async PF for cpu 0
[    0.000000] kvm-stealtime: cpu 0, msr 43fc0cfc0
[    0.000000] Built 1 zonelists in Zone order, mobility grouping on.  Total pages: 4133256
[    0.000000] Policy zone: Normal
[    0.000000] Kernel command line: BOOT_IMAGE=/boot/vmlinuz-3.2.0-4-amd64 root=UUID=e35ebd7f-2405-4c97-9c3e-26919d55a9e5 ro console=tty0 console=ttyS0,115200n8
[    0.000000] PID hash table entries: 4096 (order: 3, 32768 bytes)
[    0.000000] xsave/xrstor: enabled xstate_bv 0x7, cntxt size 0x340
[    0.000000] Checking aperture...
[    0.000000] No AGP bridge found
[    0.000000] Memory: 16462372k/17825792k available (3434k kernel code, 1049036k absent, 314384k reserved, 3305k data, 580k init)
[    0.000000] Hierarchical RCU implementation.
[    0.000000] 	RCU dyntick-idle grace-period acceleration is enabled.
[    0.000000] NR_IRQS:33024 nr_irqs:712 16
[    0.000000] Console: colour VGA+ 80x25
[    0.000000] console [tty0] enabled
[    0.000000] console [ttyS0] enabled
[    0.000000] Detected 2199.998 MHz processor.
[    0.008000] Calibrating delay loop (skipped) preset value.. 4399.99 BogoMIPS (lpj=8799992)
[    0.008000] pid_max: default: 32768 minimum: 301
[    0.008000] Security Framework initialized
[    0.008009] AppArmor: AppArmor disabled by boot time parameter
[    0.010218] Dentry cache hash table entries: 2097152 (order: 12, 16777216 bytes)
[    0.016930] Inode-cache hash table entries: 1048576 (order: 11, 8388608 bytes)
[    0.020238] Mount-cache hash table entries: 256
[    0.021221] Initializing cgroup subsys cpuacct
[    0.022063] Initializing cgroup subsys memory
[    0.022905] Initializing cgroup subsys devices
[    0.023779] Initializing cgroup subsys freezer
[    0.024006] Initializing cgroup subsys net_cls
[    0.024912] Initializing cgroup subsys blkio
[    0.025736] Initializing cgroup subsys perf_event
[    0.026695] mce: CPU supports 10 MCE banks
[    0.029292] ACPI: Core revision 20110623
[    0.031250] Enabling x2apic
[    0.031906] Enabled x2apic
[    0.032006] Switched APIC routing to physical x2apic.
[    0.034089] ..TIMER: vector=0x30 apic1=0 pin1=2 apic2=-1 pin2=-1
[    0.036004] CPU0: Intel(R) Xeon(R) CPU E5-4620 0 @ 2.20GHz stepping 07
[    0.040002] Performance Events: SandyBridge events, Intel PMU driver.
[    0.040002] ... version:                2
[    0.040002] ... bit width:              48
[    0.040002] ... generic registers:      4
[    0.040005] ... value mask:             0000ffffffffffff
[    0.041141] ... max period:             000000007fffffff
[    0.042267] ... fixed-purpose events:   3
[    0.043173] ... event mask:             000000070000000f
[    0.044471] NMI watchdog enabled, takes one hw-pmu counter.
[    0.045823] Booting Node   0, Processors  #1
[    0.064024] KVM setup async PF for cpu 1
[    0.064024] kvm-stealtime: cpu 1, msr 43fc8cfc0
[    0.069096] NMI watchdog enabled, takes one hw-pmu counter.
[    0.064024] kvm-clock: cpu 1, msr 4:3fc92741, secondary cpu clock
[    0.071743]  #2
[    0.088023] KVM setup async PF for cpu 2
[    0.088023] kvm-stealtime: cpu 2, msr 43fd0cfc0
[    0.093718] NMI watchdog enabled, takes one hw-pmu counter.
[    0.088023] kvm-clock: cpu 2, msr 4:3fd12741, secondary cpu clock
[    0.096211]  #3 Ok.
[    0.116028] KVM setup async PF for cpu 3
[    0.116028] kvm-stealtime: cpu 3, msr 43fd8cfc0
[    0.116028] kvm-clock: cpu 3, msr 4:3fd92741, secondary cpu clock
[    0.117814] NMI watchdog enabled, takes one hw-pmu counter.
[    0.120426] Brought up 4 CPUs
[    0.121163] Total of 4 processors activated (17599.98 BogoMIPS).
[    0.122902] devtmpfs: initialized
[    0.127243] print_constraints: dummy: 
[    0.128185] NET: Registered protocol family 16
[    0.129173] ACPI: bus type pci registered
[    0.130076] PCI: Using configuration type 1 for base access
[    0.132250] bio: create slab <bio-0> at 0
[    0.133499] ACPI: Added _OSI(Module Device)
[    0.133499] ACPI: Added _OSI(Processor Device)
[    0.133901] ACPI: Added _OSI(3.0 _SCP Extensions)
[    0.136026] ACPI: Added _OSI(Processor Aggregator Device)
[    0.140197] ACPI: Interpreter enabled
[    0.140988] ACPI: (supports S0 S3 S4 S5)
[    0.142141] ACPI: Using IOAPIC for interrupt routing
[    0.146583] ACPI: No dock devices found.
[    0.147371] HEST: Table not found.
[    0.148025] PCI: Using host bridge windows from ACPI; if necessary, use "pci=nocrs" and report a bug
[    0.149798] ACPI: PCI Root Bridge [PCI0] (domain 0000 [bus 00-ff])
[    0.151018] pci_root PNP0A03:00: host bridge window [io  0x0000-0x0cf7]
[    0.152024] pci_root PNP0A03:00: host bridge window [io  0x0d00-0xadff]
[    0.153229] pci_root PNP0A03:00: host bridge window [io  0xae0f-0xaeff]
[    0.154376] pci_root PNP0A03:00: host bridge window [io  0xaf20-0xafdf]
[    0.155518] pci_root PNP0A03:00: host bridge window [io  0xafe4-0xffff]
[    0.156022] pci_root PNP0A03:00: host bridge window [mem 0x000a0000-0x000bffff]
[    0.157413] pci_root PNP0A03:00: host bridge window [mem 0xc0000000-0xfebfffff]
[    0.164526] pci 0000:00:01.3: quirk: [io  0xb000-0xb03f] claimed by PIIX4 ACPI
[    0.165995] pci 0000:00:01.3: quirk: [io  0xb100-0xb10f] claimed by PIIX4 SMB
[    0.181265]  pci0000:00: Unable to request _OSC control (_OSC support mask: 0x1e)
[    0.184888] ACPI: PCI Interrupt Link [LNKA] (IRQs 5 *10 11)
[    0.186469] ACPI: PCI Interrupt Link [LNKB] (IRQs 5 *10 11)
[    0.187937] ACPI: PCI Interrupt Link [LNKC] (IRQs 5 10 *11)
[    0.188889] ACPI: PCI Interrupt Link [LNKD] (IRQs 5 10 *11)
[    0.190370] ACPI: PCI Interrupt Link [LNKS] (IRQs *9)
[    0.192231] vgaarb: device added: PCI:0000:00:02.0,decodes=io+mem,owns=io+mem,locks=none
[    0.193637] vgaarb: loaded
[    0.194249] vgaarb: bridge control possible 0000:00:02.0
[    0.195211] PCI: Using ACPI for IRQ routing
[    0.196264] HPET: 3 timers in total, 0 timers will be used for per-cpu timer
[    0.197537] hpet0: at MMIO 0xfed00000, IRQs 2, 8, 0
[    0.204021] hpet0: 3 comparators, 64-bit 100.000000 MHz counter
[    0.216505] Switching to clocksource kvm-clock
[    3.229215] pnp: PnP ACPI init
[    3.230725] ACPI: bus type pnp registered
[    3.234282] pnp: PnP ACPI: found 9 devices
[    3.236058] ACPI: ACPI bus type pnp unregistered
[    3.251440] NET: Registered protocol family 2
[    3.255528] IP route cache hash table entries: 524288 (order: 10, 4194304 bytes)
[    3.259557] TCP established hash table entries: 524288 (order: 11, 8388608 bytes)
[    3.264191] TCP bind hash table entries: 65536 (order: 8, 1048576 bytes)
[    3.266257] TCP: Hash tables configured (established 524288 bind 65536)
[    3.267619] TCP reno registered
[    3.268462] UDP hash table entries: 8192 (order: 6, 262144 bytes)
[    3.269797] UDP-Lite hash table entries: 8192 (order: 6, 262144 bytes)
[    3.271468] NET: Registered protocol family 1
[    3.272507] pci 0000:00:00.0: Limiting direct PCI/PCI transfers
[    3.273784] pci 0000:00:01.0: PIIX3: Enabling Passive Release
[    3.275021] pci 0000:00:01.0: Activating ISA DMA hang workarounds
[    3.276468] Unpacking initramfs...
[    3.504269] Freeing initrd memory: 9992k freed
[    3.507840] PCI-DMA: Using software bounce buffering for IO (SWIOTLB)
[    3.509251] Placing 64MB software IO TLB between ffff8800bbffe000 - ffff8800bfffe000
[    3.510960] software IO TLB at phys 0xbbffe000 - 0xbfffe000
[    3.513380] audit: initializing netlink socket (disabled)
[    3.514582] type=2000 audit(1483385926.512:1): initialized
[    3.532634] HugeTLB registered 2 MB page size, pre-allocated 0 pages
[    3.536467] VFS: Disk quotas dquot_6.5.2
[    3.537528] Dquot-cache hash table entries: 512 (order 0, 4096 bytes)
[    3.538991] msgmni has been set to 32172
[    3.540365] alg: No test for stdrng (krng)
[    3.541472] Block layer SCSI generic (bsg) driver version 0.4 loaded (major 253)
[    3.543136] io scheduler noop registered
[    3.544085] io scheduler deadline registered
[    3.545145] io scheduler cfq registered (default)
[    3.546322] pci_hotplug: PCI Hot Plug PCI Core version: 0.5
[    3.547545] pciehp: PCI Express Hot Plug Controller Driver version: 0.4
[    3.548924] acpiphp: ACPI Hot Plug PCI Controller Driver version: 0.5
[    3.550326] acpiphp: Slot [3] registered
[    3.551326] acpiphp: Slot [4] registered
[    3.552296] acpiphp: Slot [5] registered
[    3.553237] acpiphp: Slot [6] registered
[    3.554186] acpiphp: Slot [7] registered
[    3.555166] acpiphp: Slot [8] registered
[    3.556122] acpiphp: Slot [9] registered
[    3.557053] acpiphp: Slot [10] registered
[    3.558012] acpiphp: Slot [11] registered
[    3.558958] acpiphp: Slot [12] registered
[    3.559906] acpiphp: Slot [13] registered
[    3.560879] acpiphp: Slot [14] registered
[    3.561818] acpiphp: Slot [15] registered
[    3.562760] acpiphp: Slot [16] registered
[    3.563732] acpiphp: Slot [17] registered
[    3.564711] acpiphp: Slot [18] registered
[    3.565661] acpiphp: Slot [19] registered
[    3.566601] acpiphp: Slot [20] registered
[    3.567548] acpiphp: Slot [21] registered
[    3.568529] acpiphp: Slot [22] registered
[    3.569479] acpiphp: Slot [23] registered
[    3.570419] acpiphp: Slot [24] registered
[    3.571388] acpiphp: Slot [25] registered
[    3.572361] acpiphp: Slot [26] registered
[    3.573318] acpiphp: Slot [27] registered
[    3.574266] acpiphp: Slot [28] registered
[    3.575236] acpiphp: Slot [29] registered
[    3.576204] acpiphp: Slot [30] registered
[    3.577148] acpiphp: Slot [31] registered
[    3.578245] ERST: Table is not found!
[    3.579113] GHES: HEST is not enabled!
[    3.580156] Serial: 8250/16550 driver, 4 ports, IRQ sharing enabled
[    3.603084] serial8250: ttyS0 at I/O 0x3f8 (irq = 4) is a 16550A
[    3.639163] 00:06: ttyS0 at I/O 0x3f8 (irq = 4) is a 16550A
[    3.640729] Linux agpgart interface v0.103
[    3.641870] i8042: PNP: PS/2 Controller [PNP0303:KBD,PNP0f13:MOU] at 0x60,0x64 irq 1,12
[    3.644455] serio: i8042 KBD port at 0x60,0x64 irq 1
[    3.645539] serio: i8042 AUX port at 0x60,0x64 irq 12
[    3.646873] mousedev: PS/2 mouse device common for all mice
[    3.648941] input: AT Translated Set 2 keyboard as /devices/platform/i8042/serio0/input/input0
[    3.651029] rtc_cmos 00:01: RTC can wake from S4
[    3.652455] rtc_cmos 00:01: rtc core: registered rtc_cmos as rtc0
[    3.653930] rtc0: alarms up to one day, 114 bytes nvram, hpet irqs
[    3.655242] cpuidle: using governor ladder
[    3.656214] cpuidle: using governor menu
[    3.657353] TCP cubic registered
[    3.658507] NET: Registered protocol family 10
[    3.660202] Mobile IPv6
[    3.660879] NET: Registered protocol family 17
[    3.661864] Registering the dns_resolver key type
[    3.663254] registered taskstats version 1
[    3.665230] rtc_cmos 00:01: setting system clock to 2017-01-02 19:38:47 UTC (1483385927)
[    3.667019] Initializing network drop monitor service
[    3.669749] Freeing unused kernel memory: 580k freed
[    3.670995] Write protecting the kernel read-only data: 6144k
[    3.674770] Freeing unused kernel memory: 644k freed
[    3.678582] Freeing unused kernel memory: 688k freed
Loading, please wait...
[    3.692865] udevd[58]: starting version 175
[    3.716458] e1000: Intel(R) PRO/1000 Network Driver - version 7.3.21-k8-NAPI
[    3.718089] e1000: Copyright (c) 1999-2006 Intel Corporation.
[    3.719724] SCSI subsystem initialized
[    3.719871] ACPI: PCI Interrupt Link [LNKC] enabled at IRQ 11
[    3.727525] Floppy drive(s): fd0 is 1.44M
[    3.744526] FDC 0 is a S82078B
[    4.066092] e1000 0000:00:03.0: eth0: (PCI:33MHz:32-bit) 52:54:00:12:34:56
[    4.067555] e1000 0000:00:03.0: eth0: Intel(R) PRO/1000 Network Connection
[    4.070443] scsi0 : ata_piix
[    4.071628] scsi1 : ata_piix
[    4.072446] ata1: PATA max MWDMA2 cmd 0x1f0 ctl 0x3f6 bmdma 0xc040 irq 14
[    4.073771] ata2: PATA max MWDMA2 cmd 0x170 ctl 0x376 bmdma 0xc048 irq 15
[    4.229318] ata1.00: ATA-7: QEMU HARDDISK, 2.0.0, max UDMA/100
[    4.230754] ata1.00: 9011200 sectors, multi 16: LBA48 
[    7.244162] Refined TSC clocksource calibration: 2199.955 MHz.
[    7.244948] ata1.00: configured for MWDMA2
[    7.248162] scsi 0:0:0:0: Direct-Access     ATA      QEMU HARDDISK    2.0. PQ: 0 ANSI: 5
[    7.251719] ata2.00: ATAPI: QEMU DVD-ROM, 2.0.0, max UDMA/100
[    7.254997] ata2.00: configured for MWDMA2
[    7.257530] scsi 1:0:0:0: CD-ROM            QEMU     QEMU DVD-ROM     2.0. PQ: 0 ANSI: 5
[    7.263697] sd 0:0:0:0: [sda] 9011200 512-byte logical blocks: (4.61 GB/4.29 GiB)
[    7.265493] sd 0:0:0:0: [sda] Write Protect is off
[    7.266600] sd 0:0:0:0: [sda] Write cache: enabled, read cache: enabled, doesn't support DPO or FUA
[    7.269365] sr0: scsi3-mmc drive: 4x/4x cd/rw xa/form2 tray
[    7.270483]  sda: sda1
[    7.271693] cdrom: Uniform CD-ROM driver Revision: 3.20
[    7.271844] sd 0:0:0:0: [sda] Attached SCSI disk
[    7.275850] sd 0:0:0:0: Attached scsi generic sg0 type 0
[    7.277197] sr 1:0:0:0: Attached scsi generic sg1 type 5
Begin: Loading essential drivers ... done.
Begin: Running /scripts/init-premount ... done.
Begin: Mounting root file system ... Begin: Running /scripts/local-top ... done.
Begin: Running /scripts/local-premount ... done.
[    7.880061] EXT4-fs (sda1): mounted filesystem with ordered data mode. Opts: (null)
Begin: Running /scripts/local-bottom ... done.
done.
Begin: Running /scripts/init-bottom ... done.
INIT: version 2.88 booting
[[36minfo[39;49m] Using makefile-style concurrent boot in runlevel S.
findfs: unable to resolve 'UUID="e35ebd7f-2405-4c97-9c3e-26919d55a9e5"'
[....] Starting the hotplug events dispatcher: udevd[    8.232788] udevd[308]: starting version 175
[?25l[?1c7[1G[[32m ok [39;49m8[?25h[?0c.
[....] Synthesizing the initial hotplug events...[   11.295000] input: Power Button as /devices/LNXSYSTM:00/LNXPWRBN:00/input/input1
[   11.296631] ACPI: Power Button [PWRF]
[   11.314514] alg: No test for __gcm-aes-aesni (__driver-gcm-aes-aesni)
[?25l[?1c7[1G[[32m ok [39;49m8[?25h[?0cdone.
[....] [   11.333365] input: PC Speaker as /devices/platform/pcspkr/input/input2
Waiting for /dev to be fully populated...[   11.360967] parport_pc 00:05: reported by Plug and Play ACPI
[   11.362689] parport0: PC-style at 0x378, irq 7 [PCSPP,TRISTATE]
[   11.411921] piix4_smbus 0000:00:01.3: SMBus Host Controller at 0xb100, revision 0
[   11.425545] Error: Driver 'pcspkr' is already registered, aborting...
[?25l[?1c7[1G[[32m ok [39;49m8[?25h[?0cdone.
findfs: unable to resolve 'UUID="e35ebd7f-2405-4c97-9c3e-26919d55a9e5"'
[....] Activating swap...[?25l[?1c7[1G[[32m ok [39;49m8[?25h[?0cdone.
Usage: mountpoint [-q] [-d] [-x] path
[   11.636275] EXT4-fs (sda1): re-mounted. Opts: (null)
[....] Checking root file system...fsck from util-linux 2.20.1
/run/rootdev: clean, 32669/264000 files, 885554/1054720 blocks
[?25l[?1c7[1G[[32m ok [39;49m8[?25h[?0cdone.
[   11.674668] EXT4-fs (sda1): re-mounted. Opts: errors=remount-ro,errors=remount-ro
[....] Cleaning up temporary files... /tmp[?25l[?1c7[1G[[32m ok [39;49m8[?25h[?0c.
findfs: unable to resolve 'UUID="e35ebd7f-2405-4c97-9c3e-26919d55a9e5"'
findfs: unable to resolve 'UUID="e35ebd7f-2405-4c97-9c3e-26919d55a9e5"'
[....] Activating lvm and md swap...[?25l[?1c7[1G[[32m ok [39;49m8[?25h[?0cdone.
[....] Checking file systems...fsck from util-linux 2.20.1
[?25l[?1c7[1G[[32m ok [39;49m8[?25h[?0cdone.
[....] Mounting local filesystems...[?25l[?1c7[1G[[32m ok [39;49m8[?25h[?0cdone.
[   11.998223] input: ImExPS/2 Generic Explorer Mouse as /devices/platform/i8042/serio1/input/input3
[....] Activating swapfile swap...[?25l[?1c7[1G[[32m ok [39;49m8[?25h[?0cdone.
findfs: unable to resolve 'UUID="e35ebd7f-2405-4c97-9c3e-26919d55a9e5"'
[....] Cleaning up temporary files...[?25l[?1c7[1G[[32m ok [39;49m8[?25h[?0c.
[....] Setting kernel variables ...[?25l[?1c7[1G[[32m ok [39;49m8[?25h[?0cdone.
[....] Configuring network interfaces...Internet Systems Consortium DHCP Client 4.2.2
Copyright 2004-2011 Internet Systems Consortium.
All rights reserved.
For info, please visit https://www.isc.org/software/dhcp/

[   12.175072] ADDRCONF(NETDEV_UP): eth0: link is not ready
Listening on LPF/eth0/52:54:00:12:34:56
Sending on   LPF/eth0/52:54:00:12:34:56
Sending on   Socket/fallback
DHCPDISCOVER on eth0 to 255.255.255.255 port 67 interval 7
[   19.285155] e1000: eth0 NIC Link is Up 1000 Mbps Full Duplex, Flow Control: RX
[   19.288767] ADDRCONF(NETDEV_CHANGE): eth0: link becomes ready
DHCPDISCOVER on eth0 to 255.255.255.255 port 67 interval 13
DHCPREQUEST on eth0 to 255.255.255.255 port 67
DHCPOFFER from 10.0.2.2
DHCPACK from 10.0.2.2
bound to 10.0.2.15 -- renewal in 36934 seconds.
ifup: interface eth0 already configured
[?25l[?1c7[1G[[32m ok [39;49m8[?25h[?0cdone.
[....] Cleaning up temporary files...[?25l[?1c7[1G[[32m ok [39;49m8[?25h[?0c.
INIT: Entering runlevel: 2
[[36minfo[39;49m] Using makefile-style concurrent boot in runlevel 2.
[....] Starting OpenBSD Secure Shell server: sshd[?25l[?1c7[1G[[32m ok [39;49m8[?25h[?0c.
Entering benchmark mode
./scaff/bin/uniform/stream_d0
STARTING stream_d0 execution: Mon Jan  2 21:39:04 EET 2017
-------------------------------------------------------------
STREAM version $Revision: 5.10 $
-------------------------------------------------------------
This system uses 8 bytes per array element.
-------------------------------------------------------------
Array size = 50000000 (elements), Offset = 0 (elements)
Memory per array = 381.5 MiB (= 0.4 GiB).
Total memory required = 1144.4 MiB (= 1.1 GiB).
Each kernel will be executed 20 times.
 The *best* time for each kernel (excluding the first iteration)
 will be used to compute the reported bandwidth.
-------------------------------------------------------------
Number of Threads requested = 4
Number of Threads counted = 4
-------------------------------------------------------------
Your clock granularity/precision appears to be 1 microseconds.
Each test below will take on the order of 55100 microseconds.
   (= 55100 clock ticks)
Increase the size of the arrays if this shows that
you are not getting at least 20 clock ticks per test.
-------------------------------------------------------------
WARNING -- The above is only a rough guideline.
For best results, please be sure you know the
precision of your system timer.
-------------------------------------------------------------
Function    Best Rate  Avg Rate   MB/s  Avg time     Min time     Max time
Copy:           12017.6       2082.4    0.384179    0.066569     3.081846
Scale:          11966.5       3542.9    0.225801    0.066853     3.077548
Add:            13805.0       4882.1    0.245796    0.086925     3.097685
Triad:          13836.8       2968.1    0.404292    0.086725     3.105655
-------------------------------------------------------------
Solution Validates: avg error less than 1.000000e-13 on all three arrays
-------------------------------------------------------------
-------------------------------------------------------------
STREAM version $Revision: 5.10 $
-------------------------------------------------------------
This system uses 8 bytes per array element.
-------------------------------------------------------------
Array size = 50000000 (elements), Offset = 0 (elements)
Memory per array = 381.5 MiB (= 0.4 GiB).
Total memory required = 1144.4 MiB (= 1.1 GiB).
Each kernel will be executed 20 times.
 The *best* time for each kernel (excluding the first iteration)
 will be used to compute the reported bandwidth.
-------------------------------------------------------------
Number of Threads requested = 4
Number of Threads counted = 4
-------------------------------------------------------------
Your clock granularity/precision appears to be 1 microseconds.
Each test below will take on the order of 50966 microseconds.
   (= 50966 clock ticks)
Increase the size of the arrays if this shows that
you are not getting at least 20 clock ticks per test.
-------------------------------------------------------------
WARNING -- The above is only a rough guideline.
For best results, please be sure you know the
precision of your system timer.
-------------------------------------------------------------
Function    Best Rate  Avg Rate   MB/s  Avg time     Min time     Max time
Copy:           12070.9       3556.1    0.224966    0.066275     3.077232
Scale:          12003.7       2083.9    0.383900    0.066646     3.080944
Add:            13862.0       2971.4    0.403843    0.086568     3.098285
Triad:          13912.5       4895.2    0.245139    0.086253     3.097762
-------------------------------------------------------------
Solution Validates: avg error less than 1.000000e-13 on all three arrays
-------------------------------------------------------------
-------------------------------------------------------------
STREAM version $Revision: 5.10 $
-------------------------------------------------------------
This system uses 8 bytes per array element.
-------------------------------------------------------------
Array size = 50000000 (elements), Offset = 0 (elements)
Memory per array = 381.5 MiB (= 0.4 GiB).
Total memory required = 1144.4 MiB (= 1.1 GiB).
Each kernel will be executed 20 times.
 The *best* time for each kernel (excluding the first iteration)
 will be used to compute the reported bandwidth.
-------------------------------------------------------------
Number of Threads requested = 4
Number of Threads counted = 4
-------------------------------------------------------------
Your clock granularity/precision appears to be 1 microseconds.
Each test below will take on the order of 51384 microseconds.
   (= 51384 clock ticks)
Increase the size of the arrays if this shows that
you are not getting at least 20 clock ticks per test.
-------------------------------------------------------------
WARNING -- The above is only a rough guideline.
For best results, please be sure you know the
precision of your system timer.
-------------------------------------------------------------
Function    Best Rate  Avg Rate   MB/s  Avg time     Min time     Max time
Copy:           12077.7       3554.7    0.225053    0.066238     3.080027
Scale:          12018.5       3553.0    0.225160    0.066564     3.077350
Add:            13865.9       4892.6    0.245270    0.086543     3.097507
Triad:          13899.2       2135.1    0.562040    0.086336     3.099780
-------------------------------------------------------------
Solution Validates: avg error less than 1.000000e-13 on all three arrays
-------------------------------------------------------------
-------------------------------------------------------------
STREAM version $Revision: 5.10 $
-------------------------------------------------------------
This system uses 8 bytes per array element.
-------------------------------------------------------------
Array size = 50000000 (elements), Offset = 0 (elements)
Memory per array = 381.5 MiB (= 0.4 GiB).
Total memory required = 1144.4 MiB (= 1.1 GiB).
Each kernel will be executed 20 times.
 The *best* time for each kernel (excluding the first iteration)
 will be used to compute the reported bandwidth.
-------------------------------------------------------------
Number of Threads requested = 4
Number of Threads counted = 4
-------------------------------------------------------------
Your clock granularity/precision appears to be 1 microseconds.
Each test below will take on the order of 3064806 microseconds.
   (= 3064806 clock ticks)
Increase the size of the arrays if this shows that
you are not getting at least 20 clock ticks per test.
-------------------------------------------------------------
WARNING -- The above is only a rough guideline.
For best results, please be sure you know the
precision of your system timer.
-------------------------------------------------------------
Function    Best Rate  Avg Rate   MB/s  Avg time     Min time     Max time
Copy:           12113.9       3556.2    0.224962    0.066040     3.077336
Scale:          12009.7       3551.7    0.225243    0.066613     3.077122
Add:            13904.7       2134.0    0.562322    0.086302     3.098494
Triad:          13908.4       4897.4    0.245028    0.086279     3.096693
-------------------------------------------------------------
Solution Validates: avg error less than 1.000000e-13 on all three arrays
-------------------------------------------------------------
-------------------------------------------------------------
STREAM version $Revision: 5.10 $
-------------------------------------------------------------
This system uses 8 bytes per array element.
-------------------------------------------------------------
Array size = 50000000 (elements), Offset = 0 (elements)
Memory per array = 381.5 MiB (= 0.4 GiB).
Total memory required = 1144.4 MiB (= 1.1 GiB).
Each kernel will be executed 20 times.
 The *best* time for each kernel (excluding the first iteration)
 will be used to compute the reported bandwidth.
-------------------------------------------------------------
Number of Threads requested = 4
Number of Threads counted = 4
-------------------------------------------------------------
Your clock granularity/precision appears to be 1 microseconds.
Each test below will take on the order of 51186 microseconds.
   (= 51186 clock ticks)
Increase the size of the arrays if this shows that
you are not getting at least 20 clock ticks per test.
-------------------------------------------------------------
WARNING -- The above is only a rough guideline.
For best results, please be sure you know the
precision of your system timer.
-------------------------------------------------------------
Function    Best Rate  Avg Rate   MB/s  Avg time     Min time     Max time
Copy:           12066.4       3555.7    0.224991    0.066300     3.076809
Scale:          12116.3       3550.3    0.225332    0.066027     3.078473
Add:            13916.3       2971.8    0.403798    0.086230     3.097579
Triad:          13906.3       2971.7    0.403812    0.086292     3.103105
-------------------------------------------------------------
Solution Validates: avg error less than 1.000000e-13 on all three arrays
-------------------------------------------------------------
-------------------------------------------------------------
STREAM version $Revision: 5.10 $
-------------------------------------------------------------
This system uses 8 bytes per array element.
-------------------------------------------------------------
Array size = 50000000 (elements), Offset = 0 (elements)
Memory per array = 381.5 MiB (= 0.4 GiB).
Total memory required = 1144.4 MiB (= 1.1 GiB).
Each kernel will be executed 20 times.
 The *best* time for each kernel (excluding the first iteration)
 will be used to compute the reported bandwidth.
-------------------------------------------------------------
Number of Threads requested = 4
Number of Threads counted = 4
-------------------------------------------------------------
Your clock granularity/precision appears to be 1 microseconds.
Each test below will take on the order of 51118 microseconds.
   (= 51118 clock ticks)
Increase the size of the arrays if this shows that
you are not getting at least 20 clock ticks per test.
-------------------------------------------------------------
WARNING -- The above is only a rough guideline.
For best results, please be sure you know the
precision of your system timer.
-------------------------------------------------------------
Function    Best Rate  Avg Rate   MB/s  Avg time     Min time     Max time
Copy:           12076.8       2086.1    0.383492    0.066243     3.077099
Scale:          12010.7       3549.9    0.225356    0.066607     3.078039
Add:            13841.1       4888.5    0.245475    0.086698     3.097716
Triad:          13887.5       4895.4    0.245129    0.086409     3.096791
-------------------------------------------------------------
Solution Validates: avg error less than 1.000000e-13 on all three arrays
-------------------------------------------------------------
-------------------------------------------------------------
STREAM version $Revision: 5.10 $
-------------------------------------------------------------
This system uses 8 bytes per array element.
-------------------------------------------------------------
Array size = 50000000 (elements), Offset = 0 (elements)
Memory per array = 381.5 MiB (= 0.4 GiB).
Total memory required = 1144.4 MiB (= 1.1 GiB).
Each kernel will be executed 20 times.
 The *best* time for each kernel (excluding the first iteration)
 will be used to compute the reported bandwidth.
-------------------------------------------------------------
Number of Threads requested = 4
Number of Threads counted = 4
-------------------------------------------------------------
Your clock granularity/precision appears to be 1 microseconds.
Each test below will take on the order of 50839 microseconds.
   (= 50839 clock ticks)
Increase the size of the arrays if this shows that
you are not getting at least 20 clock ticks per test.
-------------------------------------------------------------
WARNING -- The above is only a rough guideline.
For best results, please be sure you know the
precision of your system timer.
-------------------------------------------------------------
Function    Best Rate  Avg Rate   MB/s  Avg time     Min time     Max time
Copy:           12125.6       3555.7    0.224992    0.065976     3.077008
Scale:          12062.7       2085.0    0.383693    0.066320     3.077360
Add:            13895.0       2970.4    0.403989    0.086362     3.098372
Triad:          13910.1       4894.7    0.245162    0.086268     3.097206
-------------------------------------------------------------
Solution Validates: avg error less than 1.000000e-13 on all three arrays
-------------------------------------------------------------
-------------------------------------------------------------
STREAM version $Revision: 5.10 $
-------------------------------------------------------------
This system uses 8 bytes per array element.
-------------------------------------------------------------
Array size = 50000000 (elements), Offset = 0 (elements)
Memory per array = 381.5 MiB (= 0.4 GiB).
Total memory required = 1144.4 MiB (= 1.1 GiB).
Each kernel will be executed 20 times.
 The *best* time for each kernel (excluding the first iteration)
 will be used to compute the reported bandwidth.
-------------------------------------------------------------
Number of Threads requested = 4
Number of Threads counted = 4
-------------------------------------------------------------
Your clock granularity/precision appears to be 1 microseconds.
Each test below will take on the order of 51134 microseconds.
   (= 51134 clock ticks)
Increase the size of the arrays if this shows that
you are not getting at least 20 clock ticks per test.
-------------------------------------------------------------
WARNING -- The above is only a rough guideline.
For best results, please be sure you know the
precision of your system timer.
-------------------------------------------------------------
Function    Best Rate  Avg Rate   MB/s  Avg time     Min time     Max time
Copy:           12068.0       3556.3    0.224953    0.066291     3.076997
Scale:          12014.7       3551.9    0.225230    0.066585     3.077313
Add:            13849.1       4890.3    0.245383    0.086648     3.098733
Triad:          13897.9       2134.9    0.562099    0.086344     3.099627
-------------------------------------------------------------
Solution Validates: avg error less than 1.000000e-13 on all three arrays
-------------------------------------------------------------
-------------------------------------------------------------
STREAM version $Revision: 5.10 $
-------------------------------------------------------------
This system uses 8 bytes per array element.
-------------------------------------------------------------
Array size = 50000000 (elements), Offset = 0 (elements)
Memory per array = 381.5 MiB (= 0.4 GiB).
Total memory required = 1144.4 MiB (= 1.1 GiB).
Each kernel will be executed 20 times.
 The *best* time for each kernel (excluding the first iteration)
 will be used to compute the reported bandwidth.
-------------------------------------------------------------
Number of Threads requested = 4
Number of Threads counted = 4
-------------------------------------------------------------
Your clock granularity/precision appears to be 1 microseconds.
Each test below will take on the order of 51259 microseconds.
   (= 51259 clock ticks)
Increase the size of the arrays if this shows that
you are not getting at least 20 clock ticks per test.
-------------------------------------------------------------
WARNING -- The above is only a rough guideline.
For best results, please be sure you know the
precision of your system timer.
-------------------------------------------------------------
Function    Best Rate  Avg Rate   MB/s  Avg time     Min time     Max time
Copy:           12058.2       2084.8    0.383723    0.066345     3.077254
Scale:          12007.7       2082.7    0.384120    0.066624     3.077580
Add:            13837.0       4882.7    0.245764    0.086724     3.097477
Triad:          13902.6       4872.7    0.246268    0.086315     3.097183
-------------------------------------------------------------
Solution Validates: avg error less than 1.000000e-13 on all three arrays
-------------------------------------------------------------
-------------------------------------------------------------
STREAM version $Revision: 5.10 $
-------------------------------------------------------------
This system uses 8 bytes per array element.
-------------------------------------------------------------
Array size = 50000000 (elements), Offset = 0 (elements)
Memory per array = 381.5 MiB (= 0.4 GiB).
Total memory required = 1144.4 MiB (= 1.1 GiB).
Each kernel will be executed 20 times.
 The *best* time for each kernel (excluding the first iteration)
 will be used to compute the reported bandwidth.
-------------------------------------------------------------
Number of Threads requested = 4
Number of Threads counted = 4
-------------------------------------------------------------
Your clock granularity/precision appears to be 1 microseconds.
Each test below will take on the order of 51034 microseconds.
   (= 51034 clock ticks)
Increase the size of the arrays if this shows that
you are not getting at least 20 clock ticks per test.
-------------------------------------------------------------
WARNING -- The above is only a rough guideline.
For best results, please be sure you know the
precision of your system timer.
-------------------------------------------------------------
Function    Best Rate  Avg Rate   MB/s  Avg time     Min time     Max time
Copy:           11889.5       3498.4    0.228673    0.067286     3.080461
Scale:          11871.5       3511.5    0.227825    0.067388     3.081517
Add:            13669.9       2123.3    0.565171    0.087784     3.102987
Triad:          13710.8       4826.6    0.248620    0.087522     3.100185
-------------------------------------------------------------
Solution Validates: avg error less than 1.000000e-13 on all three arrays
-------------------------------------------------------------
-------------------------------------------------------------
STREAM version $Revision: 5.10 $
-------------------------------------------------------------
This system uses 8 bytes per array element.
-------------------------------------------------------------
Array size = 50000000 (elements), Offset = 0 (elements)
Memory per array = 381.5 MiB (= 0.4 GiB).
Total memory required = 1144.4 MiB (= 1.1 GiB).
Each kernel will be executed 20 times.
 The *best* time for each kernel (excluding the first iteration)
 will be used to compute the reported bandwidth.
-------------------------------------------------------------
Number of Threads requested = 4
Number of Threads counted = 4
-------------------------------------------------------------
Your clock granularity/precision appears to be 1 microseconds.
Each test below will take on the order of 54518 microseconds.
   (= 54518 clock ticks)
Increase the size of the arrays if this shows that
you are not getting at least 20 clock ticks per test.
-------------------------------------------------------------
WARNING -- The above is only a rough guideline.
For best results, please be sure you know the
precision of your system timer.
-------------------------------------------------------------
Function    Best Rate  Avg Rate   MB/s  Avg time     Min time     Max time
Copy:           11519.7       2068.7    0.386713    0.069446     3.081464
Scale:          11502.4       3496.8    0.228778    0.069551     3.080506
Add:            13246.6      13161.4    0.091176    0.090589     0.092998
Triad:          13289.3       2118.8    0.566365    0.090298     3.104086
-------------------------------------------------------------
Solution Validates: avg error less than 1.000000e-13 on all three arrays
-------------------------------------------------------------
-------------------------------------------------------------
STREAM version $Revision: 5.10 $
-------------------------------------------------------------
This system uses 8 bytes per array element.
-------------------------------------------------------------
Array size = 50000000 (elements), Offset = 0 (elements)
Memory per array = 381.5 MiB (= 0.4 GiB).
Total memory required = 1144.4 MiB (= 1.1 GiB).
Each kernel will be executed 20 times.
 The *best* time for each kernel (excluding the first iteration)
 will be used to compute the reported bandwidth.
-------------------------------------------------------------
Number of Threads requested = 4
Number of Threads counted = 4
-------------------------------------------------------------
Your clock granularity/precision appears to be 1 microseconds.
Each test below will take on the order of 53877 microseconds.
   (= 53877 clock ticks)
Increase the size of the arrays if this shows that
you are not getting at least 20 clock ticks per test.
-------------------------------------------------------------
WARNING -- The above is only a rough guideline.
For best results, please be sure you know the
precision of your system timer.
-------------------------------------------------------------
Function    Best Rate  Avg Rate   MB/s  Avg time     Min time     Max time
Copy:           11570.3       2068.8    0.386690    0.069143     3.080321
Scale:          11506.3       2065.8    0.387259    0.069527     3.080305
Add:            13245.8       2939.3    0.408255    0.090595     3.102497
Triad:          13364.7       4812.3    0.249360    0.089789     3.100687
-------------------------------------------------------------
Solution Validates: avg error less than 1.000000e-13 on all three arrays
-------------------------------------------------------------
-------------------------------------------------------------
STREAM version $Revision: 5.10 $
-------------------------------------------------------------
This system uses 8 bytes per array element.
-------------------------------------------------------------
Array size = 50000000 (elements), Offset = 0 (elements)
Memory per array = 381.5 MiB (= 0.4 GiB).
Total memory required = 1144.4 MiB (= 1.1 GiB).
Each kernel will be executed 20 times.
 The *best* time for each kernel (excluding the first iteration)
 will be used to compute the reported bandwidth.
-------------------------------------------------------------
Number of Threads requested = 4
Number of Threads counted = 4
-------------------------------------------------------------
Your clock granularity/precision appears to be 1 microseconds.
Each test below will take on the order of 53361 microseconds.
   (= 53361 clock ticks)
Increase the size of the arrays if this shows that
you are not getting at least 20 clock ticks per test.
-------------------------------------------------------------
WARNING -- The above is only a rough guideline.
For best results, please be sure you know the
precision of your system timer.
-------------------------------------------------------------
Function    Best Rate  Avg Rate   MB/s  Avg time     Min time     Max time
Copy:           11521.5       3502.8    0.228387    0.069435     3.080686
Scale:          11530.2      11402.1    0.070163    0.069383     0.071556
Add:            13246.8       2116.4    0.566990    0.090588     3.105052
Triad:          13385.7       2942.9    0.407763    0.089648     3.102488
-------------------------------------------------------------
Solution Validates: avg error less than 1.000000e-13 on all three arrays
-------------------------------------------------------------
-------------------------------------------------------------
STREAM version $Revision: 5.10 $
-------------------------------------------------------------
This system uses 8 bytes per array element.
-------------------------------------------------------------
Array size = 50000000 (elements), Offset = 0 (elements)
Memory per array = 381.5 MiB (= 0.4 GiB).
Total memory required = 1144.4 MiB (= 1.1 GiB).
Each kernel will be executed 20 times.
 The *best* time for each kernel (excluding the first iteration)
 will be used to compute the reported bandwidth.
-------------------------------------------------------------
Number of Threads requested = 4
Number of Threads counted = 4
-------------------------------------------------------------
Your clock granularity/precision appears to be 1 microseconds.
Each test below will take on the order of 54616 microseconds.
   (= 54616 clock ticks)
Increase the size of the arrays if this shows that
you are not getting at least 20 clock ticks per test.
-------------------------------------------------------------
WARNING -- The above is only a rough guideline.
For best results, please be sure you know the
precision of your system timer.
-------------------------------------------------------------
Function    Best Rate  Avg Rate   MB/s  Avg time     Min time     Max time
Copy:           11598.7       2068.1    0.386834    0.068973     3.080484
Scale:          11439.7       3490.9    0.229165    0.069932     3.082074
Add:            13296.7      13123.4    0.091440    0.090248     0.092538
Triad:          13307.6       2118.5    0.566432    0.090174     3.101687
-------------------------------------------------------------
Solution Validates: avg error less than 1.000000e-13 on all three arrays
-------------------------------------------------------------
-------------------------------------------------------------
STREAM version $Revision: 5.10 $
-------------------------------------------------------------
This system uses 8 bytes per array element.
-------------------------------------------------------------
Array size = 50000000 (elements), Offset = 0 (elements)
Memory per array = 381.5 MiB (= 0.4 GiB).
Total memory required = 1144.4 MiB (= 1.1 GiB).
Each kernel will be executed 20 times.
 The *best* time for each kernel (excluding the first iteration)
 will be used to compute the reported bandwidth.
-------------------------------------------------------------
Number of Threads requested = 4
Number of Threads counted = 4
-------------------------------------------------------------
Your clock granularity/precision appears to be 1 microseconds.
Each test below will take on the order of 53804 microseconds.
   (= 53804 clock ticks)
Increase the size of the arrays if this shows that
you are not getting at least 20 clock ticks per test.
-------------------------------------------------------------
WARNING -- The above is only a rough guideline.
For best results, please be sure you know the
precision of your system timer.
-------------------------------------------------------------
Function    Best Rate  Avg Rate   MB/s  Avg time     Min time     Max time
Copy:           11562.9       2067.4    0.386968    0.069187     3.080245
Scale:          11484.5       2065.7    0.387286    0.069659     3.080211
Add:            13277.1       2938.3    0.408405    0.090381     3.103662
Triad:          13327.3      13209.8    0.090842    0.090041     0.091979
-------------------------------------------------------------
Solution Validates: avg error less than 1.000000e-13 on all three arrays
-------------------------------------------------------------
-------------------------------------------------------------
STREAM version $Revision: 5.10 $
-------------------------------------------------------------
This system uses 8 bytes per array element.
-------------------------------------------------------------
Array size = 50000000 (elements), Offset = 0 (elements)
Memory per array = 381.5 MiB (= 0.4 GiB).
Total memory required = 1144.4 MiB (= 1.1 GiB).
Each kernel will be executed 20 times.
 The *best* time for each kernel (excluding the first iteration)
 will be used to compute the reported bandwidth.
-------------------------------------------------------------
Number of Threads requested = 4
Number of Threads counted = 4
-------------------------------------------------------------
Your clock granularity/precision appears to be 1 microseconds.
Each test below will take on the order of 53203 microseconds.
   (= 53203 clock ticks)
Increase the size of the arrays if this shows that
you are not getting at least 20 clock ticks per test.
-------------------------------------------------------------
WARNING -- The above is only a rough guideline.
For best results, please be sure you know the
precision of your system timer.
-------------------------------------------------------------
Function    Best Rate  Avg Rate   MB/s  Avg time     Min time     Max time
Copy:           11567.6      11436.3    0.069953    0.069159     0.073809
Scale:          11441.2       2066.9    0.387052    0.069923     3.081642
Add:            13234.2       2941.5    0.407949    0.090674     3.101450
Triad:          13297.1       2118.8    0.566360    0.090245     3.105475
-------------------------------------------------------------
Solution Validates: avg error less than 1.000000e-13 on all three arrays
-------------------------------------------------------------
INIT: Switching to runlevel: 0INIT: Sending processes the TERM signal
[[36minfo[39;49m] Using makefile-style concurrent boot in runlevel 0.
[[36minfo[39;49m] Saving the system clock.
[[36minfo[39;49m] Hardware Clock updated to Mon Jan  2 19:46:41 UTC 2017.
[....] Asking all remaining processes to terminate...[?25l[?1c7[1G[[32m ok [39;49m8[?25h[?0cdone.
[....] All processes ended within 2 seconds...[?25l[?1c7[1G[[32m ok [39;49m8[?25h[?0cdone.
[....] Deconfiguring network interfaces...Internet Systems Consortium DHCP Client 4.2.2
Copyright 2004-2011 Internet Systems Consortium.
All rights reserved.
For info, please visit https://www.isc.org/software/dhcp/

Listening on LPF/eth0/52:54:00:12:34:56
Sending on   LPF/eth0/52:54:00:12:34:56
Sending on   Socket/fallback
DHCPRELEASE on eth0 to 10.0.2.2 port 67
[?25l[?1c7[1G[[32m ok [39;49m8[?25h[?0cdone.
[....] Deactivating swap...[?25l[?1c7[1G[[32m ok [39;49m8[?25h[?0cdone.
[  480.964257] EXT4-fs (sda1): re-mounted. Opts: (null)
[[36minfo[39;49m] Will now halt.
[  484.709164] sd 0:0:0:0: [sda] Synchronizing SCSI cache
[  484.711826] sd 0:0:0:0: [sda] Stopping disk
[  484.714780] ACPI: Preparing to enter system sleep state S5
[  484.715958] Power down.
aff-executor-preload.c:affhooks_init()
aff-executor-preload.c:affhooks_shut()
HELLO KITTY
