aff-executor-preload.c:affhooks_init()
[H[J[?25l[m[H[J[2;25HGNU GRUB  version 1.99-27+deb7u2

[m[4;2H+--------------------------------------------------------------------------+[5;2H|[5;77H|[6;2H|[6;77H|[7;2H|[7;77H|[8;2H|[8;77H|[9;2H|[9;77H|[10;2H|[10;77H|[11;2H|[11;77H|[12;2H|[12;77H|[13;2H|[13;77H|[14;2H|[14;77H|[15;2H|[15;77H|[16;2H|[16;77H|[17;2H+--------------------------------------------------------------------------+[m[18;2H[m
      Use the ^ and v keys to select which entry is highlighted.      
      Press enter to boot the selected OS, 'e' to edit the commands      
      before booting or 'c' for a command-line.      
      [5;78H [7m[5;3HDebian GNU/Linux, with Linux 3.2.0-4-amd64                               [m [5;76H[m[m[6;3HDebian GNU/Linux, with Linux 3.2.0-4-amd64 (recovery mode)               [m [6;76H[m[m[7;3H                                                                         [m [7;76H[m[m[8;3H                                                                         [m [8;76H[m[m[9;3H                                                                         [m [9;76H[m[m[10;3H                                                                         [m [10;76H[m[m[11;3H                                                                         [m [11;76H[m[m[12;3H                                                                         [m [12;76H[m[m[13;3H                                                                         [m [13;76H[m[m[14;3H                                                                         [m [14;76H[m[m[15;3H                                                                         [m [15;76H[m[m[16;3H                                                                         [m [16;76H[m[16;78H [5;76H[22;1H   The highlighted entry will be executed automatically in 5s.                 [5;76H[22;1H   The highlighted entry will be executed automatically in 4s.                 [5;76H[22;1H   The highlighted entry will be executed automatically in 3s.                 [5;76H[22;1H   The highlighted entry will be executed automatically in 2s.                 [5;76H[22;1H   The highlighted entry will be executed automatically in 1s.                 [5;76H[22;1H   The highlighted entry will be executed automatically in 0s.                 [5;76H[?25h[H[J[H[J  Booting 'Debian GNU/Linux, with Linux 3.2.0-4-amd64'

Loading Linux 3.2.0-4-amd64 ...
Loading initial ramdisk ...
[    0.000000] Initializing cgroup subsys cpuset
[    0.000000] Initializing cgroup subsys cpu
[    0.000000] Linux version 3.2.0-4-amd64 (debian-kernel@lists.debian.org) (gcc version 4.6.3 (Debian 4.6.3-14) ) #1 SMP Debian 3.2.68-1+deb7u3
[    0.000000] Command line: BOOT_IMAGE=/boot/vmlinuz-3.2.0-4-amd64 root=UUID=e35ebd7f-2405-4c97-9c3e-26919d55a9e5 ro console=tty0 console=ttyS0,115200n8
[    0.000000] BIOS-provided physical RAM map:
[    0.000000]  BIOS-e820: 0000000000000000 - 000000000009f400 (usable)
[    0.000000]  BIOS-e820: 000000000009f400 - 00000000000a0000 (reserved)
[    0.000000]  BIOS-e820: 00000000000f0000 - 0000000000100000 (reserved)
[    0.000000]  BIOS-e820: 0000000000100000 - 00000000dfffe000 (usable)
[    0.000000]  BIOS-e820: 00000000dfffe000 - 00000000e0000000 (reserved)
[    0.000000]  BIOS-e820: 00000000feffc000 - 00000000ff000000 (reserved)
[    0.000000]  BIOS-e820: 00000000fffc0000 - 0000000100000000 (reserved)
[    0.000000]  BIOS-e820: 0000000100000000 - 0000000420000000 (usable)
[    0.000000] NX (Execute Disable) protection: active
[    0.000000] SMBIOS 2.4 present.
[    0.000000] No AGP bridge found
[    0.000000] last_pfn = 0x420000 max_arch_pfn = 0x400000000
[    0.000000] PAT not supported by CPU.
[    0.000000] last_pfn = 0xdfffe max_arch_pfn = 0x400000000
[    0.000000] found SMP MP-table at [ffff8800000fdac0] fdac0
[    0.000000] init_memory_mapping: 0000000000000000-00000000dfffe000
[    0.000000] init_memory_mapping: 0000000100000000-0000000420000000
[    0.000000] RAMDISK: 36c6c000 - 3762e000
[    0.000000] ACPI: RSDP 00000000000fd8b0 00014 (v00 BOCHS )
[    0.000000] ACPI: RSDT 00000000dfffe470 00038 (v01 BOCHS  BXPCRSDT 00000001 BXPC 00000001)
[    0.000000] ACPI: FACP 00000000dfffff80 00074 (v01 BOCHS  BXPCFACP 00000001 BXPC 00000001)
[    0.000000] ACPI: DSDT 00000000dfffe4b0 01121 (v01   BXPC   BXDSDT 00000001 INTL 20100528)
[    0.000000] ACPI: FACS 00000000dfffff40 00040
[    0.000000] ACPI: SSDT 00000000dffffd70 001C1 (v01 BOCHS  BXPCSSDT 00000001 BXPC 00000001)
[    0.000000] ACPI: APIC 00000000dffffc70 00090 (v01 BOCHS  BXPCAPIC 00000001 BXPC 00000001)
[    0.000000] ACPI: HPET 00000000dffffc30 00038 (v01 BOCHS  BXPCHPET 00000001 BXPC 00000001)
[    0.000000] ACPI: SSDT 00000000dffff5e0 00644 (v01   BXPC BXSSDTPC 00000001 INTL 20100528)
[    0.000000] No NUMA configuration found
[    0.000000] Faking a node at 0000000000000000-0000000420000000
[    0.000000] Initmem setup node 0 0000000000000000-0000000420000000
[    0.000000]   NODE_DATA [000000041fffb000 - 000000041fffffff]
[    0.000000] kvm-clock: Using msrs 4b564d01 and 4b564d00
[    0.000000] kvm-clock: cpu 0, msr 0:16a8741, boot clock
[    0.000000] Zone PFN ranges:
[    0.000000]   DMA      0x00000010 -> 0x00001000
[    0.000000]   DMA32    0x00001000 -> 0x00100000
[    0.000000]   Normal   0x00100000 -> 0x00420000
[    0.000000] Movable zone start PFN for each node
[    0.000000] early_node_map[3] active PFN ranges
[    0.000000]     0: 0x00000010 -> 0x0000009f
[    0.000000]     0: 0x00000100 -> 0x000dfffe
[    0.000000]     0: 0x00100000 -> 0x00420000
[    0.000000] ACPI: PM-Timer IO Port: 0xb008
[    0.000000] ACPI: LAPIC (acpi_id[0x00] lapic_id[0x00] enabled)
[    0.000000] ACPI: LAPIC (acpi_id[0x01] lapic_id[0x01] enabled)
[    0.000000] ACPI: LAPIC (acpi_id[0x02] lapic_id[0x02] enabled)
[    0.000000] ACPI: LAPIC (acpi_id[0x03] lapic_id[0x03] enabled)
[    0.000000] ACPI: LAPIC_NMI (acpi_id[0xff] dfl dfl lint[0x1])
[    0.000000] ACPI: IOAPIC (id[0x04] address[0xfec00000] gsi_base[0])
[    0.000000] IOAPIC[0]: apic_id 4, version 17, address 0xfec00000, GSI 0-23
[    0.000000] ACPI: INT_SRC_OVR (bus 0 bus_irq 0 global_irq 2 dfl dfl)
[    0.000000] ACPI: INT_SRC_OVR (bus 0 bus_irq 5 global_irq 5 high level)
[    0.000000] ACPI: INT_SRC_OVR (bus 0 bus_irq 9 global_irq 9 high level)
[    0.000000] ACPI: INT_SRC_OVR (bus 0 bus_irq 10 global_irq 10 high level)
[    0.000000] ACPI: INT_SRC_OVR (bus 0 bus_irq 11 global_irq 11 high level)
[    0.000000] Using ACPI (MADT) for SMP configuration information
[    0.000000] ACPI: HPET id: 0x8086a201 base: 0xfed00000
[    0.000000] SMP: Allowing 4 CPUs, 0 hotplug CPUs
[    0.000000] PM: Registered nosave memory: 000000000009f000 - 00000000000a0000
[    0.000000] PM: Registered nosave memory: 00000000000a0000 - 00000000000f0000
[    0.000000] PM: Registered nosave memory: 00000000000f0000 - 0000000000100000
[    0.000000] PM: Registered nosave memory: 00000000dfffe000 - 00000000e0000000
[    0.000000] PM: Registered nosave memory: 00000000e0000000 - 00000000feffc000
[    0.000000] PM: Registered nosave memory: 00000000feffc000 - 00000000ff000000
[    0.000000] PM: Registered nosave memory: 00000000ff000000 - 00000000fffc0000
[    0.000000] PM: Registered nosave memory: 00000000fffc0000 - 0000000100000000
[    0.000000] Allocating PCI resources starting at e0000000 (gap: e0000000:1effc000)
[    0.000000] Booting paravirtualized kernel on KVM
[    0.000000] setup_percpu: NR_CPUS:512 nr_cpumask_bits:512 nr_cpu_ids:4 nr_node_ids:1
[    0.000000] PERCPU: Embedded 27 pages/cpu @ffff88041fc00000 s78912 r8192 d23488 u524288
[    0.000000] kvm-clock: cpu 0, msr 4:1fc12741, primary cpu clock
[    0.000000] KVM setup async PF for cpu 0
[    0.000000] kvm-stealtime: cpu 0, msr 41fc0cfc0
[    0.000000] Built 1 zonelists in Zone order, mobility grouping on.  Total pages: 4135048
[    0.000000] Policy zone: Normal
[    0.000000] Kernel command line: BOOT_IMAGE=/boot/vmlinuz-3.2.0-4-amd64 root=UUID=e35ebd7f-2405-4c97-9c3e-26919d55a9e5 ro console=tty0 console=ttyS0,115200n8
[    0.000000] PID hash table entries: 4096 (order: 3, 32768 bytes)
[    0.000000] Checking aperture...
[    0.000000] No AGP bridge found
[    0.000000] Memory: 16460264k/17301504k available (3434k kernel code, 524748k absent, 316492k reserved, 3305k data, 580k init)
[    0.000000] Hierarchical RCU implementation.
[    0.000000] 	RCU dyntick-idle grace-period acceleration is enabled.
[    0.000000] NR_IRQS:33024 nr_irqs:712 16
[    0.000000] Console: colour VGA+ 80x25
[    0.000000] console [tty0] enabled
[    0.000000] console [ttyS0] enabled
[    0.000000] Detected 2199.998 MHz processor.
[    0.008000] Calibrating delay loop (skipped) preset value.. 4399.99 BogoMIPS (lpj=8799992)
[    0.008000] pid_max: default: 32768 minimum: 301
[    0.008000] Security Framework initialized
[    0.008014] AppArmor: AppArmor disabled by boot time parameter
[    0.010030] Dentry cache hash table entries: 2097152 (order: 12, 16777216 bytes)
[    0.015093] Inode-cache hash table entries: 1048576 (order: 11, 8388608 bytes)
[    0.017705] Mount-cache hash table entries: 256
[    0.018745] Initializing cgroup subsys cpuacct
[    0.020015] Initializing cgroup subsys memory
[    0.020899] Initializing cgroup subsys devices
[    0.021756] Initializing cgroup subsys freezer
[    0.022611] Initializing cgroup subsys net_cls
[    0.023446] Initializing cgroup subsys blkio
[    0.024026] Initializing cgroup subsys perf_event
[    0.025031] mce: CPU supports 10 MCE banks
[    0.027236] ACPI: Core revision 20110623
[    0.032675] ..TIMER: vector=0x30 apic1=0 pin1=2 apic2=-1 pin2=-1
[    0.033766] CPU0: Intel QEMU Virtual CPU version 1.1.2 stepping 03
[    0.036002] Performance Events: unsupported p6 CPU model 2 no PMU driver, software events only.
[    0.036002] NMI watchdog disabled (cpu0): hardware events not enabled
[    0.036002] Booting Node   0, Processors  #1
[    0.052009] kvm-clock: cpu 1, msr 4:1fc92741, secondary cpu clock
[    0.052148] NMI watchdog disabled (cpu1): hardware events not enabled
[    0.052392]  #2
[    0.052193] KVM setup async PF for cpu 1
[    0.052193] kvm-stealtime: cpu 1, msr 41fc8cfc0
[    0.068009] kvm-clock: cpu 2, msr 4:1fd12741, secondary cpu clock
[    0.068129] NMI watchdog disabled (cpu2): hardware events not enabled
[    0.068366]  #3 Ok.
[    0.068156] KVM setup async PF for cpu 2
[    0.068156] kvm-stealtime: cpu 2, msr 41fd0cfc0
[    0.084010] kvm-clock: cpu 3, msr 4:1fd92741, secondary cpu clock
[    0.084148] NMI watchdog disabled (cpu3): hardware events not enabled
[    0.084195] Brought up 4 CPUs
[    0.084197] Total of 4 processors activated (17599.98 BogoMIPS).
[    0.084194] KVM setup async PF for cpu 3
[    0.084194] kvm-stealtime: cpu 3, msr 41fd8cfc0
[    0.092048] devtmpfs: initialized
[    0.096913] print_constraints: dummy: 
[    0.097763] NET: Registered protocol family 16
[    0.098795] ACPI: bus type pci registered
[    0.100167] PCI: Using configuration type 1 for base access
[    0.104325] bio: create slab <bio-0> at 0
[    0.105764] ACPI: Added _OSI(Module Device)
[    0.105764] ACPI: Added _OSI(Processor Device)
[    0.108012] ACPI: Added _OSI(3.0 _SCP Extensions)
[    0.108955] ACPI: Added _OSI(Processor Aggregator Device)
[    0.113031] ACPI: Interpreter enabled
[    0.113855] ACPI: (supports S0 S3 S4 S5)
[    0.115112] ACPI: Using IOAPIC for interrupt routing
[    0.120082] ACPI: No dock devices found.
[    0.120913] HEST: Table not found.
[    0.121681] PCI: Ignoring host bridge windows from ACPI; if necessary, use "pci=use_crs" and report a bug
[    0.123500] ACPI: PCI Root Bridge [PCI0] (domain 0000 [bus 00-ff])
[    0.129588] pci 0000:00:01.3: quirk: [io  0xb000-0xb03f] claimed by PIIX4 ACPI
[    0.131095] pci 0000:00:01.3: quirk: [io  0xb100-0xb10f] claimed by PIIX4 SMB
[    0.159534]  pci0000:00: Unable to request _OSC control (_OSC support mask: 0x1e)
[    0.164371] ACPI: PCI Interrupt Link [LNKA] (IRQs 5 *10 11)
[    0.166221] ACPI: PCI Interrupt Link [LNKB] (IRQs 5 *10 11)
[    0.168063] ACPI: PCI Interrupt Link [LNKC] (IRQs 5 10 *11)
[    0.169879] ACPI: PCI Interrupt Link [LNKD] (IRQs 5 10 *11)
[    0.171671] ACPI: PCI Interrupt Link [LNKS] (IRQs 9) *0
[    0.173420] vgaarb: device added: PCI:0000:00:02.0,decodes=io+mem,owns=io+mem,locks=none
[    0.173759] vgaarb: loaded
[    0.176015] vgaarb: bridge control possible 0000:00:02.0
[    0.177315] PCI: Using ACPI for IRQ routing
[    0.178684] HPET: 3 timers in total, 0 timers will be used for per-cpu timer
[    0.180049] hpet0: at MMIO 0xfed00000, IRQs 2, 8, 0
[    0.181588] hpet0: 3 comparators, 64-bit 100.000000 MHz counter
[    0.193376] Switching to clocksource kvm-clock
[    0.201313] pnp: PnP ACPI init
[    0.202064] ACPI: bus type pnp registered
[    0.204208] pnp: PnP ACPI: found 8 devices
[    0.205099] ACPI: ACPI bus type pnp unregistered
[    0.227244] NET: Registered protocol family 2
[    0.230864] IP route cache hash table entries: 524288 (order: 10, 4194304 bytes)
[    0.237714] TCP established hash table entries: 524288 (order: 11, 8388608 bytes)
[    0.246729] TCP bind hash table entries: 65536 (order: 8, 1048576 bytes)
[    0.248969] TCP: Hash tables configured (established 524288 bind 65536)
[    0.250244] TCP reno registered
[    0.250997] UDP hash table entries: 8192 (order: 6, 262144 bytes)
[    0.252529] UDP-Lite hash table entries: 8192 (order: 6, 262144 bytes)
[    0.254625] NET: Registered protocol family 1
[    0.255495] pci 0000:00:00.0: Limiting direct PCI/PCI transfers
[    0.265032] pci 0000:00:01.0: PIIX3: Enabling Passive Release
[    0.266173] pci 0000:00:01.0: Activating ISA DMA hang workarounds
[    0.267506] Unpacking initramfs...
[    0.530555] Freeing initrd memory: 9992k freed
[    0.534462] PCI-DMA: Using software bounce buffering for IO (SWIOTLB)
[    0.535745] Placing 64MB software IO TLB between ffff8800dbff0000 - ffff8800dfff0000
[    0.537435] software IO TLB at phys 0xdbff0000 - 0xdfff0000
[    0.540778] audit: initializing netlink socket (disabled)
[    0.541828] type=2000 audit(1481487469.540:1): initialized
[    0.573933] HugeTLB registered 2 MB page size, pre-allocated 0 pages
[    0.579312] VFS: Disk quotas dquot_6.5.2
[    0.580453] Dquot-cache hash table entries: 512 (order 0, 4096 bytes)
[    0.581874] msgmni has been set to 32168
[    0.583919] alg: No test for stdrng (krng)
[    0.585064] Block layer SCSI generic (bsg) driver version 0.4 loaded (major 253)
[    0.586542] io scheduler noop registered
[    0.587380] io scheduler deadline registered
[    0.588696] io scheduler cfq registered (default)
[    0.589794] pci_hotplug: PCI Hot Plug PCI Core version: 0.5
[    0.590929] pciehp: PCI Express Hot Plug Controller Driver version: 0.4
[    0.592209] acpiphp: ACPI Hot Plug PCI Controller Driver version: 0.5
[    0.593587] acpiphp: Slot [3] registered
[    0.594474] acpiphp: Slot [4] registered
[    0.595340] acpiphp: Slot [5] registered
[    0.596320] acpiphp: Slot [6] registered
[    0.597205] acpiphp: Slot [7] registered
[    0.598075] acpiphp: Slot [8] registered
[    0.598947] acpiphp: Slot [9] registered
[    0.599827] acpiphp: Slot [10] registered
[    0.600820] acpiphp: Slot [11] registered
[    0.601692] acpiphp: Slot [12] registered
[    0.602580] acpiphp: Slot [13] registered
[    0.603459] acpiphp: Slot [14] registered
[    0.604445] acpiphp: Slot [15] registered
[    0.605343] acpiphp: Slot [16] registered
[    0.606218] acpiphp: Slot [17] registered
[    0.607093] acpiphp: Slot [18] registered
[    0.608089] acpiphp: Slot [19] registered
[    0.609020] acpiphp: Slot [20] registered
[    0.609914] acpiphp: Slot [21] registered
[    0.610805] acpiphp: Slot [22] registered
[    0.611701] acpiphp: Slot [23] registered
[    0.612701] acpiphp: Slot [24] registered
[    0.613602] acpiphp: Slot [25] registered
[    0.614489] acpiphp: Slot [26] registered
[    0.615368] acpiphp: Slot [27] registered
[    0.616316] acpiphp: Slot [28] registered
[    0.617220] acpiphp: Slot [29] registered
[    0.618130] acpiphp: Slot [30] registered
[    0.619014] acpiphp: Slot [31] registered
[    0.620106] ERST: Table is not found!
[    0.620983] GHES: HEST is not enabled!
[    0.622043] Serial: 8250/16550 driver, 4 ports, IRQ sharing enabled
[    0.644929] serial8250: ttyS0 at I/O 0x3f8 (irq = 4) is a 16550A
[    0.690263] 00:06: ttyS0 at I/O 0x3f8 (irq = 4) is a 16550A
[    0.692640] Linux agpgart interface v0.103
[    0.693737] i8042: PNP: PS/2 Controller [PNP0303:KBD,PNP0f13:MOU] at 0x60,0x64 irq 1,12
[    0.696431] serio: i8042 KBD port at 0x60,0x64 irq 1
[    0.697442] serio: i8042 AUX port at 0x60,0x64 irq 12
[    0.698995] mousedev: PS/2 mouse device common for all mice
[    0.700518] input: AT Translated Set 2 keyboard as /devices/platform/i8042/serio0/input/input0
[    0.702486] rtc_cmos 00:01: RTC can wake from S4
[    0.703902] rtc_cmos 00:01: rtc core: registered rtc_cmos as rtc0
[    0.705351] rtc0: alarms up to one day, 114 bytes nvram, hpet irqs
[    0.706591] cpuidle: using governor ladder
[    0.707461] cpuidle: using governor menu
[    0.708710] TCP cubic registered
[    0.710496] NET: Registered protocol family 10
[    0.712610] Mobile IPv6
[    0.713275] NET: Registered protocol family 17
[    0.714205] Registering the dns_resolver key type
[    0.716195] registered taskstats version 1
[    0.719399] rtc_cmos 00:01: setting system clock to 2016-12-11 20:17:51 UTC (1481487471)
[    0.722202] Initializing network drop monitor service
[    0.725778] Freeing unused kernel memory: 580k freed
[    0.727246] Write protecting the kernel read-only data: 6144k
[    0.731471] Freeing unused kernel memory: 644k freed
[    0.735698] Freeing unused kernel memory: 688k freed
Loading, please wait...
[    0.756445] udevd[58]: starting version 175
[    0.773181] SCSI subsystem initialized
[    0.774561] e1000: Intel(R) PRO/1000 Network Driver - version 7.3.21-k8-NAPI
[    0.775918] e1000: Copyright (c) 1999-2006 Intel Corporation.
[    0.790677] Floppy drive(s):
[    0.791069] scsi0 : ata_piix
[    0.792587]  fd0 is 1.44M
[    0.793840] scsi1 : ata_piix
[    0.794809] ata1: PATA max MWDMA2 cmd 0x1f0 ctl 0x3f6 bmdma 0xc040 irq 14
[    0.796489] ata2: PATA max MWDMA2 cmd 0x170 ctl 0x376 bmdma 0xc048 irq 15
[    0.798386] ACPI: PCI Interrupt Link [LNKC] enabled at IRQ 11
[    0.808692] FDC 0 is a S82078B
[    0.956975] ata1.00: ATA-7: QEMU HARDDISK, 1.1.2, max UDMA/100
[    0.958191] ata1.00: 9011200 sectors, multi 16: LBA48 
[    0.959833] ata1.00: configured for MWDMA2
[    0.961110] scsi 0:0:0:0: Direct-Access     ATA      QEMU HARDDISK    1.1. PQ: 0 ANSI: 5
[    0.962098] ata2.00: ATAPI: QEMU DVD-ROM, 1.1.2, max UDMA/100
[    0.962737] ata2.00: configured for MWDMA2
[    0.966208] scsi 1:0:0:0: CD-ROM            QEMU     QEMU DVD-ROM     1.1. PQ: 0 ANSI: 5
[    4.152607] Refined TSC clocksource calibration: 2199.957 MHz.
[    4.180530] e1000 0000:00:03.0: eth0: (PCI:33MHz:32-bit) 52:54:00:12:34:56
[    4.181819] e1000 0000:00:03.0: eth0: Intel(R) PRO/1000 Network Connection
[    4.189558] sd 0:0:0:0: [sda] 9011200 512-byte logical blocks: (4.61 GB/4.29 GiB)
[    4.191844] sd 0:0:0:0: [sda] Write Protect is off
[    4.194251] sd 0:0:0:0: [sda] Write cache: disabled, read cache: enabled, doesn't support DPO or FUA
[    4.198142] sr0: scsi3-mmc drive: 4x/4x cd/rw xa/form2 tray
[    4.199510] cdrom: Uniform CD-ROM driver Revision: 3.20
[    4.202239]  sda: sda1
[    4.203868] sd 0:0:0:0: [sda] Attached SCSI disk
[    4.209406] sd 0:0:0:0: Attached scsi generic sg0 type 0
[    4.210690] sr 1:0:0:0: Attached scsi generic sg1 type 5
Begin: Loading essential drivers ... done.
Begin: Running /scripts/init-premount ... done.
Begin: Mounting root file system ... Begin: Running /scripts/local-top ... done.
Begin: Running /scripts/local-premount ... done.
[    4.941197] EXT4-fs (sda1): mounted filesystem with ordered data mode. Opts: (null)
Begin: Running /scripts/local-bottom ... done.
done.
Begin: Running /scripts/init-bottom ... done.
INIT: version 2.88 booting
[[36minfo[39;49m] Using makefile-style concurrent boot in runlevel S.
findfs: unable to resolve 'UUID="e35ebd7f-2405-4c97-9c3e-26919d55a9e5"'
[....] Starting the hotplug events dispatcher: udevd[    8.579014] udevd[314]: starting version 175
[?25l[?1c7[1G[[32m ok [39;49m8[?25h[?0c.
[....] Synthesizing the initial hotplug events...[    8.659563] piix4_smbus 0000:00:01.3: SMBus Host Controller at 0xb100, revision 0
[    8.664482] input: Power Button as /devices/LNXSYSTM:00/LNXPWRBN:00/input/input1
[    8.666041] ACPI: Power Button [PWRF]
[    8.674663] input: PC Speaker as /devices/platform/pcspkr/input/input2
[?25l[?1c7[1G[[32m ok [39;49m8[?25h[?0cdone.
[    8.717372] parport_pc 00:05: reported by Plug and Play ACPI
[    8.718701] parport0: PC-style at 0x378, irq 7 [PCSPP,TRISTATE]
[....] Waiting for /dev to be fully populated...[    8.753166] Error: Driver 'pcspkr' is already registered, aborting...
[?25l[?1c7[1G[[32m ok [39;49m8[?25h[?0cdone.
[   12.196695] input: ImExPS/2 Generic Explorer Mouse as /devices/platform/i8042/serio1/input/input3
findfs: unable to resolve 'UUID="e35ebd7f-2405-4c97-9c3e-26919d55a9e5"'
[....] Activating swap...[?25l[?1c7[1G[[32m ok [39;49m8[?25h[?0cdone.
Usage: mountpoint [-q] [-d] [-x] path
[   12.304553] EXT4-fs (sda1): re-mounted. Opts: (null)
[....] Checking root file system...fsck from util-linux 2.20.1
/run/rootdev: clean, 32635/264000 files, 832540/1054720 blocks
[?25l[?1c7[1G[[32m ok [39;49m8[?25h[?0cdone.
[   12.395920] EXT4-fs (sda1): re-mounted. Opts: errors=remount-ro,errors=remount-ro
[....] Cleaning up temporary files... /tmp[?25l[?1c7[1G[[32m ok [39;49m8[?25h[?0c.
findfs: unable to resolve 'UUID="e35ebd7f-2405-4c97-9c3e-26919d55a9e5"'
findfs: unable to resolve 'UUID="e35ebd7f-2405-4c97-9c3e-26919d55a9e5"'
[....] Activating lvm and md swap...[?25l[?1c7[1G[[32m ok [39;49m8[?25h[?0cdone.
[....] Checking file systems...fsck from util-linux 2.20.1
[?25l[?1c7[1G[[32m ok [39;49m8[?25h[?0cdone.
[....] Mounting local filesystems...[?25l[?1c7[1G[[32m ok [39;49m8[?25h[?0cdone.
[....] Activating swapfile swap...[?25l[?1c7[1G[[32m ok [39;49m8[?25h[?0cdone.
findfs: unable to resolve 'UUID="e35ebd7f-2405-4c97-9c3e-26919d55a9e5"'
[....] Cleaning up temporary files...[?25l[?1c7[1G[[32m ok [39;49m8[?25h[?0c.
[....] Setting kernel variables ...[?25l[?1c7[1G[[32m ok [39;49m8[?25h[?0cdone.
[....] Configuring network interfaces...Internet Systems Consortium DHCP Client 4.2.2
Copyright 2004-2011 Internet Systems Consortium.
All rights reserved.
For info, please visit https://www.isc.org/software/dhcp/

[   16.696783] ADDRCONF(NETDEV_UP): eth0: link is not ready
Listening on LPF/eth0/52:54:00:12:34:56
Sending on   LPF/eth0/52:54:00:12:34:56
Sending on   Socket/fallback
DHCPDISCOVER on eth0 to 255.255.255.255 port 67 interval 4
[   20.209942] e1000: eth0 NIC Link is Up 1000 Mbps Full Duplex, Flow Control: RX
[   20.217290] ADDRCONF(NETDEV_CHANGE): eth0: link becomes ready
DHCPDISCOVER on eth0 to 255.255.255.255 port 67 interval 4
DHCPREQUEST on eth0 to 255.255.255.255 port 67
DHCPOFFER from 10.0.2.2
DHCPACK from 10.0.2.2
bound to 10.0.2.15 -- renewal in 34810 seconds.
ifup: interface eth0 already configured
[?25l[?1c7[1G[[32m ok [39;49m8[?25h[?0cdone.
[....] Cleaning up temporary files...[?25l[?1c7[1G[[32m ok [39;49m8[?25h[?0c.
INIT: Entering runlevel: 2
[[36minfo[39;49m] Using makefile-style concurrent boot in runlevel 2.
[....] Starting OpenBSD Secure Shell server: sshd[?25l[?1c7[1G[[32m ok [39;49m8[?25h[?0c.
Entering benchmark mode
./scaff/bin/uniform/syrk_STANDARD dummy.out 40
STARTING syrk_STANDARD execution: Sun Dec 11 22:18:11 EET 2016
Execution Time; 3.395865
Execution Time; 0.350329
Execution Time; 3.367514
Execution Time; 0.388637
Execution Time; 0.385674
Execution Time; 3.404093
Execution Time; 0.384268
Execution Time; 3.401818
Execution Time; 0.388836
Execution Time; 0.397986
Execution Time; 3.401440
Execution Time; 0.399800
Execution Time; 3.403364
Execution Time; 0.392438
Execution Time; 0.399530
Execution Time; 3.397443
Execution Time; 0.387450
Execution Time; 3.393031
Execution Time; 0.395638
Execution Time; 0.393689
Execution Time; 3.401678
Execution Time; 0.381863
Execution Time; 3.408541
Execution Time; 0.401532
Execution Time; 0.390922
Execution Time; 3.398660
Execution Time; 0.389716
Execution Time; 0.390524
Execution Time; 0.396241
Execution Time; 0.390910
Execution Time; 3.416549
Execution Time; 0.388935
Execution Time; 3.414995
Execution Time; 0.394017
Execution Time; 0.384061
Execution Time; 3.398244
Execution Time; 0.389917
Execution Time; 0.399327
Execution Time; 0.395164
Execution Time; 0.389653
Execution Time; 3.396706
Execution Time; 0.395052
Execution Time; 3.397097
Execution Time; 0.391346
Execution Time; 0.395635
Execution Time; 3.405246
Execution Time; 0.391341
Execution Time; 3.405517
Execution Time; 0.392173
Execution Time; 0.395485
Execution Time; 3.403703
Execution Time; 0.389809
Execution Time; 0.385965
Execution Time; 0.396595
Execution Time; 0.395234
Execution Time; 3.400963
Execution Time; 0.391155
Execution Time; 3.417080
Execution Time; 0.394031
Execution Time; 3.687461
Execution Time; 0.392745
Execution Time; 0.392981
Execution Time; 3.395101
Execution Time; 0.391079
Execution Time; 3.400300
Execution Time; 0.386201
Execution Time; 0.393086
Execution Time; 3.401880
Execution Time; 0.391416
Execution Time; 3.410639
Execution Time; 0.409334
Execution Time; 0.393411
Execution Time; 3.404582
Execution Time; 0.401805
Execution Time; 3.403716
Execution Time; 0.394515
Execution Time; 0.387773
Execution Time; 3.402275
Execution Time; 0.408208
Execution Time; 3.400971
Execution Time; 0.393148
Execution Time; 0.385436
Execution Time; 3.401701
Execution Time; 0.396626
Execution Time; 3.403171
Execution Time; 0.402960
Execution Time; 0.399607
Execution Time; 3.396954
Execution Time; 0.387668
Execution Time; 3.398578
Execution Time; 0.394984
Execution Time; 0.408430
Execution Time; 3.418823
Execution Time; 0.400940
Execution Time; 3.409802
Execution Time; 0.395648
Execution Time; 0.391706
Execution Time; 3.401005
Execution Time; 0.386102
Execution Time; 3.409883
Execution Time; 0.387463
Execution Time; 0.385706
Execution Time; 3.396302
Execution Time; 0.398687
Execution Time; 3.408139
Execution Time; 0.399169
Execution Time; 0.388900
Execution Time; 3.396757
Execution Time; 0.390988
Execution Time; 3.400799
Execution Time; 0.390198
Execution Time; 0.386073
Execution Time; 3.404097
Execution Time; 0.408153
Execution Time; 3.408415
Execution Time; 0.396950
Execution Time; 0.401456
Execution Time; 3.403683
Execution Time; 0.393677
Execution Time; 3.399641
Execution Time; 0.386483
Execution Time; 0.384562
Execution Time; 3.397800
Execution Time; 0.395073
Execution Time; 3.399472
Execution Time; 0.386548
Execution Time; 0.389730
Execution Time; 3.398052
Execution Time; 0.390003
Execution Time; 3.397338
Execution Time; 0.401125
Execution Time; 0.403357
Execution Time; 3.415113
Execution Time; 0.386388
Execution Time; 3.402095
Execution Time; 0.391895
Execution Time; 0.390029
Execution Time; 3.402455
Execution Time; 0.394350
Execution Time; 3.399547
Execution Time; 0.389720
Execution Time; 0.392270
Execution Time; 3.402073
Execution Time; 0.400872
Execution Time; 3.405321
Execution Time; 0.391723
Execution Time; 0.391318
Execution Time; 3.401750
Execution Time; 0.389988
Execution Time; 3.398700
Execution Time; 0.389878
Execution Time; 0.385128
Execution Time; 3.398016
Execution Time; 0.396467
Execution Time; 3.404034
Execution Time; 0.389996
Execution Time; 0.394453
Execution Time; 3.399162
Execution Time; 0.391733
Execution Time; 3.410442
Execution Time; 0.388441
Execution Time; 0.392159
Execution Time; 3.400936
Execution Time; 0.392259
Execution Time; 3.406795
Execution Time; 0.388083
Execution Time; 0.389318
Execution Time; 3.410347
Execution Time; 0.390881
Execution Time; 3.397427
Execution Time; 0.388502
Execution Time; 0.401279
Execution Time; 3.396861
Execution Time; 0.394980
Execution Time; 3.404584
Execution Time; 0.393267
Execution Time; 0.398305
Execution Time; 3.399320
Execution Time; 0.397468
Execution Time; 3.394290
Execution Time; 0.393261
Execution Time; 0.402454
Execution Time; 3.397867
Execution Time; 0.388653
Execution Time; 3.416302
Execution Time; 0.392549
Execution Time; 0.389069
Execution Time; 3.400743
Execution Time; 0.386629
Execution Time; 0.391274
Execution Time; 3.400210
Execution Time; 0.389844
Execution Time; 3.401465
Execution Time; 0.389092
Execution Time; 0.395403
Execution Time; 3.400368
Execution Time; 0.386659
Execution Time; 3.403569
Execution Time; 0.396665
Execution Time; 0.389668
Execution Time; 0.388992
Execution Time; 0.404493
Execution Time; 3.406582
Execution Time; 0.402841
Execution Time; 3.402300
Execution Time; 0.402011
Execution Time; 0.393292
Execution Time; 3.406280
Execution Time; 0.389235
Execution Time; 3.403829
Execution Time; 0.388883
Execution Time; 0.389942
Execution Time; 3.402112
Execution Time; 0.392621
Execution Time; 0.386924
Execution Time; 3.404170
Execution Time; 0.400094
Execution Time; 3.403016
Execution Time; 0.397338
Execution Time; 0.389771
Execution Time; 3.394568
Execution Time; 0.385669
Execution Time; 3.410762
Execution Time; 0.388684
Execution Time; 0.393341
Execution Time; 3.409771
Execution Time; 0.390295
Execution Time; 3.403794
Execution Time; 0.391848
Execution Time; 0.392721
Execution Time; 3.403144
Execution Time; 0.389940
Execution Time; 3.394762
Execution Time; 0.388994
Execution Time; 0.397730
Execution Time; 3.411812
Execution Time; 0.401550
Execution Time; 3.406712
Execution Time; 0.399936
Execution Time; 0.390636
Execution Time; 0.390454
Execution Time; 0.390277
Execution Time; 3.413543
Execution Time; 0.402456
Execution Time; 3.407823
Execution Time; 0.393412
Execution Time; 0.390069
Execution Time; 3.408574
Execution Time; 0.392981
Execution Time; 3.402986
Execution Time; 0.394256
Execution Time; 0.394884
Execution Time; 3.401159
Execution Time; 0.389936
Execution Time; 0.388014
Execution Time; 3.400643
Execution Time; 0.405127
Execution Time; 3.403904
Execution Time; 0.394768
Execution Time; 0.390173
Execution Time; 3.397276
Execution Time; 0.396039
Execution Time; 3.413517
Execution Time; 0.395928
Execution Time; 3.408725
Execution Time; 0.393266
Execution Time; 0.394512
Execution Time; 3.409395
Execution Time; 0.394814
Execution Time; 3.401752
Execution Time; 0.394525
Execution Time; 0.408281
Execution Time; 3.402954
Execution Time; 0.398791
Execution Time; 3.406393
Execution Time; 0.395291
Execution Time; 0.395207
Execution Time; 3.398940
Execution Time; 0.394179
Execution Time; 3.407208
INIT: SwitchingINIT: Sending processes the TERM signal
[[36minfo[39;49m] Using makefile-style concurrent boot in runlevel 0.
[[36minfo[39;49m] Saving the system clock.
[[36minfo[39;49m] Hardware Clock updated to Sun Dec 11 20:25:52 UTC 2016.
[....] Asking all remaining processes to terminate...[?25l[?1c7[1G[[32m ok [39;49m8[?25h[?0cdone.
[....] All processes ended within 2 seconds...[?25l[?1c7[1G[[32m ok [39;49m8[?25h[?0cdone.
[....] Deconfiguring network interfaces...Internet Systems Consortium DHCP Client 4.2.2
Copyright 2004-2011 Internet Systems Consortium.
All rights reserved.
For info, please visit https://www.isc.org/software/dhcp/

Listening on LPF/eth0/52:54:00:12:34:56
Sending on   LPF/eth0/52:54:00:12:34:56
Sending on   Socket/fallback
DHCPRELEASE on eth0 to 10.0.2.2 port 67
[?25l[?1c7[1G[[32m ok [39;49m8[?25h[?0cdone.
[....] Deactivating swap...[?25l[?1c7[1G[[32m ok [39;49m8[?25h[?0cdone.
[  481.820857] EXT4-fs (sda1): re-mounted. Opts: (null)
[[36minfo[39;49m] Will now halt.
[  485.528540] sd 0:0:0:0: [sda] Stopping disk
[  485.531166] ACPI: Preparing to enter system sleep state S5
[  485.532428] Power down.
aff-executor-preload.c:affhooks_init()
aff-executor-preload.c:affhooks_shut()
HELLO KITTY
