aff-executor-preload.c:affhooks_init()
[H[J[?25l[m[H[J[2;25HGNU GRUB  version 1.99-27+deb7u2

[m[4;2H+--------------------------------------------------------------------------+[5;2H|[5;77H|[6;2H|[6;77H|[7;2H|[7;77H|[8;2H|[8;77H|[9;2H|[9;77H|[10;2H|[10;77H|[11;2H|[11;77H|[12;2H|[12;77H|[13;2H|[13;77H|[14;2H|[14;77H|[15;2H|[15;77H|[16;2H|[16;77H|[17;2H+--------------------------------------------------------------------------+[m[18;2H[m
      Use the ^ and v keys to select which entry is highlighted.      
      Press enter to boot the selected OS, 'e' to edit the commands      
      before booting or 'c' for a command-line.      
      [5;78H [7m[5;3HDebian GNU/Linux, with Linux 3.2.0-4-amd64                               [m [5;76H[m[m[6;3HDebian GNU/Linux, with Linux 3.2.0-4-amd64 (recovery mode)               [m [6;76H[m[m[7;3H                                                                         [m [7;76H[m[m[8;3H                                                                         [m [8;76H[m[m[9;3H                                                                         [m [9;76H[m[m[10;3H                                                                         [m [10;76H[m[m[11;3H                                                                         [m [11;76H[m[m[12;3H                                                                         [m [12;76H[m[m[13;3H                                                                         [m [13;76H[m[m[14;3H                                                                         [m [14;76H[m[m[15;3H                                                                         [m [15;76H[m[m[16;3H                                                                         [m [16;76H[m[16;78H [5;76H[22;1H   The highlighted entry will be executed automatically in 5s.                 [5;76H[22;1H   The highlighted entry will be executed automatically in 4s.                 [5;76H[22;1H   The highlighted entry will be executed automatically in 3s.                 [5;76H[22;1H   The highlighted entry will be executed automatically in 2s.                 [5;76H[22;1H   The highlighted entry will be executed automatically in 1s.                 [5;76H[22;1H   The highlighted entry will be executed automatically in 0s.                 [5;76H[?25h[H[J[H[J  Booting 'Debian GNU/Linux, with Linux 3.2.0-4-amd64'

Loading Linux 3.2.0-4-amd64 ...
Loading initial ramdisk ...
[    0.000000] Initializing cgroup subsys cpuset
[    0.000000] Initializing cgroup subsys cpu
[    0.000000] Linux version 3.2.0-4-amd64 (debian-kernel@lists.debian.org) (gcc version 4.6.3 (Debian 4.6.3-14) ) #1 SMP Debian 3.2.68-1+deb7u3
[    0.000000] Command line: BOOT_IMAGE=/boot/vmlinuz-3.2.0-4-amd64 root=UUID=e35ebd7f-2405-4c97-9c3e-26919d55a9e5 ro console=tty0 console=ttyS0,115200n8
[    0.000000] BIOS-provided physical RAM map:
[    0.000000]  BIOS-e820: 0000000000000000 - 000000000009f400 (usable)
[    0.000000]  BIOS-e820: 000000000009f400 - 00000000000a0000 (reserved)
[    0.000000]  BIOS-e820: 00000000000f0000 - 0000000000100000 (reserved)
[    0.000000]  BIOS-e820: 0000000000100000 - 00000000dfffe000 (usable)
[    0.000000]  BIOS-e820: 00000000dfffe000 - 00000000e0000000 (reserved)
[    0.000000]  BIOS-e820: 00000000feffc000 - 00000000ff000000 (reserved)
[    0.000000]  BIOS-e820: 00000000fffc0000 - 0000000100000000 (reserved)
[    0.000000]  BIOS-e820: 0000000100000000 - 0000000420000000 (usable)
[    0.000000] NX (Execute Disable) protection: active
[    0.000000] SMBIOS 2.4 present.
[    0.000000] No AGP bridge found
[    0.000000] last_pfn = 0x420000 max_arch_pfn = 0x400000000
[    0.000000] PAT not supported by CPU.
[    0.000000] last_pfn = 0xdfffe max_arch_pfn = 0x400000000
[    0.000000] found SMP MP-table at [ffff8800000fdac0] fdac0
[    0.000000] init_memory_mapping: 0000000000000000-00000000dfffe000
[    0.000000] init_memory_mapping: 0000000100000000-0000000420000000
[    0.000000] RAMDISK: 36c6c000 - 3762e000
[    0.000000] ACPI: RSDP 00000000000fd8b0 00014 (v00 BOCHS )
[    0.000000] ACPI: RSDT 00000000dfffe470 00038 (v01 BOCHS  BXPCRSDT 00000001 BXPC 00000001)
[    0.000000] ACPI: FACP 00000000dfffff80 00074 (v01 BOCHS  BXPCFACP 00000001 BXPC 00000001)
[    0.000000] ACPI: DSDT 00000000dfffe4b0 01121 (v01   BXPC   BXDSDT 00000001 INTL 20100528)
[    0.000000] ACPI: FACS 00000000dfffff40 00040
[    0.000000] ACPI: SSDT 00000000dffffd70 001C1 (v01 BOCHS  BXPCSSDT 00000001 BXPC 00000001)
[    0.000000] ACPI: APIC 00000000dffffc70 00090 (v01 BOCHS  BXPCAPIC 00000001 BXPC 00000001)
[    0.000000] ACPI: HPET 00000000dffffc30 00038 (v01 BOCHS  BXPCHPET 00000001 BXPC 00000001)
[    0.000000] ACPI: SSDT 00000000dffff5e0 00644 (v01   BXPC BXSSDTPC 00000001 INTL 20100528)
[    0.000000] No NUMA configuration found
[    0.000000] Faking a node at 0000000000000000-0000000420000000
[    0.000000] Initmem setup node 0 0000000000000000-0000000420000000
[    0.000000]   NODE_DATA [000000041fffb000 - 000000041fffffff]
[    0.000000] kvm-clock: Using msrs 4b564d01 and 4b564d00
[    0.000000] kvm-clock: cpu 0, msr 0:16a8741, boot clock
[    0.000000] Zone PFN ranges:
[    0.000000]   DMA      0x00000010 -> 0x00001000
[    0.000000]   DMA32    0x00001000 -> 0x00100000
[    0.000000]   Normal   0x00100000 -> 0x00420000
[    0.000000] Movable zone start PFN for each node
[    0.000000] early_node_map[3] active PFN ranges
[    0.000000]     0: 0x00000010 -> 0x0000009f
[    0.000000]     0: 0x00000100 -> 0x000dfffe
[    0.000000]     0: 0x00100000 -> 0x00420000
[    0.000000] ACPI: PM-Timer IO Port: 0xb008
[    0.000000] ACPI: LAPIC (acpi_id[0x00] lapic_id[0x00] enabled)
[    0.000000] ACPI: LAPIC (acpi_id[0x01] lapic_id[0x01] enabled)
[    0.000000] ACPI: LAPIC (acpi_id[0x02] lapic_id[0x02] enabled)
[    0.000000] ACPI: LAPIC (acpi_id[0x03] lapic_id[0x03] enabled)
[    0.000000] ACPI: LAPIC_NMI (acpi_id[0xff] dfl dfl lint[0x1])
[    0.000000] ACPI: IOAPIC (id[0x04] address[0xfec00000] gsi_base[0])
[    0.000000] IOAPIC[0]: apic_id 4, version 17, address 0xfec00000, GSI 0-23
[    0.000000] ACPI: INT_SRC_OVR (bus 0 bus_irq 0 global_irq 2 dfl dfl)
[    0.000000] ACPI: INT_SRC_OVR (bus 0 bus_irq 5 global_irq 5 high level)
[    0.000000] ACPI: INT_SRC_OVR (bus 0 bus_irq 9 global_irq 9 high level)
[    0.000000] ACPI: INT_SRC_OVR (bus 0 bus_irq 10 global_irq 10 high level)
[    0.000000] ACPI: INT_SRC_OVR (bus 0 bus_irq 11 global_irq 11 high level)
[    0.000000] Using ACPI (MADT) for SMP configuration information
[    0.000000] ACPI: HPET id: 0x8086a201 base: 0xfed00000
[    0.000000] SMP: Allowing 4 CPUs, 0 hotplug CPUs
[    0.000000] PM: Registered nosave memory: 000000000009f000 - 00000000000a0000
[    0.000000] PM: Registered nosave memory: 00000000000a0000 - 00000000000f0000
[    0.000000] PM: Registered nosave memory: 00000000000f0000 - 0000000000100000
[    0.000000] PM: Registered nosave memory: 00000000dfffe000 - 00000000e0000000
[    0.000000] PM: Registered nosave memory: 00000000e0000000 - 00000000feffc000
[    0.000000] PM: Registered nosave memory: 00000000feffc000 - 00000000ff000000
[    0.000000] PM: Registered nosave memory: 00000000ff000000 - 00000000fffc0000
[    0.000000] PM: Registered nosave memory: 00000000fffc0000 - 0000000100000000
[    0.000000] Allocating PCI resources starting at e0000000 (gap: e0000000:1effc000)
[    0.000000] Booting paravirtualized kernel on KVM
[    0.000000] setup_percpu: NR_CPUS:512 nr_cpumask_bits:512 nr_cpu_ids:4 nr_node_ids:1
[    0.000000] PERCPU: Embedded 27 pages/cpu @ffff88041fc00000 s78912 r8192 d23488 u524288
[    0.000000] kvm-clock: cpu 0, msr 4:1fc12741, primary cpu clock
[    0.000000] KVM setup async PF for cpu 0
[    0.000000] kvm-stealtime: cpu 0, msr 41fc0cfc0
[    0.000000] Built 1 zonelists in Zone order, mobility grouping on.  Total pages: 4135048
[    0.000000] Policy zone: Normal
[    0.000000] Kernel command line: BOOT_IMAGE=/boot/vmlinuz-3.2.0-4-amd64 root=UUID=e35ebd7f-2405-4c97-9c3e-26919d55a9e5 ro console=tty0 console=ttyS0,115200n8
[    0.000000] PID hash table entries: 4096 (order: 3, 32768 bytes)
[    0.000000] Checking aperture...
[    0.000000] No AGP bridge found
[    0.000000] Memory: 16460264k/17301504k available (3434k kernel code, 524748k absent, 316492k reserved, 3305k data, 580k init)
[    0.000000] Hierarchical RCU implementation.
[    0.000000] 	RCU dyntick-idle grace-period acceleration is enabled.
[    0.000000] NR_IRQS:33024 nr_irqs:712 16
[    0.000000] Console: colour VGA+ 80x25
[    0.000000] console [tty0] enabled
[    0.000000] console [ttyS0] enabled
[    0.000000] Detected 2199.998 MHz processor.
[    0.008000] Calibrating delay loop (skipped) preset value.. 4399.99 BogoMIPS (lpj=8799992)
[    0.008000] pid_max: default: 32768 minimum: 301
[    0.008000] Security Framework initialized
[    0.008013] AppArmor: AppArmor disabled by boot time parameter
[    0.010002] Dentry cache hash table entries: 2097152 (order: 12, 16777216 bytes)
[    0.015376] Inode-cache hash table entries: 1048576 (order: 11, 8388608 bytes)
[    0.017688] Mount-cache hash table entries: 256
[    0.020037] Initializing cgroup subsys cpuacct
[    0.020921] Initializing cgroup subsys memory
[    0.021807] Initializing cgroup subsys devices
[    0.022713] Initializing cgroup subsys freezer
[    0.023612] Initializing cgroup subsys net_cls
[    0.024012] Initializing cgroup subsys blkio
[    0.024878] Initializing cgroup subsys perf_event
[    0.025886] mce: CPU supports 10 MCE banks
[    0.028871] ACPI: Core revision 20110623
[    0.033788] ..TIMER: vector=0x30 apic1=0 pin1=2 apic2=-1 pin2=-1
[    0.034941] CPU0: Intel QEMU Virtual CPU version 1.1.2 stepping 03
[    0.040002] Performance Events: unsupported p6 CPU model 2 no PMU driver, software events only.
[    0.040002] NMI watchdog disabled (cpu0): hardware events not enabled
[    0.040002] Booting Node   0, Processors  #1
[    0.056009] kvm-clock: cpu 1, msr 4:1fc92741, secondary cpu clock
[    0.056140] NMI watchdog disabled (cpu1): hardware events not enabled
[    0.056382]  #2
[    0.056173] KVM setup async PF for cpu 1
[    0.056173] kvm-stealtime: cpu 1, msr 41fc8cfc0
[    0.072008] kvm-clock: cpu 2, msr 4:1fd12741, secondary cpu clock
[    0.072140] NMI watchdog disabled (cpu2): hardware events not enabled
[    0.072382]  #3 Ok.
[    0.072169] KVM setup async PF for cpu 2
[    0.072169] kvm-stealtime: cpu 2, msr 41fd0cfc0
[    0.088009] kvm-clock: cpu 3, msr 4:1fd92741, secondary cpu clock
[    0.088161] NMI watchdog disabled (cpu3): hardware events not enabled
[    0.088211] Brought up 4 CPUs
[    0.088213] Total of 4 processors activated (17599.98 BogoMIPS).
[    0.088210] KVM setup async PF for cpu 3
[    0.088210] kvm-stealtime: cpu 3, msr 41fd8cfc0
[    0.096030] devtmpfs: initialized
[    0.100841] print_constraints: dummy: 
[    0.101888] NET: Registered protocol family 16
[    0.102974] ACPI: bus type pci registered
[    0.104171] PCI: Using configuration type 1 for base access
[    0.108634] bio: create slab <bio-0> at 0
[    0.109908] ACPI: Added _OSI(Module Device)
[    0.109908] ACPI: Added _OSI(Processor Device)
[    0.112012] ACPI: Added _OSI(3.0 _SCP Extensions)
[    0.112962] ACPI: Added _OSI(Processor Aggregator Device)
[    0.117229] ACPI: Interpreter enabled
[    0.118088] ACPI: (supports S0 S3 S4 S5)
[    0.119417] ACPI: Using IOAPIC for interrupt routing
[    0.124369] ACPI: No dock devices found.
[    0.125179] HEST: Table not found.
[    0.126005] PCI: Ignoring host bridge windows from ACPI; if necessary, use "pci=use_crs" and report a bug
[    0.127875] ACPI: PCI Root Bridge [PCI0] (domain 0000 [bus 00-ff])
[    0.134331] pci 0000:00:01.3: quirk: [io  0xb000-0xb03f] claimed by PIIX4 ACPI
[    0.135855] pci 0000:00:01.3: quirk: [io  0xb100-0xb10f] claimed by PIIX4 SMB
[    0.157946]  pci0000:00: Unable to request _OSC control (_OSC support mask: 0x1e)
[    0.162212] ACPI: PCI Interrupt Link [LNKA] (IRQs 5 *10 11)
[    0.163962] ACPI: PCI Interrupt Link [LNKB] (IRQs 5 *10 11)
[    0.165003] ACPI: PCI Interrupt Link [LNKC] (IRQs 5 10 *11)
[    0.166748] ACPI: PCI Interrupt Link [LNKD] (IRQs 5 10 *11)
[    0.168906] ACPI: PCI Interrupt Link [LNKS] (IRQs 9) *0
[    0.170928] vgaarb: device added: PCI:0000:00:02.0,decodes=io+mem,owns=io+mem,locks=none
[    0.172016] vgaarb: loaded
[    0.172677] vgaarb: bridge control possible 0000:00:02.0
[    0.173845] PCI: Using ACPI for IRQ routing
[    0.176116] HPET: 3 timers in total, 0 timers will be used for per-cpu timer
[    0.177408] hpet0: at MMIO 0xfed00000, IRQs 2, 8, 0
[    0.178874] hpet0: 3 comparators, 64-bit 100.000000 MHz counter
[    0.189566] Switching to clocksource kvm-clock
[    0.196120] pnp: PnP ACPI init
[    0.196842] ACPI: bus type pnp registered
[    0.198788] pnp: PnP ACPI: found 8 devices
[    0.199633] ACPI: ACPI bus type pnp unregistered
[    0.218019] NET: Registered protocol family 2
[    0.221555] IP route cache hash table entries: 524288 (order: 10, 4194304 bytes)
[    0.227929] TCP established hash table entries: 524288 (order: 11, 8388608 bytes)
[    0.236796] TCP bind hash table entries: 65536 (order: 8, 1048576 bytes)
[    0.238949] TCP: Hash tables configured (established 524288 bind 65536)
[    0.240265] TCP reno registered
[    0.241022] UDP hash table entries: 8192 (order: 6, 262144 bytes)
[    0.242435] UDP-Lite hash table entries: 8192 (order: 6, 262144 bytes)
[    0.244473] NET: Registered protocol family 1
[    0.245376] pci 0000:00:00.0: Limiting direct PCI/PCI transfers
[    0.255150] pci 0000:00:01.0: PIIX3: Enabling Passive Release
[    0.256334] pci 0000:00:01.0: Activating ISA DMA hang workarounds
[    0.257614] Unpacking initramfs...
[    0.499569] Freeing initrd memory: 9992k freed
[    0.503324] PCI-DMA: Using software bounce buffering for IO (SWIOTLB)
[    0.504660] Placing 64MB software IO TLB between ffff8800dbff0000 - ffff8800dfff0000
[    0.506160] software IO TLB at phys 0xdbff0000 - 0xdfff0000
[    0.509410] audit: initializing netlink socket (disabled)
[    0.510491] type=2000 audit(1481715790.508:1): initialized
[    0.540630] HugeTLB registered 2 MB page size, pre-allocated 0 pages
[    0.546080] VFS: Disk quotas dquot_6.5.2
[    0.547027] Dquot-cache hash table entries: 512 (order 0, 4096 bytes)
[    0.548511] msgmni has been set to 32168
[    0.550194] alg: No test for stdrng (krng)
[    0.551230] Block layer SCSI generic (bsg) driver version 0.4 loaded (major 253)
[    0.552852] io scheduler noop registered
[    0.553700] io scheduler deadline registered
[    0.554796] io scheduler cfq registered (default)
[    0.555911] pci_hotplug: PCI Hot Plug PCI Core version: 0.5
[    0.557127] pciehp: PCI Express Hot Plug Controller Driver version: 0.4
[    0.558384] acpiphp: ACPI Hot Plug PCI Controller Driver version: 0.5
[    0.559679] acpiphp: Slot [3] registered
[    0.560662] acpiphp: Slot [4] registered
[    0.561521] acpiphp: Slot [5] registered
[    0.562397] acpiphp: Slot [6] registered
[    0.563267] acpiphp: Slot [7] registered
[    0.564170] acpiphp: Slot [8] registered
[    0.565066] acpiphp: Slot [9] registered
[    0.565944] acpiphp: Slot [10] registered
[    0.566817] acpiphp: Slot [11] registered
[    0.567684] acpiphp: Slot [12] registered
[    0.568653] acpiphp: Slot [13] registered
[    0.569528] acpiphp: Slot [14] registered
[    0.570419] acpiphp: Slot [15] registered
[    0.571294] acpiphp: Slot [16] registered
[    0.572212] acpiphp: Slot [17] registered
[    0.573067] acpiphp: Slot [18] registered
[    0.573950] acpiphp: Slot [19] registered
[    0.574799] acpiphp: Slot [20] registered
[    0.575626] acpiphp: Slot [21] registered
[    0.576616] acpiphp: Slot [22] registered
[    0.577459] acpiphp: Slot [23] registered
[    0.578340] acpiphp: Slot [24] registered
[    0.579182] acpiphp: Slot [25] registered
[    0.580035] acpiphp: Slot [26] registered
[    0.581008] acpiphp: Slot [27] registered
[    0.581891] acpiphp: Slot [28] registered
[    0.582776] acpiphp: Slot [29] registered
[    0.583682] acpiphp: Slot [30] registered
[    0.584673] acpiphp: Slot [31] registered
[    0.585684] ERST: Table is not found!
[    0.586510] GHES: HEST is not enabled!
[    0.587496] Serial: 8250/16550 driver, 4 ports, IRQ sharing enabled
[    0.610468] serial8250: ttyS0 at I/O 0x3f8 (irq = 4) is a 16550A
[   46.790935] 00:06: ttyS0 at I/O 0x3f8 (irq = 4) is a 16550A
[   46.796546] Linux agpgart interface v0.103
[   46.797625] i8042: PNP: PS/2 Controller [PNP0303:KBD,PNP0f13:MOU] at 0x60,0x64 irq 1,12
[   46.800263] serio: i8042 KBD port at 0x60,0x64 irq 1
[   46.801226] serio: i8042 AUX port at 0x60,0x64 irq 12
[   46.802765] mousedev: PS/2 mouse device common for all mice
[   46.804324] input: AT Translated Set 2 keyboard as /devices/platform/i8042/serio0/input/input0
[   46.806195] rtc_cmos 00:01: RTC can wake from S4
[   46.807546] rtc_cmos 00:01: rtc core: registered rtc_cmos as rtc0
[   46.808922] rtc0: alarms up to one day, 114 bytes nvram, hpet irqs
[   46.810124] cpuidle: using governor ladder
[   46.810946] cpuidle: using governor menu
[   46.812181] TCP cubic registered
[   46.813854] NET: Registered protocol family 10
[   46.815730] Mobile IPv6
[   46.816436] NET: Registered protocol family 17
[   46.817375] Registering the dns_resolver key type
[   46.819008] registered taskstats version 1
[   46.821436] rtc_cmos 00:01: setting system clock to 2016-12-14 11:43:55 UTC (1481715835)
[   46.823128] Initializing network drop monitor service
[   46.825935] Freeing unused kernel memory: 580k freed
[   46.827191] Write protecting the kernel read-only data: 6144k
[   46.830964] Freeing unused kernel memory: 644k freed
[   46.835030] Freeing unused kernel memory: 688k freed
Loading, please wait...
[   46.853472] udevd[58]: starting version 175
[   46.867151] SCSI subsystem initialized
[   46.872597] e1000: Intel(R) PRO/1000 Network Driver - version 7.3.21-k8-NAPI
[   46.874027] e1000: Copyright (c) 1999-2006 Intel Corporation.
[   46.875542] ACPI: PCI Interrupt Link [LNKC] enabled at IRQ 11
[   46.893824] Floppy drive(s): fd0 is 1.44M
[   46.908767] FDC 0 is a S82078B
[   47.238429] e1000 0000:00:03.0: eth0: (PCI:33MHz:32-bit) 52:54:00:12:34:56
[   47.239700] e1000 0000:00:03.0: eth0: Intel(R) PRO/1000 Network Connection
[   47.242588] scsi0 : ata_piix
[   47.243737] scsi1 : ata_piix
[   47.244669] ata1: PATA max MWDMA2 cmd 0x1f0 ctl 0x3f6 bmdma 0xc040 irq 14
[   47.245949] ata2: PATA max MWDMA2 cmd 0x170 ctl 0x376 bmdma 0xc048 irq 15
[   47.400805] ata1.00: ATA-7: QEMU HARDDISK, 1.1.2, max UDMA/100
[   47.401915] ata1.00: 9011200 sectors, multi 16: LBA48 
[   47.403330] ata1.00: configured for MWDMA2
[   47.404526] scsi 0:0:0:0: Direct-Access     ATA      QEMU HARDDISK    1.1. PQ: 0 ANSI: 5
[   47.405187] ata2.00: ATAPI: QEMU DVD-ROM, 1.1.2, max UDMA/100
[   47.405774] ata2.00: configured for MWDMA2
[   47.409561] scsi 1:0:0:0: CD-ROM            QEMU     QEMU DVD-ROM     1.1. PQ: 0 ANSI: 5
[   47.418704] sd 0:0:0:0: [sda] 9011200 512-byte logical blocks: (4.61 GB/4.29 GiB)
[   47.420644] sd 0:0:0:0: [sda] Write Protect is off
[   47.421853] sr0: scsi3-mmc drive: 4x/4x cd/rw xa/form2 tray
[   47.421859] sd 0:0:0:0: [sda] Write cache: disabled, read cache: enabled, doesn't support DPO or FUA
[   47.423175]  sda: sda1
[   47.425855] cdrom: Uniform CD-ROM driver Revision: 3.20
[   47.425998] sd 0:0:0:0: [sda] Attached SCSI disk
[   47.431128] sd 0:0:0:0: Attached scsi generic sg0 type 0
[   47.432508] sr 1:0:0:0: Attached scsi generic sg1 type 5
Begin: Loading essential drivers ... done.
Begin: Running /scripts/init-premount ... done.
Begin: Mounting root file system ... Begin: Running /scripts/local-top ... done.
Begin: Running /scripts/local-premount ... done.
[   78.131061] EXT4-fs (sda1): mounted filesystem with ordered data mode. Opts: (null)
Begin: Running /scripts/local-bottom ... done.
done.
Begin: Running /scripts/init-bottom ... done.
INIT: version 2.88 booting
[[36minfo[39;49m] Using makefile-style concurrent boot in runlevel S.
findfs: unable to resolve 'UUID="e35ebd7f-2405-4c97-9c3e-26919d55a9e5"'
[....] Starting the hotplug events dispatcher: udevd[   78.491180] udevd[307]: starting version 175
[?25l[?1c7[1G[[32m ok [39;49m8[?25h[?0c.
[....] Synthesizing the initial hotplug events...[   78.566849] input: Power Button as /devices/LNXSYSTM:00/LNXPWRBN:00/input/input1
[   78.568570] ACPI: Power Button [PWRF]
[?25l[?1c7[1G[[32m ok [39;49m8[?25h[?0cdone.
[....] Waiting for /dev to be fully populated...[   78.608872] input: PC Speaker as /devices/platform/pcspkr/input/input2
[   78.620788] parport_pc 00:05: reported by Plug and Play ACPI
[   78.622576] piix4_smbus 0000:00:01.3: SMBus Host Controller at 0xb100, revision 0
[   78.622585] parport0: PC-style at 0x378, irq 7 [PCSPP,TRISTATE]
[   78.666245] Error: Driver 'pcspkr' is already registered, aborting...
[?25l[?1c7[1G[[32m ok [39;49m8[?25h[?0cdone.
[  104.941419] sr0: CDROM (ioctl) error, command: Get event status notification 4a 01 00 00 10 00 00 00 08 00
[  104.948038] sr: Sense Key : No Sense [current] 
[  104.949694] sr: Add. Sense: No additional sense information
findfs: unable to resolve 'UUID="e35ebd7f-2405-4c97-9c3e-26919d55a9e5"'
[....] Activating swap...[?25l[?1c7[1G[[32m ok [39;49m8[?25h[?0cdone.
Usage: mountpoint [-q] [-d] [-x] path
[  105.015437] EXT4-fs (sda1): re-mounted. Opts: (null)
[....] Checking root file system...fsck from util-linux 2.20.1
/run/rootdev: clean, 32669/264000 files, 885411/1054720 blocks
[?25l[?1c7[1G[[32m ok [39;49m8[?25h[?0cdone.
[  105.108376] EXT4-fs (sda1): re-mounted. Opts: errors=remount-ro,errors=remount-ro
[  105.176830] input: ImExPS/2 Generic Explorer Mouse as /devices/platform/i8042/serio1/input/input3
[....] Cleaning up temporary files... /tmp[?25l[?1c7[1G[[32m ok [39;49m8[?25h[?0c.
findfs: unable to resolve 'UUID="e35ebd7f-2405-4c97-9c3e-26919d55a9e5"'
findfs: unable to resolve 'UUID="e35ebd7f-2405-4c97-9c3e-26919d55a9e5"'
[....] Activating lvm and md swap...[?25l[?1c7[1G[[32m ok [39;49m8[?25h[?0cdone.
[....] Checking file systems...fsck from util-linux 2.20.1
[?25l[?1c7[1G[[32m ok [39;49m8[?25h[?0cdone.
[....] Mounting local filesystems...[?25l[?1c7[1G[[32m ok [39;49m8[?25h[?0cdone.
[....] Activating swapfile swap...[?25l[?1c7[1G[[32m ok [39;49m8[?25h[?0cdone.
findfs: unable to resolve 'UUID="e35ebd7f-2405-4c97-9c3e-26919d55a9e5"'
[....] Cleaning up temporary files...[?25l[?1c7[1G[[32m ok [39;49m8[?25h[?0c.
[....] Setting kernel variables ...[?25l[?1c7[1G[[32m ok [39;49m8[?25h[?0cdone.
[....] Configuring network interfaces...Internet Systems Consortium DHCP Client 4.2.2
Copyright 2004-2011 Internet Systems Consortium.
All rights reserved.
For info, please visit https://www.isc.org/software/dhcp/

[  118.185817] ADDRCONF(NETDEV_UP): eth0: link is not ready
Listening on LPF/eth0/52:54:00:12:34:56
Sending on   LPF/eth0/52:54:00:12:34:56
Sending on   Socket/fallback
DHCPDISCOVER on eth0 to 255.255.255.255 port 67 interval 5
DHCPDISCOVER on eth0 to 255.255.255.255 port 67 interval 11
[  144.051988] e1000: eth0 NIC Link is Up 1000 Mbps Full Duplex, Flow Control: RX
[  144.055716] ADDRCONF(NETDEV_CHANGE): eth0: link becomes ready
DHCPDISCOVER on eth0 to 255.255.255.255 port 67 interval 10
DHCPREQUEST on eth0 to 255.255.255.255 port 67
DHCPOFFER from 10.0.2.2
DHCPACK from 10.0.2.2
bound to 10.0.2.15 -- renewal in 35620 seconds.
ifup: interface eth0 already configured
[?25l[?1c7[1G[[32m ok [39;49m8[?25h[?0cdone.
[....] Cleaning up temporary files...[?25l[?1c7[1G[[32m ok [39;49m8[?25h[?0c.
INIT: Entering runlevel: 2
[[36minfo[39;49m] Using makefile-style concurrent boot in runlevel 2.
[....] Starting OpenBSD Secure Shell server: sshd[?25l[?1c7[1G[[32m ok [39;49m8[?25h[?0c.
Entering benchmark mode
./scaff/bin/uniform/durbin_STANDARD dummy.out 10
STARTING durbin_STANDARD execution: Wed Dec 14 13:45:54 EET 2016
Execution Time; 19.076188
Execution Time; 5.113588
Execution Time; 5.132617
Execution Time; 5.103654
Execution Time; 5.100163
Execution Time; 5.000228
Execution Time; 4.145516
Execution Time; 4.146577
Execution Time; 4.079912
Execution Time; 7.123650
Execution Time; 4.939052
Execution Time; 3.911155
Execution Time; 5.041293
Execution Time; 3.849001
Execution Time; 3.929476
Execution Time; 4.135076
Execution Time; 3.111241
Execution Time; 2.925871
Execution Time; 3.031297
Execution Time; 1.967366
Execution Time; 1.933717
Execution Time; 0.882964
Execution Time; 0.912487
Execution Time; 0.921032
Execution Time; 0.917595
Execution Time; 0.929936
Execution Time; 0.923626
Execution Time; 0.920007
Execution Time; 0.929698
Execution Time; 0.930023
Execution Time; 0.924947
Execution Time; 0.930311
Execution Time; 0.928555
Execution Time; 0.931546
Execution Time; 0.937747
Execution Time; 0.934908
Execution Time; 0.933492
Execution Time; 0.930681
Execution Time; 0.931957
Execution Time; 0.924828
Execution Time; 0.951384
Execution Time; 0.950371
Execution Time; 0.956731
Execution Time; 0.954569
Execution Time; 0.956112
Execution Time; 0.956815
Execution Time; 0.950702
Execution Time; 0.950019
Execution Time; 0.955851
Execution Time; 0.949081
Execution Time; 0.946166
Execution Time; 0.940229
Execution Time; 0.953217
Execution Time; 0.943210
Execution Time; 0.947224
Execution Time; 0.945068
Execution Time; 0.939890
Execution Time; 0.938924
Execution Time; 0.955626
Execution Time; 0.944369
Execution Time; 0.942859
Execution Time; 0.936885
Execution Time; 0.936059
Execution Time; 0.933559
Execution Time; 0.940209
Execution Time; 0.938486
Execution Time; 0.940250
Execution Time; 0.945508
Execution Time; 0.943656
Execution Time; 0.944722
Execution Time; 0.946840
Execution Time; 0.942791
Execution Time; 0.933299
Execution Time; 0.959227
Execution Time; 0.937336
Execution Time; 0.938734
Execution Time; 0.940726
Execution Time; 0.926041
Execution Time; 0.944941
Execution Time; 0.942293
Execution Time; 0.953886
Execution Time; 0.947662
Execution Time; 0.946565
Execution Time; 0.961058
Execution Time; 0.955055
Execution Time; 0.958532
Execution Time; 0.958305
Execution Time; 0.953012
Execution Time; 0.950454
Execution Time; 0.951199
Execution Time; 0.938477
Execution Time; 0.959339
Execution Time; 0.965412
Execution Time; 0.952576
Execution Time; 0.951879
Execution Time; 0.933173
Execution Time; 0.941442
Execution Time; 0.937910
Execution Time; 0.964960
Execution Time; 0.933005
Execution Time; 0.955089
Execution Time; 0.932898
Execution Time; 0.945010
Execution Time; 0.949991
Execution Time; 0.957673
Execution Time; 0.947776
Execution Time; 0.948163
Execution Time; 0.947159
Execution Time; 0.945378
Execution Time; 0.950036
Execution Time; 0.947470
Execution Time; 0.952856
Execution Time; 0.957026
Execution Time; 0.945170
Execution Time; 0.948655
Execution Time; 0.943129
Execution Time; 0.945590
Execution Time; 0.940908
Execution Time; 0.944260
Execution Time; 0.943605
Execution Time; 0.953963
Execution Time; 0.962322
Execution Time; 0.959248
Execution Time; 0.956689
Execution Time; 0.964272
Execution Time; 0.959560
Execution Time; 0.959002
Execution Time; 0.969172
Execution Time; 0.967486
Execution Time; 0.956797
Execution Time; 0.946700
Execution Time; 0.960778
Execution Time; 0.951284
Execution Time; 0.946176
Execution Time; 0.949156
Execution Time; 0.949028
Execution Time; 0.947098
Execution Time; 0.948766
Execution Time; 0.945297
Execution Time; 0.954234
Execution Time; 0.940008
Execution Time; 0.955477
Execution Time; 0.942485
Execution Time; 0.942932
Execution Time; 0.947919
Execution Time; 0.949020
Execution Time; 0.950273
Execution Time; 0.944673
Execution Time; 0.953770
Execution Time; 0.953784
Execution Time; 0.962251
Execution Time; 0.960856
Execution Time; 0.958987
Execution Time; 0.960792
Execution Time; 0.958017
Execution Time; 0.969991
Execution Time; 0.957232
Execution Time; 0.964170
Execution Time; 0.963140
Execution Time; 0.970820
Execution Time; 0.945955
Execution Time; 0.939365
Execution Time; 0.946770
Execution Time; 0.945635
Execution Time; 0.886891
Execution Time; 0.943306
Execution Time; 0.935883
Execution Time; 0.939304
Execution Time; 0.939206
Execution Time; 0.943582
Execution Time; 0.944656
Execution Time; 0.936384
Execution Time; 0.942831
Execution Time; 0.945407
Execution Time; 0.928230
Execution Time; 0.911264
Execution Time; 0.910835
Execution Time; 0.874148
Execution Time; 0.876402
Execution Time; 0.881416
Execution Time; 0.905612
Execution Time; 0.898336
Execution Time; 0.912370
Execution Time; 0.930573
Execution Time; 0.901154
Execution Time; 0.956889
Execution Time; 0.960706
Execution Time; 0.938066
Execution Time; 0.911873
Execution Time; 0.955429
Execution Time; 0.940420
Execution Time; 0.911480
Execution Time; 0.918602
Execution Time; 0.964128
Execution Time; 0.916774
Execution Time; 0.901124
Execution Time; 0.928031
Execution Time; 0.954061
Execution Time; 0.947339
Execution Time; 0.894709
Execution Time; 0.938849
Execution Time; 0.963056
Execution Time; 0.954366
Execution Time; 0.887344
Execution Time; 0.953026
Execution Time; 0.947100
Execution Time; 0.944836
Execution Time; 0.872212
Execution Time; 0.942086
Execution Time; 0.914130
Execution Time; 0.921853
Execution Time; 0.874544
Execution Time; 0.916519
Execution Time; 0.932287
Execution Time; 0.952466
Execution Time; 0.871119
Execution Time; 0.928770
Execution Time; 0.929031
Execution Time; 0.931862
Execution Time; 0.864056
Execution Time; 0.965119
Execution Time; 0.943686
Execution Time; 0.937685
Execution Time; 0.887507
Execution Time; 0.947512
Execution Time; 0.914417
Execution Time; 0.891456
Execution Time; 0.878859
Execution Time; 0.941082
Execution Time; 0.960342
Execution Time; 0.907847
Execution Time; 0.895132
Execution Time; 0.936218
Execution Time; 0.947237
Execution Time; 0.913523
Execution Time; 0.905310
Execution Time; 0.956621
Execution Time; 0.944544
Execution Time; 0.914611
Execution Time; 0.906226
Execution Time; 0.960982
Execution Time; 0.957613
Execution Time; 0.893547
Execution Time; 0.917752
Execution Time; 0.936860
Execution Time; 0.930764
Execution Time; 0.897426
Execution Time; 0.930767
Execution Time; 0.948733
Execution Time; 0.975541
Execution Time; 0.952435
Execution Time; 0.957892
Execution Time; 0.958416
Execution Time; 0.944121
Execution Time; 0.943174
Execution Time; 0.950785
Execution Time; 0.897997
Execution Time; 0.936203
Execution Time; 0.952926
Execution Time; 0.952095
Execution Time; 0.962959
Execution Time; 0.941983
Execution Time; 0.959564
Execution Time; 0.960880
Execution Time; 0.954192
Execution Time; 0.950293
Execution Time; 0.958730
Execution Time; 0.954238
Execution Time; 0.960451
Execution Time; 0.946269
Execution Time; 0.962962
Execution Time; 0.956533
Execution Time; 0.945995
Execution Time; 0.954319
Execution Time; 0.948085
Execution Time; 0.942337
Execution Time; 0.934953
Execution Time; 0.950679
Execution Time; 0.948189
Execution Time; 0.948827
Execution Time; 0.928880
Execution Time; 0.940646
Execution Time; 0.954965
Execution Time; 0.946343
Execution Time; 0.935560
Execution Time; 0.933703
Execution Time; 0.939196
Execution Time; 0.914265
Execution Time; 0.917825
Execution Time; 0.942716
Execution Time; 0.945207
Execution Time; 0.948686
Execution Time; 0.940176
Execution Time; 0.954354
Execution Time; 0.956640
Execution Time; 0.953509
Execution Time; 0.933219
Execution Time; 0.948156
Execution Time; 0.938230
Execution Time; 0.937594
Execution Time; 0.936871
Execution Time; 0.940804
Execution Time; 0.954614
Execution Time; 0.922641
Execution Time; 0.915089
Execution Time; 0.957190
Execution Time; 0.951906
Execution Time; 0.926712
Execution Time; 0.937888
Execution Time; 0.939225
Execution Time; 0.945299
Execution Time; 0.925150
Execution Time; 0.956118
Execution Time; 0.943735
Execution Time; 0.947563
Execution Time; 0.922731
Execution Time; 0.944414
Execution Time; 0.935358
Execution Time; 0.918223
Execution Time; 0.917292
Execution Time; 0.959902
Execution Time; 0.968744
Execution Time; 0.946585
Execution Time; 0.945088
Execution Time; 0.955845
Execution Time; 0.959404
Execution Time; 0.944540
Execution Time; 0.946149
Execution Time; 0.951695
Execution Time; 0.953805
Execution Time; 0.925694
Execution Time; 0.952922
Execution Time; 0.955046
Execution Time; 0.954672
Execution Time; 0.926552
Execution Time; 0.962459
Execution Time; 0.952015
Execution Time; 0.961058
Execution Time; 0.931576
Execution Time; 0.948071
Execution Time; 0.960472
Execution Time; 0.970392
Execution Time; 0.942521
Execution Time; 0.957541
Execution Time; 0.952796
Execution Time; 0.948815
Execution Time; 0.952671
Execution Time; 0.947293
Execution Time; 0.918621
Execution Time; 0.920091
INIT: Switching to runlevel: 0INIT: Sending processes the TERM signal
[[36minfo[39;49m] Using makefile-style concurrent boot in runlevel 0.
[[36minfo[39;49m] Saving the system clock.
[[36minfo[39;49m] Hardware Clock updated to Wed Dec 14 11:53:27 UTC 2016.
[....] Asking all remaining processes to terminate...[?25l[?1c7[1G[[32m ok [39;49m8[?25h[?0cdone.
[....] All processes ended within 2 seconds...[?25l[?1c7[1G[[32m ok [39;49m8[?25h[?0cdone.
[....] Deconfiguring network interfaces...Internet Systems Consortium DHCP Client 4.2.2
Copyright 2004-2011 Internet Systems Consortium.
All rights reserved.
For info, please visit https://www.isc.org/software/dhcp/

Listening on LPF/eth0/52:54:00:12:34:56
Sending on   LPF/eth0/52:54:00:12:34:56
Sending on   Socket/fallback
DHCPRELEASE on eth0 to 10.0.2.2 port 67
[?25l[?1c7[1G[[32m ok [39;49m8[?25h[?0cdone.
[....] Deactivating swap...[?25l[?1c7[1G[[32m ok [39;49m8[?25h[?0cdone.
[  619.742921] EXT4-fs (sda1): re-mounted. Opts: (null)
[[36minfo[39;49m] Will now halt.
[  621.786444] sd 0:0:0:0: [sda] Stopping disk
[  621.791421] ACPI: Preparing to enter system sleep state S5
[  621.793737] Power down.
aff-executor-preload.c:affhooks_init()
aff-executor-preload.c:affhooks_shut()
HELLO KITTY
