aff-executor-preload.c:affhooks_init()
[H[J[?25l[m[H[J[2;25HGNU GRUB  version 1.99-27+deb7u2

[m[4;2H+--------------------------------------------------------------------------+[5;2H|[5;77H|[6;2H|[6;77H|[7;2H|[7;77H|[8;2H|[8;77H|[9;2H|[9;77H|[10;2H|[10;77H|[11;2H|[11;77H|[12;2H|[12;77H|[13;2H|[13;77H|[14;2H|[14;77H|[15;2H|[15;77H|[16;2H|[16;77H|[17;2H+--------------------------------------------------------------------------+[m[18;2H[m
      Use the ^ and v keys to select which entry is highlighted.      
      Press enter to boot the selected OS, 'e' to edit the commands      
      before booting or 'c' for a command-line.      
      [5;78H [7m[5;3HDebian GNU/Linux, with Linux 3.2.0-4-amd64                               [m [5;76H[m[m[6;3HDebian GNU/Linux, with Linux 3.2.0-4-amd64 (recovery mode)               [m [6;76H[m[m[7;3H                                                                         [m [7;76H[m[m[8;3H                                                                         [m [8;76H[m[m[9;3H                                                                         [m [9;76H[m[m[10;3H                                                                         [m [10;76H[m[m[11;3H                                                                         [m [11;76H[m[m[12;3H                                                                         [m [12;76H[m[m[13;3H                                                                         [m [13;76H[m[m[14;3H                                                                         [m [14;76H[m[m[15;3H                                                                         [m [15;76H[m[m[16;3H                                                                         [m [16;76H[m[16;78H [5;76H[22;1H   The highlighted entry will be executed automatically in 5s.                 [5;76H[22;1H   The highlighted entry will be executed automatically in 4s.                 [5;76H[22;1H   The highlighted entry will be executed automatically in 3s.                 [5;76H[22;1H   The highlighted entry will be executed automatically in 2s.                 [5;76H[22;1H   The highlighted entry will be executed automatically in 1s.                 [5;76H[22;1H   The highlighted entry will be executed automatically in 0s.                 [5;76H[?25h[H[J[H[J  Booting 'Debian GNU/Linux, with Linux 3.2.0-4-amd64'

Loading Linux 3.2.0-4-amd64 ...
Loading initial ramdisk ...
[    0.000000] Initializing cgroup subsys cpuset
[    0.000000] Initializing cgroup subsys cpu
[    0.000000] Linux version 3.2.0-4-amd64 (debian-kernel@lists.debian.org) (gcc version 4.6.3 (Debian 4.6.3-14) ) #1 SMP Debian 3.2.68-1+deb7u3
[    0.000000] Command line: BOOT_IMAGE=/boot/vmlinuz-3.2.0-4-amd64 root=UUID=e35ebd7f-2405-4c97-9c3e-26919d55a9e5 ro console=tty0 console=ttyS0,115200n8
[    0.000000] BIOS-provided physical RAM map:
[    0.000000]  BIOS-e820: 0000000000000000 - 000000000009fc00 (usable)
[    0.000000]  BIOS-e820: 000000000009fc00 - 00000000000a0000 (reserved)
[    0.000000]  BIOS-e820: 00000000000f0000 - 0000000000100000 (reserved)
[    0.000000]  BIOS-e820: 0000000000100000 - 00000000bfffe000 (usable)
[    0.000000]  BIOS-e820: 00000000bfffe000 - 00000000c0000000 (reserved)
[    0.000000]  BIOS-e820: 00000000feffc000 - 00000000ff000000 (reserved)
[    0.000000]  BIOS-e820: 00000000fffc0000 - 0000000100000000 (reserved)
[    0.000000]  BIOS-e820: 0000000100000000 - 0000000440000000 (usable)
[    0.000000] NX (Execute Disable) protection: active
[    0.000000] SMBIOS 2.4 present.
[    0.000000] No AGP bridge found
[    0.000000] last_pfn = 0x440000 max_arch_pfn = 0x400000000
[    0.000000] x86 PAT enabled: cpu 0, old 0x70406, new 0x7010600070106
[    0.000000] last_pfn = 0xbfffe max_arch_pfn = 0x400000000
[    0.000000] found SMP MP-table at [ffff8800000f0b10] f0b10
[    0.000000] Using GB pages for direct mapping
[    0.000000] init_memory_mapping: 0000000000000000-00000000bfffe000
[    0.000000] init_memory_mapping: 0000000100000000-0000000440000000
[    0.000000] RAMDISK: 36c6c000 - 3762e000
[    0.000000] ACPI: RSDP 00000000000f08e0 00014 (v00 BOCHS )
[    0.000000] ACPI: RSDT 00000000bffffcfc 00034 (v01 BOCHS  BXPCRSDT 00000001 BXPC 00000001)
[    0.000000] ACPI: FACP 00000000bffff1c0 00074 (v01 BOCHS  BXPCFACP 00000001 BXPC 00000001)
[    0.000000] ACPI: DSDT 00000000bfffe040 01180 (v01 BOCHS  BXPCDSDT 00000001 BXPC 00000001)
[    0.000000] ACPI: FACS 00000000bfffe000 00040
[    0.000000] ACPI: SSDT 00000000bffff234 00A00 (v01 BOCHS  BXPCSSDT 00000001 BXPC 00000001)
[    0.000000] ACPI: APIC 00000000bffffc34 00090 (v01 BOCHS  BXPCAPIC 00000001 BXPC 00000001)
[    0.000000] ACPI: HPET 00000000bffffcc4 00038 (v01 BOCHS  BXPCHPET 00000001 BXPC 00000001)
[    0.000000] No NUMA configuration found
[    0.000000] Faking a node at 0000000000000000-0000000440000000
[    0.000000] Initmem setup node 0 0000000000000000-0000000440000000
[    0.000000]   NODE_DATA [000000043fffb000 - 000000043fffffff]
[    0.000000] kvm-clock: Using msrs 4b564d01 and 4b564d00
[    0.000000] kvm-clock: cpu 0, msr 0:16a8741, boot clock
[    0.000000] Zone PFN ranges:
[    0.000000]   DMA      0x00000010 -> 0x00001000
[    0.000000]   DMA32    0x00001000 -> 0x00100000
[    0.000000]   Normal   0x00100000 -> 0x00440000
[    0.000000] Movable zone start PFN for each node
[    0.000000] early_node_map[3] active PFN ranges
[    0.000000]     0: 0x00000010 -> 0x0000009f
[    0.000000]     0: 0x00000100 -> 0x000bfffe
[    0.000000]     0: 0x00100000 -> 0x00440000
[    0.000000] ACPI: PM-Timer IO Port: 0xb008
[    0.000000] ACPI: LAPIC (acpi_id[0x00] lapic_id[0x00] enabled)
[    0.000000] ACPI: LAPIC (acpi_id[0x01] lapic_id[0x01] enabled)
[    0.000000] ACPI: LAPIC (acpi_id[0x02] lapic_id[0x02] enabled)
[    0.000000] ACPI: LAPIC (acpi_id[0x03] lapic_id[0x03] enabled)
[    0.000000] ACPI: LAPIC_NMI (acpi_id[0xff] dfl dfl lint[0x1])
[    0.000000] ACPI: IOAPIC (id[0x00] address[0xfec00000] gsi_base[0])
[    0.000000] IOAPIC[0]: apic_id 0, version 17, address 0xfec00000, GSI 0-23
[    0.000000] ACPI: INT_SRC_OVR (bus 0 bus_irq 0 global_irq 2 dfl dfl)
[    0.000000] ACPI: INT_SRC_OVR (bus 0 bus_irq 5 global_irq 5 high level)
[    0.000000] ACPI: INT_SRC_OVR (bus 0 bus_irq 9 global_irq 9 high level)
[    0.000000] ACPI: INT_SRC_OVR (bus 0 bus_irq 10 global_irq 10 high level)
[    0.000000] ACPI: INT_SRC_OVR (bus 0 bus_irq 11 global_irq 11 high level)
[    0.000000] Using ACPI (MADT) for SMP configuration information
[    0.000000] ACPI: HPET id: 0x8086a201 base: 0xfed00000
[    0.000000] SMP: Allowing 4 CPUs, 0 hotplug CPUs
[    0.000000] PM: Registered nosave memory: 000000000009f000 - 00000000000a0000
[    0.000000] PM: Registered nosave memory: 00000000000a0000 - 00000000000f0000
[    0.000000] PM: Registered nosave memory: 00000000000f0000 - 0000000000100000
[    0.000000] PM: Registered nosave memory: 00000000bfffe000 - 00000000c0000000
[    0.000000] PM: Registered nosave memory: 00000000c0000000 - 00000000feffc000
[    0.000000] PM: Registered nosave memory: 00000000feffc000 - 00000000ff000000
[    0.000000] PM: Registered nosave memory: 00000000ff000000 - 00000000fffc0000
[    0.000000] PM: Registered nosave memory: 00000000fffc0000 - 0000000100000000
[    0.000000] Allocating PCI resources starting at c0000000 (gap: c0000000:3effc000)
[    0.000000] Booting paravirtualized kernel on KVM
[    0.000000] setup_percpu: NR_CPUS:512 nr_cpumask_bits:512 nr_cpu_ids:4 nr_node_ids:1
[    0.000000] PERCPU: Embedded 27 pages/cpu @ffff88043fc00000 s78912 r8192 d23488 u524288
[    0.000000] kvm-clock: cpu 0, msr 4:3fc12741, primary cpu clock
[    0.000000] KVM setup async PF for cpu 0
[    0.000000] kvm-stealtime: cpu 0, msr 43fc0cfc0
[    0.000000] Built 1 zonelists in Zone order, mobility grouping on.  Total pages: 4133256
[    0.000000] Policy zone: Normal
[    0.000000] Kernel command line: BOOT_IMAGE=/boot/vmlinuz-3.2.0-4-amd64 root=UUID=e35ebd7f-2405-4c97-9c3e-26919d55a9e5 ro console=tty0 console=ttyS0,115200n8
[    0.000000] PID hash table entries: 4096 (order: 3, 32768 bytes)
[    0.000000] xsave/xrstor: enabled xstate_bv 0x7, cntxt size 0x340
[    0.000000] Checking aperture...
[    0.000000] No AGP bridge found
[    0.000000] Memory: 16462372k/17825792k available (3434k kernel code, 1049036k absent, 314384k reserved, 3305k data, 580k init)
[    0.000000] Hierarchical RCU implementation.
[    0.000000] 	RCU dyntick-idle grace-period acceleration is enabled.
[    0.000000] NR_IRQS:33024 nr_irqs:712 16
[    0.000000] Console: colour VGA+ 80x25
[    0.000000] console [tty0] enabled
[    0.000000] console [ttyS0] enabled
[    0.000000] Detected 2199.998 MHz processor.
[    0.008000] Calibrating delay loop (skipped) preset value.. 4399.99 BogoMIPS (lpj=8799992)
[    0.008000] pid_max: default: 32768 minimum: 301
[    0.008060] Security Framework initialized
[    0.009019] AppArmor: AppArmor disabled by boot time parameter
[    0.011354] Dentry cache hash table entries: 2097152 (order: 12, 16777216 bytes)
[    0.017302] Inode-cache hash table entries: 1048576 (order: 11, 8388608 bytes)
[    0.020662] Mount-cache hash table entries: 256
[    0.021844] Initializing cgroup subsys cpuacct
[    0.022873] Initializing cgroup subsys memory
[    0.023891] Initializing cgroup subsys devices
[    0.024007] Initializing cgroup subsys freezer
[    0.025060] Initializing cgroup subsys net_cls
[    0.026081] Initializing cgroup subsys blkio
[    0.028012] Initializing cgroup subsys perf_event
[    0.029166] mce: CPU supports 10 MCE banks
[    0.031671] ACPI: Core revision 20110623
[    0.033393] Enabling x2apic
[    0.034154] Enabled x2apic
[    0.035083] Switched APIC routing to physical x2apic.
[    0.037324] ..TIMER: vector=0x30 apic1=0 pin1=2 apic2=-1 pin2=-1
[    0.038773] CPU0: Intel(R) Xeon(R) CPU E5-4620 0 @ 2.20GHz stepping 07
[    0.044002] Performance Events: SandyBridge events, Intel PMU driver.
[    0.044002] ... version:                2
[    0.044002] ... bit width:              48
[    0.044002] ... generic registers:      4
[    0.044006] ... value mask:             0000ffffffffffff
[    0.045303] ... max period:             000000007fffffff
[    0.046599] ... fixed-purpose events:   3
[    0.048005] ... event mask:             000000070000000f
[    0.049489] NMI watchdog enabled, takes one hw-pmu counter.
[    0.051019] Booting Node   0, Processors  #1
[    0.072027] KVM setup async PF for cpu 1
[    0.072027] kvm-stealtime: cpu 1, msr 43fc8cfc0
[    0.074454] NMI watchdog enabled, takes one hw-pmu counter.
[    0.072027] kvm-clock: cpu 1, msr 4:3fc92741, secondary cpu clock
[    0.076195]  #2
[    0.096029] KVM setup async PF for cpu 2
[    0.096029] kvm-stealtime: cpu 2, msr 43fd0cfc0
[    0.096029] kvm-clock: cpu 2, msr 4:3fd12741, secondary cpu clock
[    0.100268] NMI watchdog enabled, takes one hw-pmu counter.
[    0.103373]  #3 Ok.
[    0.120027] KVM setup async PF for cpu 3
[    0.120027] kvm-stealtime: cpu 3, msr 43fd8cfc0
[    0.125418] NMI watchdog enabled, takes one hw-pmu counter.
[    0.120027] kvm-clock: cpu 3, msr 4:3fd92741, secondary cpu clock
[    0.128028] Brought up 4 CPUs
[    0.128799] Total of 4 processors activated (17599.98 BogoMIPS).
[    0.130686] devtmpfs: initialized
[    0.135597] print_constraints: dummy: 
[    0.136199] NET: Registered protocol family 16
[    0.137331] ACPI: bus type pci registered
[    0.138406] PCI: Using configuration type 1 for base access
[    0.140978] bio: create slab <bio-0> at 0
[    0.141455] ACPI: Added _OSI(Module Device)
[    0.144029] ACPI: Added _OSI(Processor Device)
[    0.145050] ACPI: Added _OSI(3.0 _SCP Extensions)
[    0.146126] ACPI: Added _OSI(Processor Aggregator Device)
[    0.150402] ACPI: Interpreter enabled
[    0.151296] ACPI: (supports S0 S3 S4 S5)
[    0.152666] ACPI: Using IOAPIC for interrupt routing
[    0.157946] ACPI: No dock devices found.
[    0.158891] HEST: Table not found.
[    0.159724] PCI: Using host bridge windows from ACPI; if necessary, use "pci=nocrs" and report a bug
[    0.160100] ACPI: PCI Root Bridge [PCI0] (domain 0000 [bus 00-ff])
[    0.161555] pci_root PNP0A03:00: host bridge window [io  0x0000-0x0cf7]
[    0.164027] pci_root PNP0A03:00: host bridge window [io  0x0d00-0xadff]
[    0.165407] pci_root PNP0A03:00: host bridge window [io  0xae0f-0xaeff]
[    0.166768] pci_root PNP0A03:00: host bridge window [io  0xaf20-0xafdf]
[    0.168025] pci_root PNP0A03:00: host bridge window [io  0xafe4-0xffff]
[    0.169416] pci_root PNP0A03:00: host bridge window [mem 0x000a0000-0x000bffff]
[    0.171068] pci_root PNP0A03:00: host bridge window [mem 0xc0000000-0xfebfffff]
[    0.178783] pci 0000:00:01.3: quirk: [io  0xb000-0xb03f] claimed by PIIX4 ACPI
[    0.180040] pci 0000:00:01.3: quirk: [io  0xb100-0xb10f] claimed by PIIX4 SMB
[    0.198399]  pci0000:00: Unable to request _OSC control (_OSC support mask: 0x1e)
[    0.202098] ACPI: PCI Interrupt Link [LNKA] (IRQs 5 *10 11)
[    0.204140] ACPI: PCI Interrupt Link [LNKB] (IRQs 5 *10 11)
[    0.206001] ACPI: PCI Interrupt Link [LNKC] (IRQs 5 10 *11)
[    0.207835] ACPI: PCI Interrupt Link [LNKD] (IRQs 5 10 *11)
[    0.208975] ACPI: PCI Interrupt Link [LNKS] (IRQs *9)
[    0.210564] vgaarb: device added: PCI:0000:00:02.0,decodes=io+mem,owns=io+mem,locks=none
[    0.212033] vgaarb: loaded
[    0.212762] vgaarb: bridge control possible 0000:00:02.0
[    0.213960] PCI: Using ACPI for IRQ routing
[    0.216321] HPET: 3 timers in total, 0 timers will be used for per-cpu timer
[    0.217799] hpet0: at MMIO 0xfed00000, IRQs 2, 8, 0
[    0.224025] hpet0: 3 comparators, 64-bit 100.000000 MHz counter
[    0.237530] Switching to clocksource kvm-clock
[    0.238187] pnp: PnP ACPI init
[    0.239057] ACPI: bus type pnp registered
[    0.241008] pnp: PnP ACPI: found 9 devices
[    0.241978] ACPI: ACPI bus type pnp unregistered
[    0.252991] NET: Registered protocol family 2
[    0.257018] IP route cache hash table entries: 524288 (order: 10, 4194304 bytes)
[    0.261059] TCP established hash table entries: 524288 (order: 11, 8388608 bytes)
[    0.265640] TCP bind hash table entries: 65536 (order: 8, 1048576 bytes)
[    0.267775] TCP: Hash tables configured (established 524288 bind 65536)
[    0.269197] TCP reno registered
[    0.270024] UDP hash table entries: 8192 (order: 6, 262144 bytes)
[    0.271392] UDP-Lite hash table entries: 8192 (order: 6, 262144 bytes)
[    0.273100] NET: Registered protocol family 1
[    0.274121] pci 0000:00:00.0: Limiting direct PCI/PCI transfers
[    0.275459] pci 0000:00:01.0: PIIX3: Enabling Passive Release
[    0.276785] pci 0000:00:01.0: Activating ISA DMA hang workarounds
[    0.278200] Unpacking initramfs...
[    0.506853] Freeing initrd memory: 9992k freed
[    0.510516] PCI-DMA: Using software bounce buffering for IO (SWIOTLB)
[    0.511868] Placing 64MB software IO TLB between ffff8800bbffe000 - ffff8800bfffe000
[    0.513640] software IO TLB at phys 0xbbffe000 - 0xbfffe000
[    0.515893] audit: initializing netlink socket (disabled)
[    0.517115] type=2000 audit(1483365967.516:1): initialized
[    0.535212] HugeTLB registered 2 MB page size, pre-allocated 0 pages
[    3.547514] Refined TSC clocksource calibration: 2199.955 MHz.
[    3.553707] VFS: Disk quotas dquot_6.5.2
[    3.555578] Dquot-cache hash table entries: 512 (order 0, 4096 bytes)
[    3.558331] msgmni has been set to 32172
[    3.561056] alg: No test for stdrng (krng)
[    3.562822] Block layer SCSI generic (bsg) driver version 0.4 loaded (major 253)
[    3.566005] io scheduler noop registered
[    3.567765] io scheduler deadline registered
[    3.569808] io scheduler cfq registered (default)
[    3.571986] pci_hotplug: PCI Hot Plug PCI Core version: 0.5
[    3.574252] pciehp: PCI Express Hot Plug Controller Driver version: 0.4
[    3.575741] acpiphp: ACPI Hot Plug PCI Controller Driver version: 0.5
[    3.577179] acpiphp: Slot [3] registered
[    3.578127] acpiphp: Slot [4] registered
[    3.579084] acpiphp: Slot [5] registered
[    3.580059] acpiphp: Slot [6] registered
[    3.581014] acpiphp: Slot [7] registered
[    3.581970] acpiphp: Slot [8] registered
[    3.582937] acpiphp: Slot [9] registered
[    3.583876] acpiphp: Slot [10] registered
[    3.584874] acpiphp: Slot [11] registered
[    3.585836] acpiphp: Slot [12] registered
[    3.586826] acpiphp: Slot [13] registered
[    3.587790] acpiphp: Slot [14] registered
[    3.588800] acpiphp: Slot [15] registered
[    3.589754] acpiphp: Slot [16] registered
[    3.590736] acpiphp: Slot [17] registered
[    3.591694] acpiphp: Slot [18] registered
[    3.592682] acpiphp: Slot [19] registered
[    3.593638] acpiphp: Slot [20] registered
[    3.594629] acpiphp: Slot [21] registered
[    3.595597] acpiphp: Slot [22] registered
[    3.596589] acpiphp: Slot [23] registered
[    3.597543] acpiphp: Slot [24] registered
[    3.598535] acpiphp: Slot [25] registered
[    3.599499] acpiphp: Slot [26] registered
[    3.600487] acpiphp: Slot [27] registered
[    3.601440] acpiphp: Slot [28] registered
[    3.602396] acpiphp: Slot [29] registered
[    3.603377] acpiphp: Slot [30] registered
[    3.604362] acpiphp: Slot [31] registered
[    3.605467] ERST: Table is not found!
[    3.606352] GHES: HEST is not enabled!
[    3.607456] Serial: 8250/16550 driver, 4 ports, IRQ sharing enabled
[    3.630597] serial8250: ttyS0 at I/O 0x3f8 (irq = 4) is a 16550A
[    3.669290] 00:06: ttyS0 at I/O 0x3f8 (irq = 4) is a 16550A
[    3.670992] Linux agpgart interface v0.103
[    3.672193] i8042: PNP: PS/2 Controller [PNP0303:KBD,PNP0f13:MOU] at 0x60,0x64 irq 1,12
[    3.674765] serio: i8042 KBD port at 0x60,0x64 irq 1
[    3.675874] serio: i8042 AUX port at 0x60,0x64 irq 12
[    3.677316] mousedev: PS/2 mouse device common for all mice
[    3.678835] input: AT Translated Set 2 keyboard as /devices/platform/i8042/serio0/input/input0
[    3.680879] rtc_cmos 00:01: RTC can wake from S4
[    3.682430] rtc_cmos 00:01: rtc core: registered rtc_cmos as rtc0
[    3.684079] rtc0: alarms up to one day, 114 bytes nvram, hpet irqs
[    3.685408] cpuidle: using governor ladder
[    3.686350] cpuidle: using governor menu
[    3.687549] TCP cubic registered
[    3.688686] NET: Registered protocol family 10
[    3.690291] Mobile IPv6
[    3.690999] NET: Registered protocol family 17
[    3.692074] Registering the dns_resolver key type
[    3.693556] registered taskstats version 1
[    3.695673] rtc_cmos 00:01: setting system clock to 2017-01-02 14:06:11 UTC (1483365971)
[    3.697583] Initializing network drop monitor service
[    3.700338] Freeing unused kernel memory: 580k freed
[    3.701603] Write protecting the kernel read-only data: 6144k
[    3.705417] Freeing unused kernel memory: 644k freed
[    3.709291] Freeing unused kernel memory: 688k freed
Loading, please wait...
[    3.726864] udevd[58]: starting version 175
[    3.739344] e1000: Intel(R) PRO/1000 Network Driver - version 7.3.21-k8-NAPI
[    3.740975] e1000: Copyright (c) 1999-2006 Intel Corporation.
[    3.743675] ACPI: PCI Interrupt Link [LNKC] enabled at IRQ 11
[    3.745073] SCSI subsystem initialized
[    3.758392] Floppy drive(s): fd0 is 1.44M
[    3.772699] FDC 0 is a S82078B
[    4.097721] e1000 0000:00:03.0: eth0: (PCI:33MHz:32-bit) 52:54:00:12:34:56
[    4.099180] e1000 0000:00:03.0: eth0: Intel(R) PRO/1000 Network Connection
[    4.102696] scsi0 : ata_piix
[    4.104498] scsi1 : ata_piix
[    4.105998] ata1: PATA max MWDMA2 cmd 0x1f0 ctl 0x3f6 bmdma 0xc040 irq 14
[    4.108674] ata2: PATA max MWDMA2 cmd 0x170 ctl 0x376 bmdma 0xc048 irq 15
[    4.265343] ata1.00: ATA-7: QEMU HARDDISK, 2.0.0, max UDMA/100
[    4.267726] ata1.00: 9011200 sectors, multi 16: LBA48 
[    4.271121] ata2.00: ATAPI: QEMU DVD-ROM, 2.0.0, max UDMA/100
[    4.273008] ata1.00: configured for MWDMA2
[    4.274934] ata2.00: configured for MWDMA2
[    4.275067] scsi 0:0:0:0: Direct-Access     ATA      QEMU HARDDISK    2.0. PQ: 0 ANSI: 5
[    4.281308] scsi 1:0:0:0: CD-ROM            QEMU     QEMU DVD-ROM     2.0. PQ: 0 ANSI: 5
[    4.291597] sd 0:0:0:0: [sda] 9011200 512-byte logical blocks: (4.61 GB/4.29 GiB)
[    4.294979] sd 0:0:0:0: [sda] Write Protect is off
[    4.297042] sd 0:0:0:0: [sda] Write cache: enabled, read cache: enabled, doesn't support DPO or FUA
[    4.301648]  sda: sda1
[    4.303354] sd 0:0:0:0: [sda] Attached SCSI disk
[    4.309134] sr0: scsi3-mmc drive: 4x/4x cd/rw xa/form2 tray
[    4.311497] cdrom: Uniform CD-ROM driver Revision: 3.20
[    4.311615] sd 0:0:0:0: Attached scsi generic sg0 type 0
[    4.311675] sr 1:0:0:0: Attached scsi generic sg1 type 5
Begin: Loading essential drivers ... done.
Begin: Running /scripts/init-premount ... done.
Begin: Mounting root file system ... Begin: Running /scripts/local-top ... done.
Begin: Running /scripts/local-premount ... done.
[    8.024789] EXT4-fs (sda1): mounted filesystem with ordered data mode. Opts: (null)
Begin: Running /scripts/local-bottom ... done.
done.
Begin: Running /scripts/init-bottom ... done.
INIT: version 2.88 booting
[[36minfo[39;49m] Using makefile-style concurrent boot in runlevel S.
findfs: unable to resolve 'UUID="e35ebd7f-2405-4c97-9c3e-26919d55a9e5"'
[....] Starting the hotplug events dispatcher: udevd[    8.542773] udevd[309]: starting version 175
[?25l[?1c7[1G[[32m ok [39;49m8[?25h[?0c.
[....] Synthesizing the initial hotplug events...[   11.623235] input: Power Button as /devices/LNXSYSTM:00/LNXPWRBN:00/input/input1
[   11.625301] ACPI: Power Button [PWRF]
[   11.639456] input: PC Speaker as /devices/platform/pcspkr/input/input2
[   11.645190] piix4_smbus 0000:00:01.3: SMBus Host Controller at 0xb100, revision 0
[?25l[?1c7[1G[[32m ok [39;49m8[?25h[?0cdone.
[   11.671362] parport_pc 00:05: reported by Plug and Play ACPI
[   11.672807] parport0: PC-style at 0x378[....] , irq 7 [Waiting for /dev to be fully populated...PCSPP,TRISTATE]
[   11.682509] alg: No test for __gcm-aes-aesni (__driver-gcm-aes-aesni)
[   11.737420] Error: Driver 'pcspkr' is already registered, aborting...
[?25l[?1c7[1G[[32m ok [39;49m8[?25h[?0cdone.
findfs: unable to resolve 'UUID="e35ebd7f-2405-4c97-9c3e-26919d55a9e5"'
[....] Activating swap...[?25l[?1c7[1G[[32m ok [39;49m8[?25h[?0cdone.
Usage: mountpoint [-q] [-d] [-x] path
[   12.115366] EXT4-fs (sda1): re-mounted. Opts: (null)
[....] Checking root file system...fsck from util-linux 2.20.1
/run/rootdev: clean, 32669/264000 files, 885502/1054720 blocks
[?25l[?1c7[1G[[32m ok [39;49m8[?25h[?0cdone.
[   12.185231] EXT4-fs (sda1): re-mounted. Opts: errors=remount-ro,errors=remount-ro
[....] Cleaning up temporary files... /tmp[?25l[?1c7[1G[[32m ok [39;49m8[?25h[?0c.
[   12.279684] input: ImExPS/2 Generic Explorer Mouse as /devices/platform/i8042/serio1/input/input3
findfs: unable to resolve 'UUID="e35ebd7f-2405-4c97-9c3e-26919d55a9e5"'
findfs: unable to resolve 'UUID="e35ebd7f-2405-4c97-9c3e-26919d55a9e5"'
[....] Activating lvm and md swap...[?25l[?1c7[1G[[32m ok [39;49m8[?25h[?0cdone.
[....] Checking file systems...fsck from util-linux 2.20.1
[?25l[?1c7[1G[[32m ok [39;49m8[?25h[?0cdone.
[....] Mounting local filesystems...[?25l[?1c7[1G[[32m ok [39;49m8[?25h[?0cdone.
[....] Activating swapfile swap...[?25l[?1c7[1G[[32m ok [39;49m8[?25h[?0cdone.
findfs: unable to resolve 'UUID="e35ebd7f-2405-4c97-9c3e-26919d55a9e5"'
[....] Cleaning up temporary files...[?25l[?1c7[1G[[32m ok [39;49m8[?25h[?0c.
[....] Setting kernel variables ...[?25l[?1c7[1G[[32m ok [39;49m8[?25h[?0cdone.
[....] Configuring network interfaces...Internet Systems Consortium DHCP Client 4.2.2
Copyright 2004-2011 Internet Systems Consortium.
All rights reserved.
For info, please visit https://www.isc.org/software/dhcp/

[   16.180705] ADDRCONF(NETDEV_UP): eth0: link is not ready
Listening on LPF/eth0/52:54:00:12:34:56
Sending on   LPF/eth0/52:54:00:12:34:56
Sending on   Socket/fallback
DHCPDISCOVER on eth0 to 255.255.255.255 port 67 interval 8
[   23.621232] e1000: eth0 NIC Link is Up 1000 Mbps Full Duplex, Flow Control: RX
[   23.627513] ADDRCONF(NETDEV_CHANGE): eth0: link becomes ready
DHCPDISCOVER on eth0 to 255.255.255.255 port 67 interval 8
DHCPREQUEST on eth0 to 255.255.255.255 port 67
DHCPOFFER from 10.0.2.2
DHCPACK from 10.0.2.2
bound to 10.0.2.15 -- renewal in 41530 seconds.
ifup: interface eth0 already configured
[?25l[?1c7[1G[[32m ok [39;49m8[?25h[?0cdone.
[....] Cleaning up temporary files...[?25l[?1c7[1G[[32m ok [39;49m8[?25h[?0c.
INIT: Entering runlevel: 2
[[36minfo[39;49m] Using makefile-style concurrent boot in runlevel 2.
[....] Starting OpenBSD Secure Shell server: sshd[?25l[?1c7[1G[[32m ok [39;49m8[?25h[?0c.
Entering benchmark mode
./scaff/bin/uniform/doitgen_STANDARD dummy.out 100
STARTING doitgen_STANDARD execution: Mon Jan  2 16:06:32 EET 2017
Execution Time; 3.175113
Execution Time; 0.150685
Execution Time; 0.152013
Execution Time; 0.150938
Execution Time; 0.152012
Execution Time; 0.151358
Execution Time; 3.167278
Execution Time; 0.150922
Execution Time; 0.151819
Execution Time; 0.152147
Execution Time; 0.151824
Execution Time; 0.150877
Execution Time; 3.162719
Execution Time; 0.152123
Execution Time; 0.152551
Execution Time; 0.151308
Execution Time; 0.152131
Execution Time; 0.151763
Execution Time; 0.151727
Execution Time; 0.150961
Execution Time; 0.152117
Execution Time; 0.151442
Execution Time; 0.151608
Execution Time; 0.151680
Execution Time; 0.151430
Execution Time; 3.168868
Execution Time; 0.151243
Execution Time; 0.150840
Execution Time; 0.151432
Execution Time; 0.151282
Execution Time; 0.151602
Execution Time; 3.161044
Execution Time; 0.151853
Execution Time; 0.151232
Execution Time; 0.151032
Execution Time; 0.151369
Execution Time; 0.150978
Execution Time; 3.160922
Execution Time; 0.144933
Execution Time; 0.135668
Execution Time; 0.135604
Execution Time; 0.135824
Execution Time; 0.143364
Execution Time; 0.145379
Execution Time; 3.170526
Execution Time; 0.151826
Execution Time; 0.151462
Execution Time; 0.152258
Execution Time; 0.151622
Execution Time; 0.151510
Execution Time; 3.160576
Execution Time; 0.151984
Execution Time; 0.152461
Execution Time; 0.152342
Execution Time; 0.152311
Execution Time; 0.152227
Execution Time; 3.160827
Execution Time; 0.152444
Execution Time; 0.151264
Execution Time; 0.152295
Execution Time; 0.151826
Execution Time; 0.151918
Execution Time; 3.161234
Execution Time; 0.151703
Execution Time; 0.152737
Execution Time; 0.151551
Execution Time; 0.152066
Execution Time; 0.151070
Execution Time; 3.161612
Execution Time; 0.150931
Execution Time; 0.151016
Execution Time; 0.151475
Execution Time; 0.151262
Execution Time; 0.150842
Execution Time; 3.161220
Execution Time; 0.151692
Execution Time; 0.151643
Execution Time; 0.151939
Execution Time; 0.152206
Execution Time; 0.151310
Execution Time; 0.151788
Execution Time; 3.161289
Execution Time; 0.151793
Execution Time; 0.141932
Execution Time; 0.135362
Execution Time; 0.135429
Execution Time; 0.136422
Execution Time; 3.154234
Execution Time; 0.145670
Execution Time; 0.149176
Execution Time; 0.150099
Execution Time; 0.149019
Execution Time; 0.150072
Execution Time; 0.149420
Execution Time; 0.150590
Execution Time; 0.152051
Execution Time; 0.152282
Execution Time; 0.151861
Execution Time; 0.152900
Execution Time; 0.152200
Execution Time; 0.156320
Execution Time; 0.152160
Execution Time; 0.151553
Execution Time; 0.151724
Execution Time; 0.151498
Execution Time; 3.163547
Execution Time; 0.150883
Execution Time; 0.151629
Execution Time; 0.150890
Execution Time; 0.151272
Execution Time; 0.150868
Execution Time; 3.160728
Execution Time; 0.150287
Execution Time; 0.151786
Execution Time; 0.151221
Execution Time; 0.151743
Execution Time; 0.150803
Execution Time; 0.151625
Execution Time; 3.160313
Execution Time; 0.151578
Execution Time; 0.151093
Execution Time; 0.151343
Execution Time; 0.151198
Execution Time; 0.151619
Execution Time; 3.159845
Execution Time; 0.151360
Execution Time; 0.151480
Execution Time; 0.150908
Execution Time; 0.135469
Execution Time; 0.135368
Execution Time; 3.145126
Execution Time; 0.140698
Execution Time; 0.144593
Execution Time; 0.150223
Execution Time; 0.151797
Execution Time; 0.151573
Execution Time; 0.151598
Execution Time; 3.160648
Execution Time; 0.151962
Execution Time; 0.150931
Execution Time; 0.151837
Execution Time; 0.151142
Execution Time; 0.151736
Execution Time; 3.155981
Execution Time; 0.146955
Execution Time; 0.146316
Execution Time; 0.146620
Execution Time; 0.146749
Execution Time; 0.146805
Execution Time; 3.156265
Execution Time; 0.147189
Execution Time; 0.147089
Execution Time; 0.147614
Execution Time; 0.146456
Execution Time; 0.147165
Execution Time; 3.157578
Execution Time; 0.146940
Execution Time; 0.147029
Execution Time; 0.146959
Execution Time; 0.146626
Execution Time; 0.146767
Execution Time; 0.146690
Execution Time; 3.167282
Execution Time; 0.153160
Execution Time; 0.153102
Execution Time; 0.151670
Execution Time; 0.153045
Execution Time; 0.152932
Execution Time; 3.161872
Execution Time; 0.152168
Execution Time; 0.152639
Execution Time; 0.152458
Execution Time; 0.152863
Execution Time; 0.141727
Execution Time; 3.147714
Execution Time; 0.135575
Execution Time; 0.136845
Execution Time; 0.144140
Execution Time; 0.146508
Execution Time; 0.150963
Execution Time; 0.151655
Execution Time; 0.151731
Execution Time; 0.152053
Execution Time; 0.151347
Execution Time; 0.151435
Execution Time; 0.151423
Execution Time; 0.151450
Execution Time; 3.160516
Execution Time; 0.151440
Execution Time; 0.151816
Execution Time; 0.151283
Execution Time; 0.151395
Execution Time; 0.151234
Execution Time; 3.160502
Execution Time; 0.151236
Execution Time; 0.151355
Execution Time; 0.151012
Execution Time; 0.151350
Execution Time; 0.151137
Execution Time; 3.160725
Execution Time; 0.155411
Execution Time; 0.151434
Execution Time; 0.150514
Execution Time; 0.151528
Execution Time; 0.151719
Execution Time; 3.173449
Execution Time; 0.150887
Execution Time; 0.151162
Execution Time; 0.150977
Execution Time; 0.151266
Execution Time; 0.150949
Execution Time; 3.163092
Execution Time; 0.151259
Execution Time; 0.151107
Execution Time; 0.151007
Execution Time; 0.151254
Execution Time; 0.151099
Execution Time; 3.154795
Execution Time; 0.135584
Execution Time; 0.135511
Execution Time; 0.136056
Execution Time; 0.143793
Execution Time; 0.145467
Execution Time; 0.150481
Execution Time; 3.161521
Execution Time; 0.150812
Execution Time; 0.151430
Execution Time; 0.150711
Execution Time; 0.151288
Execution Time; 0.150378
Execution Time; 3.160284
Execution Time; 0.150623
Execution Time; 0.150730
Execution Time; 0.150506
Execution Time; 0.150794
Execution Time; 0.150535
Execution Time; 3.160548
Execution Time; 0.150550
Execution Time; 0.151089
Execution Time; 0.150544
Execution Time; 0.150630
Execution Time; 0.150720
Execution Time; 3.161689
Execution Time; 0.151140
Execution Time; 0.150673
Execution Time; 0.150473
Execution Time; 0.150710
Execution Time; 0.150788
Execution Time; 3.159666
Execution Time; 0.146588
Execution Time; 0.146560
Execution Time; 0.146310
Execution Time; 0.146614
Execution Time; 0.146562
Execution Time; 0.146655
Execution Time; 0.151908
Execution Time; 0.152608
Execution Time; 0.151278
Execution Time; 0.153018
Execution Time; 0.151951
Execution Time; 0.152804
Execution Time; 3.162042
Execution Time; 0.147302
Execution Time; 0.135517
Execution Time; 0.135659
Execution Time; 0.135943
Execution Time; 0.142853
Execution Time; 3.156027
Execution Time; 0.151330
Execution Time; 0.152556
Execution Time; 0.151688
Execution Time; 0.152263
Execution Time; 0.151515
Execution Time; 0.152660
Execution Time; 0.150843
Execution Time; 0.151754
Execution Time; 0.150725
Execution Time; 0.151679
Execution Time; 0.151095
Execution Time; 0.151442
Execution Time; 3.160750
Execution Time; 0.151924
Execution Time; 0.151349
Execution Time; 0.151671
Execution Time; 0.151326
Execution Time; 0.151706
Execution Time; 3.160904
Execution Time; 0.151500
Execution Time; 0.150847
Execution Time; 0.151319
Execution Time; 0.151568
Execution Time; 0.151357
Execution Time; 3.161760
Execution Time; 0.151229
Execution Time; 0.151385
Execution Time; 0.151697
Execution Time; 0.151116
Execution Time; 0.151073
Execution Time; 3.159920
Execution Time; 0.151119
Execution Time; 0.156805
Execution Time; 0.151624
Execution Time; 0.153072
Execution Time; 0.151944
Execution Time; 3.162507
Execution Time; 0.151844
Execution Time; 0.152533
Execution Time; 0.135822
Execution Time; 0.135822
Execution Time; 0.135591
Execution Time; 3.150406
Execution Time; 0.144114
Execution Time; 0.148985
Execution Time; 0.151169
Execution Time; 0.150742
Execution Time; 0.151700
Execution Time; 0.150647
Execution Time; 3.160448
Execution Time; 0.150796
Execution Time; 0.151488
Execution Time; 0.151028
Execution Time; 0.151431
Execution Time; 0.150539
Execution Time; 3.160980
Execution Time; 0.151524
Execution Time; 0.152240
Execution Time; 0.151226
Execution Time; 0.152050
Execution Time; 0.151646
Execution Time; 3.165815
Execution Time; 0.151821
Execution Time; 0.152531
Execution Time; 0.150786
Execution Time; 0.152723
Execution Time; 0.151346
Execution Time; 3.162821
Execution Time; 0.151207
Execution Time; 0.152899
Execution Time; 0.151472
Execution Time; 0.153078
Execution Time; 0.151915
Execution Time; 3.166513
Execution Time; 0.152505
Execution Time; 0.153065
Execution Time; 0.152216
Execution Time; 0.153323
Execution Time; 0.151873
Execution Time; 3.163537
Execution Time; 0.152126
Execution Time; 0.152946
Execution Time; 0.152474
Execution Time; 0.148397
Execution Time; 0.135634
Execution Time; 0.135381
Execution Time; 3.146155
Execution Time; 0.141941
Execution Time; 0.145042
Execution Time; 0.150479
Execution Time; 0.152604
Execution Time; 0.151897
Execution Time; 3.161778
Execution Time; 0.151962
Execution Time; 0.152042
Execution Time; 0.151542
Execution Time; 0.152752
Execution Time; 0.151618
Execution Time; 3.162118
Execution Time; 0.151202
Execution Time; 0.152182
Execution Time; 0.151528
Execution Time; 0.152258
Execution Time; 0.152080
Execution Time; 3.160366
Execution Time; 0.151373
Execution Time; 0.152061
Execution Time; 0.151409
Execution Time; 0.152802
Execution Time; 0.152190
Execution Time; 0.151905
Execution Time; 3.162075
Execution Time; 0.153283
Execution Time; 0.151276
Execution Time; 0.153181
Execution Time; 0.153015
Execution Time; 0.152970
Execution Time; 3.167589
Execution Time; 0.152296
Execution Time; 0.151084
Execution Time; 0.151518
Execution Time; 0.151963
Execution Time; 0.151309
Execution Time; 3.159999
Execution Time; 0.151590
Execution Time; 0.151457
Execution Time; 0.151517
Execution Time; 0.152118
Execution Time; 0.145613
Execution Time; 3.146174
Execution Time; 0.135646
Execution Time; 0.136044
Execution Time; 0.146891
Execution Time; 0.147272
Execution Time; 0.150700
Execution Time; 3.161399
Execution Time; 0.150970
Execution Time; 0.151313
Execution Time; 0.151000
Execution Time; 0.151577
Execution Time; 0.151255
Execution Time; 0.151318
Execution Time; 3.166787
Execution Time; 0.151577
Execution Time; 0.151536
Execution Time; 0.151581
Execution Time; 0.151787
Execution Time; 0.150869
Execution Time; 3.161683
Execution Time; 0.151581
Execution Time; 0.151178
Execution Time; 0.151478
Execution Time; 0.152230
Execution Time; 0.151187
Execution Time; 3.161543
Execution Time; 0.151969
Execution Time; 0.151873
Execution Time; 0.151729
Execution Time; 0.152733
Execution Time; 0.151513
Execution Time; 3.162611
Execution Time; 0.152118
Execution Time; 0.152041
Execution Time; 0.151642
Execution Time; 0.152541
Execution Time; 0.151514
Execution Time; 3.161635
Execution Time; 0.151664
Execution Time; 0.152263
Execution Time; 0.151986
Execution Time; 0.153108
Execution Time; 0.151526
Execution Time; 3.162755
Execution Time; 0.138070
Execution Time; 0.135601
Execution Time; 0.135854
Execution Time; 0.139069
Execution Time; 0.144917
Execution Time; 0.148269
Execution Time; 3.161518
Execution Time; 0.151406
Execution Time; 0.151357
Execution Time; 0.152185
Execution Time; 0.151470
Execution Time; 0.151431
Execution Time; 3.160639
Execution Time; 0.151950
Execution Time; 0.152118
Execution Time; 0.152748
Execution Time; 0.152670
Execution Time; 0.151836
Execution Time; 3.162317
Execution Time; 0.152124
Execution Time; 0.152140
Execution Time; 0.152246
Execution Time; 0.152987
Execution Time; 0.151764
[  328.494736] sched: RT throttling activated
Execution Time; 3.166375
Execution Time; 0.150882
Execution Time; 0.151624
Execution Time; 0.151043
Execution Time; 0.151837
Execution Time; 0.151007
Execution Time; 0.151889
Execution Time; 3.160532
Execution Time; 0.151644
Execution Time; 0.150549
Execution Time; 0.152591
Execution Time; 0.151658
Execution Time; 0.152265
Execution Time; 3.160191
Execution Time; 0.152199
Execution Time; 0.151137
Execution Time; 0.151950
Execution Time; 0.151402
Execution Time; 0.151928
Execution Time; 3.160801
Execution Time; 0.151607
Execution Time; 0.135689
Execution Time; 0.135734
Execution Time; 0.135772
Execution Time; 0.140361
Execution Time; 0.144220
Execution Time; 3.159043
Execution Time; 0.151693
Execution Time; 0.151298
Execution Time; 0.151902
Execution Time; 0.151070
Execution Time; 0.152333
Execution Time; 3.159872
Execution Time; 0.151822
Execution Time; 0.151498
Execution Time; 0.156377
Execution Time; 0.150906
Execution Time; 3.160383
Execution Time; 0.151068
Execution Time; 0.151233
Execution Time; 0.150962
Execution Time; 0.151199
Execution Time; 0.150867
Execution Time; 0.151283
Execution Time; 3.169031
Execution Time; 0.151779
Execution Time; 0.152322
Execution Time; 0.152510
Execution Time; 0.151708
Execution Time; 0.151975
Execution Time; 3.161841
Execution Time; 0.151759
Execution Time; 0.152287
Execution Time; 0.152356
Execution Time; 0.151810
Execution Time; 0.152125
Execution Time; 3.161369
Execution Time; 0.151073
Execution Time; 0.152247
Execution Time; 0.151821
Execution Time; 0.152088
Execution Time; 0.152043
Execution Time; 3.161789
Execution Time; 0.151370
Execution Time; 0.152095
Execution Time; 0.140388
Execution Time; 0.135467
Execution Time; 0.135595
Execution Time; 0.137436
Execution Time; 0.144979
Execution Time; 0.147243
Execution Time; 0.150747
Execution Time; 0.151709
Execution Time; 0.151314
Execution Time; 0.151461
Execution Time; 3.160704
Execution Time; 0.151267
Execution Time; 0.151543
Execution Time; 0.151770
Execution Time; 0.151474
Execution Time; 0.151872
Execution Time; 3.160742
Execution Time; 0.151721
Execution Time; 0.152069
Execution Time; 0.151947
Execution Time; 0.151551
Execution Time; 0.151994
Execution Time; 3.161003
Execution Time; 0.151420
Execution Time; 0.151348
Execution Time; 0.152057
Execution Time; 0.152174
Execution Time; 0.151293
Execution Time; 3.160898
Execution Time; 0.151650
Execution Time; 0.152410
Execution Time; 0.150979
Execution Time; 0.152262
Execution Time; 0.151227
Execution Time; 3.161899
Execution Time; 0.151615
Execution Time; 0.152740
Execution Time; 0.151705
Execution Time; 0.152079
Execution Time; 0.151610
Execution Time; 3.161217
Execution Time; 0.150694
Execution Time; 0.151840
Execution Time; 0.151533
Execution Time; 0.152356
Execution Time; 0.135926
Execution Time; 0.135464
Execution Time; 3.145364
Execution Time; 0.139050
Execution Time; 0.144096
Execution Time; 0.145012
Execution Time; 0.149520
Execution Time; 0.149806
Execution Time; 3.158319
Execution Time; 0.149245
Execution Time; 0.148585
Execution Time; 0.149738
Execution Time; 0.149371
Execution Time; 0.149174
Execution Time; 0.149746
Execution Time; 3.158038
Execution Time; 0.148787
Execution Time; 0.149157
Execution Time; 0.149507
Execution Time; 0.148938
Execution Time; 0.149697
Execution Time; 3.157923
Execution Time; 0.147598
Execution Time; 0.152750
Execution Time; 0.151985
Execution Time; 0.156692
Execution Time; 0.151824
Execution Time; 3.160672
Execution Time; 0.151990
Execution Time; 0.151987
Execution Time; 0.151886
Execution Time; 0.150442
Execution Time; 0.152270
Execution Time; 3.161288
Execution Time; 0.152134
Execution Time; 0.151697
Execution Time; 0.152257
Execution Time; 0.150173
Execution Time; 0.152693
Execution Time; 3.159946
Execution Time; 0.152318
Execution Time; 0.151458
Execution Time; 0.152060
Execution Time; 0.151217
Execution Time; 0.152920
Execution Time; 3.145388
Execution Time; 0.135246
Execution Time; 0.135790
Execution Time; 0.139739
Execution Time; 0.143472
Execution Time; 0.148862
Execution Time; 0.153362
Execution Time; 3.160908
Execution Time; 0.152013
Execution Time; 0.151124
Execution Time; 0.152080
Execution Time; 0.151142
Execution Time; 0.151937
Execution Time; 3.159992
Execution Time; 0.151364
Execution Time; 0.150776
Execution Time; 0.152008
Execution Time; 0.151091
Execution Time; 0.152023
Execution Time; 3.161102
Execution Time; 0.151949
Execution Time; 0.151571
Execution Time; 0.152446
Execution Time; 0.150678
Execution Time; 0.152413
Execution Time; 3.161295
Execution Time; 0.151892
Execution Time; 0.151473
Execution Time; 0.152314
Execution Time; 0.150676
Execution Time; 0.152424
Execution Time; 3.160842
Execution Time; 0.151849
Execution Time; 0.151138
Execution Time; 0.152504
Execution Time; 0.151143
Execution Time; 0.151695
Execution Time; 3.162113
Execution Time; 0.151479
Execution Time; 0.151613
Execution Time; 0.152285
Execution Time; 0.151889
Execution Time; 0.152786
Execution Time; 3.161105
Execution Time; 0.145874
Execution Time; 0.135470
Execution Time; 0.135132
Execution Time; 0.135990
Execution Time; 0.142013
Execution Time; 0.145440
Execution Time; 3.160620
Execution Time; 0.151990
Execution Time; 0.151986
Execution Time; 0.153008
Execution Time; 0.151436
Execution Time; 0.152686
Execution Time; 3.160535
Execution Time; 0.151636
Execution Time; 0.151226
Execution Time; 0.151831
Execution Time; 0.150981
Execution Time; 0.152161
Execution Time; 3.160487
Execution Time; 0.151371
Execution Time; 0.151346
Execution Time; 0.151463
Execution Time; 0.150915
Execution Time; 0.151640
Execution Time; 0.151281
Execution Time; 0.151490
Execution Time; 0.150957
Execution Time; 0.151658
Execution Time; 0.150882
Execution Time; 0.151754
Execution Time; 0.151256
Execution Time; 3.160135
Execution Time; 0.150834
Execution Time; 0.151321
Execution Time; 0.150902
Execution Time; 0.151087
INIT: Switching to runlevel: 0
INIT: Sending processes the TERM signal
[[36minfo[39;49m] Using makefile-style concurrent boot in runlevel 0.
[[36minfo[39;49m] Saving the system clock.
[[36minfo[39;49m] Hardware Clock updated to Mon Jan  2 14:14:09 UTC 2017.
[....] Asking all remaining processes to terminate...[?25l[?1c7[1G[[32m ok [39;49m8[?25h[?0cdone.
[....] All processes ended within 2 seconds...[?25l[?1c7[1G[[32m ok [39;49m8[?25h[?0cdone.
[....] Deconfiguring network interfaces...Internet Systems Consortium DHCP Client 4.2.2
Copyright 2004-2011 Internet Systems Consortium.
All rights reserved.
For info, please visit https://www.isc.org/software/dhcp/

Listening on LPF/eth0/52:54:00:12:34:56
Sending on   LPF/eth0/52:54:00:12:34:56
Sending on   Socket/fallback
DHCPRELEASE on eth0 to 10.0.2.2 port 67
[?25l[?1c7[1G[[32m ok [39;49m8[?25h[?0cdone.
[....] Deactivating swap...[?25l[?1c7[1G[[32m ok [39;49m8[?25h[?0cdone.
[  485.277142] EXT4-fs (sda1): re-mounted. Opts: (null)
[[36minfo[39;49m] Will now halt.
[  488.948419] sd 0:0:0:0: [sda] Synchronizing SCSI cache
[  488.951650] sd 0:0:0:0: [sda] Stopping disk
[  488.955573] ACPI: Preparing to enter system sleep state S5
[  488.956853] Power down.
aff-executor-preload.c:affhooks_init()
aff-executor-preload.c:affhooks_shut()
HELLO KITTY
