aff-executor-preload.c:affhooks_init()
[H[J[?25l[m[H[J[2;25HGNU GRUB  version 1.99-27+deb7u2

[m[4;2H+--------------------------------------------------------------------------+[5;2H|[5;77H|[6;2H|[6;77H|[7;2H|[7;77H|[8;2H|[8;77H|[9;2H|[9;77H|[10;2H|[10;77H|[11;2H|[11;77H|[12;2H|[12;77H|[13;2H|[13;77H|[14;2H|[14;77H|[15;2H|[15;77H|[16;2H|[16;77H|[17;2H+--------------------------------------------------------------------------+[m[18;2H[m
      Use the ^ and v keys to select which entry is highlighted.      
      Press enter to boot the selected OS, 'e' to edit the commands      
      before booting or 'c' for a command-line.      
      [5;78H [7m[5;3HDebian GNU/Linux, with Linux 3.2.0-4-amd64                               [m [5;76H[m[m[6;3HDebian GNU/Linux, with Linux 3.2.0-4-amd64 (recovery mode)               [m [6;76H[m[m[7;3H                                                                         [m [7;76H[m[m[8;3H                                                                         [m [8;76H[m[m[9;3H                                                                         [m [9;76H[m[m[10;3H                                                                         [m [10;76H[m[m[11;3H                                                                         [m [11;76H[m[m[12;3H                                                                         [m [12;76H[m[m[13;3H                                                                         [m [13;76H[m[m[14;3H                                                                         [m [14;76H[m[m[15;3H                                                                         [m [15;76H[m[m[16;3H                                                                         [m [16;76H[m[16;78H [5;76H[22;1H   The highlighted entry will be executed automatically in 5s.                 [5;76H[22;1H   The highlighted entry will be executed automatically in 4s.                 [5;76H[22;1H   The highlighted entry will be executed automatically in 3s.                 [5;76H[22;1H   The highlighted entry will be executed automatically in 2s.                 [5;76H[22;1H   The highlighted entry will be executed automatically in 1s.                 [5;76H[22;1H   The highlighted entry will be executed automatically in 0s.                 [5;76H[?25h[H[J[H[J  Booting 'Debian GNU/Linux, with Linux 3.2.0-4-amd64'

Loading Linux 3.2.0-4-amd64 ...
Loading initial ramdisk ...
[    0.000000] Initializing cgroup subsys cpuset
[    0.000000] Initializing cgroup subsys cpu
[    0.000000] Linux version 3.2.0-4-amd64 (debian-kernel@lists.debian.org) (gcc version 4.6.3 (Debian 4.6.3-14) ) #1 SMP Debian 3.2.68-1+deb7u3
[    0.000000] Command line: BOOT_IMAGE=/boot/vmlinuz-3.2.0-4-amd64 root=UUID=e35ebd7f-2405-4c97-9c3e-26919d55a9e5 ro console=tty0 console=ttyS0,115200n8
[    0.000000] BIOS-provided physical RAM map:
[    0.000000]  BIOS-e820: 0000000000000000 - 000000000009fc00 (usable)
[    0.000000]  BIOS-e820: 000000000009fc00 - 00000000000a0000 (reserved)
[    0.000000]  BIOS-e820: 00000000000f0000 - 0000000000100000 (reserved)
[    0.000000]  BIOS-e820: 0000000000100000 - 00000000bfffe000 (usable)
[    0.000000]  BIOS-e820: 00000000bfffe000 - 00000000c0000000 (reserved)
[    0.000000]  BIOS-e820: 00000000feffc000 - 00000000ff000000 (reserved)
[    0.000000]  BIOS-e820: 00000000fffc0000 - 0000000100000000 (reserved)
[    0.000000]  BIOS-e820: 0000000100000000 - 0000000440000000 (usable)
[    0.000000] NX (Execute Disable) protection: active
[    0.000000] SMBIOS 2.4 present.
[    0.000000] No AGP bridge found
[    0.000000] last_pfn = 0x440000 max_arch_pfn = 0x400000000
[    0.000000] x86 PAT enabled: cpu 0, old 0x70406, new 0x7010600070106
[    0.000000] last_pfn = 0xbfffe max_arch_pfn = 0x400000000
[    0.000000] found SMP MP-table at [ffff8800000f0b10] f0b10
[    0.000000] Using GB pages for direct mapping
[    0.000000] init_memory_mapping: 0000000000000000-00000000bfffe000
[    0.000000] init_memory_mapping: 0000000100000000-0000000440000000
[    0.000000] RAMDISK: 36c6c000 - 3762e000
[    0.000000] ACPI: RSDP 00000000000f08e0 00014 (v00 BOCHS )
[    0.000000] ACPI: RSDT 00000000bffffcfc 00034 (v01 BOCHS  BXPCRSDT 00000001 BXPC 00000001)
[    0.000000] ACPI: FACP 00000000bffff1c0 00074 (v01 BOCHS  BXPCFACP 00000001 BXPC 00000001)
[    0.000000] ACPI: DSDT 00000000bfffe040 01180 (v01 BOCHS  BXPCDSDT 00000001 BXPC 00000001)
[    0.000000] ACPI: FACS 00000000bfffe000 00040
[    0.000000] ACPI: SSDT 00000000bffff234 00A00 (v01 BOCHS  BXPCSSDT 00000001 BXPC 00000001)
[    0.000000] ACPI: APIC 00000000bffffc34 00090 (v01 BOCHS  BXPCAPIC 00000001 BXPC 00000001)
[    0.000000] ACPI: HPET 00000000bffffcc4 00038 (v01 BOCHS  BXPCHPET 00000001 BXPC 00000001)
[    0.000000] No NUMA configuration found
[    0.000000] Faking a node at 0000000000000000-0000000440000000
[    0.000000] Initmem setup node 0 0000000000000000-0000000440000000
[    0.000000]   NODE_DATA [000000043fffb000 - 000000043fffffff]
[    0.000000] kvm-clock: Using msrs 4b564d01 and 4b564d00
[    0.000000] kvm-clock: cpu 0, msr 0:16a8741, boot clock
[    0.000000] Zone PFN ranges:
[    0.000000]   DMA      0x00000010 -> 0x00001000
[    0.000000]   DMA32    0x00001000 -> 0x00100000
[    0.000000]   Normal   0x00100000 -> 0x00440000
[    0.000000] Movable zone start PFN for each node
[    0.000000] early_node_map[3] active PFN ranges
[    0.000000]     0: 0x00000010 -> 0x0000009f
[    0.000000]     0: 0x00000100 -> 0x000bfffe
[    0.000000]     0: 0x00100000 -> 0x00440000
[    0.000000] ACPI: PM-Timer IO Port: 0xb008
[    0.000000] ACPI: LAPIC (acpi_id[0x00] lapic_id[0x00] enabled)
[    0.000000] ACPI: LAPIC (acpi_id[0x01] lapic_id[0x01] enabled)
[    0.000000] ACPI: LAPIC (acpi_id[0x02] lapic_id[0x02] enabled)
[    0.000000] ACPI: LAPIC (acpi_id[0x03] lapic_id[0x03] enabled)
[    0.000000] ACPI: LAPIC_NMI (acpi_id[0xff] dfl dfl lint[0x1])
[    0.000000] ACPI: IOAPIC (id[0x00] address[0xfec00000] gsi_base[0])
[    0.000000] IOAPIC[0]: apic_id 0, version 17, address 0xfec00000, GSI 0-23
[    0.000000] ACPI: INT_SRC_OVR (bus 0 bus_irq 0 global_irq 2 dfl dfl)
[    0.000000] ACPI: INT_SRC_OVR (bus 0 bus_irq 5 global_irq 5 high level)
[    0.000000] ACPI: INT_SRC_OVR (bus 0 bus_irq 9 global_irq 9 high level)
[    0.000000] ACPI: INT_SRC_OVR (bus 0 bus_irq 10 global_irq 10 high level)
[    0.000000] ACPI: INT_SRC_OVR (bus 0 bus_irq 11 global_irq 11 high level)
[    0.000000] Using ACPI (MADT) for SMP configuration information
[    0.000000] ACPI: HPET id: 0x8086a201 base: 0xfed00000
[    0.000000] SMP: Allowing 4 CPUs, 0 hotplug CPUs
[    0.000000] PM: Registered nosave memory: 000000000009f000 - 00000000000a0000
[    0.000000] PM: Registered nosave memory: 00000000000a0000 - 00000000000f0000
[    0.000000] PM: Registered nosave memory: 00000000000f0000 - 0000000000100000
[    0.000000] PM: Registered nosave memory: 00000000bfffe000 - 00000000c0000000
[    0.000000] PM: Registered nosave memory: 00000000c0000000 - 00000000feffc000
[    0.000000] PM: Registered nosave memory: 00000000feffc000 - 00000000ff000000
[    0.000000] PM: Registered nosave memory: 00000000ff000000 - 00000000fffc0000
[    0.000000] PM: Registered nosave memory: 00000000fffc0000 - 0000000100000000
[    0.000000] Allocating PCI resources starting at c0000000 (gap: c0000000:3effc000)
[    0.000000] Booting paravirtualized kernel on KVM
[    0.000000] setup_percpu: NR_CPUS:512 nr_cpumask_bits:512 nr_cpu_ids:4 nr_node_ids:1
[    0.000000] PERCPU: Embedded 27 pages/cpu @ffff88043fc00000 s78912 r8192 d23488 u524288
[    0.000000] kvm-clock: cpu 0, msr 4:3fc12741, primary cpu clock
[    0.000000] KVM setup async PF for cpu 0
[    0.000000] kvm-stealtime: cpu 0, msr 43fc0cfc0
[    0.000000] Built 1 zonelists in Zone order, mobility grouping on.  Total pages: 4133256
[    0.000000] Policy zone: Normal
[    0.000000] Kernel command line: BOOT_IMAGE=/boot/vmlinuz-3.2.0-4-amd64 root=UUID=e35ebd7f-2405-4c97-9c3e-26919d55a9e5 ro console=tty0 console=ttyS0,115200n8
[    0.000000] PID hash table entries: 4096 (order: 3, 32768 bytes)
[    0.000000] xsave/xrstor: enabled xstate_bv 0x7, cntxt size 0x340
[    0.000000] Checking aperture...
[    0.000000] No AGP bridge found
[    0.000000] Memory: 16462372k/17825792k available (3434k kernel code, 1049036k absent, 314384k reserved, 3305k data, 580k init)
[    0.000000] Hierarchical RCU implementation.
[    0.000000] 	RCU dyntick-idle grace-period acceleration is enabled.
[    0.000000] NR_IRQS:33024 nr_irqs:712 16
[    0.000000] Console: colour VGA+ 80x25
[    0.000000] console [tty0] enabled
[    0.000000] console [ttyS0] enabled
[    0.000000] Detected 2199.998 MHz processor.
[    0.008000] Calibrating delay loop (skipped) preset value.. 4399.99 BogoMIPS (lpj=8799992)
[    0.008000] pid_max: default: 32768 minimum: 301
[    0.008000] Security Framework initialized
[    0.008008] AppArmor: AppArmor disabled by boot time parameter
[    0.010271] Dentry cache hash table entries: 2097152 (order: 12, 16777216 bytes)
[    0.016962] Inode-cache hash table entries: 1048576 (order: 11, 8388608 bytes)
[    0.020153] Mount-cache hash table entries: 256
[    0.021262] Initializing cgroup subsys cpuacct
[    0.022240] Initializing cgroup subsys memory
[    0.023205] Initializing cgroup subsys devices
[    0.024006] Initializing cgroup subsys freezer
[    0.024993] Initializing cgroup subsys net_cls
[    0.025964] Initializing cgroup subsys blkio
[    0.026896] Initializing cgroup subsys perf_event
[    0.028094] mce: CPU supports 10 MCE banks
[    0.030474] ACPI: Core revision 20110623
[    0.032886] Enabling x2apic
[    0.033600] Enabled x2apic
[    0.034483] Switched APIC routing to physical x2apic.
[    0.036804] ..TIMER: vector=0x30 apic1=0 pin1=2 apic2=-1 pin2=-1
[    0.038214] CPU0: Intel(R) Xeon(R) CPU E5-4620 0 @ 2.20GHz stepping 07
[    0.040002] Performance Events: SandyBridge events, Intel PMU driver.
[    0.040002] ... version:                2
[    0.040002] ... bit width:              48
[    0.040002] ... generic registers:      4
[    0.040009] ... value mask:             0000ffffffffffff
[    0.041241] ... max period:             000000007fffffff
[    0.042449] ... fixed-purpose events:   3
[    0.044005] ... event mask:             000000070000000f
[    0.045727] NMI watchdog enabled, takes one hw-pmu counter.
[    0.047223] Booting Node   0, Processors  #1
[    0.068028] KVM setup async PF for cpu 1
[    0.068028] kvm-stealtime: cpu 1, msr 43fc8cfc0
[    0.070274] NMI watchdog enabled, takes one hw-pmu counter.
[    0.068028] kvm-clock: cpu 1, msr 4:3fc92741, secondary cpu clock
[    0.072187]  #2
[    0.092026] KVM setup async PF for cpu 2
[    0.092026] kvm-stealtime: cpu 2, msr 43fd0cfc0
[    0.094310] NMI watchdog enabled, takes one hw-pmu counter.
[    0.092026] kvm-clock: cpu 2, msr 4:3fd12741, secondary cpu clock
[    0.096186]  #3 Ok.
[    0.116028] KVM setup async PF for cpu 3
[    0.116028] kvm-stealtime: cpu 3, msr 43fd8cfc0
[    0.120377] NMI watchdog enabled, takes one hw-pmu counter.
[    0.116028] kvm-clock: cpu 3, msr 4:3fd92741, secondary cpu clock
[    0.122789] Brought up 4 CPUs
[    0.123521] Total of 4 processors activated (17599.98 BogoMIPS).
[    0.124706] devtmpfs: initialized
[    0.130429] print_constraints: dummy: 
[    0.130429] NET: Registered protocol family 16
[    0.132152] ACPI: bus type pci registered
[    0.133206] PCI: Using configuration type 1 for base access
[    0.136525] bio: create slab <bio-0> at 0
[    0.137631] ACPI: Added _OSI(Module Device)
[    0.137631] ACPI: Added _OSI(Processor Device)
[    0.138002] ACPI: Added _OSI(3.0 _SCP Extensions)
[    0.140028] ACPI: Added _OSI(Processor Aggregator Device)
[    0.145034] ACPI: Interpreter enabled
[    0.145871] ACPI: (supports S0 S3 S4 S5)
[    0.147139] ACPI: Using IOAPIC for interrupt routing
[    0.152226] ACPI: No dock devices found.
[    0.153130] HEST: Table not found.
[    0.153933] PCI: Using host bridge windows from ACPI; if necessary, use "pci=nocrs" and report a bug
[    0.155843] ACPI: PCI Root Bridge [PCI0] (domain 0000 [bus 00-ff])
[    0.156167] pci_root PNP0A03:00: host bridge window [io  0x0000-0x0cf7]
[    0.157455] pci_root PNP0A03:00: host bridge window [io  0x0d00-0xadff]
[    0.158749] pci_root PNP0A03:00: host bridge window [io  0xae0f-0xaeff]
[    0.160025] pci_root PNP0A03:00: host bridge window [io  0xaf20-0xafdf]
[    0.161308] pci_root PNP0A03:00: host bridge window [io  0xafe4-0xffff]
[    0.162569] pci_root PNP0A03:00: host bridge window [mem 0x000a0000-0x000bffff]
[    0.164024] pci_root PNP0A03:00: host bridge window [mem 0xc0000000-0xfebfffff]
[    0.172137] pci 0000:00:01.3: quirk: [io  0xb000-0xb03f] claimed by PIIX4 ACPI
[    0.173688] pci 0000:00:01.3: quirk: [io  0xb100-0xb10f] claimed by PIIX4 SMB
[    0.191380]  pci0000:00: Unable to request _OSC control (_OSC support mask: 0x1e)
[    0.194080] ACPI: PCI Interrupt Link [LNKA] (IRQs 5 *10 11)
[    0.196825] ACPI: PCI Interrupt Link [LNKB] (IRQs 5 *10 11)
[    0.198524] ACPI: PCI Interrupt Link [LNKC] (IRQs 5 10 *11)
[    0.200119] ACPI: PCI Interrupt Link [LNKD] (IRQs 5 10 *11)
[    0.201792] ACPI: PCI Interrupt Link [LNKS] (IRQs *9)
[    0.203314] vgaarb: device added: PCI:0000:00:02.0,decodes=io+mem,owns=io+mem,locks=none
[    0.204029] vgaarb: loaded
[    0.204708] vgaarb: bridge control possible 0000:00:02.0
[    0.205827] PCI: Using ACPI for IRQ routing
[    0.208270] HPET: 3 timers in total, 0 timers will be used for per-cpu timer
[    0.209642] hpet0: at MMIO 0xfed00000, IRQs 2, 8, 0
[    0.216024] hpet0: 3 comparators, 64-bit 100.000000 MHz counter
[    0.232502] Switching to clocksource kvm-clock
[    0.236050] pnp: PnP ACPI init
[    0.236832] ACPI: bus type pnp registered
[    0.238649] pnp: PnP ACPI: found 9 devices
[    0.239572] ACPI: ACPI bus type pnp unregistered
[    0.249963] NET: Registered protocol family 2
[    0.253975] IP route cache hash table entries: 524288 (order: 10, 4194304 bytes)
[    0.257851] TCP established hash table entries: 524288 (order: 11, 8388608 bytes)
[    0.262366] TCP bind hash table entries: 65536 (order: 8, 1048576 bytes)
[    0.264380] TCP: Hash tables configured (established 524288 bind 65536)
[    0.265723] TCP reno registered
[    0.266552] UDP hash table entries: 8192 (order: 6, 262144 bytes)
[    0.267848] UDP-Lite hash table entries: 8192 (order: 6, 262144 bytes)
[    0.269493] NET: Registered protocol family 1
[    0.270479] pci 0000:00:00.0: Limiting direct PCI/PCI transfers
[    0.271705] pci 0000:00:01.0: PIIX3: Enabling Passive Release
[    0.272962] pci 0000:00:01.0: Activating ISA DMA hang workarounds
[    0.274325] Unpacking initramfs...
[    0.502713] Freeing initrd memory: 9992k freed
[    0.506618] PCI-DMA: Using software bounce buffering for IO (SWIOTLB)
[    0.507987] Placing 64MB software IO TLB between ffff8800bbffe000 - ffff8800bfffe000
[    0.509728] software IO TLB at phys 0xbbffe000 - 0xbfffe000
[    0.512037] audit: initializing netlink socket (disabled)
[    0.513186] type=2000 audit(1483365967.508:1): initialized
[    0.531284] HugeTLB registered 2 MB page size, pre-allocated 0 pages
[    0.535386] VFS: Disk quotas dquot_6.5.2
[    0.536425] Dquot-cache hash table entries: 512 (order 0, 4096 bytes)
[    0.537833] msgmni has been set to 32172
[    0.539287] alg: No test for stdrng (krng)
[    0.540468] Block layer SCSI generic (bsg) driver version 0.4 loaded (major 253)
[    0.542111] io scheduler noop registered
[    0.542976] io scheduler deadline registered
[    0.543988] io scheduler cfq registered (default)
[    0.545159] pci_hotplug: PCI Hot Plug PCI Core version: 0.5
[    0.546311] pciehp: PCI Express Hot Plug Controller Driver version: 0.4
[    0.547574] acpiphp: ACPI Hot Plug PCI Controller Driver version: 0.5
[    0.548958] acpiphp: Slot [3] registered
[    0.549869] acpiphp: Slot [4] registered
[    0.550789] acpiphp: Slot [5] registered
[    0.551696] acpiphp: Slot [6] registered
[    0.552642] acpiphp: Slot [7] registered
[    0.553546] acpiphp: Slot [8] registered
[    0.554461] acpiphp: Slot [9] registered
[    0.555351] acpiphp: Slot [10] registered
[    0.556287] acpiphp: Slot [11] registered
[    0.557192] acpiphp: Slot [12] registered
[    0.558096] acpiphp: Slot [13] registered
[    0.558999] acpiphp: Slot [14] registered
[    0.559909] acpiphp: Slot [15] registered
[    0.560853] acpiphp: Slot [16] registered
[    0.561756] acpiphp: Slot [17] registered
[    0.562671] acpiphp: Slot [18] registered
[    0.563580] acpiphp: Slot [19] registered
[    0.564513] acpiphp: Slot [20] registered
[    0.565409] acpiphp: Slot [21] registered
[    0.566337] acpiphp: Slot [22] registered
[    0.567234] acpiphp: Slot [23] registered
[    0.568165] acpiphp: Slot [24] registered
[    0.569065] acpiphp: Slot [25] registered
[    0.569966] acpiphp: Slot [26] registered
[    0.570876] acpiphp: Slot [27] registered
[    0.571780] acpiphp: Slot [28] registered
[    0.572718] acpiphp: Slot [29] registered
[    0.573621] acpiphp: Slot [30] registered
[    0.574541] acpiphp: Slot [31] registered
[    0.575596] ERST: Table is not found!
[    0.576475] GHES: HEST is not enabled!
[    0.577506] Serial: 8250/16550 driver, 4 ports, IRQ sharing enabled
[    3.614367] serial8250: ttyS0 at I/O 0x3f8 (irq = 4) is a 16550A
[    3.616740] Refined TSC clocksource calibration: 2199.957 MHz.
[    3.651025] 00:06: ttyS0 at I/O 0x3f8 (irq = 4) is a 16550A
[    3.652582] Linux agpgart interface v0.103
[    3.653693] i8042: PNP: PS/2 Controller [PNP0303:KBD,PNP0f13:MOU] at 0x60,0x64 irq 1,12
[    3.656212] serio: i8042 KBD port at 0x60,0x64 irq 1
[    3.657267] serio: i8042 AUX port at 0x60,0x64 irq 12
[    3.658609] mousedev: PS/2 mouse device common for all mice
[    3.660100] input: AT Translated Set 2 keyboard as /devices/platform/i8042/serio0/input/input0
[    3.662700] rtc_cmos 00:01: RTC can wake from S4
[    3.664069] rtc_cmos 00:01: rtc core: registered rtc_cmos as rtc0
[    3.665505] rtc0: alarms up to one day, 114 bytes nvram, hpet irqs
[    3.666788] cpuidle: using governor ladder
[    3.667713] cpuidle: using governor menu
[    3.668875] TCP cubic registered
[    3.669902] NET: Registered protocol family 10
[    3.671466] Mobile IPv6
[    3.672165] NET: Registered protocol family 17
[    3.673152] Registering the dns_resolver key type
[    3.674512] registered taskstats version 1
[    3.676500] rtc_cmos 00:01: setting system clock to 2017-01-02 14:06:11 UTC (1483365971)
[    3.678243] Initializing network drop monitor service
[    3.680941] Freeing unused kernel memory: 580k freed
[    3.682284] Write protecting the kernel read-only data: 6144k
[    3.687072] Freeing unused kernel memory: 644k freed
[    3.690878] Freeing unused kernel memory: 688k freed
Loading, please wait...
[    3.711978] udevd[58]: starting version 175
[    3.730131] e1000: Intel(R) PRO/1000 Network Driver - version 7.3.21-k8-NAPI
[    3.731596] e1000: Copyright (c) 1999-2006 Intel Corporation.
[    3.733708] ACPI: PCI Interrupt Link [LNKC] enabled at IRQ 11
[    3.736858] SCSI subsystem initialized
[    3.745020] Floppy drive(s): fd0 is 1.44M
[    3.760569] FDC 0 is a S82078B
[    4.078131] e1000 0000:00:03.0: eth0: (PCI:33MHz:32-bit) 52:54:00:12:34:56
[    4.079514] e1000 0000:00:03.0: eth0: Intel(R) PRO/1000 Network Connection
[    4.082458] scsi0 : ata_piix
[    4.083496] scsi1 : ata_piix
[    4.084336] ata1: PATA max MWDMA2 cmd 0x1f0 ctl 0x3f6 bmdma 0xc040 irq 14
[    4.085662] ata2: PATA max MWDMA2 cmd 0x170 ctl 0x376 bmdma 0xc048 irq 15
[    4.242473] ata1.00: ATA-7: QEMU HARDDISK, 2.0.0, max UDMA/100
[    4.244714] ata1.00: 9011200 sectors, multi 16: LBA48 
[    4.247095] ata2.00: ATAPI: QEMU DVD-ROM, 2.0.0, max UDMA/100
[    4.250220] ata1.00: configured for MWDMA2
[    4.251248] ata2.00: configured for MWDMA2
[    4.251338] scsi 0:0:0:0: Direct-Access     ATA      QEMU HARDDISK    2.0. PQ: 0 ANSI: 5
[    4.254805] scsi 1:0:0:0: CD-ROM            QEMU     QEMU DVD-ROM     2.0. PQ: 0 ANSI: 5
[    4.263235] sd 0:0:0:0: [sda] 9011200 512-byte logical blocks: (4.61 GB/4.29 GiB)
[    4.266447] sd 0:0:0:0: [sda] Write Protect is off
[    4.268856] sd 0:0:0:0: [sda] Write cache: enabled, read cache: enabled, doesn't support DPO or FUA
[    4.272834] sr0: scsi3-mmc drive: 4x/4x cd/rw xa/form2 tray
[    4.274899] cdrom: Uniform CD-ROM driver Revision: 3.20
[    4.278516]  sda: sda1
[    4.280338] sd 0:0:0:0: [sda] Attached SCSI disk
[    4.285590] sd 0:0:0:0: Attached scsi generic sg0 type 0
[    4.287911] sr 1:0:0:0: Attached scsi generic sg1 type 5
Begin: Loading essential drivers ... done.
Begin: Running /scripts/init-premount ... done.
Begin: Mounting root file system ... Begin: Running /scripts/local-top ... done.
Begin: Running /scripts/local-premount ... done.
[    8.041626] EXT4-fs (sda1): mounted filesystem with ordered data mode. Opts: (null)
Begin: Running /scripts/local-bottom ... done.
done.
Begin: Running /scripts/init-bottom ... done.
INIT: version 2.88 booting
[[36minfo[39;49m] Using makefile-style concurrent boot in runlevel S.
findfs: unable to resolve 'UUID="e35ebd7f-2405-4c97-9c3e-26919d55a9e5"'
[....] Starting the hotplug events dispatcher: udevd[    8.574877] udevd[309]: starting version 175
[?25l[?1c7[1G[[32m ok [39;49m8[?25h[?0c.
[....] Synthesizing the initial hotplug events...[   11.651932] input: Power Button as /devices/LNXSYSTM:00/LNXPWRBN:00/input/input1
[   11.654851] ACPI: Power Button [PWRF]
[   11.660656] input: PC Speaker as /devices/platform/pcspkr/input/input2
[?25l[?1c7[1G[[32m ok [39;49m[   11.681448] piix4_smbus 0000:00:01.3: SMBus Host Controller at 0xb100, revision 0
8[?25h[?0cdone.
[   11.698765] alg: No test for __gcm-aes-aesni (__driver-gcm-aes-aesni)
[....] Waiting for /dev to be fully populated...[   11.704144] parport_pc 00:05: reported by Plug and Play ACPI
[   11.705523] parport0: PC-style at 0x378, irq 7 [PCSPP,TRISTATE]
[   11.711640] Error: Driver 'pcspkr' is already registered, aborting...
[?25l[?1c7[1G[[32m ok [39;49m8[?25h[?0cdone.
findfs: unable to resolve 'UUID="e35ebd7f-2405-4c97-9c3e-26919d55a9e5"'
[....] Activating swap...[?25l[?1c7[1G[[32m ok [39;49m8[?25h[?0cdone.
Usage: mountpoint [-q] [-d] [-x] path
[   12.086488] EXT4-fs (sda1): re-mounted. Opts: (null)
[....] Checking root file system...fsck from util-linux 2.20.1
/run/rootdev: clean, 32669/264000 files, 885511/1054720 blocks
[?25l[?1c7[1G[[32m ok [39;49m8[?25h[?0cdone.
[   12.154265] EXT4-fs (sda1): re-mounted. Opts: errors=remount-ro,errors=remount-ro
[....] Cleaning up temporary files... /tmp[?25l[?1c7[1G[[32m ok [39;49m8[?25h[?0c.
findfs: unable to resolve 'UUID="e35ebd7f-2405-4c97-9c3e-26919d55a9e5"'
[   12.298269] input: ImExPS/2 Generic Explorer Mouse as /devices/platform/i8042/serio1/input/input3
findfs: unable to resolve 'UUID="e35ebd7f-2405-4c97-9c3e-26919d55a9e5"'
[....] Activating lvm and md swap...[?25l[?1c7[1G[[32m ok [39;49m8[?25h[?0cdone.
[....] Checking file systems...fsck from util-linux 2.20.1
[?25l[?1c7[1G[[32m ok [39;49m8[?25h[?0cdone.
[....] Mounting local filesystems...[?25l[?1c7[1G[[32m ok [39;49m8[?25h[?0cdone.
[....] Activating swapfile swap...[?25l[?1c7[1G[[32m ok [39;49m8[?25h[?0cdone.
findfs: unable to resolve 'UUID="e35ebd7f-2405-4c97-9c3e-26919d55a9e5"'
[....] Cleaning up temporary files...[?25l[?1c7[1G[[32m ok [39;49m8[?25h[?0c.
[....] Setting kernel variables ...[?25l[?1c7[1G[[32m ok [39;49m8[?25h[?0cdone.
[....] Configuring network interfaces...Internet Systems Consortium DHCP Client 4.2.2
Copyright 2004-2011 Internet Systems Consortium.
All rights reserved.
For info, please visit https://www.isc.org/software/dhcp/

[   16.148478] ADDRCONF(NETDEV_UP): eth0: link is not ready
Listening on LPF/eth0/52:54:00:12:34:56
Sending on   LPF/eth0/52:54:00:12:34:56
Sending on   Socket/fallback
DHCPDISCOVER on eth0 to 255.255.255.255 port 67 interval 7
[   19.658253] e1000: eth0 NIC Link is Up 1000 Mbps Full Duplex, Flow Control: RX
[   19.664851] ADDRCONF(NETDEV_CHANGE): eth0: link becomes ready
DHCPDISCOVER on eth0 to 255.255.255.255 port 67 interval 16
DHCPREQUEST on eth0 to 255.255.255.255 port 67
DHCPOFFER from 10.0.2.2
DHCPACK from 10.0.2.2
bound to 10.0.2.15 -- renewal in 32713 seconds.
ifup: interface eth0 already configured
[?25l[?1c7[1G[[32m ok [39;49m8[?25h[?0cdone.
[....] Cleaning up temporary files...[?25l[?1c7[1G[[32m ok [39;49m8[?25h[?0c.
INIT: Entering runlevel: 2
[[36minfo[39;49m] Using makefile-style concurrent boot in runlevel 2.
[....] Starting OpenBSD Secure Shell server: sshd[?25l[?1c7[1G[[32m ok [39;49m8[?25h[?0c.
Entering benchmark mode
./scaff/bin/uniform/stream_d0
STARTING stream_d0 execution: Mon Jan  2 16:06:31 EET 2017
-------------------------------------------------------------
STREAM version $Revision: 5.10 $
-------------------------------------------------------------
This system uses 8 bytes per array element.
-------------------------------------------------------------
Array size = 50000000 (elements), Offset = 0 (elements)
Memory per array = 381.5 MiB (= 0.4 GiB).
Total memory required = 1144.4 MiB (= 1.1 GiB).
Each kernel will be executed 20 times.
 The *best* time for each kernel (excluding the first iteration)
 will be used to compute the reported bandwidth.
-------------------------------------------------------------
Number of Threads requested = 4
Number of Threads counted = 4
-------------------------------------------------------------
Your clock granularity/precision appears to be 1 microseconds.
Each test below will take on the order of 55711 microseconds.
   (= 55711 clock ticks)
Increase the size of the arrays if this shows that
you are not getting at least 20 clock ticks per test.
-------------------------------------------------------------
WARNING -- The above is only a rough guideline.
For best results, please be sure you know the
precision of your system timer.
-------------------------------------------------------------
Function    Best Rate  Avg Rate   MB/s  Avg time     Min time     Max time
Copy:           11588.3       2064.6    0.387490    0.069035     3.082365
Scale:          11535.8       2070.6    0.386365    0.069349     3.079259
Add:            13109.9      13056.6    0.091908    0.091534     0.092204
Triad:          13372.1       2948.0    0.407062    0.089739     3.103774
-------------------------------------------------------------
Solution Validates: avg error less than 1.000000e-13 on all three arrays
-------------------------------------------------------------
-------------------------------------------------------------
STREAM version $Revision: 5.10 $
-------------------------------------------------------------
This system uses 8 bytes per array element.
-------------------------------------------------------------
Array size = 50000000 (elements), Offset = 0 (elements)
Memory per array = 381.5 MiB (= 0.4 GiB).
Total memory required = 1144.4 MiB (= 1.1 GiB).
Each kernel will be executed 20 times.
 The *best* time for each kernel (excluding the first iteration)
 will be used to compute the reported bandwidth.
-------------------------------------------------------------
Number of Threads requested = 4
Number of Threads counted = 4
-------------------------------------------------------------
Your clock granularity/precision appears to be 1 microseconds.
Each test below will take on the order of 52919 microseconds.
   (= 52919 clock ticks)
Increase the size of the arrays if this shows that
you are not getting at least 20 clock ticks per test.
-------------------------------------------------------------
WARNING -- The above is only a rough guideline.
For best results, please be sure you know the
precision of your system timer.
-------------------------------------------------------------
Function    Best Rate  Avg Rate   MB/s  Avg time     Min time     Max time
Copy:           11745.2      11447.9    0.069882    0.068113     0.071142
Scale:          11628.1       2065.9    0.387234    0.068799     3.086466
Add:            13445.1       2119.8    0.566090    0.089252     3.101786
Triad:          13464.2       4827.6    0.248570    0.089125     3.100438
-------------------------------------------------------------
Solution Validates: avg error less than 1.000000e-13 on all three arrays
-------------------------------------------------------------
-------------------------------------------------------------
STREAM version $Revision: 5.10 $
-------------------------------------------------------------
This system uses 8 bytes per array element.
-------------------------------------------------------------
Array size = 50000000 (elements), Offset = 0 (elements)
Memory per array = 381.5 MiB (= 0.4 GiB).
Total memory required = 1144.4 MiB (= 1.1 GiB).
Each kernel will be executed 20 times.
 The *best* time for each kernel (excluding the first iteration)
 will be used to compute the reported bandwidth.
-------------------------------------------------------------
Number of Threads requested = 4
Number of Threads counted = 4
-------------------------------------------------------------
Your clock granularity/precision appears to be 1 microseconds.
Each test below will take on the order of 53478 microseconds.
   (= 53478 clock ticks)
Increase the size of the arrays if this shows that
you are not getting at least 20 clock ticks per test.
-------------------------------------------------------------
WARNING -- The above is only a rough guideline.
For best results, please be sure you know the
precision of your system timer.
-------------------------------------------------------------
Function    Best Rate  Avg Rate   MB/s  Avg time     Min time     Max time
Copy:           11598.7       3507.2    0.228105    0.068973     3.079998
Scale:          11552.2      11404.9    0.070146    0.069251     0.071345
Add:            13335.9       2939.6    0.408221    0.089983     3.107412
Triad:          13402.9       2119.6    0.566143    0.089533     3.103796
-------------------------------------------------------------
Solution Validates: avg error less than 1.000000e-13 on all three arrays
-------------------------------------------------------------
-------------------------------------------------------------
STREAM version $Revision: 5.10 $
-------------------------------------------------------------
This system uses 8 bytes per array element.
-------------------------------------------------------------
Array size = 50000000 (elements), Offset = 0 (elements)
Memory per array = 381.5 MiB (= 0.4 GiB).
Total memory required = 1144.4 MiB (= 1.1 GiB).
Each kernel will be executed 20 times.
 The *best* time for each kernel (excluding the first iteration)
 will be used to compute the reported bandwidth.
-------------------------------------------------------------
Number of Threads requested = 4
Number of Threads counted = 4
-------------------------------------------------------------
Your clock granularity/precision appears to be 1 microseconds.
Each test below will take on the order of 54126 microseconds.
   (= 54126 clock ticks)
Increase the size of the arrays if this shows that
you are not getting at least 20 clock ticks per test.
-------------------------------------------------------------
WARNING -- The above is only a rough guideline.
For best results, please be sure you know the
precision of your system timer.
-------------------------------------------------------------
Function    Best Rate  Avg Rate   MB/s  Avg time     Min time     Max time
Copy:           11609.8       1467.7    0.545069    0.068907     3.083317
Scale:          11432.5       2062.3    0.387915    0.069976     3.080227
Add:            13363.9      13248.3    0.090578    0.089794     0.091717
Triad:          13192.9       4797.2    0.250145    0.090958     3.100997
-------------------------------------------------------------
Solution Validates: avg error less than 1.000000e-13 on all three arrays
-------------------------------------------------------------
-------------------------------------------------------------
STREAM version $Revision: 5.10 $
-------------------------------------------------------------
This system uses 8 bytes per array element.
-------------------------------------------------------------
Array size = 50000000 (elements), Offset = 0 (elements)
Memory per array = 381.5 MiB (= 0.4 GiB).
Total memory required = 1144.4 MiB (= 1.1 GiB).
Each kernel will be executed 20 times.
 The *best* time for each kernel (excluding the first iteration)
 will be used to compute the reported bandwidth.
-------------------------------------------------------------
Number of Threads requested = 4
Number of Threads counted = 4
-------------------------------------------------------------
Your clock granularity/precision appears to be 1 microseconds.
Each test below will take on the order of 53436 microseconds.
   (= 53436 clock ticks)
Increase the size of the arrays if this shows that
you are not getting at least 20 clock ticks per test.
-------------------------------------------------------------
WARNING -- The above is only a rough guideline.
For best results, please be sure you know the
precision of your system timer.
-------------------------------------------------------------
Function    Best Rate  Avg Rate   MB/s  Avg time     Min time     Max time
Copy:           11615.2       3503.3    0.228354    0.068875     3.080225
Scale:          11552.5       2068.5    0.386761    0.069249     3.080522
Add:            13368.8       2942.4    0.407824    0.089761     3.103107
Triad:          13431.1       2947.3    0.407151    0.089345     3.100001
-------------------------------------------------------------
Solution Validates: avg error less than 1.000000e-13 on all three arrays
-------------------------------------------------------------
-------------------------------------------------------------
STREAM version $Revision: 5.10 $
-------------------------------------------------------------
This system uses 8 bytes per array element.
-------------------------------------------------------------
Array size = 50000000 (elements), Offset = 0 (elements)
Memory per array = 381.5 MiB (= 0.4 GiB).
Total memory required = 1144.4 MiB (= 1.1 GiB).
Each kernel will be executed 20 times.
 The *best* time for each kernel (excluding the first iteration)
 will be used to compute the reported bandwidth.
-------------------------------------------------------------
Number of Threads requested = 4
Number of Threads counted = 4
-------------------------------------------------------------
Your clock granularity/precision appears to be 1 microseconds.
Each test below will take on the order of 52864 microseconds.
   (= 52864 clock ticks)
Increase the size of the arrays if this shows that
you are not getting at least 20 clock ticks per test.
-------------------------------------------------------------
WARNING -- The above is only a rough guideline.
For best results, please be sure you know the
precision of your system timer.
-------------------------------------------------------------
Function    Best Rate  Avg Rate   MB/s  Avg time     Min time     Max time
Copy:           11385.8       2064.4    0.387530    0.070263     3.081183
Scale:          11659.1       3512.2    0.227774    0.068616     3.079103
Add:            13171.6       4795.1    0.250258    0.091105     3.101820
Triad:          13406.9       2949.9    0.406795    0.089506     3.099152
-------------------------------------------------------------
Solution Validates: avg error less than 1.000000e-13 on all three arrays
-------------------------------------------------------------
-------------------------------------------------------------
STREAM version $Revision: 5.10 $
-------------------------------------------------------------
This system uses 8 bytes per array element.
-------------------------------------------------------------
Array size = 50000000 (elements), Offset = 0 (elements)
Memory per array = 381.5 MiB (= 0.4 GiB).
Total memory required = 1144.4 MiB (= 1.1 GiB).
Each kernel will be executed 20 times.
 The *best* time for each kernel (excluding the first iteration)
 will be used to compute the reported bandwidth.
-------------------------------------------------------------
Number of Threads requested = 4
Number of Threads counted = 4
-------------------------------------------------------------
Your clock granularity/precision appears to be 1 microseconds.
Each test below will take on the order of 3063062 microseconds.
   (= 3063062 clock ticks)
Increase the size of the arrays if this shows that
you are not getting at least 20 clock ticks per test.
-------------------------------------------------------------
WARNING -- The above is only a rough guideline.
For best results, please be sure you know the
precision of your system timer.
-------------------------------------------------------------
Function    Best Rate  Avg Rate   MB/s  Avg time     Min time     Max time
Copy:           11617.0       2068.3    0.386785    0.068865     3.080585
Scale:          11567.9       2067.9    0.386873    0.069157     3.082596
Add:            13393.9       2938.8    0.408337    0.089593     3.107585
Triad:          13437.3      13323.4    0.090067    0.089304     0.091441
-------------------------------------------------------------
Solution Validates: avg error less than 1.000000e-13 on all three arrays
-------------------------------------------------------------
-------------------------------------------------------------
STREAM version $Revision: 5.10 $
-------------------------------------------------------------
This system uses 8 bytes per array element.
-------------------------------------------------------------
Array size = 50000000 (elements), Offset = 0 (elements)
Memory per array = 381.5 MiB (= 0.4 GiB).
Total memory required = 1144.4 MiB (= 1.1 GiB).
Each kernel will be executed 20 times.
 The *best* time for each kernel (excluding the first iteration)
 will be used to compute the reported bandwidth.
-------------------------------------------------------------
Number of Threads requested = 4
Number of Threads counted = 4
-------------------------------------------------------------
Your clock granularity/precision appears to be 1 microseconds.
Each test below will take on the order of 53737 microseconds.
   (= 53737 clock ticks)
Increase the size of the arrays if this shows that
you are not getting at least 20 clock ticks per test.
-------------------------------------------------------------
WARNING -- The above is only a rough guideline.
For best results, please be sure you know the
precision of your system timer.
-------------------------------------------------------------
Function    Best Rate  Avg Rate   MB/s  Avg time     Min time     Max time
Copy:           11624.8      11496.5    0.069586    0.068818     0.070986
Scale:          11607.5       3500.8    0.228521    0.068921     3.080858
Add:            13373.3       2941.6    0.407939    0.089731     3.100071
Triad:          13397.3       2120.4    0.565940    0.089570     3.100742
-------------------------------------------------------------
Solution Validates: avg error less than 1.000000e-13 on all three arrays
-------------------------------------------------------------
-------------------------------------------------------------
STREAM version $Revision: 5.10 $
-------------------------------------------------------------
This system uses 8 bytes per array element.
-------------------------------------------------------------
Array size = 50000000 (elements), Offset = 0 (elements)
Memory per array = 381.5 MiB (= 0.4 GiB).
Total memory required = 1144.4 MiB (= 1.1 GiB).
Each kernel will be executed 20 times.
 The *best* time for each kernel (excluding the first iteration)
 will be used to compute the reported bandwidth.
-------------------------------------------------------------
Number of Threads requested = 4
Number of Threads counted = 4
-------------------------------------------------------------
Your clock granularity/precision appears to be 1 microseconds.
Each test below will take on the order of 54183 microseconds.
   (= 54183 clock ticks)
Increase the size of the arrays if this shows that
you are not getting at least 20 clock ticks per test.
-------------------------------------------------------------
WARNING -- The above is only a rough guideline.
For best results, please be sure you know the
precision of your system timer.
-------------------------------------------------------------
Function    Best Rate  Avg Rate   MB/s  Avg time     Min time     Max time
Copy:           11635.7       2065.3    0.387347    0.068754     3.082541
Scale:          11658.3       2070.5    0.386386    0.068621     3.084498
Add:            13130.4      13086.0    0.091701    0.091391     0.092015
Triad:          13484.5       2951.0    0.406637    0.088991     3.100701
-------------------------------------------------------------
Solution Validates: avg error less than 1.000000e-13 on all three arrays
-------------------------------------------------------------
-------------------------------------------------------------
STREAM version $Revision: 5.10 $
-------------------------------------------------------------
This system uses 8 bytes per array element.
-------------------------------------------------------------
Array size = 50000000 (elements), Offset = 0 (elements)
Memory per array = 381.5 MiB (= 0.4 GiB).
Total memory required = 1144.4 MiB (= 1.1 GiB).
Each kernel will be executed 20 times.
 The *best* time for each kernel (excluding the first iteration)
 will be used to compute the reported bandwidth.
-------------------------------------------------------------
Number of Threads requested = 4
Number of Threads counted = 4
-------------------------------------------------------------
Your clock granularity/precision appears to be 1 microseconds.
Each test below will take on the order of 53524 microseconds.
   (= 53524 clock ticks)
Increase the size of the arrays if this shows that
you are not getting at least 20 clock ticks per test.
-------------------------------------------------------------
WARNING -- The above is only a rough guideline.
For best results, please be sure you know the
precision of your system timer.
-------------------------------------------------------------
Function    Best Rate  Avg Rate   MB/s  Avg time     Min time     Max time
Copy:           11612.5       3512.4    0.227765    0.068891     3.080146
Scale:          11541.7       2063.2    0.387739    0.069314     3.083909
Add:            13345.5       2947.5    0.407127    0.089918     3.099885
Triad:          13411.1       2941.2    0.407996    0.089478     3.100834
-------------------------------------------------------------
Solution Validates: avg error less than 1.000000e-13 on all three arrays
-------------------------------------------------------------
-------------------------------------------------------------
STREAM version $Revision: 5.10 $
-------------------------------------------------------------
This system uses 8 bytes per array element.
-------------------------------------------------------------
Array size = 50000000 (elements), Offset = 0 (elements)
Memory per array = 381.5 MiB (= 0.4 GiB).
Total memory required = 1144.4 MiB (= 1.1 GiB).
Each kernel will be executed 20 times.
 The *best* time for each kernel (excluding the first iteration)
 will be used to compute the reported bandwidth.
-------------------------------------------------------------
Number of Threads requested = 4
Number of Threads counted = 4
-------------------------------------------------------------
Your clock granularity/precision appears to be 1 microseconds.
Each test below will take on the order of 53215 microseconds.
   (= 53215 clock ticks)
Increase the size of the arrays if this shows that
you are not getting at least 20 clock ticks per test.
-------------------------------------------------------------
WARNING -- The above is only a rough guideline.
For best results, please be sure you know the
precision of your system timer.
-------------------------------------------------------------
Function    Best Rate  Avg Rate   MB/s  Avg time     Min time     Max time
Copy:           11621.3       2073.0    0.385921    0.068839     3.080074
Scale:          11531.0      11339.4    0.070550    0.069378     0.071076
Add:            13377.9       4820.0    0.248963    0.089700     3.100664
Triad:          13381.4       2119.1    0.566265    0.089677     3.100882
-------------------------------------------------------------
Solution Validates: avg error less than 1.000000e-13 on all three arrays
-------------------------------------------------------------
-------------------------------------------------------------
STREAM version $Revision: 5.10 $
-------------------------------------------------------------
This system uses 8 bytes per array element.
-------------------------------------------------------------
Array size = 50000000 (elements), Offset = 0 (elements)
Memory per array = 381.5 MiB (= 0.4 GiB).
Total memory required = 1144.4 MiB (= 1.1 GiB).
Each kernel will be executed 20 times.
 The *best* time for each kernel (excluding the first iteration)
 will be used to compute the reported bandwidth.
-------------------------------------------------------------
Number of Threads requested = 4
Number of Threads counted = 4
-------------------------------------------------------------
Your clock granularity/precision appears to be 1 microseconds.
Each test below will take on the order of 3063760 microseconds.
   (= 3063760 clock ticks)
Increase the size of the arrays if this shows that
you are not getting at least 20 clock ticks per test.
-------------------------------------------------------------
WARNING -- The above is only a rough guideline.
For best results, please be sure you know the
precision of your system timer.
-------------------------------------------------------------
Function    Best Rate  Avg Rate   MB/s  Avg time     Min time     Max time
Copy:           11607.8       2069.2    0.386614    0.068919     3.080387
Scale:          11553.0       2065.8    0.387259    0.069246     3.080511
Add:            13354.4       4813.6    0.249295    0.089858     3.099544
Triad:          13438.1       4815.2    0.249212    0.089298     3.101017
-------------------------------------------------------------
Solution Validates: avg error less than 1.000000e-13 on all three arrays
-------------------------------------------------------------
-------------------------------------------------------------
STREAM version $Revision: 5.10 $
-------------------------------------------------------------
This system uses 8 bytes per array element.
-------------------------------------------------------------
Array size = 50000000 (elements), Offset = 0 (elements)
Memory per array = 381.5 MiB (= 0.4 GiB).
Total memory required = 1144.4 MiB (= 1.1 GiB).
Each kernel will be executed 20 times.
 The *best* time for each kernel (excluding the first iteration)
 will be used to compute the reported bandwidth.
-------------------------------------------------------------
Number of Threads requested = 4
Number of Threads counted = 4
-------------------------------------------------------------
Your clock granularity/precision appears to be 1 microseconds.
Each test below will take on the order of 53324 microseconds.
   (= 53324 clock ticks)
Increase the size of the arrays if this shows that
you are not getting at least 20 clock ticks per test.
-------------------------------------------------------------
WARNING -- The above is only a rough guideline.
For best results, please be sure you know the
precision of your system timer.
-------------------------------------------------------------
Function    Best Rate  Avg Rate   MB/s  Avg time     Min time     Max time
Copy:           11643.5      11546.7    0.069284    0.068708     0.070717
Scale:          11579.3       3495.5    0.228863    0.069089     3.080283
Add:            13347.9       2121.5    0.565642    0.089902     3.099486
Triad:          13404.8       2942.8    0.407771    0.089520     3.100975
-------------------------------------------------------------
Solution Validates: avg error less than 1.000000e-13 on all three arrays
-------------------------------------------------------------
-------------------------------------------------------------
STREAM version $Revision: 5.10 $
-------------------------------------------------------------
This system uses 8 bytes per array element.
-------------------------------------------------------------
Array size = 50000000 (elements), Offset = 0 (elements)
Memory per array = 381.5 MiB (= 0.4 GiB).
Total memory required = 1144.4 MiB (= 1.1 GiB).
Each kernel will be executed 20 times.
 The *best* time for each kernel (excluding the first iteration)
 will be used to compute the reported bandwidth.
-------------------------------------------------------------
Number of Threads requested = 4
Number of Threads counted = 4
-------------------------------------------------------------
Your clock granularity/precision appears to be 1 microseconds.
Each test below will take on the order of 53233 microseconds.
   (= 53233 clock ticks)
Increase the size of the arrays if this shows that
you are not getting at least 20 clock ticks per test.
-------------------------------------------------------------
WARNING -- The above is only a rough guideline.
For best results, please be sure you know the
precision of your system timer.
-------------------------------------------------------------
Function    Best Rate  Avg Rate   MB/s  Avg time     Min time     Max time
Copy:           11693.7       2067.9    0.386873    0.068413     3.082106
Scale:          11689.2      11443.5    0.069909    0.068439     0.071566
Add:            13357.7       2939.7    0.408211    0.089836     3.101485
Triad:          13361.2       2942.8    0.407780    0.089812     3.100700
-------------------------------------------------------------
Solution Validates: avg error less than 1.000000e-13 on all three arrays
-------------------------------------------------------------
-------------------------------------------------------------
STREAM version $Revision: 5.10 $
-------------------------------------------------------------
This system uses 8 bytes per array element.
-------------------------------------------------------------
Array size = 50000000 (elements), Offset = 0 (elements)
Memory per array = 381.5 MiB (= 0.4 GiB).
Total memory required = 1144.4 MiB (= 1.1 GiB).
Each kernel will be executed 20 times.
 The *best* time for each kernel (excluding the first iteration)
 will be used to compute the reported bandwidth.
-------------------------------------------------------------
Number of Threads requested = 4
Number of Threads counted = 4
-------------------------------------------------------------
Your clock granularity/precision appears to be 1 microseconds.
Each test below will take on the order of 52917 microseconds.
   (= 52917 clock ticks)
Increase the size of the arrays if this shows that
you are not getting at least 20 clock ticks per test.
-------------------------------------------------------------
WARNING -- The above is only a rough guideline.
For best results, please be sure you know the
precision of your system timer.
-------------------------------------------------------------
Function    Best Rate  Avg Rate   MB/s  Avg time     Min time     Max time
Copy:           11726.5       2069.1    0.386645    0.068222     3.081641
Scale:          11545.8       2067.5    0.386940    0.069289     3.081927
Add:            13404.1       2941.0    0.408030    0.089525     3.104708
Triad:          13412.5      13256.2    0.090524    0.089469     0.091992
-------------------------------------------------------------
Solution Validates: avg error less than 1.000000e-13 on all three arrays
-------------------------------------------------------------
-------------------------------------------------------------
STREAM version $Revision: 5.10 $
-------------------------------------------------------------
This system uses 8 bytes per array element.
-------------------------------------------------------------
Array size = 50000000 (elements), Offset = 0 (elements)
Memory per array = 381.5 MiB (= 0.4 GiB).
Total memory required = 1144.4 MiB (= 1.1 GiB).
Each kernel will be executed 20 times.
 The *best* time for each kernel (excluding the first iteration)
 will be used to compute the reported bandwidth.
-------------------------------------------------------------
Number of Threads requested = 4
Number of Threads counted = 4
-------------------------------------------------------------
Your clock granularity/precision appears to be 1 microseconds.
Each test below will take on the order of 54132 microseconds.
   (= 54132 clock ticks)
Increase the size of the arrays if this shows that
you are not getting at least 20 clock ticks per test.
-------------------------------------------------------------
WARNING -- The above is only a rough guideline.
For best results, please be sure you know the
precision of your system timer.
-------------------------------------------------------------
Function    Best Rate  Avg Rate   MB/s  Avg time     Min time     Max time
Copy:           11838.9       3500.0    0.228574    0.067574     3.080458
Scale:          11815.6       3514.4    0.227635    0.067707     3.079566
Add:            13581.9       2942.3    0.407845    0.088353     3.101515
Triad:          13619.2       2953.6    0.406291    0.088111     3.099550
-------------------------------------------------------------
Solution Validates: avg error less than 1.000000e-13 on all three arrays
-------------------------------------------------------------
INIT: Switching to runlevel: 0INIT: Sending processes the TERM signal
[[36minfo[39;49m] Using makefile-style concurrent boot in runlevel 0.
[[36minfo[39;49m] Saving the system clock.
[[36minfo[39;49m] Hardware Clock updated to Mon Jan  2 14:14:17 UTC 2017.
[....] Asking all remaining processes to terminate...[?25l[?1c7[1G[[32m ok [39;49m8[?25h[?0cdone.
[....] All processes ended within 2 seconds...[?25l[?1c7[1G[[32m ok [39;49m8[?25h[?0cdone.
[....] Deconfiguring network interfaces...Internet Systems Consortium DHCP Client 4.2.2
Copyright 2004-2011 Internet Systems Consortium.
All rights reserved.
For info, please visit https://www.isc.org/software/dhcp/

Listening on LPF/eth0/52:54:00:12:34:56
Sending on   LPF/eth0/52:54:00:12:34:56
Sending on   Socket/fallback
DHCPRELEASE on eth0 to 10.0.2.2 port 67
[?25l[?1c7[1G[[32m ok [39;49m8[?25h[?0cdone.
[....] Deactivating swap...[?25l[?1c7[1G[[32m ok [39;49m8[?25h[?0cdone.
[  493.433062] EXT4-fs (sda1): re-mounted. Opts: (null)
[[36minfo[39;49m] Will now halt.
[  497.050952] sd 0:0:0:0: [sda] Synchronizing SCSI cache
[  497.054932] sd 0:0:0:0: [sda] Stopping disk
[  497.060432] ACPI: Preparing to enter system sleep state S5
[  497.062556] Power down.
aff-executor-preload.c:affhooks_init()
aff-executor-preload.c:affhooks_shut()
HELLO KITTY
