aff-executor-preload.c:affhooks_init()
[H[J[?25l[m[H[J[2;25HGNU GRUB  version 1.99-27+deb7u2

[m[4;2H+--------------------------------------------------------------------------+[5;2H|[5;77H|[6;2H|[6;77H|[7;2H|[7;77H|[8;2H|[8;77H|[9;2H|[9;77H|[10;2H|[10;77H|[11;2H|[11;77H|[12;2H|[12;77H|[13;2H|[13;77H|[14;2H|[14;77H|[15;2H|[15;77H|[16;2H|[16;77H|[17;2H+--------------------------------------------------------------------------+[m[18;2H[m
      Use the ^ and v keys to select which entry is highlighted.      
      Press enter to boot the selected OS, 'e' to edit the commands      
      before booting or 'c' for a command-line.      
      [5;78H [7m[5;3HDebian GNU/Linux, with Linux 3.2.0-4-amd64                               [m [5;76H[m[m[6;3HDebian GNU/Linux, with Linux 3.2.0-4-amd64 (recovery mode)               [m [6;76H[m[m[7;3H                                                                         [m [7;76H[m[m[8;3H                                                                         [m [8;76H[m[m[9;3H                                                                         [m [9;76H[m[m[10;3H                                                                         [m [10;76H[m[m[11;3H                                                                         [m [11;76H[m[m[12;3H                                                                         [m [12;76H[m[m[13;3H                                                                         [m [13;76H[m[m[14;3H                                                                         [m [14;76H[m[m[15;3H                                                                         [m [15;76H[m[m[16;3H                                                                         [m [16;76H[m[16;78H [5;76H[22;1H   The highlighted entry will be executed automatically in 5s.                 [5;76H[22;1H   The highlighted entry will be executed automatically in 4s.                 [5;76H[22;1H   The highlighted entry will be executed automatically in 3s.                 [5;76H[22;1H   The highlighted entry will be executed automatically in 2s.                 [5;76H[22;1H   The highlighted entry will be executed automatically in 1s.                 [5;76H[22;1H   The highlighted entry will be executed automatically in 0s.                 [5;76H[?25h[H[J[H[J  Booting 'Debian GNU/Linux, with Linux 3.2.0-4-amd64'

Loading Linux 3.2.0-4-amd64 ...
Loading initial ramdisk ...
[    0.000000] Initializing cgroup subsys cpuset
[    0.000000] Initializing cgroup subsys cpu
[    0.000000] Linux version 3.2.0-4-amd64 (debian-kernel@lists.debian.org) (gcc version 4.6.3 (Debian 4.6.3-14) ) #1 SMP Debian 3.2.68-1+deb7u3
[    0.000000] Command line: BOOT_IMAGE=/boot/vmlinuz-3.2.0-4-amd64 root=UUID=e35ebd7f-2405-4c97-9c3e-26919d55a9e5 ro console=tty0 console=ttyS0,115200n8
[    0.000000] BIOS-provided physical RAM map:
[    0.000000]  BIOS-e820: 0000000000000000 - 000000000009fc00 (usable)
[    0.000000]  BIOS-e820: 000000000009fc00 - 00000000000a0000 (reserved)
[    0.000000]  BIOS-e820: 00000000000f0000 - 0000000000100000 (reserved)
[    0.000000]  BIOS-e820: 0000000000100000 - 00000000bfffe000 (usable)
[    0.000000]  BIOS-e820: 00000000bfffe000 - 00000000c0000000 (reserved)
[    0.000000]  BIOS-e820: 00000000feffc000 - 00000000ff000000 (reserved)
[    0.000000]  BIOS-e820: 00000000fffc0000 - 0000000100000000 (reserved)
[    0.000000]  BIOS-e820: 0000000100000000 - 0000000440000000 (usable)
[    0.000000] NX (Execute Disable) protection: active
[    0.000000] SMBIOS 2.4 present.
[    0.000000] No AGP bridge found
[    0.000000] last_pfn = 0x440000 max_arch_pfn = 0x400000000
[    0.000000] x86 PAT enabled: cpu 0, old 0x70406, new 0x7010600070106
[    0.000000] last_pfn = 0xbfffe max_arch_pfn = 0x400000000
[    0.000000] found SMP MP-table at [ffff8800000f0b10] f0b10
[    0.000000] Using GB pages for direct mapping
[    0.000000] init_memory_mapping: 0000000000000000-00000000bfffe000
[    0.000000] init_memory_mapping: 0000000100000000-0000000440000000
[    0.000000] RAMDISK: 36c6c000 - 3762e000
[    0.000000] ACPI: RSDP 00000000000f08e0 00014 (v00 BOCHS )
[    0.000000] ACPI: RSDT 00000000bffffcfc 00034 (v01 BOCHS  BXPCRSDT 00000001 BXPC 00000001)
[    0.000000] ACPI: FACP 00000000bffff1c0 00074 (v01 BOCHS  BXPCFACP 00000001 BXPC 00000001)
[    0.000000] ACPI: DSDT 00000000bfffe040 01180 (v01 BOCHS  BXPCDSDT 00000001 BXPC 00000001)
[    0.000000] ACPI: FACS 00000000bfffe000 00040
[    0.000000] ACPI: SSDT 00000000bffff234 00A00 (v01 BOCHS  BXPCSSDT 00000001 BXPC 00000001)
[    0.000000] ACPI: APIC 00000000bffffc34 00090 (v01 BOCHS  BXPCAPIC 00000001 BXPC 00000001)
[    0.000000] ACPI: HPET 00000000bffffcc4 00038 (v01 BOCHS  BXPCHPET 00000001 BXPC 00000001)
[    0.000000] No NUMA configuration found
[    0.000000] Faking a node at 0000000000000000-0000000440000000
[    0.000000] Initmem setup node 0 0000000000000000-0000000440000000
[    0.000000]   NODE_DATA [000000043fffb000 - 000000043fffffff]
[    0.000000] kvm-clock: Using msrs 4b564d01 and 4b564d00
[    0.000000] kvm-clock: cpu 0, msr 0:16a8741, boot clock
[    0.000000] Zone PFN ranges:
[    0.000000]   DMA      0x00000010 -> 0x00001000
[    0.000000]   DMA32    0x00001000 -> 0x00100000
[    0.000000]   Normal   0x00100000 -> 0x00440000
[    0.000000] Movable zone start PFN for each node
[    0.000000] early_node_map[3] active PFN ranges
[    0.000000]     0: 0x00000010 -> 0x0000009f
[    0.000000]     0: 0x00000100 -> 0x000bfffe
[    0.000000]     0: 0x00100000 -> 0x00440000
[    0.000000] ACPI: PM-Timer IO Port: 0xb008
[    0.000000] ACPI: LAPIC (acpi_id[0x00] lapic_id[0x00] enabled)
[    0.000000] ACPI: LAPIC (acpi_id[0x01] lapic_id[0x01] enabled)
[    0.000000] ACPI: LAPIC (acpi_id[0x02] lapic_id[0x02] enabled)
[    0.000000] ACPI: LAPIC (acpi_id[0x03] lapic_id[0x03] enabled)
[    0.000000] ACPI: LAPIC_NMI (acpi_id[0xff] dfl dfl lint[0x1])
[    0.000000] ACPI: IOAPIC (id[0x00] address[0xfec00000] gsi_base[0])
[    0.000000] IOAPIC[0]: apic_id 0, version 17, address 0xfec00000, GSI 0-23
[    0.000000] ACPI: INT_SRC_OVR (bus 0 bus_irq 0 global_irq 2 dfl dfl)
[    0.000000] ACPI: INT_SRC_OVR (bus 0 bus_irq 5 global_irq 5 high level)
[    0.000000] ACPI: INT_SRC_OVR (bus 0 bus_irq 9 global_irq 9 high level)
[    0.000000] ACPI: INT_SRC_OVR (bus 0 bus_irq 10 global_irq 10 high level)
[    0.000000] ACPI: INT_SRC_OVR (bus 0 bus_irq 11 global_irq 11 high level)
[    0.000000] Using ACPI (MADT) for SMP configuration information
[    0.000000] ACPI: HPET id: 0x8086a201 base: 0xfed00000
[    0.000000] SMP: Allowing 4 CPUs, 0 hotplug CPUs
[    0.000000] PM: Registered nosave memory: 000000000009f000 - 00000000000a0000
[    0.000000] PM: Registered nosave memory: 00000000000a0000 - 00000000000f0000
[    0.000000] PM: Registered nosave memory: 00000000000f0000 - 0000000000100000
[    0.000000] PM: Registered nosave memory: 00000000bfffe000 - 00000000c0000000
[    0.000000] PM: Registered nosave memory: 00000000c0000000 - 00000000feffc000
[    0.000000] PM: Registered nosave memory: 00000000feffc000 - 00000000ff000000
[    0.000000] PM: Registered nosave memory: 00000000ff000000 - 00000000fffc0000
[    0.000000] PM: Registered nosave memory: 00000000fffc0000 - 0000000100000000
[    0.000000] Allocating PCI resources starting at c0000000 (gap: c0000000:3effc000)
[    0.000000] Booting paravirtualized kernel on KVM
[    0.000000] setup_percpu: NR_CPUS:512 nr_cpumask_bits:512 nr_cpu_ids:4 nr_node_ids:1
[    0.000000] PERCPU: Embedded 27 pages/cpu @ffff88043fc00000 s78912 r8192 d23488 u524288
[    0.000000] kvm-clock: cpu 0, msr 4:3fc12741, primary cpu clock
[    0.000000] KVM setup async PF for cpu 0
[    0.000000] kvm-stealtime: cpu 0, msr 43fc0cfc0
[    0.000000] Built 1 zonelists in Zone order, mobility grouping on.  Total pages: 4133256
[    0.000000] Policy zone: Normal
[    0.000000] Kernel command line: BOOT_IMAGE=/boot/vmlinuz-3.2.0-4-amd64 root=UUID=e35ebd7f-2405-4c97-9c3e-26919d55a9e5 ro console=tty0 console=ttyS0,115200n8
[    0.000000] PID hash table entries: 4096 (order: 3, 32768 bytes)
[    0.000000] xsave/xrstor: enabled xstate_bv 0x7, cntxt size 0x340
[    0.000000] Checking aperture...
[    0.000000] No AGP bridge found
[    0.000000] Memory: 16462372k/17825792k available (3434k kernel code, 1049036k absent, 314384k reserved, 3305k data, 580k init)
[    0.000000] Hierarchical RCU implementation.
[    0.000000] 	RCU dyntick-idle grace-period acceleration is enabled.
[    0.000000] NR_IRQS:33024 nr_irqs:712 16
[    0.000000] Console: colour VGA+ 80x25
[    0.000000] console [tty0] enabled
[    0.000000] console [ttyS0] enabled
[    0.000000] Detected 2199.998 MHz processor.
[    0.008000] Calibrating delay loop (skipped) preset value.. 4399.99 BogoMIPS (lpj=8799992)
[    0.008000] pid_max: default: 32768 minimum: 301
[    0.008056] Security Framework initialized
[    0.009024] AppArmor: AppArmor disabled by boot time parameter
[    0.011300] Dentry cache hash table entries: 2097152 (order: 12, 16777216 bytes)
[    0.017183] Inode-cache hash table entries: 1048576 (order: 11, 8388608 bytes)
[    0.020435] Mount-cache hash table entries: 256
[    0.021575] Initializing cgroup subsys cpuacct
[    0.022597] Initializing cgroup subsys memory
[    0.023586] Initializing cgroup subsys devices
[    0.024007] Initializing cgroup subsys freezer
[    0.025031] Initializing cgroup subsys net_cls
[    0.026036] Initializing cgroup subsys blkio
[    0.027016] Initializing cgroup subsys perf_event
[    0.028109] mce: CPU supports 10 MCE banks
[    0.030606] ACPI: Core revision 20110623
[    0.033393] Enabling x2apic
[    0.034152] Enabled x2apic
[    0.035072] Switched APIC routing to physical x2apic.
[    0.038224] ..TIMER: vector=0x30 apic1=0 pin1=2 apic2=-1 pin2=-1
[    0.040006] CPU0: Intel(R) Xeon(R) CPU E5-4620 0 @ 2.20GHz stepping 07
[    0.044002] Performance Events: SandyBridge events, Intel PMU driver.
[    0.044002] ... version:                2
[    0.044002] ... bit width:              48
[    0.044002] ... generic registers:      4
[    0.044006] ... value mask:             0000ffffffffffff
[    0.045266] ... max period:             000000007fffffff
[    0.046527] ... fixed-purpose events:   3
[    0.048005] ... event mask:             000000070000000f
[    0.049447] NMI watchdog enabled, takes one hw-pmu counter.
[    0.050928] Booting Node   0, Processors  #1
[    0.072027] KVM setup async PF for cpu 1
[    0.072027] kvm-stealtime: cpu 1, msr 43fc8cfc0
[    0.074293] NMI watchdog enabled, takes one hw-pmu counter.
[    0.072027] kvm-clock: cpu 1, msr 4:3fc92741, secondary cpu clock
[    0.076158]  #2
[    0.096026] KVM setup async PF for cpu 2
[    0.096026] kvm-stealtime: cpu 2, msr 43fd0cfc0
[    0.098233] NMI watchdog enabled, takes one hw-pmu counter.
[    0.096026] kvm-clock: cpu 2, msr 4:3fd12741, secondary cpu clock
[    0.100155]  #3 Ok.
[    0.120028] KVM setup async PF for cpu 3
[    0.120028] kvm-stealtime: cpu 3, msr 43fd8cfc0
[    0.124577] NMI watchdog enabled, takes one hw-pmu counter.
[    0.120028] kvm-clock: cpu 3, msr 4:3fd92741, secondary cpu clock
[    0.127117] Brought up 4 CPUs
[    0.127867] Total of 4 processors activated (17599.98 BogoMIPS).
[    0.128517] devtmpfs: initialized
[    0.134700] print_constraints: dummy: 
[    0.136049] NET: Registered protocol family 16
[    0.137190] ACPI: bus type pci registered
[    0.138246] PCI: Using configuration type 1 for base access
[    0.140372] bio: create slab <bio-0> at 0
[    0.141531] ACPI: Added _OSI(Module Device)
[    0.141531] ACPI: Added _OSI(Processor Device)
[    0.144029] ACPI: Added _OSI(3.0 _SCP Extensions)
[    0.145067] ACPI: Added _OSI(Processor Aggregator Device)
[    0.149321] ACPI: Interpreter enabled
[    0.150213] ACPI: (supports S0 S3 S4 S5)
[    0.151574] ACPI: Using IOAPIC for interrupt routing
[    0.156713] ACPI: No dock devices found.
[    0.157640] HEST: Table not found.
[    0.158461] PCI: Using host bridge windows from ACPI; if necessary, use "pci=nocrs" and report a bug
[    0.160101] ACPI: PCI Root Bridge [PCI0] (domain 0000 [bus 00-ff])
[    0.161552] pci_root PNP0A03:00: host bridge window [io  0x0000-0x0cf7]
[    0.162910] pci_root PNP0A03:00: host bridge window [io  0x0d00-0xadff]
[    0.164026] pci_root PNP0A03:00: host bridge window [io  0xae0f-0xaeff]
[    0.165374] pci_root PNP0A03:00: host bridge window [io  0xaf20-0xafdf]
[    0.166719] pci_root PNP0A03:00: host bridge window [io  0xafe4-0xffff]
[    0.168025] pci_root PNP0A03:00: host bridge window [mem 0x000a0000-0x000bffff]
[    0.169654] pci_root PNP0A03:00: host bridge window [mem 0xc0000000-0xfebfffff]
[    0.177150] pci 0000:00:01.3: quirk: [io  0xb000-0xb03f] claimed by PIIX4 ACPI
[    0.178783] pci 0000:00:01.3: quirk: [io  0xb100-0xb10f] claimed by PIIX4 SMB
[    0.196870]  pci0000:00: Unable to request _OSC control (_OSC support mask: 0x1e)
[    0.200674] ACPI: PCI Interrupt Link [LNKA] (IRQs 5 *10 11)
[    0.202504] ACPI: PCI Interrupt Link [LNKB] (IRQs 5 *10 11)
[    0.204126] ACPI: PCI Interrupt Link [LNKC] (IRQs 5 10 *11)
[    0.205948] ACPI: PCI Interrupt Link [LNKD] (IRQs 5 10 *11)
[    0.207704] ACPI: PCI Interrupt Link [LNKS] (IRQs *9)
[    0.208819] vgaarb: device added: PCI:0000:00:02.0,decodes=io+mem,owns=io+mem,locks=none
[    0.209816] vgaarb: loaded
[    0.212028] vgaarb: bridge control possible 0000:00:02.0
[    0.213214] PCI: Using ACPI for IRQ routing
[    0.214431] HPET: 3 timers in total, 0 timers will be used for per-cpu timer
[    0.215860] hpet0: at MMIO 0xfed00000, IRQs 2, 8, 0
[    0.224025] hpet0: 3 comparators, 64-bit 100.000000 MHz counter
[    0.240725] Switching to clocksource kvm-clock
[    0.243141] pnp: PnP ACPI init
[    0.243947] ACPI: bus type pnp registered
[    0.245842] pnp: PnP ACPI: found 9 devices
[    0.246807] ACPI: ACPI bus type pnp unregistered
[    0.257340] NET: Registered protocol family 2
[    0.261414] IP route cache hash table entries: 524288 (order: 10, 4194304 bytes)
[    0.265426] TCP established hash table entries: 524288 (order: 11, 8388608 bytes)
[    0.269993] TCP bind hash table entries: 65536 (order: 8, 1048576 bytes)
[    0.272091] TCP: Hash tables configured (established 524288 bind 65536)
[    0.273460] TCP reno registered
[    0.274304] UDP hash table entries: 8192 (order: 6, 262144 bytes)
[    0.275649] UDP-Lite hash table entries: 8192 (order: 6, 262144 bytes)
[    0.277378] NET: Registered protocol family 1
[    0.278421] pci 0000:00:00.0: Limiting direct PCI/PCI transfers
[    0.279674] pci 0000:00:01.0: PIIX3: Enabling Passive Release
[    0.280971] pci 0000:00:01.0: Activating ISA DMA hang workarounds
[    0.282377] Unpacking initramfs...
[    0.510568] Freeing initrd memory: 9992k freed
[    0.514272] PCI-DMA: Using software bounce buffering for IO (SWIOTLB)
[    0.515649] Placing 64MB software IO TLB between ffff8800bbffe000 - ffff8800bfffe000
[    0.517437] software IO TLB at phys 0xbbffe000 - 0xbfffe000
[    0.519663] audit: initializing netlink socket (disabled)
[    0.520884] type=2000 audit(1483440606.520:1): initialized
[    0.538896] HugeTLB registered 2 MB page size, pre-allocated 0 pages
[    0.542722] VFS: Disk quotas dquot_6.5.2
[    0.543744] Dquot-cache hash table entries: 512 (order 0, 4096 bytes)
[    0.545237] msgmni has been set to 32172
[    0.546696] alg: No test for stdrng (krng)
[    0.547828] Block layer SCSI generic (bsg) driver version 0.4 loaded (major 253)
[    0.549570] io scheduler noop registered
[    0.550494] io scheduler deadline registered
[    0.551595] io scheduler cfq registered (default)
[    0.552821] pci_hotplug: PCI Hot Plug PCI Core version: 0.5
[    0.554037] pciehp: PCI Express Hot Plug Controller Driver version: 0.4
[    0.555433] acpiphp: ACPI Hot Plug PCI Controller Driver version: 0.5
[    3.568307] Refined TSC clocksource calibration: 2199.957 MHz.
[    3.570849] acpiphp: Slot [3] registered
[    3.572619] acpiphp: Slot [4] registered
[    3.574328] acpiphp: Slot [5] registered
[    3.576083] acpiphp: Slot [6] registered
[    3.577804] acpiphp: Slot [7] registered
[    3.579536] acpiphp: Slot [8] registered
[    3.581318] acpiphp: Slot [9] registered
[    3.583086] acpiphp: Slot [10] registered
[    3.584895] acpiphp: Slot [11] registered
[    3.586661] acpiphp: Slot [12] registered
[    3.588460] acpiphp: Slot [13] registered
[    3.590258] acpiphp: Slot [14] registered
[    3.591221] acpiphp: Slot [15] registered
[    3.592196] acpiphp: Slot [16] registered
[    3.593144] acpiphp: Slot [17] registered
[    3.594099] acpiphp: Slot [18] registered
[    3.595066] acpiphp: Slot [19] registered
[    3.596058] acpiphp: Slot [20] registered
[    3.596989] acpiphp: Slot [21] registered
[    3.597942] acpiphp: Slot [22] registered
[    3.598903] acpiphp: Slot [23] registered
[    3.599853] acpiphp: Slot [24] registered
[    3.600840] acpiphp: Slot [25] registered
[    3.601794] acpiphp: Slot [26] registered
[    3.602784] acpiphp: Slot [27] registered
[    3.603740] acpiphp: Slot [28] registered
[    3.604739] acpiphp: Slot [29] registered
[    3.605692] acpiphp: Slot [30] registered
[    3.606656] acpiphp: Slot [31] registered
[    3.607775] ERST: Table is not found!
[    3.608696] GHES: HEST is not enabled!
[    3.609834] Serial: 8250/16550 driver, 4 ports, IRQ sharing enabled
[    3.632931] serial8250: ttyS0 at I/O 0x3f8 (irq = 4) is a 16550A
[    3.664998] 00:06: ttyS0 at I/O 0x3f8 (irq = 4) is a 16550A
[    3.666594] Linux agpgart interface v0.103
[    3.667740] i8042: PNP: PS/2 Controller [PNP0303:KBD,PNP0f13:MOU] at 0x60,0x64 irq 1,12
[    3.670374] serio: i8042 KBD port at 0x60,0x64 irq 1
[    3.671461] serio: i8042 AUX port at 0x60,0x64 irq 12
[    3.672883] mousedev: PS/2 mouse device common for all mice
[    3.674558] input: AT Translated Set 2 keyboard as /devices/platform/i8042/serio0/input/input0
[    3.676519] rtc_cmos 00:01: RTC can wake from S4
[    3.677991] rtc_cmos 00:01: rtc core: registered rtc_cmos as rtc0
[    3.679567] rtc0: alarms up to one day, 114 bytes nvram, hpet irqs
[    3.680959] cpuidle: using governor ladder
[    3.681903] cpuidle: using governor menu
[    3.683710] TCP cubic registered
[    3.685429] NET: Registered protocol family 10
[    3.687469] Mobile IPv6
[    3.688175] NET: Registered protocol family 17
[    3.689171] Registering the dns_resolver key type
[    3.691010] registered taskstats version 1
[    3.694360] rtc_cmos 00:01: setting system clock to 2017-01-03 10:50:10 UTC (1483440610)
[    3.696840] Initializing network drop monitor service
[    3.699763] Freeing unused kernel memory: 580k freed
[    3.701359] Write protecting the kernel read-only data: 6144k
[    3.707507] Freeing unused kernel memory: 644k freed
[    3.712513] Freeing unused kernel memory: 688k freed
Loading, please wait...
[    3.730511] udevd[58]: starting version 175
[    3.753164] e1000: Intel(R) PRO/1000 Network Driver - version 7.3.21-k8-NAPI
[    3.754698] e1000: Copyright (c) 1999-2006 Intel Corporation.
[    3.756203] ACPI: PCI Interrupt Link [LNKC] enabled at IRQ 11
[    3.758869] SCSI subsystem initialized
[    3.765135] Floppy drive(s): fd0 is 1.44M
[    3.780866] FDC 0 is a S82078B
[    4.107124] e1000 0000:00:03.0: eth0: (PCI:33MHz:32-bit) 52:54:00:12:34:56
[    4.108564] e1000 0000:00:03.0: eth0: Intel(R) PRO/1000 Network Connection
[    4.111895] scsi0 : ata_piix
[    4.113536] scsi1 : ata_piix
[    4.115019] ata1: PATA max MWDMA2 cmd 0x1f0 ctl 0x3f6 bmdma 0xc040 irq 14
[    4.117575] ata2: PATA max MWDMA2 cmd 0x170 ctl 0x376 bmdma 0xc048 irq 15
[    4.277320] ata2.00: ATAPI: QEMU DVD-ROM, 2.0.0, max UDMA/100
[    4.278875] ata1.00: ATA-7: QEMU HARDDISK, 2.0.0, max UDMA/100
[    4.280272] ata1.00: 9011200 sectors, multi 16: LBA48 
[    4.283112] ata2.00: configured for MWDMA2
[    4.284458] ata1.00: configured for MWDMA2
[    4.286454] scsi 0:0:0:0: Direct-Access     ATA      QEMU HARDDISK    2.0. PQ: 0 ANSI: 5
[    4.290445] scsi 1:0:0:0: CD-ROM            QEMU     QEMU DVD-ROM     2.0. PQ: 0 ANSI: 5
[    4.300395] sd 0:0:0:0: [sda] 9011200 512-byte logical blocks: (4.61 GB/4.29 GiB)
[    4.303682] sd 0:0:0:0: [sda] Write Protect is off
[    4.306741] sd 0:0:0:0: [sda] Write cache: enabled, read cache: enabled, doesn't support DPO or FUA
[    4.310586] sr0: scsi3-mmc drive: 4x/4x cd/rw xa/form2 tray
[    4.311803] cdrom: Uniform CD-ROM driver Revision: 3.20
[    4.313352]  sda: sda1
[    4.314667] sd 0:0:0:0: [sda] Attached SCSI disk
[    4.317681] sd 0:0:0:0: Attached scsi generic sg0 type 0
[    4.319028] sr 1:0:0:0: Attached scsi generic sg1 type 5
Begin: Loading essential drivers ... done.
Begin: Running /scripts/init-premount ... done.
Begin: Mounting root file system ... Begin: Running /scripts/local-top ... done.
Begin: Running /scripts/local-premount ... done.
[    7.893085] EXT4-fs (sda1): mounted filesystem with ordered data mode. Opts: (null)
Begin: Running /scripts/local-bottom ... done.
done.
Begin: Running /scripts/init-bottom ... done.
INIT: version 2.88 booting
[[36minfo[39;49m] Using makefile-style concurrent boot in runlevel S.
findfs: unable to resolve 'UUID="e35ebd7f-2405-4c97-9c3e-26919d55a9e5"'
[....] Starting the hotplug events dispatcher: udevd[    8.462003] udevd[312]: starting version 175
[?25l[?1c7[1G[[32m ok [39;49m8[?25h[?0c.
[....] Synthesizing the initial hotplug events...[    8.525069] input: Power Button as /devices/LNXSYSTM:00/LNXPWRBN:00/input/input1
[    8.526799] ACPI: Power Button [PWRF]
[    8.529879] input: PC Speaker as /devices/platform/pcspkr/input/input2
[?25l[?1c7[1G[[32m ok [39;49m8[?25h[?0cdone.
[    8.569814] alg: No test for __gcm-aes-aesni (__driver-gcm-aes-aesni)
[    8.578067] parport_pc 00:05: reported by Plug and Play ACPI
[    8.579470] parport0: PC-style at 0x378, irq 7 [PCSPP,TRISTATE]
[   11.600358] piix4_smbus 0000:00:01.3: SMBus Host Controller at 0xb100, revision 0
[....] Waiting for /dev to be fully populated...[   11.636623] Error: Driver 'pcspkr' is already registered, aborting...
[?25l[?1c7[1G[[32m ok [39;49m8[?25h[?0cdone.
findfs: unable to resolve 'UUID="e35ebd7f-2405-4c97-9c3e-26919d55a9e5"'
[....] Activating swap...[   12.035788] input: ImExPS/2 Generic Explorer Mouse as /devices/platform/i8042/serio1/input/input3
[?25l[?1c7[1G[[32m ok [39;49m8[?25h[?0cdone.
Usage: mountpoint [-q] [-d] [-x] path
[   12.066606] EXT4-fs (sda1): re-mounted. Opts: (null)
[....] Checking root file system...fsck from util-linux 2.20.1
/run/rootdev: clean, 32634/264000 files, 832763/1054720 blocks
[?25l[?1c7[1G[[32m ok [39;49m8[?25h[?0cdone.
[   12.133649] EXT4-fs (sda1): re-mounted. Opts: errors=remount-ro,errors=remount-ro
[....] Cleaning up temporary files... /tmp[?25l[?1c7[1G[[32m ok [39;49m8[?25h[?0c.
findfs: unable to resolve 'UUID="e35ebd7f-2405-4c97-9c3e-26919d55a9e5"'
findfs: unable to resolve 'UUID="e35ebd7f-2405-4c97-9c3e-26919d55a9e5"'
[....] Activating lvm and md swap...[?25l[?1c7[1G[[32m ok [39;49m8[?25h[?0cdone.
[....] Checking file systems...fsck from util-linux 2.20.1
[?25l[?1c7[1G[[32m ok [39;49m8[?25h[?0cdone.
[....] Mounting local filesystems...[?25l[?1c7[1G[[32m ok [39;49m8[?25h[?0cdone.
[....] Activating swapfile swap...[?25l[?1c7[1G[[32m ok [39;49m8[?25h[?0cdone.
findfs: unable to resolve 'UUID="e35ebd7f-2405-4c97-9c3e-26919d55a9e5"'
[....] Cleaning up temporary files...[?25l[?1c7[1G[[32m ok [39;49m8[?25h[?0c.
[....] Setting kernel variables ...[?25l[?1c7[1G[[32m ok [39;49m8[?25h[?0cdone.
[....] Configuring network interfaces...Internet Systems Consortium DHCP Client 4.2.2
Copyright 2004-2011 Internet Systems Consortium.
All rights reserved.
For info, please visit https://www.isc.org/software/dhcp/

[   16.123655] ADDRCONF(NETDEV_UP): eth0: link is not ready
Listening on LPF/eth0/52:54:00:12:34:56
Sending on   LPF/eth0/52:54:00:12:34:56
Sending on   Socket/fallback
DHCPDISCOVER on eth0 to 255.255.255.255 port 67 interval 7
DHCPDISCOVER on [   23.637916] e1000: eth0 NIC Link is Up 1000 Mbps Full Duplex, Flow Control: RX
eth0 to 255.255.255.255 port 67 interval 13
[   23.642884] ADDRCONF(NETDEV_CHANGE): eth0: link becomes ready
DHCPDISCOVER on eth0 to 255.255.255.255 port 67 interval 10
DHCPREQUEST on eth0 to 255.255.255.255 port 67
DHCPOFFER from 10.0.2.2
DHCPACK from 10.0.2.2
bound to 10.0.2.15 -- renewal in 32869 seconds.
ifup: interface eth0 already configured
[?25l[?1c7[1G[[32m ok [39;49m8[?25h[?0cdone.
[....] Cleaning up temporary files...[?25l[?1c7[1G[[32m ok [39;49m8[?25h[?0c.
INIT: Entering runlevel: 2
[[36minfo[39;49m] Using makefile-style concurrent boot in runlevel 2.
[....] Starting OpenBSD Secure Shell server: sshd[?25l[?1c7[1G[[32m ok [39;49m8[?25h[?0c.
Entering benchmark mode
./scaff/bin/uniform/gemm_STANDARD dummy.out 5
STARTING gemm_STANDARD execution: Tue Jan  3 12:50:46 EET 2017
Execution Time; 16.386953
Execution Time; 16.328117
Execution Time; 19.335078
Execution Time; 16.321649
Execution Time; 16.321985
Execution Time; 16.322002
Execution Time; 19.335920
Execution Time; 16.324794
Execution Time; 16.320819
Execution Time; 19.332848
Execution Time; 16.325064
Execution Time; 16.326070
Execution Time; 19.349918
Execution Time; 16.316202
Execution Time; 16.311305
Execution Time; 16.317250
Execution Time; 19.331107
Execution Time; 16.324832
Execution Time; 16.324774
Execution Time; 19.320157
Execution Time; 16.309050
Execution Time; 16.312057
Execution Time; 16.309265
Execution Time; 19.331212
Execution Time; 16.299265
Execution Time; 16.345495
Execution Time; 19.356253
Execution Time; 12.365366
Execution Time; 8.040076
Execution Time; 8.115646
INIT: Switching to runlevel: 0
INIT: Sending processes the TERM signal
[[36minfo[39;49m] Using makefile-style concurrent boot in runlevel 0.
[[36minfo[39;49m] Saving the system clock.
[[36minfo[39;49m] Hardware Clock updated to Tue Jan  3 10:59:02 UTC 2017.
[....] Asking all remaining processes to terminate...[?25l[?1c7[1G[[32m ok [39;49m8[?25h[?0cdone.
[....] All processes ended within 2 seconds...[?25l[?1c7[1G[[32m ok [39;49m8[?25h[?0cdone.
[....] Deconfiguring network interfaces...Internet Systems Consortium DHCP Client 4.2.2
Copyright 2004-2011 Internet Systems Consortium.
All rights reserved.
For info, please visit https://www.isc.org/software/dhcp/

Listening on LPF/eth0/52:54:00:12:34:56
Sending on   LPF/eth0/52:54:00:12:34:56
Sending on   Socket/fallback
DHCPRELEASE on eth0 to 10.0.2.2 port 67
[?25l[?1c7[1G[[32m ok [39;49m8[?25h[?0cdone.
[....] Deactivating swap...[?25l[?1c7[1G[[32m ok [39;49m8[?25h[?0cdone.
[  537.488996] EXT4-fs (sda1): re-mounted. Opts: (null)
[[36minfo[39;49m] Will now halt.
[  539.522333] sd 0:0:0:0: [sda] Synchronizing SCSI cache
[  539.526460] sd 0:0:0:0: [sda] Stopping disk
[  539.532273] ACPI: Preparing to enter system sleep state S5
[  539.534569] Power down.
aff-executor-preload.c:affhooks_init()
aff-executor-preload.c:affhooks_shut()
HELLO KITTY
