aff-executor-preload.c:affhooks_init()
[H[J[?25l[m[H[J[2;25HGNU GRUB  version 1.99-27+deb7u2

[m[4;2H+--------------------------------------------------------------------------+[5;2H|[5;77H|[6;2H|[6;77H|[7;2H|[7;77H|[8;2H|[8;77H|[9;2H|[9;77H|[10;2H|[10;77H|[11;2H|[11;77H|[12;2H|[12;77H|[13;2H|[13;77H|[14;2H|[14;77H|[15;2H|[15;77H|[16;2H|[16;77H|[17;2H+--------------------------------------------------------------------------+[m[18;2H[m
      Use the ^ and v keys to select which entry is highlighted.      
      Press enter to boot the selected OS, 'e' to edit the commands      
      before booting or 'c' for a command-line.      
      [5;78H [7m[5;3HDebian GNU/Linux, with Linux 3.2.0-4-amd64                               [m [5;76H[m[m[6;3HDebian GNU/Linux, with Linux 3.2.0-4-amd64 (recovery mode)               [m [6;76H[m[m[7;3H                                                                         [m [7;76H[m[m[8;3H                                                                         [m [8;76H[m[m[9;3H                                                                         [m [9;76H[m[m[10;3H                                                                         [m [10;76H[m[m[11;3H                                                                         [m [11;76H[m[m[12;3H                                                                         [m [12;76H[m[m[13;3H                                                                         [m [13;76H[m[m[14;3H                                                                         [m [14;76H[m[m[15;3H                                                                         [m [15;76H[m[m[16;3H                                                                         [m [16;76H[m[16;78H [5;76H[22;1H   The highlighted entry will be executed automatically in 5s.                 [5;76H[22;1H   The highlighted entry will be executed automatically in 4s.                 [5;76H[22;1H   The highlighted entry will be executed automatically in 3s.                 [5;76H[22;1H   The highlighted entry will be executed automatically in 2s.                 [5;76H[22;1H   The highlighted entry will be executed automatically in 1s.                 [5;76H[22;1H   The highlighted entry will be executed automatically in 0s.                 [5;76H[?25h[H[J[H[J  Booting 'Debian GNU/Linux, with Linux 3.2.0-4-amd64'

Loading Linux 3.2.0-4-amd64 ...
Loading initial ramdisk ...
[    0.000000] Initializing cgroup subsys cpuset
[    0.000000] Initializing cgroup subsys cpu
[    0.000000] Linux version 3.2.0-4-amd64 (debian-kernel@lists.debian.org) (gcc version 4.6.3 (Debian 4.6.3-14) ) #1 SMP Debian 3.2.68-1+deb7u3
[    0.000000] Command line: BOOT_IMAGE=/boot/vmlinuz-3.2.0-4-amd64 root=UUID=e35ebd7f-2405-4c97-9c3e-26919d55a9e5 ro console=tty0 console=ttyS0,115200n8
[    0.000000] BIOS-provided physical RAM map:
[    0.000000]  BIOS-e820: 0000000000000000 - 000000000009fc00 (usable)
[    0.000000]  BIOS-e820: 000000000009fc00 - 00000000000a0000 (reserved)
[    0.000000]  BIOS-e820: 00000000000f0000 - 0000000000100000 (reserved)
[    0.000000]  BIOS-e820: 0000000000100000 - 00000000bfffe000 (usable)
[    0.000000]  BIOS-e820: 00000000bfffe000 - 00000000c0000000 (reserved)
[    0.000000]  BIOS-e820: 00000000feffc000 - 00000000ff000000 (reserved)
[    0.000000]  BIOS-e820: 00000000fffc0000 - 0000000100000000 (reserved)
[    0.000000]  BIOS-e820: 0000000100000000 - 0000000440000000 (usable)
[    0.000000] NX (Execute Disable) protection: active
[    0.000000] SMBIOS 2.4 present.
[    0.000000] No AGP bridge found
[    0.000000] last_pfn = 0x440000 max_arch_pfn = 0x400000000
[    0.000000] x86 PAT enabled: cpu 0, old 0x70406, new 0x7010600070106
[    0.000000] last_pfn = 0xbfffe max_arch_pfn = 0x400000000
[    0.000000] found SMP MP-table at [ffff8800000f0b10] f0b10
[    0.000000] Using GB pages for direct mapping
[    0.000000] init_memory_mapping: 0000000000000000-00000000bfffe000
[    0.000000] init_memory_mapping: 0000000100000000-0000000440000000
[    0.000000] RAMDISK: 36c6c000 - 3762e000
[    0.000000] ACPI: RSDP 00000000000f08e0 00014 (v00 BOCHS )
[    0.000000] ACPI: RSDT 00000000bffffcfc 00034 (v01 BOCHS  BXPCRSDT 00000001 BXPC 00000001)
[    0.000000] ACPI: FACP 00000000bffff1c0 00074 (v01 BOCHS  BXPCFACP 00000001 BXPC 00000001)
[    0.000000] ACPI: DSDT 00000000bfffe040 01180 (v01 BOCHS  BXPCDSDT 00000001 BXPC 00000001)
[    0.000000] ACPI: FACS 00000000bfffe000 00040
[    0.000000] ACPI: SSDT 00000000bffff234 00A00 (v01 BOCHS  BXPCSSDT 00000001 BXPC 00000001)
[    0.000000] ACPI: APIC 00000000bffffc34 00090 (v01 BOCHS  BXPCAPIC 00000001 BXPC 00000001)
[    0.000000] ACPI: HPET 00000000bffffcc4 00038 (v01 BOCHS  BXPCHPET 00000001 BXPC 00000001)
[    0.000000] No NUMA configuration found
[    0.000000] Faking a node at 0000000000000000-0000000440000000
[    0.000000] Initmem setup node 0 0000000000000000-0000000440000000
[    0.000000]   NODE_DATA [000000043fffb000 - 000000043fffffff]
[    0.000000] kvm-clock: Using msrs 4b564d01 and 4b564d00
[    0.000000] kvm-clock: cpu 0, msr 0:16a8741, boot clock
[    0.000000] Zone PFN ranges:
[    0.000000]   DMA      0x00000010 -> 0x00001000
[    0.000000]   DMA32    0x00001000 -> 0x00100000
[    0.000000]   Normal   0x00100000 -> 0x00440000
[    0.000000] Movable zone start PFN for each node
[    0.000000] early_node_map[3] active PFN ranges
[    0.000000]     0: 0x00000010 -> 0x0000009f
[    0.000000]     0: 0x00000100 -> 0x000bfffe
[    0.000000]     0: 0x00100000 -> 0x00440000
[    0.000000] ACPI: PM-Timer IO Port: 0xb008
[    0.000000] ACPI: LAPIC (acpi_id[0x00] lapic_id[0x00] enabled)
[    0.000000] ACPI: LAPIC (acpi_id[0x01] lapic_id[0x01] enabled)
[    0.000000] ACPI: LAPIC (acpi_id[0x02] lapic_id[0x02] enabled)
[    0.000000] ACPI: LAPIC (acpi_id[0x03] lapic_id[0x03] enabled)
[    0.000000] ACPI: LAPIC_NMI (acpi_id[0xff] dfl dfl lint[0x1])
[    0.000000] ACPI: IOAPIC (id[0x00] address[0xfec00000] gsi_base[0])
[    0.000000] IOAPIC[0]: apic_id 0, version 17, address 0xfec00000, GSI 0-23
[    0.000000] ACPI: INT_SRC_OVR (bus 0 bus_irq 0 global_irq 2 dfl dfl)
[    0.000000] ACPI: INT_SRC_OVR (bus 0 bus_irq 5 global_irq 5 high level)
[    0.000000] ACPI: INT_SRC_OVR (bus 0 bus_irq 9 global_irq 9 high level)
[    0.000000] ACPI: INT_SRC_OVR (bus 0 bus_irq 10 global_irq 10 high level)
[    0.000000] ACPI: INT_SRC_OVR (bus 0 bus_irq 11 global_irq 11 high level)
[    0.000000] Using ACPI (MADT) for SMP configuration information
[    0.000000] ACPI: HPET id: 0x8086a201 base: 0xfed00000
[    0.000000] SMP: Allowing 4 CPUs, 0 hotplug CPUs
[    0.000000] PM: Registered nosave memory: 000000000009f000 - 00000000000a0000
[    0.000000] PM: Registered nosave memory: 00000000000a0000 - 00000000000f0000
[    0.000000] PM: Registered nosave memory: 00000000000f0000 - 0000000000100000
[    0.000000] PM: Registered nosave memory: 00000000bfffe000 - 00000000c0000000
[    0.000000] PM: Registered nosave memory: 00000000c0000000 - 00000000feffc000
[    0.000000] PM: Registered nosave memory: 00000000feffc000 - 00000000ff000000
[    0.000000] PM: Registered nosave memory: 00000000ff000000 - 00000000fffc0000
[    0.000000] PM: Registered nosave memory: 00000000fffc0000 - 0000000100000000
[    0.000000] Allocating PCI resources starting at c0000000 (gap: c0000000:3effc000)
[    0.000000] Booting paravirtualized kernel on KVM
[    0.000000] setup_percpu: NR_CPUS:512 nr_cpumask_bits:512 nr_cpu_ids:4 nr_node_ids:1
[    0.000000] PERCPU: Embedded 27 pages/cpu @ffff88043fc00000 s78912 r8192 d23488 u524288
[    0.000000] kvm-clock: cpu 0, msr 4:3fc12741, primary cpu clock
[    0.000000] KVM setup async PF for cpu 0
[    0.000000] kvm-stealtime: cpu 0, msr 43fc0cfc0
[    0.000000] Built 1 zonelists in Zone order, mobility grouping on.  Total pages: 4133256
[    0.000000] Policy zone: Normal
[    0.000000] Kernel command line: BOOT_IMAGE=/boot/vmlinuz-3.2.0-4-amd64 root=UUID=e35ebd7f-2405-4c97-9c3e-26919d55a9e5 ro console=tty0 console=ttyS0,115200n8
[    0.000000] PID hash table entries: 4096 (order: 3, 32768 bytes)
[    0.000000] xsave/xrstor: enabled xstate_bv 0x7, cntxt size 0x340
[    0.000000] Checking aperture...
[    0.000000] No AGP bridge found
[    0.000000] Memory: 16462372k/17825792k available (3434k kernel code, 1049036k absent, 314384k reserved, 3305k data, 580k init)
[    0.000000] Hierarchical RCU implementation.
[    0.000000] 	RCU dyntick-idle grace-period acceleration is enabled.
[    0.000000] NR_IRQS:33024 nr_irqs:712 16
[    0.000000] Console: colour VGA+ 80x25
[    0.000000] console [tty0] enabled
[    0.000000] console [ttyS0] enabled
[    0.000000] Detected 2199.998 MHz processor.
[    0.008000] Calibrating delay loop (skipped) preset value.. 4399.99 BogoMIPS (lpj=8799992)
[    0.008000] pid_max: default: 32768 minimum: 301
[    0.008000] Security Framework initialized
[    0.008008] AppArmor: AppArmor disabled by boot time parameter
[    0.010279] Dentry cache hash table entries: 2097152 (order: 12, 16777216 bytes)
[    0.016898] Inode-cache hash table entries: 1048576 (order: 11, 8388608 bytes)
[    0.020164] Mount-cache hash table entries: 256
[    0.021269] Initializing cgroup subsys cpuacct
[    0.022266] Initializing cgroup subsys memory
[    0.023226] Initializing cgroup subsys devices
[    0.024006] Initializing cgroup subsys freezer
[    0.025005] Initializing cgroup subsys net_cls
[    0.025967] Initializing cgroup subsys blkio
[    0.026918] Initializing cgroup subsys perf_event
[    0.028097] mce: CPU supports 10 MCE banks
[    0.030527] ACPI: Core revision 20110623
[    0.032978] Enabling x2apic
[    0.033704] Enabled x2apic
[    0.034596] Switched APIC routing to physical x2apic.
[    0.036984] ..TIMER: vector=0x30 apic1=0 pin1=2 apic2=-1 pin2=-1
[    0.038382] CPU0: Intel(R) Xeon(R) CPU E5-4620 0 @ 2.20GHz stepping 07
[    0.044002] Performance Events: SandyBridge events, Intel PMU driver.
[    0.044002] ... version:                2
[    0.044002] ... bit width:              48
[    0.044002] ... generic registers:      4
[    0.044006] ... value mask:             0000ffffffffffff
[    0.045278] ... max period:             000000007fffffff
[    0.046560] ... fixed-purpose events:   3
[    0.048005] ... event mask:             000000070000000f
[    0.049504] NMI watchdog enabled, takes one hw-pmu counter.
[    0.051049] Booting Node   0, Processors  #1
[    0.072028] KVM setup async PF for cpu 1
[    0.072028] kvm-stealtime: cpu 1, msr 43fc8cfc0
[    0.074432] NMI watchdog enabled, takes one hw-pmu counter.
[    0.072028] kvm-clock: cpu 1, msr 4:3fc92741, secondary cpu clock
[    0.076188]  #2
[    0.096027] KVM setup async PF for cpu 2
[    0.096027] kvm-stealtime: cpu 2, msr 43fd0cfc0
[    0.100087] NMI watchdog enabled, takes one hw-pmu counter.
[    0.096027] kvm-clock: cpu 2, msr 4:3fd12741, secondary cpu clock
[    0.103125]  #3 Ok.
[    0.120032] KVM setup async PF for cpu 3
[    0.120032] kvm-stealtime: cpu 3, msr 43fd8cfc0
[    0.120032] kvm-clock: cpu 3, msr 4:3fd92741, secondary cpu clock
[    0.125125] NMI watchdog enabled, takes one hw-pmu counter.
[    0.127679] Brought up 4 CPUs
[    0.128029] Total of 4 processors activated (17599.98 BogoMIPS).
[    0.129785] devtmpfs: initialized
[    0.135391] print_constraints: dummy: 
[    0.136288] NET: Registered protocol family 16
[    0.137412] ACPI: bus type pci registered
[    0.138488] PCI: Using configuration type 1 for base access
[    0.141031] bio: create slab <bio-0> at 0
[    0.141437] ACPI: Added _OSI(Module Device)
[    0.141437] ACPI: Added _OSI(Processor Device)
[    0.144034] ACPI: Added _OSI(3.0 _SCP Extensions)
[    0.145080] ACPI: Added _OSI(Processor Aggregator Device)
[    0.150197] ACPI: Interpreter enabled
[    0.151078] ACPI: (supports S0 S3 S4 S5)
[    0.152347] ACPI: Using IOAPIC for interrupt routing
[    0.157667] ACPI: No dock devices found.
[    0.158586] HEST: Table not found.
[    0.159404] PCI: Using host bridge windows from ACPI; if necessary, use "pci=nocrs" and report a bug
[    0.160098] ACPI: PCI Root Bridge [PCI0] (domain 0000 [bus 00-ff])
[    0.161514] pci_root PNP0A03:00: host bridge window [io  0x0000-0x0cf7]
[    0.164027] pci_root PNP0A03:00: host bridge window [io  0x0d00-0xadff]
[    0.165378] pci_root PNP0A03:00: host bridge window [io  0xae0f-0xaeff]
[    0.166713] pci_root PNP0A03:00: host bridge window [io  0xaf20-0xafdf]
[    0.168025] pci_root PNP0A03:00: host bridge window [io  0xafe4-0xffff]
[    0.169396] pci_root PNP0A03:00: host bridge window [mem 0x000a0000-0x000bffff]
[    0.171033] pci_root PNP0A03:00: host bridge window [mem 0xc0000000-0xfebfffff]
[    0.178472] pci 0000:00:01.3: quirk: [io  0xb000-0xb03f] claimed by PIIX4 ACPI
[    0.180039] pci 0000:00:01.3: quirk: [io  0xb100-0xb10f] claimed by PIIX4 SMB
[    0.197880]  pci0000:00: Unable to request _OSC control (_OSC support mask: 0x1e)
[    0.201911] ACPI: PCI Interrupt Link [LNKA] (IRQs 5 *10 11)
[    0.203727] ACPI: PCI Interrupt Link [LNKB] (IRQs 5 *10 11)
[    0.204992] ACPI: PCI Interrupt Link [LNKC] (IRQs 5 10 *11)
[    0.206800] ACPI: PCI Interrupt Link [LNKD] (IRQs 5 10 *11)
[    0.208966] ACPI: PCI Interrupt Link [LNKS] (IRQs *9)
[    0.210544] vgaarb: device added: PCI:0000:00:02.0,decodes=io+mem,owns=io+mem,locks=none
[    0.212030] vgaarb: loaded
[    0.212746] vgaarb: bridge control possible 0000:00:02.0
[    0.213922] PCI: Using ACPI for IRQ routing
[    0.215148] HPET: 3 timers in total, 0 timers will be used for per-cpu timer
[    0.216058] hpet0: at MMIO 0xfed00000, IRQs 2, 8, 0
[    0.224024] hpet0: 3 comparators, 64-bit 100.000000 MHz counter
[    0.239533] Switching to clocksource kvm-clock
[    0.242211] pnp: PnP ACPI init
[    0.243018] ACPI: bus type pnp registered
[    0.244853] pnp: PnP ACPI: found 9 devices
[    0.245812] ACPI: ACPI bus type pnp unregistered
[    0.257545] NET: Registered protocol family 2
[    0.264232] IP route cache hash table entries: 524288 (order: 10, 4194304 bytes)
[    0.268180] TCP established hash table entries: 524288 (order: 11, 8388608 bytes)
[    0.272703] TCP bind hash table entries: 65536 (order: 8, 1048576 bytes)
[    0.274759] TCP: Hash tables configured (established 524288 bind 65536)
[    0.276195] TCP reno registered
[    0.277020] UDP hash table entries: 8192 (order: 6, 262144 bytes)
[    0.278369] UDP-Lite hash table entries: 8192 (order: 6, 262144 bytes)
[    0.280096] NET: Registered protocol family 1
[    0.281103] pci 0000:00:00.0: Limiting direct PCI/PCI transfers
[    0.282380] pci 0000:00:01.0: PIIX3: Enabling Passive Release
[    0.283627] pci 0000:00:01.0: Activating ISA DMA hang workarounds
[    0.285067] Unpacking initramfs...
[    0.513510] Freeing initrd memory: 9992k freed
[    0.517402] PCI-DMA: Using software bounce buffering for IO (SWIOTLB)
[    0.518781] Placing 64MB software IO TLB between ffff8800bbffe000 - ffff8800bfffe000
[    0.520553] software IO TLB at phys 0xbbffe000 - 0xbfffe000
[    0.522912] audit: initializing netlink socket (disabled)
[    0.524213] type=2000 audit(1483440606.524:1): initialized
[    0.542294] HugeTLB registered 2 MB page size, pre-allocated 0 pages
[    0.546226] VFS: Disk quotas dquot_6.5.2
[    0.547246] Dquot-cache hash table entries: 512 (order 0, 4096 bytes)
[    0.548810] msgmni has been set to 32172
[    0.550147] alg: No test for stdrng (krng)
[    0.551276] Block layer SCSI generic (bsg) driver version 0.4 loaded (major 253)
[    0.553050] io scheduler noop registered
[    0.553963] io scheduler deadline registered
[    0.555038] io scheduler cfq registered (default)
[    0.556266] pci_hotplug: PCI Hot Plug PCI Core version: 0.5
[    0.557483] pciehp: PCI Express Hot Plug Controller Driver version: 0.4
[    0.558832] acpiphp: ACPI Hot Plug PCI Controller Driver version: 0.5
[    0.560288] acpiphp: Slot [3] registered
[    0.561241] acpiphp: Slot [4] registered
[    0.562276] acpiphp: Slot [5] registered
[    0.563243] acpiphp: Slot [6] registered
[    0.564254] acpiphp: Slot [7] registered
[    0.565214] acpiphp: Slot [8] registered
[    0.566154] acpiphp: Slot [9] registered
[    0.567101] acpiphp: Slot [10] registered
[    0.568095] acpiphp: Slot [11] registered
[    0.569052] acpiphp: Slot [12] registered
[    0.569999] acpiphp: Slot [13] registered
[    0.570960] acpiphp: Slot [14] registered
[    0.571921] acpiphp: Slot [15] registered
[    0.572913] acpiphp: Slot [16] registered
[    0.573865] acpiphp: Slot [17] registered
[    0.574819] acpiphp: Slot [18] registered
[    0.575798] acpiphp: Slot [19] registered
[    0.576782] acpiphp: Slot [20] registered
[    3.589223] Refined TSC clocksource calibration: 2199.955 MHz.
[    3.591662] acpiphp: Slot [21] registered
[    3.593509] acpiphp: Slot [22] registered
[    3.595281] acpiphp: Slot [23] registered
[    3.597088] acpiphp: Slot [24] registered
[    3.598828] acpiphp: Slot [25] registered
[    3.600691] acpiphp: Slot [26] registered
[    3.602438] acpiphp: Slot [27] registered
[    3.604250] acpiphp: Slot [28] registered
[    3.606006] acpiphp: Slot [29] registered
[    3.607778] acpiphp: Slot [30] registered
[    3.609585] acpiphp: Slot [31] registered
[    3.611599] ERST: Table is not found!
[    3.612520] GHES: HEST is not enabled!
[    3.613595] Serial: 8250/16550 driver, 4 ports, IRQ sharing enabled
[    3.636584] serial8250: ttyS0 at I/O 0x3f8 (irq = 4) is a 16550A
[    3.671311] 00:06: ttyS0 at I/O 0x3f8 (irq = 4) is a 16550A
[    3.672911] Linux agpgart interface v0.103
[    3.674044] i8042: PNP: PS/2 Controller [PNP0303:KBD,PNP0f13:MOU] at 0x60,0x64 irq 1,12
[    3.676618] serio: i8042 KBD port at 0x60,0x64 irq 1
[    3.677703] serio: i8042 AUX port at 0x60,0x64 irq 12
[    3.679041] mousedev: PS/2 mouse device common for all mice
[    3.680587] input: AT Translated Set 2 keyboard as /devices/platform/i8042/serio0/input/input0
[    3.683182] rtc_cmos 00:01: RTC can wake from S4
[    3.684598] rtc_cmos 00:01: rtc core: registered rtc_cmos as rtc0
[    3.686052] rtc0: alarms up to one day, 114 bytes nvram, hpet irqs
[    3.687354] cpuidle: using governor ladder
[    3.688330] cpuidle: using governor menu
[    3.689499] TCP cubic registered
[    3.690575] NET: Registered protocol family 10
[    3.692223] Mobile IPv6
[    3.692905] NET: Registered protocol family 17
[    3.693899] Registering the dns_resolver key type
[    3.695522] registered taskstats version 1
[    3.697563] rtc_cmos 00:01: setting system clock to 2017-01-03 10:50:10 UTC (1483440610)
[    3.699376] Initializing network drop monitor service
[    3.702103] Freeing unused kernel memory: 580k freed
[    3.703360] Write protecting the kernel read-only data: 6144k
[    3.708917] Freeing unused kernel memory: 644k freed
[    3.713640] Freeing unused kernel memory: 688k freed
Loading, please wait...
[    3.733269] udevd[58]: starting version 175
[    3.752706] e1000: Intel(R) PRO/1000 Network Driver - version 7.3.21-k8-NAPI
[    3.754206] e1000: Copyright (c) 1999-2006 Intel Corporation.
[    3.755687] ACPI: PCI Interrupt Link [LNKC] enabled at IRQ 11
[    3.760983] SCSI subsystem initialized
[    3.769610] Floppy drive(s): fd0 is 1.44M
[    3.784579] FDC 0 is a S82078B
[    4.121881] e1000 0000:00:03.0: eth0: (PCI:33MHz:32-bit) 52:54:00:12:34:56
[    4.123346] e1000 0000:00:03.0: eth0: Intel(R) PRO/1000 Network Connection
[    4.127029] scsi0 : ata_piix
[    4.128416] scsi1 : ata_piix
[    4.129237] ata1: PATA max MWDMA2 cmd 0x1f0 ctl 0x3f6 bmdma 0xc040 irq 14
[    4.130597] ata2: PATA max MWDMA2 cmd 0x170 ctl 0x376 bmdma 0xc048 irq 15
[    4.290458] ata1.00: ATA-7: QEMU HARDDISK, 2.0.0, max UDMA/100
[    4.292892] ata1.00: 9011200 sectors, multi 16: LBA48 
[    4.295341] ata2.00: ATAPI: QEMU DVD-ROM, 2.0.0, max UDMA/100
[    4.297308] ata1.00: configured for MWDMA2
[    4.298413] ata2.00: configured for MWDMA2
[    4.298504] scsi 0:0:0:0: Direct-Access     ATA      QEMU HARDDISK    2.0. PQ: 0 ANSI: 5
[    4.302186] scsi 1:0:0:0: CD-ROM            QEMU     QEMU DVD-ROM     2.0. PQ: 0 ANSI: 5
[    4.311203] sd 0:0:0:0: [sda] 9011200 512-byte logical blocks: (4.61 GB/4.29 GiB)
[    4.314178] sd 0:0:0:0: [sda] Write Protect is off
[    4.315894] sd 0:0:0:0: [sda] Write cache: enabled, read cache: enabled, doesn't support DPO or FUA
[    4.320273] sr0: scsi3-mmc drive: 4x/4x cd/rw xa/form2 tray
[    4.321478]  sda: sda1
[    4.324444] cdrom: Uniform CD-ROM driver Revision: 3.20
[    4.324686] sd 0:0:0:0: [sda] Attached SCSI disk
[    4.331881] sd 0:0:0:0: Attached scsi generic sg0 type 0
[    4.333170] sr 1:0:0:0: Attached scsi generic sg1 type 5
Begin: Loading essential drivers ... done.
Begin: Running /scripts/init-premount ... done.
Begin: Mounting root file system ... Begin: Running /scripts/local-top ... done.
Begin: Running /scripts/local-premount ... done.
[    7.846346] EXT4-fs (sda1): mounted filesystem with ordered data mode. Opts: (null)
Begin: Running /scripts/local-bottom ... done.
done.
Begin: Running /scripts/init-bottom ... done.
INIT: version 2.88 booting
[[36minfo[39;49m] Using makefile-style concurrent boot in runlevel S.
findfs: unable to resolve 'UUID="e35ebd7f-2405-4c97-9c3e-26919d55a9e5"'
[....] Starting the hotplug events dispatcher: udevd[    8.450370] udevd[336]: starting version 175
[?25l[?1c7[1G[[32m ok [39;49m8[?25h[?0c.
[....] Synthesizing the initial hotplug events...[    8.520353] input: Power Button as /devices/LNXSYSTM:00/LNXPWRBN:00/input/input1
[    8.522344] ACPI: Power Button [PWRF]
[    8.524325] input: PC Speaker as /devices/platform/pcspkr/input/input2
[?25l[?1c7[1G[[32m ok [39;49m8[?25h[?0cdone.
[    8.553794] alg: No test for __gcm-aes-aesni (__driver-gcm-aes-aesni)
[    8.564676] piix4_smbus 0000:00:01.3: SMBus Host Controller at 0xb100, revision 0
[....] Waiting for /dev to be fully populated...[    8.570384] Error: Driver 'pcspkr' is already registered, aborting...
[    8.588719] parport_pc 00:05: reported by Plug and Play ACPI
[    8.590303] parport0: PC-style at 0x378, irq 7 [PCSPP,TRISTATE]
[?25l[?1c7[1G[[32m ok [39;49m8[?25h[?0cdone.
findfs: unable to resolve 'UUID="e35ebd7f-2405-4c97-9c3e-26919d55a9e5"'
[....] Activating swap...[?25l[?1c7[1G[[32m ok [39;49m8[?25h[?0cdone.
Usage: mountpoint [-q] [-d] [-x] path
[   11.926316] EXT4-fs (sda1): re-mounted. Opts: (null)
[....] Checking root file system...fsck from util-linux 2.20.1
/run/rootdev: clean, 32635/264000 files, 832763/1054720 blocks
[?25l[?1c7[1G[[32m ok [39;49m8[?25h[?0cdone.
[   11.993357] EXT4-fs (sda1): re-mounted. Opts: errors=remount-ro,errors=remount-ro
[   12.055896] input: ImExPS/2 Generic Explorer Mouse as /devices/platform/i8042/serio1/input/input3
[....] Cleaning up temporary files... /tmp[?25l[?1c7[1G[[32m ok [39;49m8[?25h[?0c.
findfs: unable to resolve 'UUID="e35ebd7f-2405-4c97-9c3e-26919d55a9e5"'
findfs: unable to resolve 'UUID="e35ebd7f-2405-4c97-9c3e-26919d55a9e5"'
[....] Activating lvm and md swap...[?25l[?1c7[1G[[32m ok [39;49m8[?25h[?0cdone.
[....] Checking file systems...fsck from util-linux 2.20.1
[?25l[?1c7[1G[[32m ok [39;49m8[?25h[?0cdone.
[....] Mounting local filesystems...[?25l[?1c7[1G[[32m ok [39;49m8[?25h[?0cdone.
[....] Activating swapfile swap...[?25l[?1c7[1G[[32m ok [39;49m8[?25h[?0cdone.
findfs: unable to resolve 'UUID="e35ebd7f-2405-4c97-9c3e-26919d55a9e5"'
[....] Cleaning up temporary files...[?25l[?1c7[1G[[32m ok [39;49m8[?25h[?0c.
[....] Setting kernel variables ...[?25l[?1c7[1G[[32m ok [39;49m8[?25h[?0cdone.
[....] Configuring network interfaces...Internet Systems Consortium DHCP Client 4.2.2
Copyright 2004-2011 Internet Systems Consortium.
All rights reserved.
For info, please visit https://www.isc.org/software/dhcp/

[   16.012491] ADDRCONF(NETDEV_UP): eth0: link is not ready
Listening on LPF/eth0/52:54:00:12:34:56
Sending on   LPF/eth0/52:54:00:12:34:56
Sending on   Socket/fallback
DHCPDISCOVER on eth0 to 255.255.255.255 port 67 interval 4
DHCPDISCOVER on eth0 to 255.255.[   19.646779] e1000: eth0 NIC Link is Up 1000 Mbps Full Duplex, Flow Control: RX
255.255 port 67 interval 4
[   19.654981] ADDRCONF(NETDEV_CHANGE): eth0: link becomes ready
DHCPDISCOVER on eth0 to 255.255.255.255 port 67 interval 6
DHCPREQUEST on eth0 to 255.255.255.255 port 67
DHCPOFFER from 10.0.2.2
DHCPACK from 10.0.2.2
bound to 10.0.2.15 -- renewal in 36426 seconds.
ifup: interface eth0 already configured
[?25l[?1c7[1G[[32m ok [39;49m8[?25h[?0cdone.
[....] Cleaning up temporary files...[?25l[?1c7[1G[[32m ok [39;49m8[?25h[?0c.
INIT: Entering runlevel: 2
[[36minfo[39;49m] Using makefile-style concurrent boot in runlevel 2.
[....] Starting OpenBSD Secure Shell server: sshd[?25l[?1c7[1G[[32m ok [39;49m8[?25h[?0c.
Entering benchmark mode
./scaff/bin/uniform/syrk_STANDARD dummy.out 40
STARTING syrk_STANDARD execution: Tue Jan  3 12:50:30 EET 2017
Execution Time; 0.390876
Execution Time; 3.355875
Execution Time; 0.344565
Execution Time; 0.344326
Execution Time; 3.358033
Execution Time; 0.344104
Execution Time; 0.344172
Execution Time; 3.355819
Execution Time; 0.344293
Execution Time; 0.344253
Execution Time; 3.385597
Execution Time; 0.388851
Execution Time; 3.400913
Execution Time; 0.390628
Execution Time; 0.390209
Execution Time; 3.398920
Execution Time; 0.386326
Execution Time; 3.396207
Execution Time; 0.385822
Execution Time; 0.385487
Execution Time; 3.397949
Execution Time; 0.383479
Execution Time; 0.376727
Execution Time; 3.389614
Execution Time; 0.380030
Execution Time; 3.392019
Execution Time; 0.381341
Execution Time; 0.381370
Execution Time; 3.391334
Execution Time; 0.380654
Execution Time; 3.390611
Execution Time; 0.381605
Execution Time; 0.382651
Execution Time; 3.389309
Execution Time; 0.380067
Execution Time; 0.379106
Execution Time; 3.390680
Execution Time; 0.380294
Execution Time; 3.391186
Execution Time; 0.379807
Execution Time; 0.383439
Execution Time; 3.394802
Execution Time; 0.384732
Execution Time; 3.398279
Execution Time; 0.378069
Execution Time; 0.379641
Execution Time; 3.397390
Execution Time; 0.382969
Execution Time; 3.392356
Execution Time; 0.386050
Execution Time; 0.386291
Execution Time; 3.395628
Execution Time; 0.381859
Execution Time; 0.382767
Execution Time; 0.385387
Execution Time; 0.378272
Execution Time; 3.391876
Execution Time; 0.381229
Execution Time; 0.379046
Execution Time; 3.389865
Execution Time; 0.381053
Execution Time; 3.392801
Execution Time; 0.384295
Execution Time; 0.383235
Execution Time; 3.393275
Execution Time; 0.382892
Execution Time; 3.390008
Execution Time; 0.378925
Execution Time; 0.380897
Execution Time; 3.395824
Execution Time; 0.388928
Execution Time; 0.390586
Execution Time; 3.398487
Execution Time; 0.389362
Execution Time; 3.399151
Execution Time; 0.387474
Execution Time; 0.386202
Execution Time; 3.390737
Execution Time; 0.381649
Execution Time; 3.392652
Execution Time; 0.384679
Execution Time; 0.385813
Execution Time; 3.396774
Execution Time; 0.388001
Execution Time; 3.414922
Execution Time; 0.386139
Execution Time; 0.385629
Execution Time; 3.397887
Execution Time; 0.377883
Execution Time; 3.389527
Execution Time; 0.382289
Execution Time; 0.385608
Execution Time; 3.395416
Execution Time; 0.384943
Execution Time; 0.382452
Execution Time; 3.397626
Execution Time; 0.386421
Execution Time; 3.397072
Execution Time; 0.384904
Execution Time; 0.377938
Execution Time; 3.388380
Execution Time; 0.379693
Execution Time; 3.399767
Execution Time; 0.383510
Execution Time; 0.383753
Execution Time; 3.394254
Execution Time; 0.383888
Execution Time; 3.393633
Execution Time; 0.382597
Execution Time; 0.383270
Execution Time; 3.391908
Execution Time; 0.382373
Execution Time; 0.381835
Execution Time; 3.394418
Execution Time; 0.387463
Execution Time; 3.397253
Execution Time; 0.382841
Execution Time; 0.387343
Execution Time; 3.403343
Execution Time; 0.387982
Execution Time; 3.396766
Execution Time; 0.379687
Execution Time; 0.378988
Execution Time; 3.394989
Execution Time; 0.380069
Execution Time; 3.391168
Execution Time; 0.389274
Execution Time; 0.388686
Execution Time; 3.398934
Execution Time; 0.389524
Execution Time; 3.400522
Execution Time; 0.384332
Execution Time; 0.379784
Execution Time; 3.391662
Execution Time; 0.385020
Execution Time; 0.384214
Execution Time; 3.394436
Execution Time; 0.384183
Execution Time; 3.398934
Execution Time; 0.384011
Execution Time; 0.385190
Execution Time; 3.399129
Execution Time; 0.389066
Execution Time; 3.403224
Execution Time; 0.389195
Execution Time; 0.387837
Execution Time; 3.398521
Execution Time; 0.388156
Execution Time; 3.396263
Execution Time; 0.389864
Execution Time; 0.389520
Execution Time; 3.395554
Execution Time; 0.390815
Execution Time; 3.397496
Execution Time; 0.380368
Execution Time; 0.384916
Execution Time; 3.394139
Execution Time; 0.383170
Execution Time; 3.395154
Execution Time; 0.383792
Execution Time; 0.379248
Execution Time; 3.389185
Execution Time; 0.378267
Execution Time; 0.378434
Execution Time; 3.393977
Execution Time; 0.377856
Execution Time; 3.389046
Execution Time; 0.380290
Execution Time; 0.383380
Execution Time; 3.394500
Execution Time; 0.382654
Execution Time; 3.397205
Execution Time; 0.383613
Execution Time; 0.383999
Execution Time; 3.395669
Execution Time; 0.386623
Execution Time; 3.388223
Execution Time; 0.382154
Execution Time; 0.383982
Execution Time; 3.397143
Execution Time; 0.387154
Execution Time; 0.385750
Execution Time; 3.396120
Execution Time; 0.386035
Execution Time; 3.395379
Execution Time; 0.386391
Execution Time; 0.385693
Execution Time; 3.393106
Execution Time; 0.379880
Execution Time; 3.391012
Execution Time; 0.384265
Execution Time; 0.384579
Execution Time; 3.393174
Execution Time; 0.383673
Execution Time; 3.397881
Execution Time; 0.386833
Execution Time; 0.388618
Execution Time; 3.401069
Execution Time; 0.378933
Execution Time; 0.381874
Execution Time; 3.396532
Execution Time; 0.383689
Execution Time; 3.398057
Execution Time; 0.383494
Execution Time; 0.383914
Execution Time; 3.395684
Execution Time; 0.388645
Execution Time; 3.399105
Execution Time; 0.387748
Execution Time; 0.379305
Execution Time; 3.392549
Execution Time; 0.382779
Execution Time; 3.394204
Execution Time; 0.384285
Execution Time; 0.384027
Execution Time; 3.393319
Execution Time; 0.384650
Execution Time; 3.393702
Execution Time; 0.383714
Execution Time; 0.385265
Execution Time; 3.388176
Execution Time; 0.379303
Execution Time; 0.382589
Execution Time; 3.395840
Execution Time; 0.386425
Execution Time; 3.395944
Execution Time; 0.385814
Execution Time; 0.384445
Execution Time; 3.391723
Execution Time; 0.380262
Execution Time; 3.388490
Execution Time; 0.377955
Execution Time; 0.381510
Execution Time; 3.392859
Execution Time; 0.383165
Execution Time; 0.385341
Execution Time; 3.392643
Execution Time; 0.383373
Execution Time; 3.393752
Execution Time; 0.384013
Execution Time; 0.382544
Execution Time; 3.392570
Execution Time; 0.378041
Execution Time; 3.393954
Execution Time; 0.384023
Execution Time; 0.381125
Execution Time; 3.391558
Execution Time; 0.382556
Execution Time; 3.393177
Execution Time; 0.382437
Execution Time; 0.381963
Execution Time; 3.394007
Execution Time; 0.382369
Execution Time; 0.377521
Execution Time; 3.388193
Execution Time; 0.378979
Execution Time; 3.389547
Execution Time; 0.381536
Execution Time; 0.383006
Execution Time; 3.392866
Execution Time; 0.384182
Execution Time; 3.393877
Execution Time; 0.384623
Execution Time; 0.384466
Execution Time; 3.388546
Execution Time; 0.379891
Execution Time; 3.393111
Execution Time; 0.382797
Execution Time; 0.382810
Execution Time; 3.392119
Execution Time; 0.382472
Execution Time; 0.382927
Execution Time; 3.392236
Execution Time; 0.382163
Execution Time; 3.393531
Execution Time; 0.378735
Execution Time; 0.379998
Execution Time; 3.389406
Execution Time; 0.379729
Execution Time; 3.390613
Execution Time; 0.380344
Execution Time; 0.380440
Execution Time; 3.391343
Execution Time; 0.381996
Execution Time; 3.392686
Execution Time; 0.394871
Execution Time; 0.378030
Execution Time; 3.391878
Execution Time; 0.382927
Execution Time; 0.384007
Execution Time; 3.396695
Execution Time; 0.387863
Execution Time; 3.396866
Execution Time; 0.385853
Execution Time; 0.387504
Execution Time; 3.412173
Execution Time; 0.382193
Execution Time; 3.389989
Execution Time; 0.381935
Execution Time; 0.383258
Execution Time; 3.401536
Execution Time; 0.390925
Execution Time; 3.399488
Execution Time; 0.387311
Execution Time; 0.387266
Execution Time; 3.399217
Execution Time; 0.384350
Execution Time; 0.382474
Execution Time; 3.399929
Execution Time; 0.378912
Execution Time; 3.406918
Execution Time; 0.383362
Execution Time; 0.385724
Execution Time; 2.408299
Execution Time; 0.387856
Execution Time; 2.407621
Execution Time; 0.387007
Execution Time; 0.386100
Execution Time; 1.390502
Execution Time; 0.378208
INIT: Switching to runlevel: 0INIT: Sending processes the TERM signal
[[36minfo[39;49m] Using makefile-style concurrent boot in runlevel 0.
[[36minfo[39;49m] Saving the system clock.
[[36minfo[39;49m] Hardware Clock updated to Tue Jan  3 10:58:46 UTC 2017.
[....] Asking all remaining processes to terminate...[?25l[?1c7[1G[[32m ok [39;49m8[?25h[?0cdone.
[....] All processes ended within 2 seconds...[?25l[?1c7[1G[[32m ok [39;49m8[?25h[?0cdone.
[....] Deconfiguring network interfaces...Internet Systems Consortium DHCP Client 4.2.2
Copyright 2004-2011 Internet Systems Consortium.
All rights reserved.
For info, please visit https://www.isc.org/software/dhcp/

Listening on LPF/eth0/52:54:00:12:34:56
Sending on   LPF/eth0/52:54:00:12:34:56
Sending on   Socket/fallback
DHCPRELEASE on eth0 to 10.0.2.2 port 67
[?25l[?1c7[1G[[32m ok [39;49m8[?25h[?0cdone.
[....] Deactivating swap...[?25l[?1c7[1G[[32m ok [39;49m8[?25h[?0cdone.
[  521.453743] EXT4-fs (sda1): re-mounted. Opts: (null)
[[36minfo[39;49m] Will now halt.
[  523.470732] sd 0:0:0:0: [sda] Synchronizing SCSI cache
[  523.473908] sd 0:0:0:0: [sda] Stopping disk
[  523.476961] ACPI: Preparing to enter system sleep state S5
[  523.478115] Power down.
aff-executor-preload.c:affhooks_init()
aff-executor-preload.c:affhooks_shut()
HELLO KITTY
