aff-executor-preload.c:affhooks_init()
[H[J[?25l[m[H[J[2;25HGNU GRUB  version 1.99-27+deb7u2

[m[4;2H+--------------------------------------------------------------------------+[5;2H|[5;77H|[6;2H|[6;77H|[7;2H|[7;77H|[8;2H|[8;77H|[9;2H|[9;77H|[10;2H|[10;77H|[11;2H|[11;77H|[12;2H|[12;77H|[13;2H|[13;77H|[14;2H|[14;77H|[15;2H|[15;77H|[16;2H|[16;77H|[17;2H+--------------------------------------------------------------------------+[m[18;2H[m
      Use the ^ and v keys to select which entry is highlighted.      
      Press enter to boot the selected OS, 'e' to edit the commands      
      before booting or 'c' for a command-line.      
      [5;78H [7m[5;3HDebian GNU/Linux, with Linux 3.2.0-4-amd64                               [m [5;76H[m[m[6;3HDebian GNU/Linux, with Linux 3.2.0-4-amd64 (recovery mode)               [m [6;76H[m[m[7;3H                                                                         [m [7;76H[m[m[8;3H                                                                         [m [8;76H[m[m[9;3H                                                                         [m [9;76H[m[m[10;3H                                                                         [m [10;76H[m[m[11;3H                                                                         [m [11;76H[m[m[12;3H                                                                         [m [12;76H[m[m[13;3H                                                                         [m [13;76H[m[m[14;3H                                                                         [m [14;76H[m[m[15;3H                                                                         [m [15;76H[m[m[16;3H                                                                         [m [16;76H[m[16;78H [5;76H[22;1H   The highlighted entry will be executed automatically in 5s.                 [5;76H[22;1H   The highlighted entry will be executed automatically in 4s.                 [5;76H[22;1H   The highlighted entry will be executed automatically in 3s.                 [5;76H[22;1H   The highlighted entry will be executed automatically in 2s.                 [5;76H[22;1H   The highlighted entry will be executed automatically in 1s.                 [5;76H[22;1H   The highlighted entry will be executed automatically in 0s.                 [5;76H[?25h[H[J[H[J  Booting 'Debian GNU/Linux, with Linux 3.2.0-4-amd64'

Loading Linux 3.2.0-4-amd64 ...
Loading initial ramdisk ...
[    0.000000] Initializing cgroup subsys cpuset
[    0.000000] Initializing cgroup subsys cpu
[    0.000000] Linux version 3.2.0-4-amd64 (debian-kernel@lists.debian.org) (gcc version 4.6.3 (Debian 4.6.3-14) ) #1 SMP Debian 3.2.68-1+deb7u3
[    0.000000] Command line: BOOT_IMAGE=/boot/vmlinuz-3.2.0-4-amd64 root=UUID=e35ebd7f-2405-4c97-9c3e-26919d55a9e5 ro console=tty0 console=ttyS0,115200n8
[    0.000000] BIOS-provided physical RAM map:
[    0.000000]  BIOS-e820: 0000000000000000 - 000000000009fc00 (usable)
[    0.000000]  BIOS-e820: 000000000009fc00 - 00000000000a0000 (reserved)
[    0.000000]  BIOS-e820: 00000000000f0000 - 0000000000100000 (reserved)
[    0.000000]  BIOS-e820: 0000000000100000 - 00000000bfffe000 (usable)
[    0.000000]  BIOS-e820: 00000000bfffe000 - 00000000c0000000 (reserved)
[    0.000000]  BIOS-e820: 00000000feffc000 - 00000000ff000000 (reserved)
[    0.000000]  BIOS-e820: 00000000fffc0000 - 0000000100000000 (reserved)
[    0.000000]  BIOS-e820: 0000000100000000 - 0000000440000000 (usable)
[    0.000000] NX (Execute Disable) protection: active
[    0.000000] SMBIOS 2.4 present.
[    0.000000] No AGP bridge found
[    0.000000] last_pfn = 0x440000 max_arch_pfn = 0x400000000
[    0.000000] x86 PAT enabled: cpu 0, old 0x70406, new 0x7010600070106
[    0.000000] last_pfn = 0xbfffe max_arch_pfn = 0x400000000
[    0.000000] found SMP MP-table at [ffff8800000f0b10] f0b10
[    0.000000] Using GB pages for direct mapping
[    0.000000] init_memory_mapping: 0000000000000000-00000000bfffe000
[    0.000000] init_memory_mapping: 0000000100000000-0000000440000000
[    0.000000] RAMDISK: 36c6c000 - 3762e000
[    0.000000] ACPI: RSDP 00000000000f08e0 00014 (v00 BOCHS )
[    0.000000] ACPI: RSDT 00000000bffffcfc 00034 (v01 BOCHS  BXPCRSDT 00000001 BXPC 00000001)
[    0.000000] ACPI: FACP 00000000bffff1c0 00074 (v01 BOCHS  BXPCFACP 00000001 BXPC 00000001)
[    0.000000] ACPI: DSDT 00000000bfffe040 01180 (v01 BOCHS  BXPCDSDT 00000001 BXPC 00000001)
[    0.000000] ACPI: FACS 00000000bfffe000 00040
[    0.000000] ACPI: SSDT 00000000bffff234 00A00 (v01 BOCHS  BXPCSSDT 00000001 BXPC 00000001)
[    0.000000] ACPI: APIC 00000000bffffc34 00090 (v01 BOCHS  BXPCAPIC 00000001 BXPC 00000001)
[    0.000000] ACPI: HPET 00000000bffffcc4 00038 (v01 BOCHS  BXPCHPET 00000001 BXPC 00000001)
[    0.000000] No NUMA configuration found
[    0.000000] Faking a node at 0000000000000000-0000000440000000
[    0.000000] Initmem setup node 0 0000000000000000-0000000440000000
[    0.000000]   NODE_DATA [000000043fffb000 - 000000043fffffff]
[    0.000000] kvm-clock: Using msrs 4b564d01 and 4b564d00
[    0.000000] kvm-clock: cpu 0, msr 0:16a8741, boot clock
[    0.000000] Zone PFN ranges:
[    0.000000]   DMA      0x00000010 -> 0x00001000
[    0.000000]   DMA32    0x00001000 -> 0x00100000
[    0.000000]   Normal   0x00100000 -> 0x00440000
[    0.000000] Movable zone start PFN for each node
[    0.000000] early_node_map[3] active PFN ranges
[    0.000000]     0: 0x00000010 -> 0x0000009f
[    0.000000]     0: 0x00000100 -> 0x000bfffe
[    0.000000]     0: 0x00100000 -> 0x00440000
[    0.000000] ACPI: PM-Timer IO Port: 0xb008
[    0.000000] ACPI: LAPIC (acpi_id[0x00] lapic_id[0x00] enabled)
[    0.000000] ACPI: LAPIC (acpi_id[0x01] lapic_id[0x01] enabled)
[    0.000000] ACPI: LAPIC (acpi_id[0x02] lapic_id[0x02] enabled)
[    0.000000] ACPI: LAPIC (acpi_id[0x03] lapic_id[0x03] enabled)
[    0.000000] ACPI: LAPIC_NMI (acpi_id[0xff] dfl dfl lint[0x1])
[    0.000000] ACPI: IOAPIC (id[0x00] address[0xfec00000] gsi_base[0])
[    0.000000] IOAPIC[0]: apic_id 0, version 17, address 0xfec00000, GSI 0-23
[    0.000000] ACPI: INT_SRC_OVR (bus 0 bus_irq 0 global_irq 2 dfl dfl)
[    0.000000] ACPI: INT_SRC_OVR (bus 0 bus_irq 5 global_irq 5 high level)
[    0.000000] ACPI: INT_SRC_OVR (bus 0 bus_irq 9 global_irq 9 high level)
[    0.000000] ACPI: INT_SRC_OVR (bus 0 bus_irq 10 global_irq 10 high level)
[    0.000000] ACPI: INT_SRC_OVR (bus 0 bus_irq 11 global_irq 11 high level)
[    0.000000] Using ACPI (MADT) for SMP configuration information
[    0.000000] ACPI: HPET id: 0x8086a201 base: 0xfed00000
[    0.000000] SMP: Allowing 4 CPUs, 0 hotplug CPUs
[    0.000000] PM: Registered nosave memory: 000000000009f000 - 00000000000a0000
[    0.000000] PM: Registered nosave memory: 00000000000a0000 - 00000000000f0000
[    0.000000] PM: Registered nosave memory: 00000000000f0000 - 0000000000100000
[    0.000000] PM: Registered nosave memory: 00000000bfffe000 - 00000000c0000000
[    0.000000] PM: Registered nosave memory: 00000000c0000000 - 00000000feffc000
[    0.000000] PM: Registered nosave memory: 00000000feffc000 - 00000000ff000000
[    0.000000] PM: Registered nosave memory: 00000000ff000000 - 00000000fffc0000
[    0.000000] PM: Registered nosave memory: 00000000fffc0000 - 0000000100000000
[    0.000000] Allocating PCI resources starting at c0000000 (gap: c0000000:3effc000)
[    0.000000] Booting paravirtualized kernel on KVM
[    0.000000] setup_percpu: NR_CPUS:512 nr_cpumask_bits:512 nr_cpu_ids:4 nr_node_ids:1
[    0.000000] PERCPU: Embedded 27 pages/cpu @ffff88043fc00000 s78912 r8192 d23488 u524288
[    0.000000] kvm-clock: cpu 0, msr 4:3fc12741, primary cpu clock
[    0.000000] KVM setup async PF for cpu 0
[    0.000000] kvm-stealtime: cpu 0, msr 43fc0cfc0
[    0.000000] Built 1 zonelists in Zone order, mobility grouping on.  Total pages: 4133256
[    0.000000] Policy zone: Normal
[    0.000000] Kernel command line: BOOT_IMAGE=/boot/vmlinuz-3.2.0-4-amd64 root=UUID=e35ebd7f-2405-4c97-9c3e-26919d55a9e5 ro console=tty0 console=ttyS0,115200n8
[    0.000000] PID hash table entries: 4096 (order: 3, 32768 bytes)
[    0.000000] xsave/xrstor: enabled xstate_bv 0x7, cntxt size 0x340
[    0.000000] Checking aperture...
[    0.000000] No AGP bridge found
[    0.000000] Memory: 16462372k/17825792k available (3434k kernel code, 1049036k absent, 314384k reserved, 3305k data, 580k init)
[    0.000000] Hierarchical RCU implementation.
[    0.000000] 	RCU dyntick-idle grace-period acceleration is enabled.
[    0.000000] NR_IRQS:33024 nr_irqs:712 16
[    0.000000] Console: colour VGA+ 80x25
[    0.000000] console [tty0] enabled
[    0.000000] console [ttyS0] enabled
[    0.000000] Detected 2199.998 MHz processor.
[    0.008000] Calibrating delay loop (skipped) preset value.. 4399.99 BogoMIPS (lpj=8799992)
[    0.008000] pid_max: default: 32768 minimum: 301
[    0.008000] Security Framework initialized
[    0.008009] AppArmor: AppArmor disabled by boot time parameter
[    0.010213] Dentry cache hash table entries: 2097152 (order: 12, 16777216 bytes)
[    0.016958] Inode-cache hash table entries: 1048576 (order: 11, 8388608 bytes)
[    0.020164] Mount-cache hash table entries: 256
[    0.021153] Initializing cgroup subsys cpuacct
[    0.022021] Initializing cgroup subsys memory
[    0.022862] Initializing cgroup subsys devices
[    0.023703] Initializing cgroup subsys freezer
[    0.024006] Initializing cgroup subsys net_cls
[    0.024891] Initializing cgroup subsys blkio
[    0.025719] Initializing cgroup subsys perf_event
[    0.026682] mce: CPU supports 10 MCE banks
[    0.029298] ACPI: Core revision 20110623
[    0.031267] Enabling x2apic
[    0.031977] Enabled x2apic
[    0.032007] Switched APIC routing to physical x2apic.
[    0.034105] ..TIMER: vector=0x30 apic1=0 pin1=2 apic2=-1 pin2=-1
[    0.036005] CPU0: Intel(R) Xeon(R) CPU E5-4620 0 @ 2.20GHz stepping 07
[    0.040002] Performance Events: SandyBridge events, Intel PMU driver.
[    0.040002] ... version:                2
[    0.040002] ... bit width:              48
[    0.040002] ... generic registers:      4
[    0.040005] ... value mask:             0000ffffffffffff
[    0.041159] ... max period:             000000007fffffff
[    0.042267] ... fixed-purpose events:   3
[    0.043163] ... event mask:             000000070000000f
[    0.044477] NMI watchdog enabled, takes one hw-pmu counter.
[    0.045785] Booting Node   0, Processors  #1
[    0.064024] KVM setup async PF for cpu 1
[    0.064024] kvm-stealtime: cpu 1, msr 43fc8cfc0
[    0.069043] NMI watchdog enabled, takes one hw-pmu counter.
[    0.064024] kvm-clock: cpu 1, msr 4:3fc92741, secondary cpu clock
[    0.071679]  #2
[    0.088026] KVM setup async PF for cpu 2
[    0.088026] kvm-stealtime: cpu 2, msr 43fd0cfc0
[    0.088026] kvm-clock: cpu 2, msr 4:3fd12741, secondary cpu clock
[    0.093681] NMI watchdog enabled, takes one hw-pmu counter.
[    0.096398]  #3 Ok.
[    0.116028] KVM setup async PF for cpu 3
[    0.116028] kvm-stealtime: cpu 3, msr 43fd8cfc0
[    0.117815] NMI watchdog enabled, takes one hw-pmu counter.
[    0.116028] kvm-clock: cpu 3, msr 4:3fd92741, secondary cpu clock
[    0.120105] Brought up 4 CPUs
[    0.120816] Total of 4 processors activated (17599.98 BogoMIPS).
[    0.122557] devtmpfs: initialized
[    0.127268] print_constraints: dummy: 
[    0.128182] NET: Registered protocol family 16
[    0.129189] ACPI: bus type pci registered
[    0.130114] PCI: Using configuration type 1 for base access
[    0.132221] bio: create slab <bio-0> at 0
[    0.133348] ACPI: Added _OSI(Module Device)
[    0.133348] ACPI: Added _OSI(Processor Device)
[    0.134000] ACPI: Added _OSI(3.0 _SCP Extensions)
[    0.136025] ACPI: Added _OSI(Processor Aggregator Device)
[    0.140389] ACPI: Interpreter enabled
[    0.141204] ACPI: (supports S0 S3 S4 S5)
[    0.142371] ACPI: Using IOAPIC for interrupt routing
[    0.146611] ACPI: No dock devices found.
[    0.147419] HEST: Table not found.
[    0.148025] PCI: Using host bridge windows from ACPI; if necessary, use "pci=nocrs" and report a bug
[    0.149799] ACPI: PCI Root Bridge [PCI0] (domain 0000 [bus 00-ff])
[    0.151008] pci_root PNP0A03:00: host bridge window [io  0x0000-0x0cf7]
[    0.152023] pci_root PNP0A03:00: host bridge window [io  0x0d00-0xadff]
[    0.153226] pci_root PNP0A03:00: host bridge window [io  0xae0f-0xaeff]
[    0.154379] pci_root PNP0A03:00: host bridge window [io  0xaf20-0xafdf]
[    0.156021] pci_root PNP0A03:00: host bridge window [io  0xafe4-0xffff]
[    0.157262] pci_root PNP0A03:00: host bridge window [mem 0x000a0000-0x000bffff]
[    0.158655] pci_root PNP0A03:00: host bridge window [mem 0xc0000000-0xfebfffff]
[    0.164825] pci 0000:00:01.3: quirk: [io  0xb000-0xb03f] claimed by PIIX4 ACPI
[    0.166240] pci 0000:00:01.3: quirk: [io  0xb100-0xb10f] claimed by PIIX4 SMB
[    0.181667]  pci0000:00: Unable to request _OSC control (_OSC support mask: 0x1e)
[    0.185280] ACPI: PCI Interrupt Link [LNKA] (IRQs 5 *10 11)
[    0.186834] ACPI: PCI Interrupt Link [LNKB] (IRQs 5 *10 11)
[    0.188371] ACPI: PCI Interrupt Link [LNKC] (IRQs 5 10 *11)
[    0.189957] ACPI: PCI Interrupt Link [LNKD] (IRQs 5 10 *11)
[    0.191452] ACPI: PCI Interrupt Link [LNKS] (IRQs *9)
[    0.192703] vgaarb: device added: PCI:0000:00:02.0,decodes=io+mem,owns=io+mem,locks=none
[    0.193619] vgaarb: loaded
[    0.194221] vgaarb: bridge control possible 0000:00:02.0
[    0.196062] PCI: Using ACPI for IRQ routing
[    0.197204] HPET: 3 timers in total, 0 timers will be used for per-cpu timer
[    0.198419] hpet0: at MMIO 0xfed00000, IRQs 2, 8, 0
[    0.204037] hpet0: 3 comparators, 64-bit 100.000000 MHz counter
[    0.221756] Switching to clocksource kvm-clock
[    0.227683] pnp: PnP ACPI init
[    0.228752] ACPI: bus type pnp registered
[    0.230683] pnp: PnP ACPI: found 9 devices
[    0.231638] ACPI: ACPI bus type pnp unregistered
[    0.242538] NET: Registered protocol family 2
[    0.246566] IP route cache hash table entries: 524288 (order: 10, 4194304 bytes)
[    0.250617] TCP established hash table entries: 524288 (order: 11, 8388608 bytes)
[    0.255172] TCP bind hash table entries: 65536 (order: 8, 1048576 bytes)
[    0.257262] TCP: Hash tables configured (established 524288 bind 65536)
[    0.258617] TCP reno registered
[    0.259425] UDP hash table entries: 8192 (order: 6, 262144 bytes)
[    0.260790] UDP-Lite hash table entries: 8192 (order: 6, 262144 bytes)
[    0.262465] NET: Registered protocol family 1
[    0.263468] pci 0000:00:00.0: Limiting direct PCI/PCI transfers
[    0.264797] pci 0000:00:01.0: PIIX3: Enabling Passive Release
[    0.266043] pci 0000:00:01.0: Activating ISA DMA hang workarounds
[    0.267419] Unpacking initramfs...
[    0.494957] Freeing initrd memory: 9992k freed
[    0.498574] PCI-DMA: Using software bounce buffering for IO (SWIOTLB)
[    0.499915] Placing 64MB software IO TLB between ffff8800bbffe000 - ffff8800bfffe000
[    0.501676] software IO TLB at phys 0xbbffe000 - 0xbfffe000
[    0.503986] audit: initializing netlink socket (disabled)
[    0.505242] type=2000 audit(1483440597.504:1): initialized
[    0.523390] HugeTLB registered 2 MB page size, pre-allocated 0 pages
[    0.527321] VFS: Disk quotas dquot_6.5.2
[    0.528445] Dquot-cache hash table entries: 512 (order 0, 4096 bytes)
[    0.529886] msgmni has been set to 32172
[    0.531191] alg: No test for stdrng (krng)
[    0.532373] Block layer SCSI generic (bsg) driver version 0.4 loaded (major 253)
[    0.534021] io scheduler noop registered
[    0.534922] io scheduler deadline registered
[    0.535975] io scheduler cfq registered (default)
[    0.537197] pci_hotplug: PCI Hot Plug PCI Core version: 0.5
[    0.538387] pciehp: PCI Express Hot Plug Controller Driver version: 0.4
[    0.539717] acpiphp: ACPI Hot Plug PCI Controller Driver version: 0.5
[    0.541175] acpiphp: Slot [3] registered
[    0.542100] acpiphp: Slot [4] registered
[    0.543038] acpiphp: Slot [5] registered
[    0.543958] acpiphp: Slot [6] registered
[    0.544932] acpiphp: Slot [7] registered
[    0.545873] acpiphp: Slot [8] registered
[    0.546805] acpiphp: Slot [9] registered
[    0.547730] acpiphp: Slot [10] registered
[    0.548716] acpiphp: Slot [11] registered
[    0.549660] acpiphp: Slot [12] registered
[    0.550603] acpiphp: Slot [13] registered
[    0.551548] acpiphp: Slot [14] registered
[    0.552551] acpiphp: Slot [15] registered
[    0.553494] acpiphp: Slot [16] registered
[    0.554425] acpiphp: Slot [17] registered
[    0.555364] acpiphp: Slot [18] registered
[    0.556359] acpiphp: Slot [19] registered
[    0.557295] acpiphp: Slot [20] registered
[    0.558252] acpiphp: Slot [21] registered
[    0.559190] acpiphp: Slot [22] registered
[    0.560173] acpiphp: Slot [23] registered
[    0.561115] acpiphp: Slot [24] registered
[    0.562045] acpiphp: Slot [25] registered
[    0.562987] acpiphp: Slot [26] registered
[    0.563929] acpiphp: Slot [27] registered
[    0.564928] acpiphp: Slot [28] registered
[    0.565863] acpiphp: Slot [29] registered
[    0.566812] acpiphp: Slot [30] registered
[    0.567757] acpiphp: Slot [31] registered
[    0.568887] ERST: Table is not found!
[    0.569754] GHES: HEST is not enabled!
[    0.570749] Serial: 8250/16550 driver, 4 ports, IRQ sharing enabled
[    0.599092] serial8250: ttyS0 at I/O 0x3f8 (irq = 4) is a 16550A
[    0.632694] 00:06: ttyS0 at I/O 0x3f8 (irq = 4) is a 16550A
[    0.634193] Linux agpgart interface v0.103
[    0.635296] i8042: PNP: PS/2 Controller [PNP0303:KBD,PNP0f13:MOU] at 0x60,0x64 irq 1,12
[    0.637861] serio: i8042 KBD port at 0x60,0x64 irq 1
[    0.638928] serio: i8042 AUX port at 0x60,0x64 irq 12
[    0.640329] mousedev: PS/2 mouse device common for all mice
[    0.641796] input: AT Translated Set 2 keyboard as /devices/platform/i8042/serio0/input/input0
[    0.644373] rtc_cmos 00:01: RTC can wake from S4
[    0.645744] rtc_cmos 00:01: rtc core: registered rtc_cmos as rtc0
[    0.647227] rtc0: alarms up to one day, 114 bytes nvram, hpet irqs
[    0.648588] cpuidle: using governor ladder
[    0.649534] cpuidle: using governor menu
[    0.650691] TCP cubic registered
[    0.651677] NET: Registered protocol family 10
[    0.653326] Mobile IPv6
[    0.654012] NET: Registered protocol family 17
[    0.655000] Registering the dns_resolver key type
[    0.656188] registered taskstats version 1
[    0.658169] rtc_cmos 00:01: setting system clock to 2017-01-03 10:50:00 UTC (1483440600)
[    0.659981] Initializing network drop monitor service
[    0.662671] Freeing unused kernel memory: 580k freed
[    0.664043] Write protecting the kernel read-only data: 6144k
[    0.667791] Freeing unused kernel memory: 644k freed
[    0.671614] Freeing unused kernel memory: 688k freed
Loading, please wait...
[    0.685849] udevd[58]: starting version 175
[    0.700157] e1000: Intel(R) PRO/1000 Network Driver - version 7.3.21-k8-NAPI
[    0.701668] e1000: Copyright (c) 1999-2006 Intel Corporation.
[    0.704269] SCSI subsystem initialized
[    0.707434] ACPI: PCI Interrupt Link [LNKC] enabled at IRQ 11
[    0.717910] Floppy drive(s): fd0 is 1.44M
[    0.732548] FDC 0 is a S82078B
[    1.054198] e1000 0000:00:03.0: eth0: (PCI:33MHz:32-bit) 52:54:00:12:34:56
[    1.055635] e1000 0000:00:03.0: eth0: Intel(R) PRO/1000 Network Connection
[    1.058448] scsi0 : ata_piix
[    1.059471] scsi1 : ata_piix
[    1.060317] ata1: PATA max MWDMA2 cmd 0x1f0 ctl 0x3f6 bmdma 0xc040 irq 14
[    1.061706] ata2: PATA max MWDMA2 cmd 0x170 ctl 0x376 bmdma 0xc048 irq 15
[    4.218186] Refined TSC clocksource calibration: 2199.955 MHz.
[    4.220822] ata1.00: ATA-7: QEMU HARDDISK, 2.0.0, max UDMA/100
[    4.223267] ata1.00: 9011200 sectors, multi 16: LBA48 
[    4.225094] ata2.00: ATAPI: QEMU DVD-ROM, 2.0.0, max UDMA/100
[    4.226928] ata1.00: configured for MWDMA2
[    4.227991] ata2.00: configured for MWDMA2
[    4.228274] scsi 0:0:0:0: Direct-Access     ATA      QEMU HARDDISK    2.0. PQ: 0 ANSI: 5
[    4.233968] scsi 1:0:0:0: CD-ROM            QEMU     QEMU DVD-ROM     2.0. PQ: 0 ANSI: 5
[    4.241097] sd 0:0:0:0: [sda] 9011200 512-byte logical blocks: (4.61 GB/4.29 GiB)
[    4.241852] sr0: scsi3-mmc drive: 4x/4x cd/rw xa/form2 tray
[    4.241855] cdrom: Uniform CD-ROM driver Revision: 3.20
[    4.245443] sd 0:0:0:0: [sda] Write Protect is off
[    4.246518] sd 0:0:0:0: [sda] Write cache: enabled, read cache: enabled, doesn't support DPO or FUA
[    4.249793]  sda: sda1
[    4.250774] sd 0:0:0:0: [sda] Attached SCSI disk
[    4.254925] sd 0:0:0:0: Attached scsi generic sg0 type 0
[    4.256318] sr 1:0:0:0: Attached scsi generic sg1 type 5
Begin: Loading essential drivers ... done.
Begin: Running /scripts/init-premount ... done.
Begin: Mounting root file system ... Begin: Running /scripts/local-top ... done.
Begin: Running /scripts/local-premount ... done.
[    4.805248] EXT4-fs (sda1): mounted filesystem with ordered data mode. Opts: (null)
Begin: Running /scripts/local-bottom ... done.
done.
Begin: Running /scripts/init-bottom ... done.
INIT: version 2.88 booting
[[36minfo[39;49m] Using makefile-style concurrent boot in runlevel S.
findfs: unable to resolve 'UUID="e35ebd7f-2405-4c97-9c3e-26919d55a9e5"'
[....] Starting the hotplug events dispatcher: udevd[    5.217524] udevd[306]: starting version 175
[?25l[?1c7[1G[[32m ok [39;49m8[?25h[?0c.
[....] Synthesizing the initial hotplug events...[?25l[?1c7[    8.301256] alg: No test for __gcm-aes-aesni (__driver-gcm-aes-aesni)
[1G[[32m ok [39;49m8[?25h[?0cdone.
[....] Waiting for /dev to be fully populated...[    8.340427] piix4_smbus 0000:00:01.3: SMBus Host Controller at 0xb100, revision 0
[    8.343640] input: Power Button as /devices/LNXSYSTM:00/LNXPWRBN:00/input/input1
[    8.345389] ACPI: Power Button [PWRF]
[    8.361004] input: PC Speaker as /devices/platform/pcspkr/input/input2
[    8.362827] parport_pc 00:05: reported by Plug and Play ACPI
[    8.364190] parport0: PC-style at 0x378, irq 7 [PCSPP,TRISTATE]
[    8.376610] Error: Driver 'pcspkr' is already registered, aborting...
[?25l[?1c7[1G[[32m ok [39;49m8[?25h[?0cdone.
findfs: unable to resolve 'UUID="e35ebd7f-2405-4c97-9c3e-26919d55a9e5"'
[....] Activating swap...[?25l[?1c7[1G[[32m ok [39;49m8[?25h[?0cdone.
Usage: mountpoint [-q] [-d] [-x] path
[    8.621187] EXT4-fs (sda1): re-mounted. Opts: (null)
[....] Checking root file system...fsck from util-linux 2.20.1
/run/rootdev: clean, 32669/264000 files, 885554/1054720 blocks
[?25l[?1c7[1G[[32m ok [39;49m8[?25h[?0cdone.
[    8.658563] EXT4-fs (sda1): re-mounted. Opts: errors=remount-ro,errors=remount-ro
[....] Cleaning up temporary files... /tmp[?25l[?1c7[1G[[32m ok [39;49m8[?25h[?0c.
findfs: unable to resolve 'UUID="e35ebd7f-2405-4c97-9c3e-26919d55a9e5"'
findfs: unable to resolve 'UUID="e35ebd7f-2405-4c97-9c3e-26919d55a9e5"'
[....] Activating lvm and md swap...[?25l[?1c7[1G[[32m ok [39;49m8[?25h[?0cdone.
[....] Checking file systems...fsck from util-linux 2.20.1
[?25l[?1c7[1G[[32m ok [39;49m8[?25h[?0cdone.
[....] Mounting local filesystems...[?25l[?1c7[1G[[32m ok [39;49m8[?25h[?0cdone.
[....] Activating swapfile swap...[?25l[?1c7[1G[[32m ok [39;49m8[?25h[?0cdone.
[    9.001740] input: ImExPS/2 Generic Explorer Mouse as /devices/platform/i8042/serio1/input/input3
findfs: unable to resolve 'UUID="e35ebd7f-2405-4c97-9c3e-26919d55a9e5"'
[....] Cleaning up temporary files...[?25l[?1c7[1G[[32m ok [39;49m8[?25h[?0c.
[....] Setting kernel variables ...[?25l[?1c7[1G[[32m ok [39;49m8[?25h[?0cdone.
[....] Configuring network interfaces...Internet Systems Consortium DHCP Client 4.2.2
Copyright 2004-2011 Internet Systems Consortium.
All rights reserved.
For info, please visit https://www.isc.org/software/dhcp/

[    9.158818] ADDRCONF(NETDEV_UP): eth0: link is not ready
Listening on LPF/eth0/52:54:00:12:34:56
Sending on   LPF/eth0/52:54:00:12:34:56
Sending on   Socket/fallback
DHCPDISCOVER on eth0 to 255.255.255.255 port 67 interval 8
[   16.259967] e1000: eth0 NIC Link is Up 1000 Mbps Full Duplex, Flow Control: RX
[   16.266831] ADDRCONF(NETDEV_CHANGE): eth0: link becomes ready
DHCPDISCOVER on eth0 to 255.255.255.255 port 67 interval 8
DHCPREQUEST on eth0 to 255.255.255.255 port 67
DHCPOFFER from 10.0.2.2
DHCPACK from 10.0.2.2
bound to 10.0.2.15 -- renewal in 33955 seconds.
ifup: interface eth0 already configured
[?25l[?1c7[1G[[32m ok [39;49m8[?25h[?0cdone.
[....] Cleaning up temporary files...[?25l[?1c7[1G[[32m ok [39;49m8[?25h[?0c.
INIT: Entering runlevel: 2
[[36minfo[39;49m] Using makefile-style concurrent boot in runlevel 2.
[....] Starting OpenBSD Secure Shell server: sshd[?25l[?1c7[1G[[32m ok [39;49m8[?25h[?0c.
Entering benchmark mode
./scaff/bin/uniform/stream_d0
STARTING stream_d0 execution: Tue Jan  3 12:50:20 EET 2017
-------------------------------------------------------------
STREAM version $Revision: 5.10 $
-------------------------------------------------------------
This system uses 8 bytes per array element.
-------------------------------------------------------------
Array size = 50000000 (elements), Offset = 0 (elements)
Memory per array = 381.5 MiB (= 0.4 GiB).
Total memory required = 1144.4 MiB (= 1.1 GiB).
Each kernel will be executed 20 times.
 The *best* time for each kernel (excluding the first iteration)
 will be used to compute the reported bandwidth.
-------------------------------------------------------------
Number of Threads requested = 4
Number of Threads counted = 4
-------------------------------------------------------------
Your clock granularity/precision appears to be 1 microseconds.
Each test below will take on the order of 55499 microseconds.
   (= 55499 clock ticks)
Increase the size of the arrays if this shows that
you are not getting at least 20 clock ticks per test.
-------------------------------------------------------------
WARNING -- The above is only a rough guideline.
For best results, please be sure you know the
precision of your system timer.
-------------------------------------------------------------
Function    Best Rate  Avg Rate   MB/s  Avg time     Min time     Max time
Copy:           12095.0      12000.6    0.066663    0.066143     0.068282
Scale:          12017.1       2082.2    0.384211    0.066572     3.084792
Add:            13851.3       2132.4    0.562758    0.086634     3.102606
Triad:          13908.5       4891.3    0.245332    0.086278     3.098048
-------------------------------------------------------------
Solution Validates: avg error less than 1.000000e-13 on all three arrays
-------------------------------------------------------------
-------------------------------------------------------------
STREAM version $Revision: 5.10 $
-------------------------------------------------------------
This system uses 8 bytes per array element.
-------------------------------------------------------------
Array size = 50000000 (elements), Offset = 0 (elements)
Memory per array = 381.5 MiB (= 0.4 GiB).
Total memory required = 1144.4 MiB (= 1.1 GiB).
Each kernel will be executed 20 times.
 The *best* time for each kernel (excluding the first iteration)
 will be used to compute the reported bandwidth.
-------------------------------------------------------------
Number of Threads requested = 4
Number of Threads counted = 4
-------------------------------------------------------------
Your clock granularity/precision appears to be 1 microseconds.
Each test below will take on the order of 50787 microseconds.
   (= 50787 clock ticks)
Increase the size of the arrays if this shows that
you are not getting at least 20 clock ticks per test.
-------------------------------------------------------------
WARNING -- The above is only a rough guideline.
For best results, please be sure you know the
precision of your system timer.
-------------------------------------------------------------
Function    Best Rate  Avg Rate   MB/s  Avg time     Min time     Max time
Copy:           12121.8       2088.0    0.383142    0.065997     3.076310
Scale:          12084.8      12032.2    0.066489    0.066199     0.066811
Add:            13896.3       2974.2    0.403471    0.086354     3.096604
Triad:          13930.0       2975.7    0.403263    0.086145     3.098290
-------------------------------------------------------------
Solution Validates: avg error less than 1.000000e-13 on all three arrays
-------------------------------------------------------------
-------------------------------------------------------------
STREAM version $Revision: 5.10 $
-------------------------------------------------------------
This system uses 8 bytes per array element.
-------------------------------------------------------------
Array size = 50000000 (elements), Offset = 0 (elements)
Memory per array = 381.5 MiB (= 0.4 GiB).
Total memory required = 1144.4 MiB (= 1.1 GiB).
Each kernel will be executed 20 times.
 The *best* time for each kernel (excluding the first iteration)
 will be used to compute the reported bandwidth.
-------------------------------------------------------------
Number of Threads requested = 4
Number of Threads counted = 4
-------------------------------------------------------------
Your clock granularity/precision appears to be 1 microseconds.
Each test below will take on the order of 51285 microseconds.
   (= 51285 clock ticks)
Increase the size of the arrays if this shows that
you are not getting at least 20 clock ticks per test.
-------------------------------------------------------------
WARNING -- The above is only a rough guideline.
For best results, please be sure you know the
precision of your system timer.
-------------------------------------------------------------
Function    Best Rate  Avg Rate   MB/s  Avg time     Min time     Max time
Copy:           12124.0       2088.7    0.383022    0.065985     3.076099
Scale:          12108.2       3559.6    0.224743    0.066071     3.076131
Add:            13902.9       2974.5    0.403426    0.086313     3.098459
Triad:          13977.1       4906.7    0.244564    0.085855     3.095757
-------------------------------------------------------------
Solution Validates: avg error less than 1.000000e-13 on all three arrays
-------------------------------------------------------------
-------------------------------------------------------------
STREAM version $Revision: 5.10 $
-------------------------------------------------------------
This system uses 8 bytes per array element.
-------------------------------------------------------------
Array size = 50000000 (elements), Offset = 0 (elements)
Memory per array = 381.5 MiB (= 0.4 GiB).
Total memory required = 1144.4 MiB (= 1.1 GiB).
Each kernel will be executed 20 times.
 The *best* time for each kernel (excluding the first iteration)
 will be used to compute the reported bandwidth.
-------------------------------------------------------------
Number of Threads requested = 4
Number of Threads counted = 4
-------------------------------------------------------------
Your clock granularity/precision appears to be 1 microseconds.
Each test below will take on the order of 51009 microseconds.
   (= 51009 clock ticks)
Increase the size of the arrays if this shows that
you are not getting at least 20 clock ticks per test.
-------------------------------------------------------------
WARNING -- The above is only a rough guideline.
For best results, please be sure you know the
precision of your system timer.
-------------------------------------------------------------
Function    Best Rate  Avg Rate   MB/s  Avg time     Min time     Max time
Copy:           12144.4       2088.4    0.383069    0.065874     3.078459
Scale:          12110.6       3558.4    0.224821    0.066058     3.076106
Add:            13897.1       4897.5    0.245021    0.086349     3.097870
Triad:          13996.8       2977.1    0.403080    0.085734     3.098483
-------------------------------------------------------------
Solution Validates: avg error less than 1.000000e-13 on all three arrays
-------------------------------------------------------------
-------------------------------------------------------------
STREAM version $Revision: 5.10 $
-------------------------------------------------------------
This system uses 8 bytes per array element.
-------------------------------------------------------------
Array size = 50000000 (elements), Offset = 0 (elements)
Memory per array = 381.5 MiB (= 0.4 GiB).
Total memory required = 1144.4 MiB (= 1.1 GiB).
Each kernel will be executed 20 times.
 The *best* time for each kernel (excluding the first iteration)
 will be used to compute the reported bandwidth.
-------------------------------------------------------------
Number of Threads requested = 4
Number of Threads counted = 4
-------------------------------------------------------------
Your clock granularity/precision appears to be 1 microseconds.
Each test below will take on the order of 51311 microseconds.
   (= 51311 clock ticks)
Increase the size of the arrays if this shows that
you are not getting at least 20 clock ticks per test.
-------------------------------------------------------------
WARNING -- The above is only a rough guideline.
For best results, please be sure you know the
precision of your system timer.
-------------------------------------------------------------
Function    Best Rate  Avg Rate   MB/s  Avg time     Min time     Max time
Copy:           12119.2       3561.3    0.224635    0.066011     3.076129
Scale:          12078.2       2087.1    0.383301    0.066235     3.077917
Add:            13894.9       2974.8    0.403391    0.086363     3.096390
Triad:          13952.7       4902.8    0.244759    0.086005     3.098570
-------------------------------------------------------------
Solution Validates: avg error less than 1.000000e-13 on all three arrays
-------------------------------------------------------------
-------------------------------------------------------------
STREAM version $Revision: 5.10 $
-------------------------------------------------------------
This system uses 8 bytes per array element.
-------------------------------------------------------------
Array size = 50000000 (elements), Offset = 0 (elements)
Memory per array = 381.5 MiB (= 0.4 GiB).
Total memory required = 1144.4 MiB (= 1.1 GiB).
Each kernel will be executed 20 times.
 The *best* time for each kernel (excluding the first iteration)
 will be used to compute the reported bandwidth.
-------------------------------------------------------------
Number of Threads requested = 4
Number of Threads counted = 4
-------------------------------------------------------------
Your clock granularity/precision appears to be 1 microseconds.
Each test below will take on the order of 51222 microseconds.
   (= 51222 clock ticks)
Increase the size of the arrays if this shows that
you are not getting at least 20 clock ticks per test.
-------------------------------------------------------------
WARNING -- The above is only a rough guideline.
For best results, please be sure you know the
precision of your system timer.
-------------------------------------------------------------
Function    Best Rate  Avg Rate   MB/s  Avg time     Min time     Max time
Copy:           12102.0       3559.7    0.224739    0.066105     3.075796
Scale:          12056.5       3555.8    0.224987    0.066354     3.075879
Add:            13889.5       4895.9    0.245102    0.086396     3.096149
Triad:          13941.3       2974.5    0.403434    0.086075     3.100042
-------------------------------------------------------------
Solution Validates: avg error less than 1.000000e-13 on all three arrays
-------------------------------------------------------------
-------------------------------------------------------------
STREAM version $Revision: 5.10 $
-------------------------------------------------------------
This system uses 8 bytes per array element.
-------------------------------------------------------------
Array size = 50000000 (elements), Offset = 0 (elements)
Memory per array = 381.5 MiB (= 0.4 GiB).
Total memory required = 1144.4 MiB (= 1.1 GiB).
Each kernel will be executed 20 times.
 The *best* time for each kernel (excluding the first iteration)
 will be used to compute the reported bandwidth.
-------------------------------------------------------------
Number of Threads requested = 4
Number of Threads counted = 4
-------------------------------------------------------------
Your clock granularity/precision appears to be 1 microseconds.
Each test below will take on the order of 50949 microseconds.
   (= 50949 clock ticks)
Increase the size of the arrays if this shows that
you are not getting at least 20 clock ticks per test.
-------------------------------------------------------------
WARNING -- The above is only a rough guideline.
For best results, please be sure you know the
precision of your system timer.
-------------------------------------------------------------
Function    Best Rate  Avg Rate   MB/s  Avg time     Min time     Max time
Copy:           12130.2       2087.8    0.383172    0.065951     3.076499
Scale:          12063.3       2085.7    0.383564    0.066317     3.079057
Add:            13892.7       4896.9    0.245055    0.086376     3.096807
Triad:          13968.3       4903.0    0.244747    0.085909     3.096412
-------------------------------------------------------------
Solution Validates: avg error less than 1.000000e-13 on all three arrays
-------------------------------------------------------------
-------------------------------------------------------------
STREAM version $Revision: 5.10 $
-------------------------------------------------------------
This system uses 8 bytes per array element.
-------------------------------------------------------------
Array size = 50000000 (elements), Offset = 0 (elements)
Memory per array = 381.5 MiB (= 0.4 GiB).
Total memory required = 1144.4 MiB (= 1.1 GiB).
Each kernel will be executed 20 times.
 The *best* time for each kernel (excluding the first iteration)
 will be used to compute the reported bandwidth.
-------------------------------------------------------------
Number of Threads requested = 4
Number of Threads counted = 4
-------------------------------------------------------------
Your clock granularity/precision appears to be 1 microseconds.
Each test below will take on the order of 51270 microseconds.
   (= 51270 clock ticks)
Increase the size of the arrays if this shows that
you are not getting at least 20 clock ticks per test.
-------------------------------------------------------------
WARNING -- The above is only a rough guideline.
For best results, please be sure you know the
precision of your system timer.
-------------------------------------------------------------
Function    Best Rate  Avg Rate   MB/s  Avg time     Min time     Max time
Copy:           12097.2       3558.8    0.224796    0.066131     3.075706
Scale:          12038.8       3553.6    0.225123    0.066452     3.076447
Add:            13865.3       2972.8    0.403665    0.086547     3.096427
Triad:          13919.3       2975.2    0.403335    0.086211     3.096539
-------------------------------------------------------------
Solution Validates: avg error less than 1.000000e-13 on all three arrays
-------------------------------------------------------------
-------------------------------------------------------------
STREAM version $Revision: 5.10 $
-------------------------------------------------------------
This system uses 8 bytes per array element.
-------------------------------------------------------------
Array size = 50000000 (elements), Offset = 0 (elements)
Memory per array = 381.5 MiB (= 0.4 GiB).
Total memory required = 1144.4 MiB (= 1.1 GiB).
Each kernel will be executed 20 times.
 The *best* time for each kernel (excluding the first iteration)
 will be used to compute the reported bandwidth.
-------------------------------------------------------------
Number of Threads requested = 4
Number of Threads counted = 4
-------------------------------------------------------------
Your clock granularity/precision appears to be 1 microseconds.
Each test below will take on the order of 51297 microseconds.
   (= 51297 clock ticks)
Increase the size of the arrays if this shows that
you are not getting at least 20 clock ticks per test.
-------------------------------------------------------------
WARNING -- The above is only a rough guideline.
For best results, please be sure you know the
precision of your system timer.
-------------------------------------------------------------
Function    Best Rate  Avg Rate   MB/s  Avg time     Min time     Max time
Copy:           12111.3       2086.5    0.383415    0.066054     3.077897
Scale:          12093.9       2085.8    0.383544    0.066149     3.076585
Add:            13912.9       4888.8    0.245460    0.086251     3.096090
Triad:          13962.6       4880.0    0.245903    0.085944     3.097664
-------------------------------------------------------------
Solution Validates: avg error less than 1.000000e-13 on all three arrays
-------------------------------------------------------------
-------------------------------------------------------------
STREAM version $Revision: 5.10 $
-------------------------------------------------------------
This system uses 8 bytes per array element.
-------------------------------------------------------------
Array size = 50000000 (elements), Offset = 0 (elements)
Memory per array = 381.5 MiB (= 0.4 GiB).
Total memory required = 1144.4 MiB (= 1.1 GiB).
Each kernel will be executed 20 times.
 The *best* time for each kernel (excluding the first iteration)
 will be used to compute the reported bandwidth.
-------------------------------------------------------------
Number of Threads requested = 4
Number of Threads counted = 4
-------------------------------------------------------------
Your clock granularity/precision appears to be 1 microseconds.
Each test below will take on the order of 49809 microseconds.
   (= 49809 clock ticks)
Increase the size of the arrays if this shows that
you are not getting at least 20 clock ticks per test.
-------------------------------------------------------------
WARNING -- The above is only a rough guideline.
For best results, please be sure you know the
precision of your system timer.
-------------------------------------------------------------
Function    Best Rate  Avg Rate   MB/s  Avg time     Min time     Max time
Copy:           11990.8       3523.2    0.227065    0.066718     3.078600
Scale:          11941.2       3506.9    0.228119    0.066995     3.077151
Add:            13710.2       2123.9    0.565000    0.087526     3.102847
Triad:          13741.1       4835.4    0.248171    0.087329     3.098340
-------------------------------------------------------------
Solution Validates: avg error less than 1.000000e-13 on all three arrays
-------------------------------------------------------------
-------------------------------------------------------------
STREAM version $Revision: 5.10 $
-------------------------------------------------------------
This system uses 8 bytes per array element.
-------------------------------------------------------------
Array size = 50000000 (elements), Offset = 0 (elements)
Memory per array = 381.5 MiB (= 0.4 GiB).
Total memory required = 1144.4 MiB (= 1.1 GiB).
Each kernel will be executed 20 times.
 The *best* time for each kernel (excluding the first iteration)
 will be used to compute the reported bandwidth.
-------------------------------------------------------------
Number of Threads requested = 4
Number of Threads counted = 4
-------------------------------------------------------------
Your clock granularity/precision appears to be 1 microseconds.
Each test below will take on the order of 53866 microseconds.
   (= 53866 clock ticks)
Increase the size of the arrays if this shows that
you are not getting at least 20 clock ticks per test.
-------------------------------------------------------------
WARNING -- The above is only a rough guideline.
For best results, please be sure you know the
precision of your system timer.
-------------------------------------------------------------
Function    Best Rate  Avg Rate   MB/s  Avg time     Min time     Max time
Copy:           11655.3       2073.6    0.385809    0.068638     3.078931
Scale:          11578.3       3494.4    0.228939    0.069095     3.080406
Add:            13366.1       4821.8    0.248869    0.089779     3.101434
Triad:          13184.2       2939.9    0.408181    0.091018     3.102153
-------------------------------------------------------------
Solution Validates: avg error less than 1.000000e-13 on all three arrays
-------------------------------------------------------------
-------------------------------------------------------------
STREAM version $Revision: 5.10 $
-------------------------------------------------------------
This system uses 8 bytes per array element.
-------------------------------------------------------------
Array size = 50000000 (elements), Offset = 0 (elements)
Memory per array = 381.5 MiB (= 0.4 GiB).
Total memory required = 1144.4 MiB (= 1.1 GiB).
Each kernel will be executed 20 times.
 The *best* time for each kernel (excluding the first iteration)
 will be used to compute the reported bandwidth.
-------------------------------------------------------------
Number of Threads requested = 4
Number of Threads counted = 4
-------------------------------------------------------------
Your clock granularity/precision appears to be 1 microseconds.
Each test below will take on the order of 53639 microseconds.
   (= 53639 clock ticks)
Increase the size of the arrays if this shows that
you are not getting at least 20 clock ticks per test.
-------------------------------------------------------------
WARNING -- The above is only a rough guideline.
For best results, please be sure you know the
precision of your system timer.
-------------------------------------------------------------
Function    Best Rate  Avg Rate   MB/s  Avg time     Min time     Max time
Copy:           11653.5       2073.5    0.385818    0.068649     3.081405
Scale:          11597.6       2064.9    0.387431    0.068980     3.080432
Add:            13383.0       2948.4    0.406997    0.089666     3.099163
Triad:          13181.7       4809.4    0.249509    0.091035     3.099027
-------------------------------------------------------------
Solution Validates: avg error less than 1.000000e-13 on all three arrays
-------------------------------------------------------------
-------------------------------------------------------------
STREAM version $Revision: 5.10 $
-------------------------------------------------------------
This system uses 8 bytes per array element.
-------------------------------------------------------------
Array size = 50000000 (elements), Offset = 0 (elements)
Memory per array = 381.5 MiB (= 0.4 GiB).
Total memory required = 1144.4 MiB (= 1.1 GiB).
Each kernel will be executed 20 times.
 The *best* time for each kernel (excluding the first iteration)
 will be used to compute the reported bandwidth.
-------------------------------------------------------------
Number of Threads requested = 4
Number of Threads counted = 4
-------------------------------------------------------------
Your clock granularity/precision appears to be 1 microseconds.
Each test below will take on the order of 54774 microseconds.
   (= 54774 clock ticks)
Increase the size of the arrays if this shows that
you are not getting at least 20 clock ticks per test.
-------------------------------------------------------------
WARNING -- The above is only a rough guideline.
For best results, please be sure you know the
precision of your system timer.
-------------------------------------------------------------
Function    Best Rate  Avg Rate   MB/s  Avg time     Min time     Max time
Copy:           11608.4       2067.5    0.386941    0.068916     3.081379
Scale:          11570.9      11492.6    0.069610    0.069139     0.071180
Add:            13388.5       2940.8    0.408055    0.089629     3.101092
Triad:          13447.2       2948.3    0.407011    0.089238     3.100273
-------------------------------------------------------------
Solution Validates: avg error less than 1.000000e-13 on all three arrays
-------------------------------------------------------------
-------------------------------------------------------------
STREAM version $Revision: 5.10 $
-------------------------------------------------------------
This system uses 8 bytes per array element.
-------------------------------------------------------------
Array size = 50000000 (elements), Offset = 0 (elements)
Memory per array = 381.5 MiB (= 0.4 GiB).
Total memory required = 1144.4 MiB (= 1.1 GiB).
Each kernel will be executed 20 times.
 The *best* time for each kernel (excluding the first iteration)
 will be used to compute the reported bandwidth.
-------------------------------------------------------------
Number of Threads requested = 4
Number of Threads counted = 4
-------------------------------------------------------------
Your clock granularity/precision appears to be 1 microseconds.
Each test below will take on the order of 53151 microseconds.
   (= 53151 clock ticks)
Increase the size of the arrays if this shows that
you are not getting at least 20 clock ticks per test.
-------------------------------------------------------------
WARNING -- The above is only a rough guideline.
For best results, please be sure you know the
precision of your system timer.
-------------------------------------------------------------
Function    Best Rate  Avg Rate   MB/s  Avg time     Min time     Max time
Copy:           11663.4       2070.2    0.386439    0.068591     3.079293
Scale:          11612.7       2071.3    0.386238    0.068890     3.080031
Add:            13458.5       4800.5    0.249973    0.089163     3.100628
Triad:          13507.1       4810.1    0.249477    0.088842     3.113656
-------------------------------------------------------------
Solution Validates: avg error less than 1.000000e-13 on all three arrays
-------------------------------------------------------------
-------------------------------------------------------------
STREAM version $Revision: 5.10 $
-------------------------------------------------------------
This system uses 8 bytes per array element.
-------------------------------------------------------------
Array size = 50000000 (elements), Offset = 0 (elements)
Memory per array = 381.5 MiB (= 0.4 GiB).
Total memory required = 1144.4 MiB (= 1.1 GiB).
Each kernel will be executed 20 times.
 The *best* time for each kernel (excluding the first iteration)
 will be used to compute the reported bandwidth.
-------------------------------------------------------------
Number of Threads requested = 4
Number of Threads counted = 4
-------------------------------------------------------------
Your clock granularity/precision appears to be 1 microseconds.
Each test below will take on the order of 54957 microseconds.
   (= 54957 clock ticks)
Increase the size of the arrays if this shows that
you are not getting at least 20 clock ticks per test.
-------------------------------------------------------------
WARNING -- The above is only a rough guideline.
For best results, please be sure you know the
precision of your system timer.
-------------------------------------------------------------
Function    Best Rate  Avg Rate   MB/s  Avg time     Min time     Max time
Copy:           11644.3      11619.6    0.068849    0.068703     0.069169
Scale:          11606.5       2066.1    0.387202    0.068927     3.082666
Add:            13391.3       2947.6    0.407108    0.089610     3.102457
Triad:          13207.7       2940.2    0.408134    0.090856     3.100729
-------------------------------------------------------------
Solution Validates: avg error less than 1.000000e-13 on all three arrays
-------------------------------------------------------------
-------------------------------------------------------------
STREAM version $Revision: 5.10 $
-------------------------------------------------------------
This system uses 8 bytes per array element.
-------------------------------------------------------------
Array size = 50000000 (elements), Offset = 0 (elements)
Memory per array = 381.5 MiB (= 0.4 GiB).
Total memory required = 1144.4 MiB (= 1.1 GiB).
Each kernel will be executed 20 times.
 The *best* time for each kernel (excluding the first iteration)
 will be used to compute the reported bandwidth.
-------------------------------------------------------------
Number of Threads requested = 4
Number of Threads counted = 4
-------------------------------------------------------------
Your clock granularity/precision appears to be 1 microseconds.
Each test below will take on the order of 55065 microseconds.
   (= 55065 clock ticks)
Increase the size of the arrays if this shows that
you are not getting at least 20 clock ticks per test.
-------------------------------------------------------------
WARNING -- The above is only a rough guideline.
For best results, please be sure you know the
precision of your system timer.
-------------------------------------------------------------
Function    Best Rate  Avg Rate   MB/s  Avg time     Min time     Max time
Copy:           11638.6       2073.6    0.385808    0.068737     3.078840
Scale:          11570.3      11331.3    0.070601    0.069143     0.071161
Add:            13366.6       4823.8    0.248765    0.089776     3.100974
Triad:          13181.2       2117.8    0.566636    0.091039     3.102271
-------------------------------------------------------------
Solution Validates: avg error less than 1.000000e-13 on all three arrays
-------------------------------------------------------------
-------------------------------------------------------------
STREAM version $Revision: 5.10 $
-------------------------------------------------------------
This system uses 8 bytes per array element.
-------------------------------------------------------------
Array size = 50000000 (elements), Offset = 0 (elements)
Memory per array = 381.5 MiB (= 0.4 GiB).
Total memory required = 1144.4 MiB (= 1.1 GiB).
Each kernel will be executed 20 times.
 The *best* time for each kernel (excluding the first iteration)
 will be used to compute the reported bandwidth.
-------------------------------------------------------------
Number of Threads requested = 4
Number of Threads counted = 4
-------------------------------------------------------------
Your clock granularity/precision appears to be 1 microseconds.
Each test below will take on the order of 54393 microseconds.
   (= 54393 clock ticks)
Increase the size of the arrays if this shows that
you are not getting at least 20 clock ticks per test.
-------------------------------------------------------------
WARNING -- The above is only a rough guideline.
For best results, please be sure you know the
precision of your system timer.
-------------------------------------------------------------
Function    Best Rate  Avg Rate   MB/s  Avg time     Min time     Max time
Copy:           11642.3       3506.7    0.228136    0.068715     3.079209
Scale:          11588.7       1467.6    0.545123    0.069033     3.082993
Add:            13318.4       2931.6    0.409334    0.090101     3.119882
Triad:          13387.2      13201.4    0.090899    0.089638     0.092391
-------------------------------------------------------------
Solution Validates: avg error less than 1.000000e-13 on all three arrays
-------------------------------------------------------------
INIT: Switching to runlevel: 0INIT: Sending processes the TERM signal
[[36minfo[39;49m] Using makefile-style concurrent boot in runlevel 0.
[[36minfo[39;49m] Saving the system clock.
[[36minfo[39;49m] Hardware Clock updated to Tue Jan  3 10:58:22 UTC 2017.
[....] Asking all remaining processes to terminate...[?25l[?1c7[1G[[32m ok [39;49m8[?25h[?0cdone.
[....] All processes ended within 2 seconds...[?25l[?1c7[1G[[32m ok [39;49m8[?25h[?0cdone.
[....] Deconfiguring network interfaces...Internet Systems Consortium DHCP Client 4.2.2
Copyright 2004-2011 Internet Systems Consortium.
All rights reserved.
For info, please visit https://www.isc.org/software/dhcp/

Listening on LPF/eth0/52:54:00:12:34:56
Sending on   LPF/eth0/52:54:00:12:34:56
Sending on   Socket/fallback
DHCPRELEASE on eth0 to 10.0.2.2 port 67
[?25l[?1c7[1G[[32m ok [39;49m8[?25h[?0cdone.
[....] Deactivating swap...[?25l[?1c7[1G[[32m ok [39;49m8[?25h[?0cdone.
[  505.996253] EXT4-fs (sda1): re-mounted. Opts: (null)
[[36minfo[39;49m] Will now halt.
[  509.725877] sd 0:0:0:0: [sda] Synchronizing SCSI cache
[  509.728895] sd 0:0:0:0: [sda] Stopping disk
[  509.734638] ACPI: Preparing to enter system sleep state S5
[  509.736619] Power down.
aff-executor-preload.c:affhooks_init()
aff-executor-preload.c:affhooks_shut()
HELLO KITTY
