aff-executor-preload.c:affhooks_init()
[H[J[?25l[m[H[J[2;25HGNU GRUB  version 1.99-27+deb7u2

[m[4;2H+--------------------------------------------------------------------------+[5;2H|[5;77H|[6;2H|[6;77H|[7;2H|[7;77H|[8;2H|[8;77H|[9;2H|[9;77H|[10;2H|[10;77H|[11;2H|[11;77H|[12;2H|[12;77H|[13;2H|[13;77H|[14;2H|[14;77H|[15;2H|[15;77H|[16;2H|[16;77H|[17;2H+--------------------------------------------------------------------------+[m[18;2H[m
      Use the ^ and v keys to select which entry is highlighted.      
      Press enter to boot the selected OS, 'e' to edit the commands      
      before booting or 'c' for a command-line.      
      [5;78H [7m[5;3HDebian GNU/Linux, with Linux 3.2.0-4-amd64                               [m [5;76H[m[m[6;3HDebian GNU/Linux, with Linux 3.2.0-4-amd64 (recovery mode)               [m [6;76H[m[m[7;3H                                                                         [m [7;76H[m[m[8;3H                                                                         [m [8;76H[m[m[9;3H                                                                         [m [9;76H[m[m[10;3H                                                                         [m [10;76H[m[m[11;3H                                                                         [m [11;76H[m[m[12;3H                                                                         [m [12;76H[m[m[13;3H                                                                         [m [13;76H[m[m[14;3H                                                                         [m [14;76H[m[m[15;3H                                                                         [m [15;76H[m[m[16;3H                                                                         [m [16;76H[m[16;78H [5;76H[22;1H   The highlighted entry will be executed automatically in 5s.                 [5;76H[22;1H   The highlighted entry will be executed automatically in 4s.                 [5;76H[22;1H   The highlighted entry will be executed automatically in 3s.                 [5;76H[22;1H   The highlighted entry will be executed automatically in 2s.                 [5;76H[22;1H   The highlighted entry will be executed automatically in 1s.                 [5;76H[22;1H   The highlighted entry will be executed automatically in 0s.                 [5;76H[?25h[H[J[H[J  Booting 'Debian GNU/Linux, with Linux 3.2.0-4-amd64'

Loading Linux 3.2.0-4-amd64 ...
Loading initial ramdisk ...
[    0.000000] Initializing cgroup subsys cpuset
[    0.000000] Initializing cgroup subsys cpu
[    0.000000] Linux version 3.2.0-4-amd64 (debian-kernel@lists.debian.org) (gcc version 4.6.3 (Debian 4.6.3-14) ) #1 SMP Debian 3.2.68-1+deb7u3
[    0.000000] Command line: BOOT_IMAGE=/boot/vmlinuz-3.2.0-4-amd64 root=UUID=e35ebd7f-2405-4c97-9c3e-26919d55a9e5 ro console=tty0 console=ttyS0,115200n8
[    0.000000] BIOS-provided physical RAM map:
[    0.000000]  BIOS-e820: 0000000000000000 - 000000000009f400 (usable)
[    0.000000]  BIOS-e820: 000000000009f400 - 00000000000a0000 (reserved)
[    0.000000]  BIOS-e820: 00000000000f0000 - 0000000000100000 (reserved)
[    0.000000]  BIOS-e820: 0000000000100000 - 00000000dfffe000 (usable)
[    0.000000]  BIOS-e820: 00000000dfffe000 - 00000000e0000000 (reserved)
[    0.000000]  BIOS-e820: 00000000feffc000 - 00000000ff000000 (reserved)
[    0.000000]  BIOS-e820: 00000000fffc0000 - 0000000100000000 (reserved)
[    0.000000]  BIOS-e820: 0000000100000000 - 0000000420000000 (usable)
[    0.000000] NX (Execute Disable) protection: active
[    0.000000] SMBIOS 2.4 present.
[    0.000000] No AGP bridge found
[    0.000000] last_pfn = 0x420000 max_arch_pfn = 0x400000000
[    0.000000] PAT not supported by CPU.
[    0.000000] last_pfn = 0xdfffe max_arch_pfn = 0x400000000
[    0.000000] found SMP MP-table at [ffff8800000fdac0] fdac0
[    0.000000] init_memory_mapping: 0000000000000000-00000000dfffe000
[    0.000000] init_memory_mapping: 0000000100000000-0000000420000000
[    0.000000] RAMDISK: 36c6c000 - 3762e000
[    0.000000] ACPI: RSDP 00000000000fd8b0 00014 (v00 BOCHS )
[    0.000000] ACPI: RSDT 00000000dfffe470 00038 (v01 BOCHS  BXPCRSDT 00000001 BXPC 00000001)
[    0.000000] ACPI: FACP 00000000dfffff80 00074 (v01 BOCHS  BXPCFACP 00000001 BXPC 00000001)
[    0.000000] ACPI: DSDT 00000000dfffe4b0 01121 (v01   BXPC   BXDSDT 00000001 INTL 20100528)
[    0.000000] ACPI: FACS 00000000dfffff40 00040
[    0.000000] ACPI: SSDT 00000000dffffd70 001C1 (v01 BOCHS  BXPCSSDT 00000001 BXPC 00000001)
[    0.000000] ACPI: APIC 00000000dffffc70 00090 (v01 BOCHS  BXPCAPIC 00000001 BXPC 00000001)
[    0.000000] ACPI: HPET 00000000dffffc30 00038 (v01 BOCHS  BXPCHPET 00000001 BXPC 00000001)
[    0.000000] ACPI: SSDT 00000000dffff5e0 00644 (v01   BXPC BXSSDTPC 00000001 INTL 20100528)
[    0.000000] No NUMA configuration found
[    0.000000] Faking a node at 0000000000000000-0000000420000000
[    0.000000] Initmem setup node 0 0000000000000000-0000000420000000
[    0.000000]   NODE_DATA [000000041fffb000 - 000000041fffffff]
[    0.000000] kvm-clock: Using msrs 4b564d01 and 4b564d00
[    0.000000] kvm-clock: cpu 0, msr 0:16a8741, boot clock
[    0.000000] Zone PFN ranges:
[    0.000000]   DMA      0x00000010 -> 0x00001000
[    0.000000]   DMA32    0x00001000 -> 0x00100000
[    0.000000]   Normal   0x00100000 -> 0x00420000
[    0.000000] Movable zone start PFN for each node
[    0.000000] early_node_map[3] active PFN ranges
[    0.000000]     0: 0x00000010 -> 0x0000009f
[    0.000000]     0: 0x00000100 -> 0x000dfffe
[    0.000000]     0: 0x00100000 -> 0x00420000
[    0.000000] ACPI: PM-Timer IO Port: 0xb008
[    0.000000] ACPI: LAPIC (acpi_id[0x00] lapic_id[0x00] enabled)
[    0.000000] ACPI: LAPIC (acpi_id[0x01] lapic_id[0x01] enabled)
[    0.000000] ACPI: LAPIC (acpi_id[0x02] lapic_id[0x02] enabled)
[    0.000000] ACPI: LAPIC (acpi_id[0x03] lapic_id[0x03] enabled)
[    0.000000] ACPI: LAPIC_NMI (acpi_id[0xff] dfl dfl lint[0x1])
[    0.000000] ACPI: IOAPIC (id[0x04] address[0xfec00000] gsi_base[0])
[    0.000000] IOAPIC[0]: apic_id 4, version 17, address 0xfec00000, GSI 0-23
[    0.000000] ACPI: INT_SRC_OVR (bus 0 bus_irq 0 global_irq 2 dfl dfl)
[    0.000000] ACPI: INT_SRC_OVR (bus 0 bus_irq 5 global_irq 5 high level)
[    0.000000] ACPI: INT_SRC_OVR (bus 0 bus_irq 9 global_irq 9 high level)
[    0.000000] ACPI: INT_SRC_OVR (bus 0 bus_irq 10 global_irq 10 high level)
[    0.000000] ACPI: INT_SRC_OVR (bus 0 bus_irq 11 global_irq 11 high level)
[    0.000000] Using ACPI (MADT) for SMP configuration information
[    0.000000] ACPI: HPET id: 0x8086a201 base: 0xfed00000
[    0.000000] SMP: Allowing 4 CPUs, 0 hotplug CPUs
[    0.000000] PM: Registered nosave memory: 000000000009f000 - 00000000000a0000
[    0.000000] PM: Registered nosave memory: 00000000000a0000 - 00000000000f0000
[    0.000000] PM: Registered nosave memory: 00000000000f0000 - 0000000000100000
[    0.000000] PM: Registered nosave memory: 00000000dfffe000 - 00000000e0000000
[    0.000000] PM: Registered nosave memory: 00000000e0000000 - 00000000feffc000
[    0.000000] PM: Registered nosave memory: 00000000feffc000 - 00000000ff000000
[    0.000000] PM: Registered nosave memory: 00000000ff000000 - 00000000fffc0000
[    0.000000] PM: Registered nosave memory: 00000000fffc0000 - 0000000100000000
[    0.000000] Allocating PCI resources starting at e0000000 (gap: e0000000:1effc000)
[    0.000000] Booting paravirtualized kernel on KVM
[    0.000000] setup_percpu: NR_CPUS:512 nr_cpumask_bits:512 nr_cpu_ids:4 nr_node_ids:1
[    0.000000] PERCPU: Embedded 27 pages/cpu @ffff88041fc00000 s78912 r8192 d23488 u524288
[    0.000000] kvm-clock: cpu 0, msr 4:1fc12741, primary cpu clock
[    0.000000] KVM setup async PF for cpu 0
[    0.000000] kvm-stealtime: cpu 0, msr 41fc0cfc0
[    0.000000] Built 1 zonelists in Zone order, mobility grouping on.  Total pages: 4135048
[    0.000000] Policy zone: Normal
[    0.000000] Kernel command line: BOOT_IMAGE=/boot/vmlinuz-3.2.0-4-amd64 root=UUID=e35ebd7f-2405-4c97-9c3e-26919d55a9e5 ro console=tty0 console=ttyS0,115200n8
[    0.000000] PID hash table entries: 4096 (order: 3, 32768 bytes)
[    0.000000] Checking aperture...
[    0.000000] No AGP bridge found
[    0.000000] Memory: 16460264k/17301504k available (3434k kernel code, 524748k absent, 316492k reserved, 3305k data, 580k init)
[    0.000000] Hierarchical RCU implementation.
[    0.000000] 	RCU dyntick-idle grace-period acceleration is enabled.
[    0.000000] NR_IRQS:33024 nr_irqs:712 16
[    0.000000] Console: colour VGA+ 80x25
[    0.000000] console [tty0] enabled
[    0.000000] console [ttyS0] enabled
[    0.000000] Detected 2199.998 MHz processor.
[    0.008000] Calibrating delay loop (skipped) preset value.. 4399.99 BogoMIPS (lpj=8799992)
[    0.008000] pid_max: default: 32768 minimum: 301
[    0.008000] Security Framework initialized
[    0.008013] AppArmor: AppArmor disabled by boot time parameter
[    0.009981] Dentry cache hash table entries: 2097152 (order: 12, 16777216 bytes)
[    0.015033] Inode-cache hash table entries: 1048576 (order: 11, 8388608 bytes)
[    0.017652] Mount-cache hash table entries: 256
[    0.018716] Initializing cgroup subsys cpuacct
[    0.020015] Initializing cgroup subsys memory
[    0.020902] Initializing cgroup subsys devices
[    0.021778] Initializing cgroup subsys freezer
[    0.022634] Initializing cgroup subsys net_cls
[    0.023510] Initializing cgroup subsys blkio
[    0.024025] Initializing cgroup subsys perf_event
[    0.025027] mce: CPU supports 10 MCE banks
[    0.027235] ACPI: Core revision 20110623
[    0.032703] ..TIMER: vector=0x30 apic1=0 pin1=2 apic2=-1 pin2=-1
[    0.033780] CPU0: Intel QEMU Virtual CPU version 1.1.2 stepping 03
[    0.036002] Performance Events: unsupported p6 CPU model 2 no PMU driver, software events only.
[    0.036002] NMI watchdog disabled (cpu0): hardware events not enabled
[    0.036002] Booting Node   0, Processors  #1
[    0.048008] kvm-clock: cpu 1, msr 4:1fc92741, secondary cpu clock
[    0.052013] NMI watchdog disabled (cpu1): hardware events not enabled
[    0.052245]  #2
[    0.052043] KVM setup async PF for cpu 1
[    0.052043] kvm-stealtime: cpu 1, msr 41fc8cfc0
[    0.064008] kvm-clock: cpu 2, msr 4:1fd12741, secondary cpu clock
[    0.064118] NMI watchdog disabled (cpu2): hardware events not enabled
[    0.068218]  #3 Ok.
[    0.064146] KVM setup async PF for cpu 2
[    0.064146] kvm-stealtime: cpu 2, msr 41fd0cfc0
[    0.080009] kvm-clock: cpu 3, msr 4:1fd92741, secondary cpu clock
[    0.084010] NMI watchdog disabled (cpu3): hardware events not enabled
[    0.084044] Brought up 4 CPUs
[    0.084046] Total of 4 processors activated (17599.98 BogoMIPS).
[    0.084043] KVM setup async PF for cpu 3
[    0.084043] kvm-stealtime: cpu 3, msr 41fd8cfc0
[    0.092077] devtmpfs: initialized
[    0.096612] print_constraints: dummy: 
[    0.097967] NET: Registered protocol family 16
[    0.099013] ACPI: bus type pci registered
[    0.100165] PCI: Using configuration type 1 for base access
[    0.104181] bio: create slab <bio-0> at 0
[    0.105633] ACPI: Added _OSI(Module Device)
[    0.105633] ACPI: Added _OSI(Processor Device)
[    0.106078] ACPI: Added _OSI(3.0 _SCP Extensions)
[    0.108012] ACPI: Added _OSI(Processor Aggregator Device)
[    0.112765] ACPI: Interpreter enabled
[    0.113647] ACPI: (supports S0 S3 S4 S5)
[    0.114876] ACPI: Using IOAPIC for interrupt routing
[    0.119634] ACPI: No dock devices found.
[    0.120011] HEST: Table not found.
[    0.120804] PCI: Ignoring host bridge windows from ACPI; if necessary, use "pci=use_crs" and report a bug
[    0.122559] ACPI: PCI Root Bridge [PCI0] (domain 0000 [bus 00-ff])
[    0.129127] pci 0000:00:01.3: quirk: [io  0xb000-0xb03f] claimed by PIIX4 ACPI
[    0.130576] pci 0000:00:01.3: quirk: [io  0xb100-0xb10f] claimed by PIIX4 SMB
[    0.150762]  pci0000:00: Unable to request _OSC control (_OSC support mask: 0x1e)
[    0.154394] ACPI: PCI Interrupt Link [LNKA] (IRQs 5 *10 11)
[    0.156364] ACPI: PCI Interrupt Link [LNKB] (IRQs 5 *10 11)
[    0.158016] ACPI: PCI Interrupt Link [LNKC] (IRQs 5 10 *11)
[    0.159664] ACPI: PCI Interrupt Link [LNKD] (IRQs 5 10 *11)
[    0.160982] ACPI: PCI Interrupt Link [LNKS] (IRQs 9) *0
[    0.162782] vgaarb: device added: PCI:0000:00:02.0,decodes=io+mem,owns=io+mem,locks=none
[    0.164019] vgaarb: loaded
[    0.164670] vgaarb: bridge control possible 0000:00:02.0
[    0.165828] PCI: Using ACPI for IRQ routing
[    0.168439] HPET: 3 timers in total, 0 timers will be used for per-cpu timer
[    0.169699] hpet0: at MMIO 0xfed00000, IRQs 2, 8, 0
[    0.171104] hpet0: 3 comparators, 64-bit 100.000000 MHz counter
[    0.185333] Switching to clocksource kvm-clock
[    0.191973] pnp: PnP ACPI init
[    0.192749] ACPI: bus type pnp registered
[    0.194706] pnp: PnP ACPI: found 8 devices
[    0.195550] ACPI: ACPI bus type pnp unregistered
[    0.213925] NET: Registered protocol family 2
[    0.217365] IP route cache hash table entries: 524288 (order: 10, 4194304 bytes)
[    0.223329] TCP established hash table entries: 524288 (order: 11, 8388608 bytes)
[    0.231563] TCP bind hash table entries: 65536 (order: 8, 1048576 bytes)
[    0.233638] TCP: Hash tables configured (established 524288 bind 65536)
[    0.234837] TCP reno registered
[    0.235542] UDP hash table entries: 8192 (order: 6, 262144 bytes)
[    0.236934] UDP-Lite hash table entries: 8192 (order: 6, 262144 bytes)
[    0.238824] NET: Registered protocol family 1
[    0.239688] pci 0000:00:00.0: Limiting direct PCI/PCI transfers
[    0.248617] pci 0000:00:01.0: PIIX3: Enabling Passive Release
[    0.249650] pci 0000:00:01.0: Activating ISA DMA hang workarounds
[    0.250854] Unpacking initramfs...
[    0.483754] Freeing initrd memory: 9992k freed
[    0.487686] PCI-DMA: Using software bounce buffering for IO (SWIOTLB)
[    0.489005] Placing 64MB software IO TLB between ffff8800dbff0000 - ffff8800dfff0000
[    0.490418] software IO TLB at phys 0xdbff0000 - 0xdfff0000
[    0.493731] audit: initializing netlink socket (disabled)
[    0.494784] type=2000 audit(1481668234.488:1): initialized
[    0.523652] HugeTLB registered 2 MB page size, pre-allocated 0 pages
[    0.529166] VFS: Disk quotas dquot_6.5.2
[    0.530095] Dquot-cache hash table entries: 512 (order 0, 4096 bytes)
[    0.531456] msgmni has been set to 32168
[    0.533086] alg: No test for stdrng (krng)
[    0.534080] Block layer SCSI generic (bsg) driver version 0.4 loaded (major 253)
[    0.535515] io scheduler noop registered
[    0.536417] io scheduler deadline registered
[    0.537494] io scheduler cfq registered (default)
[    0.538571] pci_hotplug: PCI Hot Plug PCI Core version: 0.5
[    0.539666] pciehp: PCI Express Hot Plug Controller Driver version: 0.4
[    0.540945] acpiphp: ACPI Hot Plug PCI Controller Driver version: 0.5
[    0.542186] acpiphp: Slot [3] registered
[    0.543012] acpiphp: Slot [4] registered
[    0.543832] acpiphp: Slot [5] registered
[    0.544769] acpiphp: Slot [6] registered
[    0.545608] acpiphp: Slot [7] registered
[    0.546421] acpiphp: Slot [8] registered
[    0.547253] acpiphp: Slot [9] registered
[    0.548175] acpiphp: Slot [10] registered
[    0.549009] acpiphp: Slot [11] registered
[    0.549831] acpiphp: Slot [12] registered
[    0.550675] acpiphp: Slot [13] registered
[    0.551534] acpiphp: Slot [14] registered
[    0.552491] acpiphp: Slot [15] registered
[    0.553293] acpiphp: Slot [16] registered
[    0.554094] acpiphp: Slot [17] registered
[    0.554901] acpiphp: Slot [18] registered
[    0.555717] acpiphp: Slot [19] registered
[    0.556661] acpiphp: Slot [20] registered
[    0.557455] acpiphp: Slot [21] registered
[    0.558269] acpiphp: Slot [22] registered
[    0.559066] acpiphp: Slot [23] registered
[    0.559874] acpiphp: Slot [24] registered
[    0.560852] acpiphp: Slot [25] registered
[    0.561626] acpiphp: Slot [26] registered
[    0.562385] acpiphp: Slot [27] registered
[    0.563176] acpiphp: Slot [28] registered
[    0.564015] acpiphp: Slot [29] registered
[    0.564933] acpiphp: Slot [30] registered
[    0.565709] acpiphp: Slot [31] registered
[    0.566671] ERST: Table is not found!
[    0.567405] GHES: HEST is not enabled!
[    0.568482] Serial: 8250/16550 driver, 4 ports, IRQ sharing enabled
[    0.591181] serial8250: ttyS0 at I/O 0x3f8 (irq = 4) is a 16550A
[    0.658036] 00:06: ttyS0 at I/O 0x3f8 (irq = 4) is a 16550A
[    0.659756] Linux agpgart interface v0.103
[    0.660839] i8042: PNP: PS/2 Controller [PNP0303:KBD,PNP0f13:MOU] at 0x60,0x64 irq 1,12
[    0.663087] serio: i8042 KBD port at 0x60,0x64 irq 1
[    0.664029] serio: i8042 AUX port at 0x60,0x64 irq 12
[    0.665796] mousedev: PS/2 mouse device common for all mice
[    0.667112] input: AT Translated Set 2 keyboard as /devices/platform/i8042/serio0/input/input0
[    0.668939] rtc_cmos 00:01: RTC can wake from S4
[    0.670087] rtc_cmos 00:01: rtc core: registered rtc_cmos as rtc0
[    0.671332] rtc0: alarms up to one day, 114 bytes nvram, hpet irqs
[    0.672545] cpuidle: using governor ladder
[    0.673339] cpuidle: using governor menu
[    0.674504] TCP cubic registered
[    0.676111] NET: Registered protocol family 10
[    0.677951] Mobile IPv6
[    0.678522] NET: Registered protocol family 17
[    0.679373] Registering the dns_resolver key type
[    0.680489] registered taskstats version 1
[    0.682595] rtc_cmos 00:01: setting system clock to 2016-12-13 22:30:34 UTC (1481668234)
[    0.684217] Initializing network drop monitor service
[    0.686959] Freeing unused kernel memory: 580k freed
[    0.688261] Write protecting the kernel read-only data: 6144k
[    0.691962] Freeing unused kernel memory: 644k freed
[    0.696023] Freeing unused kernel memory: 688k freed
Loading, please wait...
[    0.715558] udevd[58]: starting version 175
[    0.730567] SCSI subsystem initialized
[    0.732184] e1000: Intel(R) PRO/1000 Network Driver - version 7.3.21-k8-NAPI
[    0.733448] e1000: Copyright (c) 1999-2006 Intel Corporation.
[    0.739211] ACPI: PCI Interrupt Link [LNKC] enabled at IRQ 11
[    0.754864] Floppy drive(s): fd0 is 1.44M
[    0.777091] FDC 0 is a S82078B
[    1.090686] e1000 0000:00:03.0: eth0: (PCI:33MHz:32-bit) 52:54:00:12:34:56
[    1.091953] e1000 0000:00:03.0: eth0: Intel(R) PRO/1000 Network Connection
[    1.094720] scsi0 : ata_piix
[    1.096632] scsi1 : ata_piix
[    1.097711] ata1: PATA max MWDMA2 cmd 0x1f0 ctl 0x3f6 bmdma 0xc040 irq 14
[    1.098899] ata2: PATA max MWDMA2 cmd 0x170 ctl 0x376 bmdma 0xc048 irq 15
[    1.257555] ata2.00: ATAPI: QEMU DVD-ROM, 1.1.2, max UDMA/100
[    1.258868] ata1.00: ATA-7: QEMU HARDDISK, 1.1.2, max UDMA/100
[    1.259975] ata1.00: 9011200 sectors, multi 16: LBA48 
[    1.261497] ata2.00: configured for MWDMA2
[    1.262860] ata1.00: configured for MWDMA2
[    1.263949] scsi 0:0:0:0: Direct-Access     ATA      QEMU HARDDISK    1.1. PQ: 0 ANSI: 5
[    1.266724] scsi 1:0:0:0: CD-ROM            QEMU     QEMU DVD-ROM     1.1. PQ: 0 ANSI: 5
[    1.277692] sr0: scsi3-mmc drive: 4x/4x cd/rw xa/form2 tray
[    1.277707] sd 0:0:0:0: [sda] 9011200 512-byte logical blocks: (4.61 GB/4.29 GiB)
[    1.277741] sd 0:0:0:0: [sda] Write Protect is off
[    1.277757] sd 0:0:0:0: [sda] Write cache: disabled, read cache: enabled, doesn't support DPO or FUA
[    1.278385]  sda: sda1
[    1.283818] cdrom: Uniform CD-ROM driver Revision: 3.20
[    1.283966] sd 0:0:0:0: [sda] Attached SCSI disk
[    1.289123] sd 0:0:0:0: Attached scsi generic sg0 type 0
[    1.290315] sr 1:0:0:0: Attached scsi generic sg1 type 5
[    1.488172] Refined TSC clocksource calibration: 2199.954 MHz.
Begin: Loading essential drivers ... done.
Begin: Running /scripts/init-premount ... done.
Begin: Mounting root file system ... Begin: Running /scripts/local-top ... done.
Begin: Running /scripts/local-premount ... done.
[    1.817616] EXT4-fs (sda1): mounted filesystem with ordered data mode. Opts: (null)
Begin: Running /scripts/local-bottom ... done.
done.
Begin: Running /scripts/init-bottom ... done.
INIT: version 2.88 booting
[[36minfo[39;49m] Using makefile-style concurrent boot in runlevel S.
findfs: unable to resolve 'UUID="e35ebd7f-2405-4c97-9c3e-26919d55a9e5"'
[....] Starting the hotplug events dispatcher: udevd[    2.310720] udevd[315]: starting version 175
[?25l[?1c7[1G[[32m ok [39;49m8[?25h[?0c.
[....] Synthesizing the initial hotplug events...[    2.415574] input: Power Button as /devices/LNXSYSTM:00/LNXPWRBN:00/input/input1
[    2.418135] ACPI: Power Button [PWRF]
[?25l[?1c7[1G[[32m ok [39;49m8[?25h[?0cdone.
[....] Waiting for /dev to be fully populated...[    2.466388] input: PC Speaker as /devices/platform/pcspkr/input/input2
[    2.472507] piix4_smbus 0000:00:01.3: SMBus Host Controller at 0xb100, revision 0
[    2.483800] Error: Driver 'pcspkr' is already registered, aborting...
[    2.519771] parport_pc 00:05: reported by Plug and Play ACPI
[    2.522551] parport0: PC-style at 0x378, irq 7 [PCSPP,TRISTATE]
[?25l[?1c7[1G[[32m ok [39;49m8[?25h[?0cdone.
findfs: unable to resolve 'UUID="e35ebd7f-2405-4c97-9c3e-26919d55a9e5"'
[....] Activating swap...[?25l[?1c7[1G[[32m ok [39;49m8[?25h[?0cdone.
Usage: mountpoint [-q] [-d] [-x] path
[    3.088845] EXT4-fs (sda1): re-mounted. Opts: (null)
[....] Checking root file system...fsck from util-linux 2.20.1
/run/rootdev: clean, 32669/264000 files, 885378/1054720 blocks
[?25l[?1c7[1G[[32m ok [39;49m8[?25h[?0cdone.
[    3.179666] EXT4-fs (sda1): re-mounted. Opts: errors=remount-ro,errors=remount-ro
[    3.191698] input: ImExPS/2 Generic Explorer Mouse as /devices/platform/i8042/serio1/input/input3
[....] Cleaning up temporary files... /tmp[?25l[?1c7[1G[[32m ok [39;49m8[?25h[?0c.
findfs: unable to resolve 'UUID="e35ebd7f-2405-4c97-9c3e-26919d55a9e5"'
findfs: unable to resolve 'UUID="e35ebd7f-2405-4c97-9c3e-26919d55a9e5"'
[....] Activating lvm and md swap...[?25l[?1c7[1G[[32m ok [39;49m8[?25h[?0cdone.
[....] Checking file systems...fsck from util-linux 2.20.1
[?25l[?1c7[1G[[32m ok [39;49m8[?25h[?0cdone.
[....] Mounting local filesystems...[?25l[?1c7[1G[[32m ok [39;49m8[?25h[?0cdone.
[....] Activating swapfile swap...[?25l[?1c7[1G[[32m ok [39;49m8[?25h[?0cdone.
findfs: unable to resolve 'UUID="e35ebd7f-2405-4c97-9c3e-26919d55a9e5"'
[....] Cleaning up temporary files...[?25l[?1c7[1G[[32m ok [39;49m8[?25h[?0c.
[....] Setting kernel variables ...[?25l[?1c7[1G[[32m ok [39;49m8[?25h[?0cdone.
[....] Configuring network interfaces...Internet Systems Consortium DHCP Client 4.2.2
Copyright 2004-2011 Internet Systems Consortium.
All rights reserved.
For info, please visit https://www.isc.org/software/dhcp/

[    4.372329] ADDRCONF(NETDEV_UP): eth0: link is not ready
Listening on LPF/eth0/52:54:00:12:34:56
Sending on   LPF/eth0/52:54:00:12:34:56
Sending on   Socket/fallback
DHCPDISCOVER on eth0 to 255.255.255.255 port 67 interval 3
[    6.372856] e1000: eth0 NIC Link is Up 1000 Mbps Full Duplex, Flow Control: RX
[    6.378553] ADDRCONF(NETDEV_CHANGE): eth0: link becomes ready
DHCPDISCOVER on eth0 to 255.255.255.255 port 67 interval 3
DHCPREQUEST on eth0 to 255.255.255.255 port 67
DHCPOFFER from 10.0.2.2
DHCPACK from 10.0.2.2
bound to 10.0.2.15 -- renewal in 33447 seconds.
ifup: interface eth0 already configured
[?25l[?1c7[1G[[32m ok [39;49m8[?25h[?0cdone.
[....] Cleaning up temporary files...[?25l[?1c7[1G[[32m ok [39;49m8[?25h[?0c.
INIT: Entering runlevel: 2
[[36minfo[39;49m] Using makefile-style concurrent boot in runlevel 2.
[....] Starting OpenBSD Secure Shell server: sshd[?25l[?1c7[1G[[32m ok [39;49m8[?25h[?0c.
Entering benchmark mode
./scaff/bin/uniform/syrk_STANDARD dummy.out 40
STARTING syrk_STANDARD execution: Wed Dec 14 00:30:42 EET 2016
Execution Time; 0.396235
Execution Time; 0.354962
Execution Time; 2.380909
Execution Time; 0.352495
Execution Time; 0.364081
Execution Time; 0.367224
Execution Time; 0.357646
Execution Time; 0.380256
Execution Time; 0.379036
Execution Time; 0.387305
Execution Time; 1.400421
Execution Time; 0.391408
Execution Time; 0.392474
Execution Time; 0.390980
Execution Time; 0.384030
Execution Time; 0.388785
Execution Time; 0.380480
Execution Time; 1.410283
Execution Time; 0.383549
Execution Time; 0.374266
Execution Time; 0.389947
Execution Time; 0.383102
Execution Time; 1.399138
Execution Time; 0.373526
Execution Time; 0.372934
Execution Time; 1.374468
Execution Time; 0.401785
Execution Time; 0.388815
Execution Time; 1.390902
Execution Time; 0.384777
Execution Time; 1.392175
Execution Time; 0.371233
Execution Time; 0.358365
Execution Time; 0.386466
Execution Time; 0.387074
Execution Time; 1.388801
Execution Time; 0.371669
Execution Time; 0.357766
Execution Time; 1.378162
Execution Time; 0.386417
Execution Time; 1.409455
Execution Time; 0.389191
Execution Time; 0.401643
Execution Time; 1.406522
Execution Time; 0.389316
Execution Time; 0.381578
Execution Time; 0.384892
Execution Time; 0.390004
Execution Time; 1.388901
Execution Time; 0.397393
Execution Time; 0.395757
Execution Time; 1.391094
Execution Time; 0.394233
Execution Time; 2.400057
Execution Time; 0.393500
Execution Time; 0.385054
Execution Time; 1.390598
Execution Time; 0.388971
Execution Time; 1.393557
Execution Time; 0.381484
Execution Time; 0.388066
Execution Time; 1.381964
Execution Time; 0.369769
Execution Time; 1.378927
Execution Time; 0.397967
Execution Time; 0.402274
Execution Time; 1.396742
Execution Time; 0.392939
Execution Time; 1.399886
Execution Time; 0.385163
Execution Time; 0.405858
Execution Time; 1.413605
Execution Time; 0.390293
Execution Time; 1.399542
Execution Time; 0.389656
Execution Time; 0.396526
Execution Time; 1.399013
Execution Time; 0.393510
Execution Time; 1.401075
Execution Time; 0.397714
Execution Time; 0.390783
Execution Time; 1.401396
Execution Time; 0.394604
Execution Time; 1.392730
Execution Time; 0.393511
Execution Time; 0.386589
Execution Time; 1.409910
Execution Time; 0.394444
Execution Time; 1.407375
Execution Time; 0.392977
Execution Time; 0.395009
Execution Time; 1.403600
Execution Time; 0.390246
Execution Time; 1.408695
Execution Time; 0.398043
Execution Time; 0.385209
Execution Time; 1.402278
Execution Time; 0.396878
Execution Time; 1.396099
Execution Time; 0.392935
Execution Time; 0.409083
Execution Time; 1.394705
Execution Time; 0.393428
Execution Time; 1.397619
Execution Time; 0.398609
Execution Time; 0.407996
Execution Time; 1.400347
Execution Time; 0.393352
Execution Time; 1.402942
Execution Time; 0.362752
Execution Time; 0.371567
Execution Time; 1.384878
Execution Time; 0.388223
Execution Time; 1.384895
Execution Time; 0.393628
Execution Time; 0.386315
Execution Time; 1.395445
Execution Time; 0.391401
Execution Time; 1.413409
Execution Time; 0.398490
Execution Time; 0.387553
Execution Time; 1.423084
Execution Time; 0.383336
Execution Time; 1.395181
Execution Time; 0.390550
Execution Time; 0.390323
Execution Time; 1.412292
Execution Time; 0.396451
Execution Time; 1.409582
Execution Time; 0.387230
Execution Time; 0.387301
Execution Time; 1.385753
Execution Time; 0.376134
Execution Time; 1.396272
Execution Time; 0.363563
Execution Time; 0.405496
Execution Time; 1.390910
Execution Time; 0.381845
Execution Time; 1.407095
Execution Time; 0.389268
Execution Time; 0.385364
Execution Time; 1.409871
Execution Time; 0.419730
Execution Time; 1.426129
Execution Time; 0.385067
Execution Time; 0.389022
Execution Time; 1.399729
Execution Time; 0.392097
Execution Time; 1.407101
Execution Time; 0.390347
Execution Time; 0.394919
Execution Time; 1.436440
Execution Time; 0.421183
Execution Time; 1.413941
Execution Time; 0.387033
Execution Time; 0.395366
Execution Time; 2.396482
Execution Time; 0.385250
Execution Time; 1.407275
Execution Time; 0.384172
Execution Time; 0.393140
Execution Time; 1.393738
Execution Time; 0.403787
Execution Time; 1.401979
Execution Time; 0.394996
Execution Time; 0.393755
Execution Time; 1.431865
Execution Time; 0.418653
Execution Time; 1.400195
Execution Time; 0.396837
Execution Time; 1.403838
Execution Time; 0.404845
Execution Time; 0.393330
Execution Time; 1.399546
Execution Time; 0.403811
Execution Time; 1.393480
Execution Time; 0.401751
Execution Time; 0.393529
Execution Time; 1.397349
Execution Time; 0.388699
Execution Time; 1.401998
Execution Time; 0.389467
Execution Time; 0.393967
Execution Time; 1.390378
Execution Time; 0.393134
Execution Time; 1.399068
Execution Time; 0.389732
Execution Time; 0.389115
Execution Time; 1.413459
Execution Time; 0.415598
Execution Time; 1.416154
Execution Time; 0.394771
Execution Time; 0.390170
Execution Time; 2.401338
Execution Time; 0.386982
Execution Time; 2.419762
Execution Time; 0.413673
Execution Time; 0.405352
Execution Time; 1.393370
Execution Time; 0.392917
Execution Time; 2.398673
Execution Time; 0.393942
Execution Time; 0.387136
Execution Time; 1.425005
Execution Time; 0.417798
Execution Time; 1.419922
Execution Time; 0.388466
Execution Time; 0.399157
Execution Time; 0.393996
Execution Time; 0.402751
Execution Time; 2.393530
Execution Time; 0.392478
Execution Time; 0.393545
Execution Time; 0.416623
Execution Time; 0.416936
Execution Time; 1.398689
Execution Time; 0.387303
Execution Time; 2.407870
Execution Time; 0.392857
Execution Time; 0.391016
Execution Time; 1.413874
Execution Time; 0.418177
Execution Time; 1.428630
Execution Time; 0.384880
Execution Time; 0.359135
Execution Time; 2.389948
Execution Time; 0.388989
Execution Time; 1.402553
Execution Time; 0.424942
Execution Time; 0.420563
Execution Time; 1.409414
Execution Time; 0.415681
Execution Time; 1.429694
Execution Time; 0.409955
Execution Time; 2.422892
Execution Time; 0.364820
Execution Time; 0.353080
Execution Time; 2.377962
Execution Time; 0.396204
Execution Time; 0.394721
Execution Time; 1.402816
Execution Time; 0.386270
Execution Time; 2.412447
Execution Time; 0.425569
Execution Time; 2.425793
Execution Time; 0.394770
Execution Time; 0.401770
Execution Time; 2.415305
Execution Time; 0.397060
Execution Time; 2.402120
Execution Time; 0.410835
Execution Time; 0.397418
Execution Time; 2.423873
Execution Time; 0.417642
Execution Time; 2.421814
Execution Time; 0.390499
Execution Time; 0.389896
Execution Time; 2.389338
Execution Time; 0.388025
Execution Time; 2.393595
Execution Time; 0.415981
Execution Time; 0.432911
Execution Time; 2.426282
Execution Time; 0.406071
Execution Time; 2.411687
Execution Time; 0.391701
Execution Time; 2.415892
Execution Time; 0.403506
Execution Time; 0.398151
Execution Time; 2.402954
Execution Time; 0.436967
Execution Time; 2.428272
Execution Time; 0.392708
Execution Time; 0.395401
Execution Time; 2.402685
Execution Time; 0.402598
Execution Time; 2.404811
Execution Time; 0.403339
Execution Time; 0.399550
Execution Time; 2.420374
Execution Time; 0.409965
Execution Time; 2.427599
Execution Time; 0.393933
Execution Time; 2.397561
Execution Time; 0.398879
Execution Time; 0.400342
Execution Time; 2.404120
Execution Time; 0.393768
Execution Time; 2.405253
Execution Time; 0.412577
Execution Time; 0.424908
Execution Time; 2.403753
Execution Time; 0.397780
Execution Time; 2.415745
Execution Time; 0.398488
Execution Time; 0.396237
Execution Time; 2.401303
Execution Time; 0.391736
Execution Time; 2.416554
Execution Time; 0.428412
Execution Time; 0.415456
Execution Time; 2.411239
Execution Time; 0.415393
Execution Time; 2.408543
Execution Time; 0.401731
Execution Time; 2.416290
Execution Time; 0.415841
Execution Time; 0.396518
Execution Time; 2.424956
Execution Time; 0.611722
Execution Time; 2.426505
Execution Time; 0.399447
Execution Time; 2.397451
Execution Time; 0.410170
Execution Time; 0.403103
Execution Time; 2.405983
Execution Time; 0.395957
Execution Time; 2.426240
Execution Time; 0.418333
Execution Time; 2.430273
Execution Time; 0.410747
Execution Time; 0.397752
Execution Time; 2.403374
Execution Time; 0.400527
Execution Time; 2.406618
Execution Time; 0.399708
Execution Time; 0.401676
Execution Time; 2.446786
Execution Time; 0.416816
Execution Time; 2.402792
Execution Time; 0.367628
Execution Time; 0.371634
Execution Time; 2.411113
Execution Time; 0.411079
Execution Time; 2.409138
Execution Time; 0.392002
Execution Time; 2.416177
Execution Time; 0.396044
Execution Time; 0.402546
Execution Time; 2.401404
Execution Time; 0.387287
Execution Time; 2.402480
Execution Time; 0.396374
Execution Time; 0.409693
Execution Time; 2.412382
Execution Time; 0.387270
Execution Time; 2.402718
Execution Time; 0.396033
Execution Time; 0.406621
Execution Time; 2.405486
Execution Time; 0.400044
Execution Time; 3.420946
Execution Time; 0.400957
Execution Time; 0.404661
Execution Time; 2.408472
Execution Time; 0.400563
Execution Time; 2.415312
Execution Time; 0.417015
Execution Time; 0.412681
Execution Time; 2.407917
Execution Time; 0.404012
Execution Time; 2.409305
Execution Time; 0.416070
Execution Time; 2.406013
Execution Time; 0.405996
Execution Time; 0.403838
Execution Time; 2.429148
Execution Time; 0.423405
Execution Time; 2.412435
Execution Time; 0.363511
Execution Time; 0.362492
Execution Time; 2.387570
Execution Time; 0.397475
Execution Time; 2.404455
Execution Time; 0.403178
Execution Time; 0.393658
Execution Time; 2.404485
Execution Time; 0.405247
Execution Time; 2.412200
Execution Time; 0.395234
Execution Time; 0.397636
Execution Time; 2.409272
Execution Time; 0.419295
Execution Time; 2.431174
Execution Time; 0.392237
Execution Time; 0.407807
Execution Time; 2.413987
Execution Time; 0.394947
Execution Time; 2.410433
Execution Time; 0.404493
Execution Time; 0.390178
Execution Time; 3.415110
Execution Time; 0.382114
Execution Time; 2.410670
Execution Time; 0.416568
Execution Time; 2.429199
Execution Time; 0.399488
Execution Time; 0.397449
Execution Time; 2.409418
Execution Time; 0.391237
Execution Time; 2.409749
Execution Time; 0.390165
Execution Time; 0.394116
Execution Time; 2.412519
Execution Time; 0.428530
Execution Time; 2.437061
Execution Time; 0.400309
Execution Time; 0.404368
Execution Time; 2.413865
Execution Time; 0.406834
Execution Time; 2.427361
Execution Time; 0.399600
Execution Time; 3.432470
Execution Time; 0.387024
Execution Time; 0.394895
Execution Time; 2.443437
Execution Time; 0.415041
Execution Time; 2.422996
Execution Time; 0.388468
Execution Time; 0.393602
Execution Time; 3.416822
Execution Time; 0.399277
Execution Time; 3.413616
Execution Time; 0.394336
Execution Time; 0.401570
Execution Time; 3.403702
Execution Time; 0.401045
Execution Time; 3.409101
Execution Time; 0.392942
Execution Time; 0.399655
Execution Time; 3.412902
Execution Time; 0.393462
Execution Time; 3.409196
Execution Time; 0.383210
Execution Time; 0.386443
Execution Time; 3.420092
Execution Time; 0.400695
Execution Time; 2.419878
Execution Time; 0.400051
Execution Time; 3.412586
INIT: Switching to runlevel: 0
INIT: Sending processes the TERM signal
[[36minfo[39;49m] Using makefile-style concurrent boot in runlevel 0.
[....] Asking all remaining processes to terminate...[?25l[?1c7[1G[[32m ok [39;49m8[?25h[?0cdone.
[....] All processes ended within 2 seconds...[?25l[?1c7[1G[[32m ok [39;49m8[?25h[?0cdone.
[[36minfo[39;49m] Saving the system clock.
[[36minfo[39;49m] Hardware Clock updated to Tue Dec 13 22:38:21 UTC 2016.
[....] Deconfiguring network interfaces...Internet Systems Consortium DHCP Client 4.2.2
Copyright 2004-2011 Internet Systems Consortium.
All rights reserved.
For info, please visit https://www.isc.org/software/dhcp/

Listening on LPF/eth0/52:54:00:12:34:56
Sending on   LPF/eth0/52:54:00:12:34:56
Sending on   Socket/fallback
DHCPRELEASE on eth0 to 10.0.2.2 port 67
[?25l[?1c7[1G[[32m ok [39;49m8[?25h[?0cdone.
[....] Deactivating swap...[?25l[?1c7[1G[[32m ok [39;49m8[?25h[?0cdone.
[  467.857353] EXT4-fs (sda1): re-mounted. Opts: (null)
[[36minfo[39;49m] Will now halt.
[  469.879215] sd 0:0:0:0: [sda] Stopping disk
[  469.881946] ACPI: Preparing to enter system sleep state S5
[  469.883019] Power down.
aff-executor-preload.c:affhooks_init()
aff-executor-preload.c:affhooks_shut()
HELLO KITTY
