aff-executor-preload.c:affhooks_init()
[H[J[?25l[m[H[J[2;25HGNU GRUB  version 1.99-27+deb7u2

[m[4;2H+--------------------------------------------------------------------------+[5;2H|[5;77H|[6;2H|[6;77H|[7;2H|[7;77H|[8;2H|[8;77H|[9;2H|[9;77H|[10;2H|[10;77H|[11;2H|[11;77H|[12;2H|[12;77H|[13;2H|[13;77H|[14;2H|[14;77H|[15;2H|[15;77H|[16;2H|[16;77H|[17;2H+--------------------------------------------------------------------------+[m[18;2H[m
      Use the ^ and v keys to select which entry is highlighted.      
      Press enter to boot the selected OS, 'e' to edit the commands      
      before booting or 'c' for a command-line.      
      [5;78H [7m[5;3HDebian GNU/Linux, with Linux 3.2.0-4-amd64                               [m [5;76H[m[m[6;3HDebian GNU/Linux, with Linux 3.2.0-4-amd64 (recovery mode)               [m [6;76H[m[m[7;3H                                                                         [m [7;76H[m[m[8;3H                                                                         [m [8;76H[m[m[9;3H                                                                         [m [9;76H[m[m[10;3H                                                                         [m [10;76H[m[m[11;3H                                                                         [m [11;76H[m[m[12;3H                                                                         [m [12;76H[m[m[13;3H                                                                         [m [13;76H[m[m[14;3H                                                                         [m [14;76H[m[m[15;3H                                                                         [m [15;76H[m[m[16;3H                                                                         [m [16;76H[m[16;78H [5;76H[22;1H   The highlighted entry will be executed automatically in 5s.                 [5;76H[22;1H   The highlighted entry will be executed automatically in 4s.                 [5;76H[22;1H   The highlighted entry will be executed automatically in 3s.                 [5;76H[22;1H   The highlighted entry will be executed automatically in 2s.                 [5;76H[22;1H   The highlighted entry will be executed automatically in 1s.                 [5;76H[22;1H   The highlighted entry will be executed automatically in 0s.                 [5;76H[?25h[H[J[H[J  Booting 'Debian GNU/Linux, with Linux 3.2.0-4-amd64'

Loading Linux 3.2.0-4-amd64 ...
Loading initial ramdisk ...
[    0.000000] Initializing cgroup subsys cpuset
[    0.000000] Initializing cgroup subsys cpu
[    0.000000] Linux version 3.2.0-4-amd64 (debian-kernel@lists.debian.org) (gcc version 4.6.3 (Debian 4.6.3-14) ) #1 SMP Debian 3.2.68-1+deb7u3
[    0.000000] Command line: BOOT_IMAGE=/boot/vmlinuz-3.2.0-4-amd64 root=UUID=e35ebd7f-2405-4c97-9c3e-26919d55a9e5 ro console=tty0 console=ttyS0,115200n8
[    0.000000] BIOS-provided physical RAM map:
[    0.000000]  BIOS-e820: 0000000000000000 - 000000000009f400 (usable)
[    0.000000]  BIOS-e820: 000000000009f400 - 00000000000a0000 (reserved)
[    0.000000]  BIOS-e820: 00000000000f0000 - 0000000000100000 (reserved)
[    0.000000]  BIOS-e820: 0000000000100000 - 00000000dfffe000 (usable)
[    0.000000]  BIOS-e820: 00000000dfffe000 - 00000000e0000000 (reserved)
[    0.000000]  BIOS-e820: 00000000feffc000 - 00000000ff000000 (reserved)
[    0.000000]  BIOS-e820: 00000000fffc0000 - 0000000100000000 (reserved)
[    0.000000]  BIOS-e820: 0000000100000000 - 0000000420000000 (usable)
[    0.000000] NX (Execute Disable) protection: active
[    0.000000] SMBIOS 2.4 present.
[    0.000000] No AGP bridge found
[    0.000000] last_pfn = 0x420000 max_arch_pfn = 0x400000000
[    0.000000] PAT not supported by CPU.
[    0.000000] last_pfn = 0xdfffe max_arch_pfn = 0x400000000
[    0.000000] found SMP MP-table at [ffff8800000fdac0] fdac0
[    0.000000] init_memory_mapping: 0000000000000000-00000000dfffe000
[    0.000000] init_memory_mapping: 0000000100000000-0000000420000000
[    0.000000] RAMDISK: 36c6c000 - 3762e000
[    0.000000] ACPI: RSDP 00000000000fd8b0 00014 (v00 BOCHS )
[    0.000000] ACPI: RSDT 00000000dfffe470 00038 (v01 BOCHS  BXPCRSDT 00000001 BXPC 00000001)
[    0.000000] ACPI: FACP 00000000dfffff80 00074 (v01 BOCHS  BXPCFACP 00000001 BXPC 00000001)
[    0.000000] ACPI: DSDT 00000000dfffe4b0 01121 (v01   BXPC   BXDSDT 00000001 INTL 20100528)
[    0.000000] ACPI: FACS 00000000dfffff40 00040
[    0.000000] ACPI: SSDT 00000000dffffd70 001C1 (v01 BOCHS  BXPCSSDT 00000001 BXPC 00000001)
[    0.000000] ACPI: APIC 00000000dffffc70 00090 (v01 BOCHS  BXPCAPIC 00000001 BXPC 00000001)
[    0.000000] ACPI: HPET 00000000dffffc30 00038 (v01 BOCHS  BXPCHPET 00000001 BXPC 00000001)
[    0.000000] ACPI: SSDT 00000000dffff5e0 00644 (v01   BXPC BXSSDTPC 00000001 INTL 20100528)
[    0.000000] No NUMA configuration found
[    0.000000] Faking a node at 0000000000000000-0000000420000000
[    0.000000] Initmem setup node 0 0000000000000000-0000000420000000
[    0.000000]   NODE_DATA [000000041fffb000 - 000000041fffffff]
[    0.000000] kvm-clock: Using msrs 4b564d01 and 4b564d00
[    0.000000] kvm-clock: cpu 0, msr 0:16a8741, boot clock
[    0.000000] Zone PFN ranges:
[    0.000000]   DMA      0x00000010 -> 0x00001000
[    0.000000]   DMA32    0x00001000 -> 0x00100000
[    0.000000]   Normal   0x00100000 -> 0x00420000
[    0.000000] Movable zone start PFN for each node
[    0.000000] early_node_map[3] active PFN ranges
[    0.000000]     0: 0x00000010 -> 0x0000009f
[    0.000000]     0: 0x00000100 -> 0x000dfffe
[    0.000000]     0: 0x00100000 -> 0x00420000
[    0.000000] ACPI: PM-Timer IO Port: 0xb008
[    0.000000] ACPI: LAPIC (acpi_id[0x00] lapic_id[0x00] enabled)
[    0.000000] ACPI: LAPIC (acpi_id[0x01] lapic_id[0x01] enabled)
[    0.000000] ACPI: LAPIC (acpi_id[0x02] lapic_id[0x02] enabled)
[    0.000000] ACPI: LAPIC (acpi_id[0x03] lapic_id[0x03] enabled)
[    0.000000] ACPI: LAPIC_NMI (acpi_id[0xff] dfl dfl lint[0x1])
[    0.000000] ACPI: IOAPIC (id[0x04] address[0xfec00000] gsi_base[0])
[    0.000000] IOAPIC[0]: apic_id 4, version 17, address 0xfec00000, GSI 0-23
[    0.000000] ACPI: INT_SRC_OVR (bus 0 bus_irq 0 global_irq 2 dfl dfl)
[    0.000000] ACPI: INT_SRC_OVR (bus 0 bus_irq 5 global_irq 5 high level)
[    0.000000] ACPI: INT_SRC_OVR (bus 0 bus_irq 9 global_irq 9 high level)
[    0.000000] ACPI: INT_SRC_OVR (bus 0 bus_irq 10 global_irq 10 high level)
[    0.000000] ACPI: INT_SRC_OVR (bus 0 bus_irq 11 global_irq 11 high level)
[    0.000000] Using ACPI (MADT) for SMP configuration information
[    0.000000] ACPI: HPET id: 0x8086a201 base: 0xfed00000
[    0.000000] SMP: Allowing 4 CPUs, 0 hotplug CPUs
[    0.000000] PM: Registered nosave memory: 000000000009f000 - 00000000000a0000
[    0.000000] PM: Registered nosave memory: 00000000000a0000 - 00000000000f0000
[    0.000000] PM: Registered nosave memory: 00000000000f0000 - 0000000000100000
[    0.000000] PM: Registered nosave memory: 00000000dfffe000 - 00000000e0000000
[    0.000000] PM: Registered nosave memory: 00000000e0000000 - 00000000feffc000
[    0.000000] PM: Registered nosave memory: 00000000feffc000 - 00000000ff000000
[    0.000000] PM: Registered nosave memory: 00000000ff000000 - 00000000fffc0000
[    0.000000] PM: Registered nosave memory: 00000000fffc0000 - 0000000100000000
[    0.000000] Allocating PCI resources starting at e0000000 (gap: e0000000:1effc000)
[    0.000000] Booting paravirtualized kernel on KVM
[    0.000000] setup_percpu: NR_CPUS:512 nr_cpumask_bits:512 nr_cpu_ids:4 nr_node_ids:1
[    0.000000] PERCPU: Embedded 27 pages/cpu @ffff88041fc00000 s78912 r8192 d23488 u524288
[    0.000000] kvm-clock: cpu 0, msr 4:1fc12741, primary cpu clock
[    0.000000] KVM setup async PF for cpu 0
[    0.000000] kvm-stealtime: cpu 0, msr 41fc0cfc0
[    0.000000] Built 1 zonelists in Zone order, mobility grouping on.  Total pages: 4135048
[    0.000000] Policy zone: Normal
[    0.000000] Kernel command line: BOOT_IMAGE=/boot/vmlinuz-3.2.0-4-amd64 root=UUID=e35ebd7f-2405-4c97-9c3e-26919d55a9e5 ro console=tty0 console=ttyS0,115200n8
[    0.000000] PID hash table entries: 4096 (order: 3, 32768 bytes)
[    0.000000] Checking aperture...
[    0.000000] No AGP bridge found
[    0.000000] Memory: 16460264k/17301504k available (3434k kernel code, 524748k absent, 316492k reserved, 3305k data, 580k init)
[    0.000000] Hierarchical RCU implementation.
[    0.000000] 	RCU dyntick-idle grace-period acceleration is enabled.
[    0.000000] NR_IRQS:33024 nr_irqs:712 16
[    0.000000] Console: colour VGA+ 80x25
[    0.000000] console [tty0] enabled
[    0.000000] console [ttyS0] enabled
[    0.000000] Detected 2199.998 MHz processor.
[    0.008000] Calibrating delay loop (skipped) preset value.. 4399.99 BogoMIPS (lpj=8799992)
[    0.008000] pid_max: default: 32768 minimum: 301
[    0.008000] Security Framework initialized
[    0.008013] AppArmor: AppArmor disabled by boot time parameter
[    0.010043] Dentry cache hash table entries: 2097152 (order: 12, 16777216 bytes)
[    0.015321] Inode-cache hash table entries: 1048576 (order: 11, 8388608 bytes)
[    0.017665] Mount-cache hash table entries: 256
[    0.018713] Initializing cgroup subsys cpuacct
[    0.020015] Initializing cgroup subsys memory
[    0.020902] Initializing cgroup subsys devices
[    0.021795] Initializing cgroup subsys freezer
[    0.022677] Initializing cgroup subsys net_cls
[    0.024012] Initializing cgroup subsys blkio
[    0.024868] Initializing cgroup subsys perf_event
[    0.025884] mce: CPU supports 10 MCE banks
[    0.028516] ACPI: Core revision 20110623
[    0.033394] ..TIMER: vector=0x30 apic1=0 pin1=2 apic2=-1 pin2=-1
[    0.034485] CPU0: Intel QEMU Virtual CPU version 1.1.2 stepping 03
[    0.040002] Performance Events: unsupported p6 CPU model 2 no PMU driver, software events only.
[    0.040002] NMI watchdog disabled (cpu0): hardware events not enabled
[    0.040002] Booting Node   0, Processors  #1
[    0.056009] kvm-clock: cpu 1, msr 4:1fc92741, secondary cpu clock
[    0.056150] NMI watchdog disabled (cpu1): hardware events not enabled
[    0.056435]  #2
[    0.056183] KVM setup async PF for cpu 1
[    0.056183] kvm-stealtime: cpu 1, msr 41fc8cfc0
[    0.072009] kvm-clock: cpu 2, msr 4:1fd12741, secondary cpu clock
[    0.072119] NMI watchdog disabled (cpu2): hardware events not enabled
[    0.072350]  #3 Ok.
[    0.072147] KVM setup async PF for cpu 2
[    0.072147] kvm-stealtime: cpu 2, msr 41fd0cfc0
[    0.088010] kvm-clock: cpu 3, msr 4:1fd92741, secondary cpu clock
[    0.088167] NMI watchdog disabled (cpu3): hardware events not enabled
[    0.088216] Brought up 4 CPUs
[    0.088217] Total of 4 processors activated (17599.98 BogoMIPS).
[    0.088214] KVM setup async PF for cpu 3
[    0.088214] kvm-stealtime: cpu 3, msr 41fd8cfc0
[    0.096285] devtmpfs: initialized
[    0.100986] print_constraints: dummy: 
[    0.101588] NET: Registered protocol family 16
[    0.102681] ACPI: bus type pci registered
[    0.104164] PCI: Using configuration type 1 for base access
[    0.108170] bio: create slab <bio-0> at 0
[    0.109452] ACPI: Added _OSI(Module Device)
[    0.109452] ACPI: Added _OSI(Processor Device)
[    0.110062] ACPI: Added _OSI(3.0 _SCP Extensions)
[    0.112013] ACPI: Added _OSI(Processor Aggregator Device)
[    0.116684] ACPI: Interpreter enabled
[    0.117465] ACPI: (supports S0 S3 S4 S5)
[    0.118696] ACPI: Using IOAPIC for interrupt routing
[    0.123504] ACPI: No dock devices found.
[    0.124012] HEST: Table not found.
[    0.124730] PCI: Ignoring host bridge windows from ACPI; if necessary, use "pci=use_crs" and report a bug
[    0.126628] ACPI: PCI Root Bridge [PCI0] (domain 0000 [bus 00-ff])
[    0.133271] pci 0000:00:01.3: quirk: [io  0xb000-0xb03f] claimed by PIIX4 ACPI
[    0.134833] pci 0000:00:01.3: quirk: [io  0xb100-0xb10f] claimed by PIIX4 SMB
[    0.158758]  pci0000:00: Unable to request _OSC control (_OSC support mask: 0x1e)
[    0.162403] ACPI: PCI Interrupt Link [LNKA] (IRQs 5 *10 11)
[    0.164522] ACPI: PCI Interrupt Link [LNKB] (IRQs 5 *10 11)
[    0.166286] ACPI: PCI Interrupt Link [LNKC] (IRQs 5 10 *11)
[    0.168079] ACPI: PCI Interrupt Link [LNKD] (IRQs 5 10 *11)
[    0.169790] ACPI: PCI Interrupt Link [LNKS] (IRQs 9) *0
[    0.171601] vgaarb: device added: PCI:0000:00:02.0,decodes=io+mem,owns=io+mem,locks=none
[    0.172016] vgaarb: loaded
[    0.172719] vgaarb: bridge control possible 0000:00:02.0
[    0.173807] PCI: Using ACPI for IRQ routing
[    0.176358] HPET: 3 timers in total, 0 timers will be used for per-cpu timer
[    0.177602] hpet0: at MMIO 0xfed00000, IRQs 2, 8, 0
[    0.178985] hpet0: 3 comparators, 64-bit 100.000000 MHz counter
[    0.193823] Switching to clocksource kvm-clock
[    0.200009] pnp: PnP ACPI init
[    0.200777] ACPI: bus type pnp registered
[    0.202648] pnp: PnP ACPI: found 8 devices
[    0.203437] ACPI: ACPI bus type pnp unregistered
[    0.221571] NET: Registered protocol family 2
[    0.225873] IP route cache hash table entries: 524288 (order: 10, 4194304 bytes)
[    0.232206] TCP established hash table entries: 524288 (order: 11, 8388608 bytes)
[    0.241133] TCP bind hash table entries: 65536 (order: 8, 1048576 bytes)
[    0.243268] TCP: Hash tables configured (established 524288 bind 65536)
[    0.244572] TCP reno registered
[    0.245278] UDP hash table entries: 8192 (order: 6, 262144 bytes)
[    0.246643] UDP-Lite hash table entries: 8192 (order: 6, 262144 bytes)
[    0.248647] NET: Registered protocol family 1
[    0.249531] pci 0000:00:00.0: Limiting direct PCI/PCI transfers
[    0.259086] pci 0000:00:01.0: PIIX3: Enabling Passive Release
[    0.260236] pci 0000:00:01.0: Activating ISA DMA hang workarounds
[    0.262303] Unpacking initramfs...
[    0.499164] Freeing initrd memory: 9992k freed
[    0.502751] PCI-DMA: Using software bounce buffering for IO (SWIOTLB)
[    0.503921] Placing 64MB software IO TLB between ffff8800dbff0000 - ffff8800dfff0000
[    0.505432] software IO TLB at phys 0xdbff0000 - 0xdfff0000
[    0.508704] audit: initializing netlink socket (disabled)
[    0.509726] type=2000 audit(1469386704.508:1): initialized
[    0.539610] HugeTLB registered 2 MB page size, pre-allocated 0 pages
[    0.545377] VFS: Disk quotas dquot_6.5.2
[    0.546370] Dquot-cache hash table entries: 512 (order 0, 4096 bytes)
[    0.547799] msgmni has been set to 32168
[    0.549550] alg: No test for stdrng (krng)
[    0.550561] Block layer SCSI generic (bsg) driver version 0.4 loaded (major 253)
[    0.552158] io scheduler noop registered
[    0.552956] io scheduler deadline registered
[    0.554011] io scheduler cfq registered (default)
[    0.555095] pci_hotplug: PCI Hot Plug PCI Core version: 0.5
[    0.556300] pciehp: PCI Express Hot Plug Controller Driver version: 0.4
[    0.557470] acpiphp: ACPI Hot Plug PCI Controller Driver version: 0.5
[    0.558700] acpiphp: Slot [3] registered
[    0.559531] acpiphp: Slot [4] registered
[    0.560453] acpiphp: Slot [5] registered
[    0.561277] acpiphp: Slot [6] registered
[    0.562129] acpiphp: Slot [7] registered
[    0.562941] acpiphp: Slot [8] registered
[    0.563784] acpiphp: Slot [9] registered
[    0.564707] acpiphp: Slot [10] registered
[    0.565513] acpiphp: Slot [11] registered
[    0.566308] acpiphp: Slot [12] registered
[    0.567125] acpiphp: Slot [13] registered
[    0.567918] acpiphp: Slot [14] registered
[    0.568989] acpiphp: Slot [15] registered
[    0.569795] acpiphp: Slot [16] registered
[    0.570679] acpiphp: Slot [17] registered
[    0.571527] acpiphp: Slot [18] registered
[    0.572529] acpiphp: Slot [19] registered
[    0.573378] acpiphp: Slot [20] registered
[    0.574201] acpiphp: Slot [21] registered
[    0.575042] acpiphp: Slot [22] registered
[    0.575881] acpiphp: Slot [23] registered
[    0.576855] acpiphp: Slot [24] registered
[    0.577737] acpiphp: Slot [25] registered
[    0.578582] acpiphp: Slot [26] registered
[    0.579407] acpiphp: Slot [27] registered
[    0.580330] acpiphp: Slot [28] registered
[    0.581166] acpiphp: Slot [29] registered
[    0.582010] acpiphp: Slot [30] registered
[    0.582837] acpiphp: Slot [31] registered
[    0.583850] ERST: Table is not found!
[    0.584763] GHES: HEST is not enabled!
[    0.585779] Serial: 8250/16550 driver, 4 ports, IRQ sharing enabled
[    0.608649] serial8250: ttyS0 at I/O 0x3f8 (irq = 4) is a 16550A
[    0.638410] 00:06: ttyS0 at I/O 0x3f8 (irq = 4) is a 16550A
[    0.640174] Linux agpgart interface v0.103
[    0.641133] i8042: PNP: PS/2 Controller [PNP0303:KBD,PNP0f13:MOU] at 0x60,0x64 irq 1,12
[    0.643400] serio: i8042 KBD port at 0x60,0x64 irq 1
[    0.644554] serio: i8042 AUX port at 0x60,0x64 irq 12
[    0.646150] mousedev: PS/2 mouse device common for all mice
[    0.647486] input: AT Translated Set 2 keyboard as /devices/platform/i8042/serio0/input/input0
[    0.649422] rtc_cmos 00:01: RTC can wake from S4
[    0.651430] rtc_cmos 00:01: rtc core: registered rtc_cmos as rtc0
[    0.653480] rtc0: alarms up to one day, 114 bytes nvram, hpet irqs
[    0.655205] cpuidle: using governor ladder
[    0.656577] cpuidle: using governor menu
[    0.658227] TCP cubic registered
[    0.660490] NET: Registered protocol family 10
[    0.662321] Mobile IPv6
[    0.662907] NET: Registered protocol family 17
[    0.663815] Registering the dns_resolver key type
[    0.665737] registered taskstats version 1
[    0.667761] rtc_cmos 00:01: setting system clock to 2016-07-24 18:58:23 UTC (1469386703)
[    0.669356] Initializing network drop monitor service
[    0.672069] Freeing unused kernel memory: 580k freed
[    0.673210] Write protecting the kernel read-only data: 6144k
[    0.676858] Freeing unused kernel memory: 644k freed
[    0.680703] Freeing unused kernel memory: 688k freed
Loading, please wait...
[    0.703103] udevd[58]: starting version 175
[    0.720892] e1000: Intel(R) PRO/1000 Network Driver - version 7.3.21-k8-NAPI
[    0.722327] e1000: Copyright (c) 1999-2006 Intel Corporation.
[    0.724013] ACPI: PCI Interrupt Link [LNKC] enabled at IRQ 11
[    0.735457] SCSI subsystem initialized
[    0.738587] Floppy drive(s): fd0 is 1.44M
[    0.756742] FDC 0 is a S82078B
[    1.100569] e1000 0000:00:03.0: eth0: (PCI:33MHz:32-bit) 52:54:00:12:34:56
[    1.101924] e1000 0000:00:03.0: eth0: Intel(R) PRO/1000 Network Connection
[    1.105137] scsi0 : ata_piix
[    1.107268] scsi1 : ata_piix
[    1.109230] ata1: PATA max MWDMA2 cmd 0x1f0 ctl 0x3f6 bmdma 0xc040 irq 14
[    1.111527] ata2: PATA max MWDMA2 cmd 0x170 ctl 0x376 bmdma 0xc048 irq 15
[    1.269404] ata1.00: ATA-7: QEMU HARDDISK, 1.1.2, max UDMA/100
[    1.271506] ata1.00: 9011200 sectors, multi 16: LBA48 
[    1.274387] ata1.00: configured for MWDMA2
[    1.276470] scsi 0:0:0:0: Direct-Access     ATA      QEMU HARDDISK    1.1. PQ: 0 ANSI: 5
[    1.277690] ata2.00: ATAPI: QEMU DVD-ROM, 1.1.2, max UDMA/100
[    1.278259] ata2.00: configured for MWDMA2
[    1.284571] scsi 1:0:0:0: CD-ROM            QEMU     QEMU DVD-ROM     1.1. PQ: 0 ANSI: 5
[    1.296840] sd 0:0:0:0: [sda] 9011200 512-byte logical blocks: (4.61 GB/4.29 GiB)
[    1.299904] sd 0:0:0:0: [sda] Write Protect is off
[    1.302083] sd 0:0:0:0: [sda] Write cache: disabled, read cache: enabled, doesn't support DPO or FUA
[    1.302849] sr0: scsi3-mmc drive: 4x/4x cd/rw xa/form2 tray
[    1.302853] cdrom: Uniform CD-ROM driver Revision: 3.20
[    1.309104]  sda: sda1
[    1.310414] sd 0:0:0:0: [sda] Attached SCSI disk
[    1.317175] sd 0:0:0:0: Attached scsi generic sg0 type 0
[    1.318475] sr 1:0:0:0: Attached scsi generic sg1 type 5
[    1.504393] Refined TSC clocksource calibration: 2199.957 MHz.
Begin: Loading essential drivers ... done.
Begin: Running /scripts/init-premount ... done.
Begin: Mounting root file system ... Begin: Running /scripts/local-top ... done.
Begin: Running /scripts/local-premount ... done.
[    1.987973] EXT4-fs (sda1): mounted filesystem with ordered data mode. Opts: (null)
Begin: Running /scripts/local-bottom ... done.
done.
Begin: Running /scripts/init-bottom ... done.
INIT: version 2.88 booting
[[36minfo[39;49m] Using makefile-style concurrent boot in runlevel S.
findfs: unable to resolve 'UUID="e35ebd7f-2405-4c97-9c3e-26919d55a9e5"'
[....] Starting the hotplug events dispatcher: udevd[    2.483930] udevd[319]: starting version 175
[?25l[?1c7[1G[[32m ok [39;49m8[?25h[?0c.
[....] Synthesizing the initial hotplug events...[    2.548985] input: Power Button as /devices/LNXSYSTM:00/LNXPWRBN:00/input/input1
[    2.550844] ACPI: Power Button [PWRF]
[    2.561692] input: PC Speaker as /devices/platform/pcspkr/input/input2
[    2.583682] piix4_smbus 0000:00:01.3: SMBus Host Controller at 0xb100, revision 0
[?25l[?1c7[1G[[32m ok [39;49m[    2.593325] parport_pc 00:05: reported by Plug and Play ACPI
8[    2.594859] parport0: PC-style at 0x378[?25h[?0cdone., irq 7
 [PCSPP,TRISTATE]
[    2.615304] Error: Driver 'pcspkr' is already registered, aborting...
[....] Waiting for /dev to be fully populated...[?25l[?1c7[1G[[32m ok [39;49m8[?25h[?0cdone.
findfs: unable to resolve 'UUID="e35ebd7f-2405-4c97-9c3e-26919d55a9e5"'
[....] Activating swap...[?25l[?1c7[1G[[32m ok [39;49m8[?25h[?0cdone.
Usage: mountpoint [-q] [-d] [-x] path
[    3.138783] EXT4-fs (sda1): re-mounted. Opts: (null)
[....] Checking root file system...fsck from util-linux 2.20.1
/run/rootdev: clean, 32697/264000 files, 884995/1054720 blocks
[?25l[?1c7[1G[[32m ok [39;49m8[?25h[?0cdone.
[    3.224371] EXT4-fs (sda1): re-mounted. Opts: errors=remount-ro,errors=remount-ro
[    3.240355] input: ImExPS/2 Generic Explorer Mouse as /devices/platform/i8042/serio1/input/input3
[....] Cleaning up temporary files... /tmp[?25l[?1c7[1G[[32m ok [39;49m8[?25h[?0c.
findfs: unable to resolve 'UUID="e35ebd7f-2405-4c97-9c3e-26919d55a9e5"'
findfs: unable to resolve 'UUID="e35ebd7f-2405-4c97-9c3e-26919d55a9e5"'
[....] Activating lvm and md swap...[?25l[?1c7[1G[[32m ok [39;49m8[?25h[?0cdone.
[....] Checking file systems...fsck from util-linux 2.20.1
[?25l[?1c7[1G[[32m ok [39;49m8[?25h[?0cdone.
[....] Mounting local filesystems...[?25l[?1c7[1G[[32m ok [39;49m8[?25h[?0cdone.
[....] Activating swapfile swap...[?25l[?1c7[1G[[32m ok [39;49m8[?25h[?0cdone.
findfs: unable to resolve 'UUID="e35ebd7f-2405-4c97-9c3e-26919d55a9e5"'
[....] Cleaning up temporary files...[?25l[?1c7[1G[[32m ok [39;49m8[?25h[?0c.
[....] Setting kernel variables ...[?25l[?1c7[1G[[32m ok [39;49m8[?25h[?0cdone.
[....] Configuring network interfaces...Internet Systems Consortium DHCP Client 4.2.2
Copyright 2004-2011 Internet Systems Consortium.
All rights reserved.
For info, please visit https://www.isc.org/software/dhcp/

[    4.502721] ADDRCONF(NETDEV_UP): eth0: link is not ready
Listening on LPF/eth0/52:54:00:12:34:56
Sending on   LPF/eth0/52:54:00:12:34:56
Sending on   Socket/fallback
DHCPDISCOVER on eth0 to 255.255.255.255 port 67 interval 3
[    6.505061] e1000: eth0 NIC Link is Up 1000 Mbps Full Duplex, Flow Control: RX
[    6.510798] ADDRCONF(NETDEV_CHANGE): eth0: link becomes ready
DHCPDISCOVER on eth0 to 255.255.255.255 port 67 interval 3
DHCPREQUEST on eth0 to 255.255.255.255 port 67
DHCPOFFER from 10.0.2.2
DHCPACK from 10.0.2.2
bound to 10.0.2.15 -- renewal in 36866 seconds.
ifup: interface eth0 already configured
[?25l[?1c7[1G[[32m ok [39;49m8[?25h[?0cdone.
[....] Cleaning up temporary files...[?25l[?1c7[1G[[32m ok [39;49m8[?25h[?0c.
INIT: Entering runlevel: 2
[[36minfo[39;49m] Using makefile-style concurrent boot in runlevel 2.
[....] Starting OpenBSD Secure Shell server: sshd[?25l[?1c7[1G[[32m ok [39;49m8[?25h[?0c.
Entering benchmark mode
./scaff/bin/jacLR results/jaclr-out 50
Execution Time; 18.780017
Execution Time; 21.781400
Execution Time; 21.785740
Execution Time; 17.344260
Execution Time; 13.157182
Execution Time; 13.256692
Execution Time; 13.266656
Execution Time; 13.410498
Execution Time; 13.326501
Execution Time; 13.384431
Execution Time; 13.094472
Execution Time; 17.215185
Execution Time; 20.671831
Execution Time; 21.181186
Execution Time; 19.314916
Execution Time; 13.635110
Execution Time; 13.846938
Execution Time; 13.793043
Execution Time; 13.789270
Execution Time; 13.784962
Execution Time; 13.569376
Execution Time; 14.008194
Execution Time; 14.030865
Execution Time; 14.032011
Execution Time; 14.077927
Execution Time; 13.551809
Execution Time; 14.118015
Execution Time; 14.045037
Execution Time; 14.137917
Execution Time; 14.106827
Execution Time; 14.066711
Execution Time; 14.000693
Execution Time; 13.422365
Execution Time; 13.416685
Execution Time; 13.446761
Execution Time; 13.489360
Execution Time; 13.461754
Execution Time; 13.239030
Execution Time; 13.400039
Execution Time; 13.410534
Execution Time; 13.425151
Execution Time; 13.457472
Execution Time; 13.276698
Execution Time; 13.868861
Execution Time; 14.016148
Execution Time; 14.026278
Execution Time; 14.044683
Execution Time; 14.095251
Execution Time; 13.605108
Execution Time; 14.885910
Execution Time; 14.925972
Execution Time; 14.898159
Execution Time; 15.172674
Execution Time; 14.595406
Execution Time; 15.212025
Execution Time; 15.895758
Execution Time; 16.010764
Execution Time; 15.989728
Execution Time; 14.157593
Execution Time; 14.515280
Execution Time; 14.510514
Execution Time; 14.525343
Execution Time; 14.521636
Execution Time; 14.029105
Execution Time; 14.752730
Execution Time; 14.653082
Execution Time; 14.747696
Execution Time; 14.415855
Execution Time; 13.895575
Execution Time; 14.196754
Execution Time; 14.180574
Execution Time; 14.158792
Execution Time; 14.160379
Execution Time; 14.034131
Execution Time; 15.020029
Execution Time; 15.137072
Execution Time; 15.047955
Execution Time; 15.057441
Execution Time; 13.807657
Execution Time; 14.167665
Execution Time; 14.220835
Execution Time; 14.201191
Execution Time; 14.224103
Execution Time; 13.437495
Execution Time; 13.419788
Execution Time; 13.391965
Execution Time; 13.481342
Execution Time; 13.454057
Execution Time; 13.234109
Execution Time; 13.434956
Execution Time; 13.566728
Execution Time; 13.491067
Execution Time; 13.441404
Execution Time; 13.778985
Execution Time; 15.348201
Execution Time; 15.250294
Execution Time; 15.344033
Execution Time; 14.928975
Execution Time; 13.026123
Execution Time; 13.189798
Execution Time; 12.971696
Execution Time; 12.958493
Execution Time; 12.955258
Execution Time; 12.948461
Execution Time; 12.954592
Execution Time; 12.997436
Execution Time; 12.992596
Execution Time; 13.016111
Execution Time; 12.996659
Execution Time; 12.998947
Execution Time; 13.019334
Execution Time; 12.976223
Execution Time; 12.956084
Execution Time; 12.945129
Execution Time; 13.045153
Execution Time; 13.005483
Execution Time; 12.993066
Execution Time; 13.008821
Execution Time; 12.987145
Execution Time; 12.962731
Execution Time; 12.997158
Execution Time; 12.913943
Execution Time; 12.908184
Execution Time; 12.992277
Execution Time; 13.012406
Execution Time; 12.996773
Execution Time; 13.006341
Execution Time; 13.009274
Execution Time; 12.961015
Execution Time; 12.946959
Execution Time; 12.963246
Execution Time; 12.961314
Execution Time; 12.976809
Execution Time; 12.986274
Execution Time; 13.017895
Execution Time; 13.039455
Execution Time; 12.997237
Execution Time; 12.984634
Execution Time; 13.006674
Execution Time; 12.970553
Execution Time; 13.021643
Execution Time; 12.940926
Execution Time; 12.990843
Execution Time; 12.959644
Execution Time; 12.995907
Execution Time; 12.978358
Execution Time; 12.995975
Execution Time; 12.986375
Execution Time; 13.020751
Execution Time; 12.984402
Execution Time; 12.957813
Execution Time; 12.992510
Execution Time; 12.976806
Execution Time; 12.983616
Execution Time; 13.044402
Execution Time; 13.000624
Execution Time; 12.997784
Execution Time; 12.969428
Execution Time; 12.945201
Execution Time; 12.988430
Execution Time; 12.985283
Execution Time; 12.990727
Execution Time; 12.958981
Execution Time; 12.952173
Execution Time; 12.950174
Execution Time; 12.989620
Execution Time; 12.978225
Execution Time; 12.985303
Execution Time; 12.990099
Execution Time; 12.963615
Execution Time; 12.967913
Execution Time; 12.999910
Execution Time; 12.964232
Execution Time; 12.968362
Execution Time; 13.003606
Execution Time; 13.018511
Execution Time; 12.996090
Execution Time; 13.011916
Execution Time; 12.966681
Execution Time; 12.979662
Execution Time; 12.986523
Execution Time; 12.978182
Execution Time; 12.944799
Execution Time; 12.987265
Execution Time; 12.952106
Execution Time; 13.017753
Execution Time; 12.970010
Execution Time; 13.016766
Execution Time; 13.011314
Execution Time; 12.986056
Execution Time; 12.994628
Execution Time; 12.970478
Execution Time; 12.950321
Execution Time; 13.023621
Execution Time; 13.001220
Execution Time; 13.033963
Execution Time; 13.025985
Execution Time; 12.985627
Execution Time; 12.986987
Execution Time; 13.009622
Execution Time; 12.990637
Execution Time; 13.010290
Execution Time; 12.988866
Execution Time; 12.987527
Execution Time; 12.987182
Execution Time; 13.008662
Execution Time; 13.053806
Execution Time; 12.978941
Execution Time; 13.020827
Execution Time; 12.998854
Execution Time; 13.192769
Execution Time; 12.964890
Execution Time; 13.003480
Execution Time; 13.056788
Execution Time; 13.034006
Execution Time; 12.998551
Execution Time; 13.036728
Execution Time; 12.986434
Execution Time; 12.949410
INIT: Switching to runlevel: 0INIT: Sending processes the TERM signal
[[36minfo[39;49m] Using makefile-style concurrent boot in runlevel 0.
[[36minfo[39;49m] Saving the system clock.
[[36minfo[39;49m] Hardware Clock updated to Sun Jul 24 19:48:39 UTC 2016.
[....] Asking all remaining processes to terminate...[?25l[?1c7[1G[[32m ok [39;49m8[?25h[?0cdone.
[....] All processes ended within 2 seconds...[?25l[?1c7[1G[[32m ok [39;49m8[?25h[?0cdone.
[....] Deconfiguring network interfaces...Internet Systems Consortium DHCP Client 4.2.2
Copyright 2004-2011 Internet Systems Consortium.
All rights reserved.
For info, please visit https://www.isc.org/software/dhcp/

Listening on LPF/eth0/52:54:00:12:34:56
Sending on   LPF/eth0/52:54:00:12:34:56
Sending on   Socket/fallback
DHCPRELEASE on eth0 to 10.0.2.2 port 67
[?25l[?1c7[1G[[32m ok [39;49m8[?25h[?0cdone.
[....] Deactivating swap...[?25l[?1c7[1G[[32m ok [39;49m8[?25h[?0cdone.
[ 3017.352662] EXT4-fs (sda1): re-mounted. Opts: (null)
[[36minfo[39;49m] Will now halt.
[ 3019.398184] sd 0:0:0:0: [sda] Stopping disk
[ 3019.402977] ACPI: Preparing to enter system sleep state S5
[ 3019.405281] Power down.
aff-executor-preload.c:affhooks_init()
aff-executor-preload.c:affhooks_shut()
HELLO KITTY
