aff-executor-preload.c:affhooks_init()
[H[J[?25l[m[H[J[2;25HGNU GRUB  version 1.99-27+deb7u2

[m[4;2H+--------------------------------------------------------------------------+[5;2H|[5;77H|[6;2H|[6;77H|[7;2H|[7;77H|[8;2H|[8;77H|[9;2H|[9;77H|[10;2H|[10;77H|[11;2H|[11;77H|[12;2H|[12;77H|[13;2H|[13;77H|[14;2H|[14;77H|[15;2H|[15;77H|[16;2H|[16;77H|[17;2H+--------------------------------------------------------------------------+[m[18;2H[m
      Use the ^ and v keys to select which entry is highlighted.      
      Press enter to boot the selected OS, 'e' to edit the commands      
      before booting or 'c' for a command-line.      
      [5;78H [7m[5;3HDebian GNU/Linux, with Linux 3.2.0-4-amd64                               [m [5;76H[m[m[6;3HDebian GNU/Linux, with Linux 3.2.0-4-amd64 (recovery mode)               [m [6;76H[m[m[7;3H                                                                         [m [7;76H[m[m[8;3H                                                                         [m [8;76H[m[m[9;3H                                                                         [m [9;76H[m[m[10;3H                                                                         [m [10;76H[m[m[11;3H                                                                         [m [11;76H[m[m[12;3H                                                                         [m [12;76H[m[m[13;3H                                                                         [m [13;76H[m[m[14;3H                                                                         [m [14;76H[m[m[15;3H                                                                         [m [15;76H[m[m[16;3H                                                                         [m [16;76H[m[16;78H [5;76H[22;1H   The highlighted entry will be executed automatically in 5s.                 [5;76H[22;1H   The highlighted entry will be executed automatically in 4s.                 [5;76H[22;1H   The highlighted entry will be executed automatically in 3s.                 [5;76H[22;1H   The highlighted entry will be executed automatically in 2s.                 [5;76H[22;1H   The highlighted entry will be executed automatically in 1s.                 [5;76H[22;1H   The highlighted entry will be executed automatically in 0s.                 [5;76H[?25h[H[J[H[J  Booting 'Debian GNU/Linux, with Linux 3.2.0-4-amd64'

Loading Linux 3.2.0-4-amd64 ...
Loading initial ramdisk ...
[    0.000000] Initializing cgroup subsys cpuset
[    0.000000] Initializing cgroup subsys cpu
[    0.000000] Linux version 3.2.0-4-amd64 (debian-kernel@lists.debian.org) (gcc version 4.6.3 (Debian 4.6.3-14) ) #1 SMP Debian 3.2.68-1+deb7u3
[    0.000000] Command line: BOOT_IMAGE=/boot/vmlinuz-3.2.0-4-amd64 root=UUID=e35ebd7f-2405-4c97-9c3e-26919d55a9e5 ro console=tty0 console=ttyS0,115200n8
[    0.000000] BIOS-provided physical RAM map:
[    0.000000]  BIOS-e820: 0000000000000000 - 000000000009f400 (usable)
[    0.000000]  BIOS-e820: 000000000009f400 - 00000000000a0000 (reserved)
[    0.000000]  BIOS-e820: 00000000000f0000 - 0000000000100000 (reserved)
[    0.000000]  BIOS-e820: 0000000000100000 - 00000000dfffe000 (usable)
[    0.000000]  BIOS-e820: 00000000dfffe000 - 00000000e0000000 (reserved)
[    0.000000]  BIOS-e820: 00000000feffc000 - 00000000ff000000 (reserved)
[    0.000000]  BIOS-e820: 00000000fffc0000 - 0000000100000000 (reserved)
[    0.000000]  BIOS-e820: 0000000100000000 - 0000000420000000 (usable)
[    0.000000] NX (Execute Disable) protection: active
[    0.000000] SMBIOS 2.4 present.
[    0.000000] No AGP bridge found
[    0.000000] last_pfn = 0x420000 max_arch_pfn = 0x400000000
[    0.000000] PAT not supported by CPU.
[    0.000000] last_pfn = 0xdfffe max_arch_pfn = 0x400000000
[    0.000000] found SMP MP-table at [ffff8800000fdac0] fdac0
[    0.000000] init_memory_mapping: 0000000000000000-00000000dfffe000
[    0.000000] init_memory_mapping: 0000000100000000-0000000420000000
[    0.000000] RAMDISK: 36c6c000 - 3762e000
[    0.000000] ACPI: RSDP 00000000000fd8b0 00014 (v00 BOCHS )
[    0.000000] ACPI: RSDT 00000000dfffe470 00038 (v01 BOCHS  BXPCRSDT 00000001 BXPC 00000001)
[    0.000000] ACPI: FACP 00000000dfffff80 00074 (v01 BOCHS  BXPCFACP 00000001 BXPC 00000001)
[    0.000000] ACPI: DSDT 00000000dfffe4b0 01121 (v01   BXPC   BXDSDT 00000001 INTL 20100528)
[    0.000000] ACPI: FACS 00000000dfffff40 00040
[    0.000000] ACPI: SSDT 00000000dffffd70 001C1 (v01 BOCHS  BXPCSSDT 00000001 BXPC 00000001)
[    0.000000] ACPI: APIC 00000000dffffc70 00090 (v01 BOCHS  BXPCAPIC 00000001 BXPC 00000001)
[    0.000000] ACPI: HPET 00000000dffffc30 00038 (v01 BOCHS  BXPCHPET 00000001 BXPC 00000001)
[    0.000000] ACPI: SSDT 00000000dffff5e0 00644 (v01   BXPC BXSSDTPC 00000001 INTL 20100528)
[    0.000000] No NUMA configuration found
[    0.000000] Faking a node at 0000000000000000-0000000420000000
[    0.000000] Initmem setup node 0 0000000000000000-0000000420000000
[    0.000000]   NODE_DATA [000000041fffb000 - 000000041fffffff]
[    0.000000] kvm-clock: Using msrs 4b564d01 and 4b564d00
[    0.000000] kvm-clock: cpu 0, msr 0:16a8741, boot clock
[    0.000000] Zone PFN ranges:
[    0.000000]   DMA      0x00000010 -> 0x00001000
[    0.000000]   DMA32    0x00001000 -> 0x00100000
[    0.000000]   Normal   0x00100000 -> 0x00420000
[    0.000000] Movable zone start PFN for each node
[    0.000000] early_node_map[3] active PFN ranges
[    0.000000]     0: 0x00000010 -> 0x0000009f
[    0.000000]     0: 0x00000100 -> 0x000dfffe
[    0.000000]     0: 0x00100000 -> 0x00420000
[    0.000000] ACPI: PM-Timer IO Port: 0xb008
[    0.000000] ACPI: LAPIC (acpi_id[0x00] lapic_id[0x00] enabled)
[    0.000000] ACPI: LAPIC (acpi_id[0x01] lapic_id[0x01] enabled)
[    0.000000] ACPI: LAPIC (acpi_id[0x02] lapic_id[0x02] enabled)
[    0.000000] ACPI: LAPIC (acpi_id[0x03] lapic_id[0x03] enabled)
[    0.000000] ACPI: LAPIC_NMI (acpi_id[0xff] dfl dfl lint[0x1])
[    0.000000] ACPI: IOAPIC (id[0x04] address[0xfec00000] gsi_base[0])
[    0.000000] IOAPIC[0]: apic_id 4, version 17, address 0xfec00000, GSI 0-23
[    0.000000] ACPI: INT_SRC_OVR (bus 0 bus_irq 0 global_irq 2 dfl dfl)
[    0.000000] ACPI: INT_SRC_OVR (bus 0 bus_irq 5 global_irq 5 high level)
[    0.000000] ACPI: INT_SRC_OVR (bus 0 bus_irq 9 global_irq 9 high level)
[    0.000000] ACPI: INT_SRC_OVR (bus 0 bus_irq 10 global_irq 10 high level)
[    0.000000] ACPI: INT_SRC_OVR (bus 0 bus_irq 11 global_irq 11 high level)
[    0.000000] Using ACPI (MADT) for SMP configuration information
[    0.000000] ACPI: HPET id: 0x8086a201 base: 0xfed00000
[    0.000000] SMP: Allowing 4 CPUs, 0 hotplug CPUs
[    0.000000] PM: Registered nosave memory: 000000000009f000 - 00000000000a0000
[    0.000000] PM: Registered nosave memory: 00000000000a0000 - 00000000000f0000
[    0.000000] PM: Registered nosave memory: 00000000000f0000 - 0000000000100000
[    0.000000] PM: Registered nosave memory: 00000000dfffe000 - 00000000e0000000
[    0.000000] PM: Registered nosave memory: 00000000e0000000 - 00000000feffc000
[    0.000000] PM: Registered nosave memory: 00000000feffc000 - 00000000ff000000
[    0.000000] PM: Registered nosave memory: 00000000ff000000 - 00000000fffc0000
[    0.000000] PM: Registered nosave memory: 00000000fffc0000 - 0000000100000000
[    0.000000] Allocating PCI resources starting at e0000000 (gap: e0000000:1effc000)
[    0.000000] Booting paravirtualized kernel on KVM
[    0.000000] setup_percpu: NR_CPUS:512 nr_cpumask_bits:512 nr_cpu_ids:4 nr_node_ids:1
[    0.000000] PERCPU: Embedded 27 pages/cpu @ffff88041fc00000 s78912 r8192 d23488 u524288
[    0.000000] kvm-clock: cpu 0, msr 4:1fc12741, primary cpu clock
[    0.000000] KVM setup async PF for cpu 0
[    0.000000] kvm-stealtime: cpu 0, msr 41fc0cfc0
[    0.000000] Built 1 zonelists in Zone order, mobility grouping on.  Total pages: 4135048
[    0.000000] Policy zone: Normal
[    0.000000] Kernel command line: BOOT_IMAGE=/boot/vmlinuz-3.2.0-4-amd64 root=UUID=e35ebd7f-2405-4c97-9c3e-26919d55a9e5 ro console=tty0 console=ttyS0,115200n8
[    0.000000] PID hash table entries: 4096 (order: 3, 32768 bytes)
[    0.000000] Checking aperture...
[    0.000000] No AGP bridge found
[    0.000000] Memory: 16460264k/17301504k available (3434k kernel code, 524748k absent, 316492k reserved, 3305k data, 580k init)
[    0.000000] Hierarchical RCU implementation.
[    0.000000] 	RCU dyntick-idle grace-period acceleration is enabled.
[    0.000000] NR_IRQS:33024 nr_irqs:712 16
[    0.000000] Console: colour VGA+ 80x25
[    0.000000] console [tty0] enabled
[    0.000000] console [ttyS0] enabled
[    0.000000] Detected 2199.998 MHz processor.
[    0.008000] Calibrating delay loop (skipped) preset value.. 4399.99 BogoMIPS (lpj=8799992)
[    0.008000] pid_max: default: 32768 minimum: 301
[    0.008000] Security Framework initialized
[    0.008013] AppArmor: AppArmor disabled by boot time parameter
[    0.010046] Dentry cache hash table entries: 2097152 (order: 12, 16777216 bytes)
[    0.015161] Inode-cache hash table entries: 1048576 (order: 11, 8388608 bytes)
[    0.017695] Mount-cache hash table entries: 256
[    0.018744] Initializing cgroup subsys cpuacct
[    0.020015] Initializing cgroup subsys memory
[    0.020883] Initializing cgroup subsys devices
[    0.021754] Initializing cgroup subsys freezer
[    0.022604] Initializing cgroup subsys net_cls
[    0.023443] Initializing cgroup subsys blkio
[    0.024026] Initializing cgroup subsys perf_event
[    0.025020] mce: CPU supports 10 MCE banks
[    0.027198] ACPI: Core revision 20110623
[    0.032885] ..TIMER: vector=0x30 apic1=0 pin1=2 apic2=-1 pin2=-1
[    0.033963] CPU0: Intel QEMU Virtual CPU version 1.1.2 stepping 03
[    0.036002] Performance Events: unsupported p6 CPU model 2 no PMU driver, software events only.
[    0.036002] NMI watchdog disabled (cpu0): hardware events not enabled
[    0.036002] Booting Node   0, Processors  #1
[    0.052009] kvm-clock: cpu 1, msr 4:1fc92741, secondary cpu clock
[    0.052139] NMI watchdog disabled (cpu1): hardware events not enabled
[    0.052370]  #2
[    0.052170] KVM setup async PF for cpu 1
[    0.052170] kvm-stealtime: cpu 1, msr 41fc8cfc0
[    0.068008] kvm-clock: cpu 2, msr 4:1fd12741, secondary cpu clock
[    0.068156] NMI watchdog disabled (cpu2): hardware events not enabled
[    0.068407]  #3 Ok.
[    0.068197] KVM setup async PF for cpu 2
[    0.068197] kvm-stealtime: cpu 2, msr 41fd0cfc0
[    0.084009] kvm-clock: cpu 3, msr 4:1fd92741, secondary cpu clock
[    0.084169] NMI watchdog disabled (cpu3): hardware events not enabled
[    0.084204] Brought up 4 CPUs
[    0.084206] Total of 4 processors activated (17599.98 BogoMIPS).
[    0.084202] KVM setup async PF for cpu 3
[    0.084202] kvm-stealtime: cpu 3, msr 41fd8cfc0
[    0.091204] devtmpfs: initialized
[    0.096661] print_constraints: dummy: 
[    0.097628] NET: Registered protocol family 16
[    0.098658] ACPI: bus type pci registered
[    0.100188] PCI: Using configuration type 1 for base access
[    0.104097] bio: create slab <bio-0> at 0
[    0.105354] ACPI: Added _OSI(Module Device)
[    0.105354] ACPI: Added _OSI(Processor Device)
[    0.106038] ACPI: Added _OSI(3.0 _SCP Extensions)
[    0.108013] ACPI: Added _OSI(Processor Aggregator Device)
[    0.112410] ACPI: Interpreter enabled
[    0.113249] ACPI: (supports S0 S3 S4 S5)
[    0.114460] ACPI: Using IOAPIC for interrupt routing
[    0.119494] ACPI: No dock devices found.
[    0.120012] HEST: Table not found.
[    0.120741] PCI: Ignoring host bridge windows from ACPI; if necessary, use "pci=use_crs" and report a bug
[    0.122570] ACPI: PCI Root Bridge [PCI0] (domain 0000 [bus 00-ff])
[    0.129202] pci 0000:00:01.3: quirk: [io  0xb000-0xb03f] claimed by PIIX4 ACPI
[    0.130710] pci 0000:00:01.3: quirk: [io  0xb100-0xb10f] claimed by PIIX4 SMB
[    0.161215]  pci0000:00: Unable to request _OSC control (_OSC support mask: 0x1e)
[    0.166756] ACPI: PCI Interrupt Link [LNKA] (IRQs 5 *10 11)
[    0.168533] ACPI: PCI Interrupt Link [LNKB] (IRQs 5 *10 11)
[    0.170432] ACPI: PCI Interrupt Link [LNKC] (IRQs 5 10 *11)
[    0.172394] ACPI: PCI Interrupt Link [LNKD] (IRQs 5 10 *11)
[    0.174212] ACPI: PCI Interrupt Link [LNKS] (IRQs 9) *0
[    0.176307] vgaarb: device added: PCI:0000:00:02.0,decodes=io+mem,owns=io+mem,locks=none
[    0.177813] vgaarb: loaded
[    0.178590] vgaarb: bridge control possible 0000:00:02.0
[    0.180056] PCI: Using ACPI for IRQ routing
[    0.181478] HPET: 3 timers in total, 0 timers will be used for per-cpu timer
[    0.182887] hpet0: at MMIO 0xfed00000, IRQs 2, 8, 0
[    0.184304] hpet0: 3 comparators, 64-bit 100.000000 MHz counter
[    0.197361] Switching to clocksource kvm-clock
[    0.204450] pnp: PnP ACPI init
[    0.205198] ACPI: bus type pnp registered
[    0.207404] pnp: PnP ACPI: found 8 devices
[    0.208360] ACPI: ACPI bus type pnp unregistered
[    0.228515] NET: Registered protocol family 2
[    0.234325] IP route cache hash table entries: 524288 (order: 10, 4194304 bytes)
[    0.241279] TCP established hash table entries: 524288 (order: 11, 8388608 bytes)
[    0.250314] TCP bind hash table entries: 65536 (order: 8, 1048576 bytes)
[    0.252538] TCP: Hash tables configured (established 524288 bind 65536)
[    0.253819] TCP reno registered
[    0.254575] UDP hash table entries: 8192 (order: 6, 262144 bytes)
[    0.256005] UDP-Lite hash table entries: 8192 (order: 6, 262144 bytes)
[    0.258211] NET: Registered protocol family 1
[    0.259155] pci 0000:00:00.0: Limiting direct PCI/PCI transfers
[    0.269679] pci 0000:00:01.0: PIIX3: Enabling Passive Release
[    0.270846] pci 0000:00:01.0: Activating ISA DMA hang workarounds
[    0.272337] Unpacking initramfs...
[    0.535507] Freeing initrd memory: 9992k freed
[    0.539377] PCI-DMA: Using software bounce buffering for IO (SWIOTLB)
[    0.540768] Placing 64MB software IO TLB between ffff8800dbff0000 - ffff8800dfff0000
[    0.542370] software IO TLB at phys 0xdbff0000 - 0xdfff0000
[    0.545731] audit: initializing netlink socket (disabled)
[    0.546848] type=2000 audit(1481757016.544:1): initialized
[    0.579057] HugeTLB registered 2 MB page size, pre-allocated 0 pages
[    0.585655] VFS: Disk quotas dquot_6.5.2
[    0.586665] Dquot-cache hash table entries: 512 (order 0, 4096 bytes)
[    0.588218] msgmni has been set to 32168
[    0.590368] alg: No test for stdrng (krng)
[    0.591490] Block layer SCSI generic (bsg) driver version 0.4 loaded (major 253)
[    0.593142] io scheduler noop registered
[    0.594010] io scheduler deadline registered
[    0.595112] io scheduler cfq registered (default)
[    0.596395] pci_hotplug: PCI Hot Plug PCI Core version: 0.5
[    0.597570] pciehp: PCI Express Hot Plug Controller Driver version: 0.4
[    0.598827] acpiphp: ACPI Hot Plug PCI Controller Driver version: 0.5
[    0.600250] acpiphp: Slot [3] registered
[    0.601139] acpiphp: Slot [4] registered
[    0.602040] acpiphp: Slot [5] registered
[    0.602917] acpiphp: Slot [6] registered
[    0.603797] acpiphp: Slot [7] registered
[    0.604824] acpiphp: Slot [8] registered
[    0.605718] acpiphp: Slot [9] registered
[    0.606601] acpiphp: Slot [10] registered
[    0.607512] acpiphp: Slot [11] registered
[    0.608533] acpiphp: Slot [12] registered
[    0.609452] acpiphp: Slot [13] registered
[    0.610351] acpiphp: Slot [14] registered
[    0.611251] acpiphp: Slot [15] registered
[    0.612260] acpiphp: Slot [16] registered
[    0.613174] acpiphp: Slot [17] registered
[    0.614082] acpiphp: Slot [18] registered
[    0.614974] acpiphp: Slot [19] registered
[    0.615875] acpiphp: Slot [20] registered
[    0.616883] acpiphp: Slot [21] registered
[    0.617791] acpiphp: Slot [22] registered
[    0.618690] acpiphp: Slot [23] registered
[    0.619581] acpiphp: Slot [24] registered
[    0.620612] acpiphp: Slot [25] registered
[    0.621545] acpiphp: Slot [26] registered
[    0.622437] acpiphp: Slot [27] registered
[    0.623339] acpiphp: Slot [28] registered
[    0.624311] acpiphp: Slot [29] registered
[    0.625233] acpiphp: Slot [30] registered
[    0.626134] acpiphp: Slot [31] registered
[    0.627229] ERST: Table is not found!
[    0.628230] GHES: HEST is not enabled!
[    0.629323] Serial: 8250/16550 driver, 4 ports, IRQ sharing enabled
[    0.652284] serial8250: ttyS0 at I/O 0x3f8 (irq = 4) is a 16550A
[    0.682574] 00:06: ttyS0 at I/O 0x3f8 (irq = 4) is a 16550A
[    0.684478] Linux agpgart interface v0.103
[    0.685635] i8042: PNP: PS/2 Controller [PNP0303:KBD,PNP0f13:MOU] at 0x60,0x64 irq 1,12
[    0.688581] serio: i8042 KBD port at 0x60,0x64 irq 1
[    0.690068] serio: i8042 AUX port at 0x60,0x64 irq 12
[    0.692929] mousedev: PS/2 mouse device common for all mice
[    0.694707] input: AT Translated Set 2 keyboard as /devices/platform/i8042/serio0/input/input0
[    0.696697] rtc_cmos 00:01: RTC can wake from S4
[    0.698336] rtc_cmos 00:01: rtc core: registered rtc_cmos as rtc0
[    0.700907] rtc0: alarms up to one day, 114 bytes nvram, hpet irqs
[    0.703177] cpuidle: using governor ladder
[    0.704903] cpuidle: using governor menu
[    0.706371] TCP cubic registered
[    0.707900] NET: Registered protocol family 10
[    0.709989] Mobile IPv6
[    0.710643] NET: Registered protocol family 17
[    0.711606] Registering the dns_resolver key type
[    0.713866] registered taskstats version 1
[    0.716249] rtc_cmos 00:01: setting system clock to 2016-12-14 23:10:18 UTC (1481757018)
[    0.718696] Initializing network drop monitor service
[    0.723637] Freeing unused kernel memory: 580k freed
[    0.726091] Write protecting the kernel read-only data: 6144k
[    0.731468] Freeing unused kernel memory: 644k freed
[    0.735794] Freeing unused kernel memory: 688k freed
Loading, please wait...
[    0.765558] udevd[58]: starting version 175
[    0.779835] SCSI subsystem initialized
[    0.781401] e1000: Intel(R) PRO/1000 Network Driver - version 7.3.21-k8-NAPI
[    0.782926] e1000: Copyright (c) 1999-2006 Intel Corporation.
[    0.785768] ACPI: PCI Interrupt Link [LNKC] enabled at IRQ 11
[    0.807826] Floppy drive(s): fd0 is 1.44M
[    0.828967] FDC 0 is a S82078B
[    4.165169] Refined TSC clocksource calibration: 2199.955 MHz.
[    4.186094] e1000 0000:00:03.0: eth0: (PCI:33MHz:32-bit) 52:54:00:12:34:56
[    4.187425] e1000 0000:00:03.0: eth0: Intel(R) PRO/1000 Network Connection
[    4.190386] scsi0 : ata_piix
[    4.192585] scsi1 : ata_piix
[    4.193991] ata1: PATA max MWDMA2 cmd 0x1f0 ctl 0x3f6 bmdma 0xc040 irq 14
[    4.196543] ata2: PATA max MWDMA2 cmd 0x170 ctl 0x376 bmdma 0xc048 irq 15
[    4.353486] ata1.00: ATA-7: QEMU HARDDISK, 1.1.2, max UDMA/100
[    4.355601] ata1.00: 9011200 sectors, multi 16: LBA48 
[    4.359068] ata2.00: ATAPI: QEMU DVD-ROM, 1.1.2, max UDMA/100
[    4.361922] ata1.00: configured for MWDMA2
[    4.362946] ata2.00: configured for MWDMA2
[    4.363314] scsi 0:0:0:0: Direct-Access     ATA      QEMU HARDDISK    1.1. PQ: 0 ANSI: 5
[    4.367984] scsi 1:0:0:0: CD-ROM            QEMU     QEMU DVD-ROM     1.1. PQ: 0 ANSI: 5
[    4.383750] sd 0:0:0:0: [sda] 9011200 512-byte logical blocks: (4.61 GB/4.29 GiB)
[    4.387002] sd 0:0:0:0: [sda] Write Protect is off
[    4.389189] sr0: scsi3-mmc drive: 4x/4x cd/rw xa/form2 tray
[    4.389198] sd 0:0:0:0: [sda] Write cache: disabled, read cache: enabled, doesn't support DPO or FUA
[    4.394079]  sda: sda1
[    4.395738] cdrom: Uniform CD-ROM driver Revision: 3.20
[    4.395974] sd 0:0:0:0: [sda] Attached SCSI disk
[    4.404638] sd 0:0:0:0: Attached scsi generic sg0 type 0
[    4.407039] sr 1:0:0:0: Attached scsi generic sg1 type 5
Begin: Loading essential drivers ... done.
Begin: Running /scripts/init-premount ... done.
Begin: Mounting root file system ... Begin: Running /scripts/local-top ... done.
Begin: Running /scripts/local-premount ... done.
[    5.039013] EXT4-fs (sda1): mounted filesystem with ordered data mode. Opts: (null)
Begin: Running /scripts/local-bottom ... done.
done.
Begin: Running /scripts/init-bottom ... done.
INIT: version 2.88 booting
[[36minfo[39;49m] Using makefile-style concurrent boot in runlevel S.
findfs: unable to resolve 'UUID="e35ebd7f-2405-4c97-9c3e-26919d55a9e5"'
[....] Starting the hotplug events dispatcher: udevd[    8.682489] udevd[306]: starting version 175
[?25l[?1c7[1G[[32m ok [39;49m8[?25h[?0c.
[....] Synthesizing the initial hotplug events...[    8.797197] input: Power Button as /devices/LNXSYSTM:00/LNXPWRBN:00/input/input1
[    8.799077] ACPI: Power Button [PWRF]
[?25l[?1c7[1G[[32m ok [39;49m8[?25h[?0cdone.
[    8.831724] input: PC Speaker as /devices/platform/pcspkr/input/input2
[    8.837430] parport_pc 00:05: reported by Plug and Play ACPI
[    8.839614] parport0: PC-style at 0x378, irq 7 [PCSPP,TRISTATE]
[    8.842105] piix4_smbus 0000:00:01.3: SMBus Host Controller at 0xb100, revision 0
[....] Waiting for /dev to be fully populated...[    8.869605] Error: Driver 'pcspkr' is already registered, aborting...
[?25l[?1c7[1G[[32m ok [39;49m8[?25h[?0cdone.
findfs: unable to resolve 'UUID="e35ebd7f-2405-4c97-9c3e-26919d55a9e5"'
[....] Activating swap...[?25l[?1c7[1G[[32m ok [39;49m8[?25h[?0cdone.
Usage: mountpoint [-q] [-d] [-x] path
[   12.243812] EXT4-fs (sda1): re-mounted. Opts: (null)
[....] Checking root file system...fsck from util-linux 2.20.1
/run/rootdev: clean, 32636/264000 files, 885038/1054720 blocks
[?25l[?1c7[1G[[32m ok [39;49m8[?25h[?0cdone.
[   12.332007] EXT4-fs (sda1): re-mounted. Opts: errors=remount-ro,errors=remount-ro
[   12.428701] input: ImExPS/2 Generic Explorer Mouse as /devices/platform/i8042/serio1/input/input3
[....] Cleaning up temporary files... /tmp[?25l[?1c7[1G[[32m ok [39;49m8[?25h[?0c.
findfs: unable to resolve 'UUID="e35ebd7f-2405-4c97-9c3e-26919d55a9e5"'
findfs: unable to resolve 'UUID="e35ebd7f-2405-4c97-9c3e-26919d55a9e5"'
[....] Activating lvm and md swap...[?25l[?1c7[1G[[32m ok [39;49m8[?25h[?0cdone.
[....] Checking file systems...fsck from util-linux 2.20.1
[?25l[?1c7[1G[[32m ok [39;49m8[?25h[?0cdone.
[....] Mounting local filesystems...[?25l[?1c7[1G[[32m ok [39;49m8[?25h[?0cdone.
[....] Activating swapfile swap...[?25l[?1c7[1G[[32m ok [39;49m8[?25h[?0cdone.
findfs: unable to resolve 'UUID="e35ebd7f-2405-4c97-9c3e-26919d55a9e5"'
[....] Cleaning up temporary files...[?25l[?1c7[1G[[32m ok [39;49m8[?25h[?0c.
[....] Setting kernel variables ...[?25l[?1c7[1G[[32m ok [39;49m8[?25h[?0cdone.
[....] Configuring network interfaces...Internet Systems Consortium DHCP Client 4.2.2
Copyright 2004-2011 Internet Systems Consortium.
All rights reserved.
For info, please visit https://www.isc.org/software/dhcp/

[   16.616494] ADDRCONF(NETDEV_UP): eth0: link is not ready
Listening on LPF/eth0/52:54:00:12:34:56
Sending on   LPF/eth0/52:54:00:12:34:56
Sending on   Socket/fallback
DHCPDISCOVER on eth0 to 255.255.255.255 port 67 interval 8
[   20.222286] e1000: eth0 NIC Link is Up 1000 Mbps Full Duplex, Flow Control: RX
[   20.229772] ADDRCONF(NETDEV_CHANGE): eth0: link becomes ready
DHCPDISCOVER on eth0 to 255.255.255.255 port 67 interval 10
DHCPREQUEST on eth0 to 255.255.255.255 port 67
DHCPOFFER from 10.0.2.2
DHCPACK from 10.0.2.2
bound to 10.0.2.15 -- renewal in 41904 seconds.
ifup: interface eth0 already configured
[?25l[?1c7[1G[[32m ok [39;49m8[?25h[?0cdone.
[....] Cleaning up temporary files...[?25l[?1c7[1G[[32m ok [39;49m8[?25h[?0c.
INIT: Entering runlevel: 2
[[36minfo[39;49m] Using makefile-style concurrent boot in runlevel 2.
Entering benchmark mode
./scaff/bin/uniform/doitgen_STANDARD dummy.out 100
STARTING doitgen_STANDARD execution: Thu Dec 15 01:10:43 EET 2016
Execution Time; 0.149427
Execution Time; 0.143166
Execution Time; 0.142883
Execution Time; 0.152432
Execution Time; 0.143576
Execution Time; 3.155049
Execution Time; 0.142730
Execution Time; 0.146557
Execution Time; 0.143267
Execution Time; 0.147354
Execution Time; 0.143059
Execution Time; 0.145933
Execution Time; 3.152351
Execution Time; 0.143129
Execution Time; 0.143465
Execution Time; 0.142595
Execution Time; 0.143332
Execution Time; 0.142941
Execution Time; 0.150399
Execution Time; 3.155657
Execution Time; 0.148530
Execution Time; 0.142396
Execution Time; 0.143149
Execution Time; 0.141354
Execution Time; 0.142780
Execution Time; 3.160855
Execution Time; 0.143368
Execution Time; 0.143851
Execution Time; 0.145762
Execution Time; 0.140783
Execution Time; 0.145547
Execution Time; 0.152290
Execution Time; 3.155833
Execution Time; 0.142912
Execution Time; 0.142114
Execution Time; 0.142051
Execution Time; 0.141040
Execution Time; 0.145153
Execution Time; 0.143917
Execution Time; 3.152273
Execution Time; 0.140412
Execution Time; 0.150163
Execution Time; 0.143876
Execution Time; 0.143140
Execution Time; 0.146660
Execution Time; 3.153879
Execution Time; 0.142851
Execution Time; 0.144282
Execution Time; 0.142832
Execution Time; 0.141332
Execution Time; 0.141198
Execution Time; 0.141569
Execution Time; 3.163837
Execution Time; 0.143304
Execution Time; 0.139744
Execution Time; 0.144489
Execution Time; 0.143359
Execution Time; 0.143094
Execution Time; 0.142187
Execution Time; 0.147596
Execution Time; 0.146893
Execution Time; 0.142797
Execution Time; 0.143519
Execution Time; 0.141079
Execution Time; 0.141060
Execution Time; 3.156672
Execution Time; 0.146676
Execution Time; 0.143128
Execution Time; 0.144912
Execution Time; 0.146799
Execution Time; 0.142734
Execution Time; 0.141722
Execution Time; 3.152389
Execution Time; 0.142258
Execution Time; 0.146631
Execution Time; 0.141778
Execution Time; 0.145137
Execution Time; 0.145835
Execution Time; 3.151817
Execution Time; 0.144962
Execution Time; 0.144227
Execution Time; 0.140652
Execution Time; 0.146811
Execution Time; 0.147009
Execution Time; 0.146099
Execution Time; 3.152807
Execution Time; 0.143701
Execution Time; 0.142319
Execution Time; 0.140909
Execution Time; 0.142963
Execution Time; 0.140909
Execution Time; 0.140628
Execution Time; 3.152937
Execution Time; 0.141553
Execution Time; 0.148196
Execution Time; 0.142229
Execution Time; 0.145941
Execution Time; 0.142121
Execution Time; 3.156175
Execution Time; 0.146632
Execution Time; 0.145948
Execution Time; 0.145623
Execution Time; 0.140935
Execution Time; 0.141801
Execution Time; 0.142423
Execution Time; 3.152098
Execution Time; 0.147759
Execution Time; 0.145687
Execution Time; 0.141149
Execution Time; 0.144204
Execution Time; 0.146539
Execution Time; 3.151240
Execution Time; 0.147440
Execution Time; 0.147481
Execution Time; 0.142820
Execution Time; 0.150542
Execution Time; 0.142386
Execution Time; 0.145557
Execution Time; 3.155806
Execution Time; 0.142865
Execution Time; 0.145579
Execution Time; 0.147230
Execution Time; 0.141488
Execution Time; 0.153565
Execution Time; 0.147187
Execution Time; 3.152724
Execution Time; 0.143157
Execution Time; 0.140696
Execution Time; 0.146660
Execution Time; 0.147478
Execution Time; 0.141540
Execution Time; 3.151491
Execution Time; 0.147184
Execution Time; 0.141515
Execution Time; 0.143008
Execution Time; 0.146677
Execution Time; 0.145686
Execution Time; 0.143474
Execution Time; 3.153069
Execution Time; 0.141504
Execution Time; 0.139772
Execution Time; 0.147290
Execution Time; 0.142105
Execution Time; 0.140509
Execution Time; 0.146922
Execution Time; 3.152400
Execution Time; 0.141822
Execution Time; 0.146717
Execution Time; 0.143625
Execution Time; 0.142435
Execution Time; 0.142970
Execution Time; 3.155901
Execution Time; 0.142363
Execution Time; 0.147392
Execution Time; 0.146080
Execution Time; 0.141450
Execution Time; 0.146884
Execution Time; 0.143537
Execution Time; 3.156188
Execution Time; 0.153939
Execution Time; 0.145507
Execution Time; 0.141641
Execution Time; 0.141586
Execution Time; 0.143409
Execution Time; 0.141206
Execution Time; 3.152596
Execution Time; 0.145736
Execution Time; 0.142686
Execution Time; 0.149806
Execution Time; 0.142661
Execution Time; 0.145433
Execution Time; 3.153489
Execution Time; 0.151186
Execution Time; 0.142667
Execution Time; 0.143142
Execution Time; 0.142798
Execution Time; 0.145854
Execution Time; 0.143104
Execution Time; 3.152845
Execution Time; 0.142517
Execution Time; 0.144444
Execution Time; 0.143033
Execution Time; 0.149928
Execution Time; 0.142582
Execution Time; 0.143237
Execution Time; 0.142808
Execution Time; 0.147583
Execution Time; 0.142971
Execution Time; 0.143347
Execution Time; 0.151496
Execution Time; 0.142994
Execution Time; 3.156406
Execution Time; 0.145305
Execution Time; 0.140108
Execution Time; 0.142948
Execution Time; 0.140996
Execution Time; 0.143168
Execution Time; 0.143446
Execution Time; 3.157120
Execution Time; 0.149802
Execution Time; 0.143791
Execution Time; 0.143408
Execution Time; 0.146988
Execution Time; 0.147103
Execution Time; 3.153049
Execution Time; 0.141782
Execution Time; 0.144971
Execution Time; 0.143002
Execution Time; 0.146743
Execution Time; 0.143410
Execution Time; 0.145939
Execution Time; 3.165823
Execution Time; 0.142328
Execution Time; 0.141223
Execution Time; 0.143714
Execution Time; 0.143017
Execution Time; 0.143756
Execution Time; 3.150292
Execution Time; 0.145146
Execution Time; 0.147135
Execution Time; 0.144312
Execution Time; 0.149358
Execution Time; 0.143326
Execution Time; 0.142468
Execution Time; 3.154413
Execution Time; 0.151220
Execution Time; 0.143296
Execution Time; 0.143143
Execution Time; 0.142494
Execution Time; 0.141303
Execution Time; 0.140678
Execution Time; 3.152105
Execution Time; 0.141973
Execution Time; 0.143321
Execution Time; 0.143184
Execution Time; 0.143353
Execution Time; 0.146764
Execution Time; 3.151718
Execution Time; 0.149303
Execution Time; 0.143637
Execution Time; 0.141376
Execution Time; 0.143304
Execution Time; 0.143144
Execution Time; 0.143069
Execution Time; 3.153567
Execution Time; 0.140041
Execution Time; 0.146833
Execution Time; 0.145983
Execution Time; 0.142741
Execution Time; 0.145841
Execution Time; 0.142875
Execution Time; 3.152445
Execution Time; 0.147410
Execution Time; 0.147305
Execution Time; 0.144036
Execution Time; 0.143234
Execution Time; 0.148272
Execution Time; 3.164589
Execution Time; 0.142235
Execution Time; 0.145833
Execution Time; 0.147547
Execution Time; 0.143597
Execution Time; 0.144384
Execution Time; 0.144117
Execution Time; 3.152172
Execution Time; 0.140653
Execution Time; 0.143040
Execution Time; 0.151519
Execution Time; 0.146642
Execution Time; 0.146871
Execution Time; 3.155514
Execution Time; 0.143379
Execution Time; 0.144060
Execution Time; 0.143318
Execution Time; 0.146382
Execution Time; 0.143285
Execution Time; 0.144201
Execution Time; 3.155379
Execution Time; 0.143490
Execution Time; 0.142813
Execution Time; 0.141866
Execution Time; 0.149518
Execution Time; 0.142999
Execution Time; 0.143632
Execution Time; 3.154125
Execution Time; 0.144242
Execution Time; 0.152912
Execution Time; 0.140003
Execution Time; 0.142919
Execution Time; 0.147576
Execution Time; 3.157349
Execution Time; 0.143162
Execution Time; 0.142760
Execution Time; 0.143267
Execution Time; 0.141224
Execution Time; 0.142144
Execution Time; 0.142076
Execution Time; 3.151585
Execution Time; 0.143168
Execution Time; 0.144204
Execution Time; 0.147077
Execution Time; 0.140538
Execution Time; 0.140954
Execution Time; 3.149006
Execution Time; 0.143706
Execution Time; 0.143515
Execution Time; 0.143522
Execution Time; 0.279975
Execution Time; 0.144806
Execution Time; 3.155802
Execution Time; 0.142452
Execution Time; 0.141886
Execution Time; 0.150769
Execution Time; 0.143446
Execution Time; 0.145446
Execution Time; 0.140595
Execution Time; 3.167332
Execution Time; 0.147111
Execution Time; 0.139943
Execution Time; 0.142754
Execution Time; 0.147312
Execution Time; 0.147193
Execution Time; 3.153026
Execution Time; 0.149883
Execution Time; 0.140968
Execution Time; 0.142315
Execution Time; 0.141337
Execution Time; 0.143339
Execution Time; 0.145660
Execution Time; 3.153830
Execution Time; 0.143320
Execution Time; 0.146715
Execution Time; 0.143181
Execution Time; 0.139889
Execution Time; 0.142845
Execution Time; 0.143358
Execution Time; 3.157054
Execution Time; 0.144743
Execution Time; 0.144222
Execution Time; 0.143216
Execution Time; 0.142558
Execution Time; 0.142956
Execution Time; 3.152483
Execution Time; 0.143179
Execution Time; 0.146335
Execution Time; 0.142290
Execution Time; 0.140792
Execution Time; 0.143057
Execution Time; 0.141837
Execution Time; 3.156373
Execution Time; 0.142824
Execution Time; 0.142972
Execution Time; 0.141667
Execution Time; 0.141829
Execution Time; 0.153518
Execution Time; 0.149597
Execution Time; 3.154040
Execution Time; 0.144185
Execution Time; 0.147612
Execution Time; 0.282696
Execution Time; 0.262505
Execution Time; 3.154146
Execution Time; 0.143637
Execution Time; 0.143299
Execution Time; 0.142790
Execution Time; 0.141955
Execution Time; 0.140782
Execution Time; 3.155476
Execution Time; 0.146382
Execution Time; 0.143353
Execution Time; 0.142915
Execution Time; 0.143487
Execution Time; 0.140972
Execution Time; 0.142933
Execution Time; 3.161322
Execution Time; 0.141063
Execution Time; 0.143251
Execution Time; 0.144366
Execution Time; 0.143116
Execution Time; 0.141554
Execution Time; 0.142454
Execution Time; 3.156132
Execution Time; 0.144389
Execution Time; 0.142936
Execution Time; 0.143476
Execution Time; 0.143248
Execution Time; 0.142435
Execution Time; 3.159427
Execution Time; 0.140957
Execution Time; 0.146749
Execution Time; 0.143212
Execution Time; 0.144810
Execution Time; 0.147368
Execution Time; 0.147346
Execution Time; 3.155415
Execution Time; 0.147266
Execution Time; 0.142776
Execution Time; 0.149073
Execution Time; 0.148460
Execution Time; 0.142746
Execution Time; 3.154838
Execution Time; 0.140867
Execution Time; 0.143245
Execution Time; 0.141422
Execution Time; 0.147152
Execution Time; 0.143364
Execution Time; 0.142497
Execution Time; 3.154438
Execution Time; 0.147779
Execution Time; 0.155249
Execution Time; 0.144501
Execution Time; 0.142874
Execution Time; 0.145297
Execution Time; 3.153074
Execution Time; 0.146457
Execution Time; 0.141713
Execution Time; 0.145638
Execution Time; 0.146972
Execution Time; 0.141633
Execution Time; 0.143513
Execution Time; 3.152766
Execution Time; 0.149967
Execution Time; 0.140110
Execution Time; 0.142918
Execution Time; 0.143433
Execution Time; 0.147191
Execution Time; 0.150440
Execution Time; 3.161618
Execution Time; 0.144941
Execution Time; 0.145785
Execution Time; 0.142580
Execution Time; 0.141315
Execution Time; 0.147200
Execution Time; 3.156759
Execution Time; 0.152389
Execution Time; 0.143000
Execution Time; 0.151395
Execution Time; 0.141854
Execution Time; 0.143046
Execution Time; 0.147643
Execution Time; 3.154975
Execution Time; 0.143123
Execution Time; 0.143111
Execution Time; 0.147966
Execution Time; 0.139841
Execution Time; 0.143042
Execution Time; 3.153279
Execution Time; 0.142824
Execution Time; 0.156260
Execution Time; 0.148124
Execution Time; 0.140970
Execution Time; 0.142216
Execution Time; 0.141715
Execution Time; 3.151870
Execution Time; 0.146841
Execution Time; 0.147516
Execution Time; 0.148850
Execution Time; 0.146175
Execution Time; 0.146178
Execution Time; 0.143471
Execution Time; 3.152004
Execution Time; 0.147018
Execution Time; 0.143598
Execution Time; 0.142929
Execution Time; 0.149740
Execution Time; 0.147276
Execution Time; 3.155945
Execution Time; 0.150753
Execution Time; 0.141755
Execution Time; 0.147216
Execution Time; 0.147135
Execution Time; 0.143493
Execution Time; 0.146030
Execution Time; 3.157824
Execution Time; 0.143517
Execution Time; 0.147874
Execution Time; 0.148441
Execution Time; 0.151962
Execution Time; 0.147319
Execution Time; 3.158410
Execution Time; 0.144272
Execution Time; 0.145865
Execution Time; 0.142860
Execution Time; 0.147011
Execution Time; 0.145560
Execution Time; 0.142925
Execution Time; 3.154408
Execution Time; 0.146066
Execution Time; 0.150869
Execution Time; 0.143221
Execution Time; 0.143252
Execution Time; 0.146811
Execution Time; 3.154113
Execution Time; 0.148377
Execution Time; 0.141647
Execution Time; 0.149174
Execution Time; 0.142288
Execution Time; 0.143020
Execution Time; 0.147522
Execution Time; 3.159404
Execution Time; 0.143299
Execution Time; 0.143023
Execution Time; 0.146196
Execution Time; 0.147273
Execution Time; 0.149659
Execution Time; 3.149098
Execution Time; 0.142106
Execution Time; 0.141563
Execution Time; 0.144633
Execution Time; 0.143010
Execution Time; 0.143215
Execution Time; 0.143271
Execution Time; 3.153661
Execution Time; 0.143253
Execution Time; 0.143291
Execution Time; 0.148741
Execution Time; 0.142356
Execution Time; 0.143669
Execution Time; 0.143321
Execution Time; 3.153520
Execution Time; 0.144334
Execution Time; 0.143290
Execution Time; 0.143458
Execution Time; 0.147106
Execution Time; 0.142891
Execution Time; 3.152961
Execution Time; 0.140869
Execution Time; 0.142718
Execution Time; 0.143154
Execution Time; 0.140977
Execution Time; 0.144229
Execution Time; 0.150545
Execution Time; 3.154377
Execution Time; 0.142806
Execution Time; 0.144117
Execution Time; 0.143515
Execution Time; 0.140753
Execution Time; 0.146591
Execution Time; 0.143034
Execution Time; 3.150070
Execution Time; 0.146586
Execution Time; 0.143515
Execution Time; 0.144510
Execution Time; 0.142847
Execution Time; 0.147552
Execution Time; 3.152421
Execution Time; 0.145635
Execution Time; 0.142345
Execution Time; 0.140654
Execution Time; 0.141634
Execution Time; 0.142050
Execution Time; 0.147206
Execution Time; 3.150712
Execution Time; 0.142663
Execution Time; 0.144479
Execution Time; 0.140931
Execution Time; 0.143285
Execution Time; 0.140932
Execution Time; 0.147415
Execution Time; 3.161532
Execution Time; 0.147268
Execution Time; 0.147153
Execution Time; 0.146759
Execution Time; 0.143204
Execution Time; 0.142354
Execution Time; 3.158891
Execution Time; 0.147304
Execution Time; 0.148887
Execution Time; 0.142821
Execution Time; 0.143648
Execution Time; 0.140417
Execution Time; 0.142345
Execution Time; 3.156961
Execution Time; 0.145968
Execution Time; 0.143625
Execution Time; 0.142403
Execution Time; 0.143357
Execution Time; 0.148754
Execution Time; 3.157677
Execution Time; 0.144584
Execution Time; 0.145359
Execution Time; 0.142276
Execution Time; 0.143083
Execution Time; 0.143017
Execution Time; 0.141911
Execution Time; 3.153164
Execution Time; 0.146369
Execution Time; 0.141927
Execution Time; 0.143232
Execution Time; 0.142706
Execution Time; 0.144279
Execution Time; 0.142193
Execution Time; 3.164945
Execution Time; 0.146325
Execution Time; 0.143106
Execution Time; 0.142945
Execution Time; 0.147428
Execution Time; 0.147400
Execution Time; 3.153611
Execution Time; 0.143259
Execution Time; 0.144221
Execution Time; 0.143627
Execution Time; 0.148375
Execution Time; 0.143245
Execution Time; 0.142773
Execution Time; 3.152660
Execution Time; 0.143306
Execution Time; 0.140063
Execution Time; 0.146174
Execution Time; 0.139685
Execution Time; 0.149724
Execution Time; 3.160766
Execution Time; 0.281221
Execution Time; 0.286934
Execution Time; 0.255987
Execution Time; 3.203857
Execution Time; 0.143263
Execution Time; 0.152441
Execution Time; 0.143434
Execution Time; 0.142996
Execution Time; 0.143465
Execution Time; 3.156484
Execution Time; 0.143229
Execution Time; 0.142997
Execution Time; 0.142417
Execution Time; 0.141042
Execution Time; 0.142823
Execution Time; 0.141943
Execution Time; 3.159788
Execution Time; 0.145368
Execution Time; 0.144070
Execution Time; 0.146648
Execution Time; 0.143977
Execution Time; 0.143306
Execution Time; 0.148078
Execution Time; 3.152994
Execution Time; 0.140922
Execution Time; 0.142941
Execution Time; 0.150033
Execution Time; 0.140575
Execution Time; 0.140893
Execution Time; 3.161212
Execution Time; 0.145441
Execution Time; 0.142883
Execution Time; 0.143763
Execution Time; 0.140995
Execution Time; 0.153105
Execution Time; 0.142875
Execution Time; 3.154145
Execution Time; 0.145078
Execution Time; 0.142590
Execution Time; 0.141418
Execution Time; 0.142842
Execution Time; 0.143834
Execution Time; 0.143204
Execution Time; 3.153704
Execution Time; 0.142777
Execution Time; 0.144460
Execution Time; 0.148216
Execution Time; 0.150951
Execution Time; 0.143153
Execution Time; 3.157949
Execution Time; 0.148745
Execution Time; 0.142678
Execution Time; 0.143435
Execution Time; 0.141610
Execution Time; 0.143418
Execution Time; 0.141819
Execution Time; 3.158805
Execution Time; 0.150044
Execution Time; 0.144760
Execution Time; 0.146953
Execution Time; 0.143394
Execution Time; 0.141434
Execution Time; 3.152666
Execution Time; 0.143542
Execution Time; 0.142841
Execution Time; 0.142946
Execution Time; 0.144007
Execution Time; 0.140765
Execution Time; 0.144794
Execution Time; 3.153118
Execution Time; 0.145324
Execution Time; 0.147242
Execution Time; 0.147312
Execution Time; 0.147512
Execution Time; 0.143119
Execution Time; 0.142806
Execution Time; 3.161539
Execution Time; 0.142240
Execution Time; 0.144512
Execution Time; 0.147238
Execution Time; 0.142847
Execution Time; 0.143177
Execution Time; 3.157566
Execution Time; 0.141116
Execution Time; 0.150909
Execution Time; 0.143312
Execution Time; 0.144625
Execution Time; 0.143064
Execution Time; 0.145400
Execution Time; 3.152502
Execution Time; 0.142841
Execution Time; 0.143130
Execution Time; 0.141037
Execution Time; 0.145500
Execution Time; 0.143569
Execution Time; 3.153426
Execution Time; 0.143717
Execution Time; 0.142770
Execution Time; 0.140661
Execution Time; 0.141895
Execution Time; 0.144341
Execution Time; 0.146890
Execution Time; 3.154108
Execution Time; 0.140721
Execution Time; 0.150113
Execution Time; 0.143107
Execution Time; 0.140842
Execution Time; 0.144039
Execution Time; 0.144499
Execution Time; 3.152407
Execution Time; 0.143727
Execution Time; 0.150079
Execution Time; 0.143321
Execution Time; 0.143029
Execution Time; 0.152378
Execution Time; 3.168139
Execution Time; 0.143966
Execution Time; 0.143607
Execution Time; 0.143247
Execution Time; 0.144071
Execution Time; 0.143069
Execution Time; 0.143011
Execution Time; 3.155201
Execution Time; 0.146806
Execution Time; 0.147267
Execution Time; 0.149736
Execution Time; 0.142591
Execution Time; 0.143531
Execution Time; 3.153005
Execution Time; 0.141492
Execution Time; 0.143727
Execution Time; 0.146971
Execution Time; 0.143389
Execution Time; 0.143471
Execution Time; 0.146788
Execution Time; 3.157844
Execution Time; 0.140827
Execution Time; 0.142009
Execution Time; 0.144455
Execution Time; 0.142691
Execution Time; 0.142216
Execution Time; 0.141346
Execution Time; 3.156674
Execution Time; 0.147274
Execution Time; 0.147488
Execution Time; 0.140140
Execution Time; 0.146755
Execution Time; 0.148263
Execution Time; 3.156716
Execution Time; 0.143023
Execution Time; 0.142231
Execution Time; 0.140897
Execution Time; 0.142714
Execution Time; 0.141690
Execution Time; 0.147264
Execution Time; 3.172375
Execution Time; 0.141470
Execution Time; 0.143120
Execution Time; 0.142920
Execution Time; 0.149030
Execution Time; 0.143270
Execution Time; 0.147066
Execution Time; 3.162297
Execution Time; 0.144682
Execution Time; 0.153342
Execution Time; 0.143272
Execution Time; 0.146171
Execution Time; 0.144076
Execution Time; 3.152686
Execution Time; 0.140604
Execution Time; 0.148351
Execution Time; 0.148375
Execution Time; 0.152504
Execution Time; 0.146863
Execution Time; 0.143035
Execution Time; 3.165312
Execution Time; 0.157181
Execution Time; 0.143307
Execution Time; 0.142989
Execution Time; 0.142747
Execution Time; 0.151264
Execution Time; 3.169919
Execution Time; 0.147307
Execution Time; 0.149932
Execution Time; 0.142964
Execution Time; 0.148461
Execution Time; 0.143231
Execution Time; 0.145869
INIT: Switching to runlevel: 0INIT: Sending processes the TERM signal
[[36minfo[39;49m] Using makefile-style concurrent boot in runlevel 0.
[....] Asking all remaining processes to terminate...[?25l[?1c7[1G[[32m ok [39;49m8[?25h[?0cdone.
[....] All processes ended within 2 seconds...[?25l[?1c7[1G[[32m ok [39;49m8[?25h[?0cdone.
[[36minfo[39;49m] Saving the system clock.
[[36minfo[39;49m] Hardware Clock updated to Wed Dec 14 23:18:58 UTC 2016.
[....] Deconfiguring network interfaces...Internet Systems Consortium DHCP Client 4.2.2
Copyright 2004-2011 Internet Systems Consortium.
All rights reserved.
For info, please visit https://www.isc.org/software/dhcp/

Listening on LPF/eth0/52:54:00:12:34:56
Sending on   LPF/eth0/52:54:00:12:34:56
Sending on   Socket/fallback
DHCPRELEASE on eth0 to 10.0.2.2 port 67
[?25l[?1c7[1G[[32m ok [39;49m8[?25h[?0cdone.
[....] Deactivating swap...[?25l[?1c7[1G[[32m ok [39;49m8[?25h[?0cdone.
[  521.047071] EXT4-fs (sda1): re-mounted. Opts: (null)
[[36minfo[39;49m] Will now halt.
[  523.089919] sd 0:0:0:0: [sda] Stopping disk
[  523.093789] ACPI: Preparing to enter system sleep state S5
[  523.094959] Power down.
aff-executor-preload.c:affhooks_init()
aff-executor-preload.c:affhooks_shut()
HELLO KITTY
