aff-executor-preload.c:affhooks_init()
[H[J[?25l[m[H[J[2;25HGNU GRUB  version 1.99-27+deb7u2

[m[4;2H+--------------------------------------------------------------------------+[5;2H|[5;77H|[6;2H|[6;77H|[7;2H|[7;77H|[8;2H|[8;77H|[9;2H|[9;77H|[10;2H|[10;77H|[11;2H|[11;77H|[12;2H|[12;77H|[13;2H|[13;77H|[14;2H|[14;77H|[15;2H|[15;77H|[16;2H|[16;77H|[17;2H+--------------------------------------------------------------------------+[m[18;2H[m
      Use the ^ and v keys to select which entry is highlighted.      
      Press enter to boot the selected OS, 'e' to edit the commands      
      before booting or 'c' for a command-line.      
      [5;78H [7m[5;3HDebian GNU/Linux, with Linux 3.2.0-4-amd64                               [m [5;76H[m[m[6;3HDebian GNU/Linux, with Linux 3.2.0-4-amd64 (recovery mode)               [m [6;76H[m[m[7;3H                                                                         [m [7;76H[m[m[8;3H                                                                         [m [8;76H[m[m[9;3H                                                                         [m [9;76H[m[m[10;3H                                                                         [m [10;76H[m[m[11;3H                                                                         [m [11;76H[m[m[12;3H                                                                         [m [12;76H[m[m[13;3H                                                                         [m [13;76H[m[m[14;3H                                                                         [m [14;76H[m[m[15;3H                                                                         [m [15;76H[m[m[16;3H                                                                         [m [16;76H[m[16;78H [5;76H[22;1H   The highlighted entry will be executed automatically in 5s.                 [5;76H[22;1H   The highlighted entry will be executed automatically in 4s.                 [5;76H[22;1H   The highlighted entry will be executed automatically in 3s.                 [5;76H[22;1H   The highlighted entry will be executed automatically in 2s.                 [5;76H[22;1H   The highlighted entry will be executed automatically in 1s.                 [5;76H[22;1H   The highlighted entry will be executed automatically in 0s.                 [5;76H[?25h[H[J[H[J  Booting 'Debian GNU/Linux, with Linux 3.2.0-4-amd64'

Loading Linux 3.2.0-4-amd64 ...
Loading initial ramdisk ...
[    0.000000] Initializing cgroup subsys cpuset
[    0.000000] Initializing cgroup subsys cpu
[    0.000000] Linux version 3.2.0-4-amd64 (debian-kernel@lists.debian.org) (gcc version 4.6.3 (Debian 4.6.3-14) ) #1 SMP Debian 3.2.68-1+deb7u3
[    0.000000] Command line: BOOT_IMAGE=/boot/vmlinuz-3.2.0-4-amd64 root=UUID=e35ebd7f-2405-4c97-9c3e-26919d55a9e5 ro console=tty0 console=ttyS0,115200n8
[    0.000000] BIOS-provided physical RAM map:
[    0.000000]  BIOS-e820: 0000000000000000 - 000000000009fc00 (usable)
[    0.000000]  BIOS-e820: 000000000009fc00 - 00000000000a0000 (reserved)
[    0.000000]  BIOS-e820: 00000000000f0000 - 0000000000100000 (reserved)
[    0.000000]  BIOS-e820: 0000000000100000 - 00000000bfffe000 (usable)
[    0.000000]  BIOS-e820: 00000000bfffe000 - 00000000c0000000 (reserved)
[    0.000000]  BIOS-e820: 00000000feffc000 - 00000000ff000000 (reserved)
[    0.000000]  BIOS-e820: 00000000fffc0000 - 0000000100000000 (reserved)
[    0.000000]  BIOS-e820: 0000000100000000 - 0000000440000000 (usable)
[    0.000000] NX (Execute Disable) protection: active
[    0.000000] SMBIOS 2.4 present.
[    0.000000] No AGP bridge found
[    0.000000] last_pfn = 0x440000 max_arch_pfn = 0x400000000
[    0.000000] x86 PAT enabled: cpu 0, old 0x70406, new 0x7010600070106
[    0.000000] last_pfn = 0xbfffe max_arch_pfn = 0x400000000
[    0.000000] found SMP MP-table at [ffff8800000f0b10] f0b10
[    0.000000] Using GB pages for direct mapping
[    0.000000] init_memory_mapping: 0000000000000000-00000000bfffe000
[    0.000000] init_memory_mapping: 0000000100000000-0000000440000000
[    0.000000] RAMDISK: 36c6c000 - 3762e000
[    0.000000] ACPI: RSDP 00000000000f08e0 00014 (v00 BOCHS )
[    0.000000] ACPI: RSDT 00000000bffffcfc 00034 (v01 BOCHS  BXPCRSDT 00000001 BXPC 00000001)
[    0.000000] ACPI: FACP 00000000bffff1c0 00074 (v01 BOCHS  BXPCFACP 00000001 BXPC 00000001)
[    0.000000] ACPI: DSDT 00000000bfffe040 01180 (v01 BOCHS  BXPCDSDT 00000001 BXPC 00000001)
[    0.000000] ACPI: FACS 00000000bfffe000 00040
[    0.000000] ACPI: SSDT 00000000bffff234 00A00 (v01 BOCHS  BXPCSSDT 00000001 BXPC 00000001)
[    0.000000] ACPI: APIC 00000000bffffc34 00090 (v01 BOCHS  BXPCAPIC 00000001 BXPC 00000001)
[    0.000000] ACPI: HPET 00000000bffffcc4 00038 (v01 BOCHS  BXPCHPET 00000001 BXPC 00000001)
[    0.000000] No NUMA configuration found
[    0.000000] Faking a node at 0000000000000000-0000000440000000
[    0.000000] Initmem setup node 0 0000000000000000-0000000440000000
[    0.000000]   NODE_DATA [000000043fffb000 - 000000043fffffff]
[    0.000000] kvm-clock: Using msrs 4b564d01 and 4b564d00
[    0.000000] kvm-clock: cpu 0, msr 0:16a8741, boot clock
[    0.000000] Zone PFN ranges:
[    0.000000]   DMA      0x00000010 -> 0x00001000
[    0.000000]   DMA32    0x00001000 -> 0x00100000
[    0.000000]   Normal   0x00100000 -> 0x00440000
[    0.000000] Movable zone start PFN for each node
[    0.000000] early_node_map[3] active PFN ranges
[    0.000000]     0: 0x00000010 -> 0x0000009f
[    0.000000]     0: 0x00000100 -> 0x000bfffe
[    0.000000]     0: 0x00100000 -> 0x00440000
[    0.000000] ACPI: PM-Timer IO Port: 0xb008
[    0.000000] ACPI: LAPIC (acpi_id[0x00] lapic_id[0x00] enabled)
[    0.000000] ACPI: LAPIC (acpi_id[0x01] lapic_id[0x01] enabled)
[    0.000000] ACPI: LAPIC (acpi_id[0x02] lapic_id[0x02] enabled)
[    0.000000] ACPI: LAPIC (acpi_id[0x03] lapic_id[0x03] enabled)
[    0.000000] ACPI: LAPIC_NMI (acpi_id[0xff] dfl dfl lint[0x1])
[    0.000000] ACPI: IOAPIC (id[0x00] address[0xfec00000] gsi_base[0])
[    0.000000] IOAPIC[0]: apic_id 0, version 17, address 0xfec00000, GSI 0-23
[    0.000000] ACPI: INT_SRC_OVR (bus 0 bus_irq 0 global_irq 2 dfl dfl)
[    0.000000] ACPI: INT_SRC_OVR (bus 0 bus_irq 5 global_irq 5 high level)
[    0.000000] ACPI: INT_SRC_OVR (bus 0 bus_irq 9 global_irq 9 high level)
[    0.000000] ACPI: INT_SRC_OVR (bus 0 bus_irq 10 global_irq 10 high level)
[    0.000000] ACPI: INT_SRC_OVR (bus 0 bus_irq 11 global_irq 11 high level)
[    0.000000] Using ACPI (MADT) for SMP configuration information
[    0.000000] ACPI: HPET id: 0x8086a201 base: 0xfed00000
[    0.000000] SMP: Allowing 4 CPUs, 0 hotplug CPUs
[    0.000000] PM: Registered nosave memory: 000000000009f000 - 00000000000a0000
[    0.000000] PM: Registered nosave memory: 00000000000a0000 - 00000000000f0000
[    0.000000] PM: Registered nosave memory: 00000000000f0000 - 0000000000100000
[    0.000000] PM: Registered nosave memory: 00000000bfffe000 - 00000000c0000000
[    0.000000] PM: Registered nosave memory: 00000000c0000000 - 00000000feffc000
[    0.000000] PM: Registered nosave memory: 00000000feffc000 - 00000000ff000000
[    0.000000] PM: Registered nosave memory: 00000000ff000000 - 00000000fffc0000
[    0.000000] PM: Registered nosave memory: 00000000fffc0000 - 0000000100000000
[    0.000000] Allocating PCI resources starting at c0000000 (gap: c0000000:3effc000)
[    0.000000] Booting paravirtualized kernel on KVM
[    0.000000] setup_percpu: NR_CPUS:512 nr_cpumask_bits:512 nr_cpu_ids:4 nr_node_ids:1
[    0.000000] PERCPU: Embedded 27 pages/cpu @ffff88043fc00000 s78912 r8192 d23488 u524288
[    0.000000] kvm-clock: cpu 0, msr 4:3fc12741, primary cpu clock
[    0.000000] KVM setup async PF for cpu 0
[    0.000000] kvm-stealtime: cpu 0, msr 43fc0cfc0
[    0.000000] Built 1 zonelists in Zone order, mobility grouping on.  Total pages: 4133256
[    0.000000] Policy zone: Normal
[    0.000000] Kernel command line: BOOT_IMAGE=/boot/vmlinuz-3.2.0-4-amd64 root=UUID=e35ebd7f-2405-4c97-9c3e-26919d55a9e5 ro console=tty0 console=ttyS0,115200n8
[    0.000000] PID hash table entries: 4096 (order: 3, 32768 bytes)
[    0.000000] xsave/xrstor: enabled xstate_bv 0x7, cntxt size 0x340
[    0.000000] Checking aperture...
[    0.000000] No AGP bridge found
[    0.000000] Memory: 16462372k/17825792k available (3434k kernel code, 1049036k absent, 314384k reserved, 3305k data, 580k init)
[    0.000000] Hierarchical RCU implementation.
[    0.000000] 	RCU dyntick-idle grace-period acceleration is enabled.
[    0.000000] NR_IRQS:33024 nr_irqs:712 16
[    0.000000] Console: colour VGA+ 80x25
[    0.000000] console [tty0] enabled
[    0.000000] console [ttyS0] enabled
[    0.000000] Detected 2199.998 MHz processor.
[    0.008000] Calibrating delay loop (skipped) preset value.. 4399.99 BogoMIPS (lpj=8799992)
[    0.008000] pid_max: default: 32768 minimum: 301
[    0.008000] Security Framework initialized
[    0.008011] AppArmor: AppArmor disabled by boot time parameter
[    0.010000] Dentry cache hash table entries: 2097152 (order: 12, 16777216 bytes)
[    0.015362] Inode-cache hash table entries: 1048576 (order: 11, 8388608 bytes)
[    0.017286] Mount-cache hash table entries: 256
[    0.018220] Initializing cgroup subsys cpuacct
[    0.019052] Initializing cgroup subsys memory
[    0.020015] Initializing cgroup subsys devices
[    0.020865] Initializing cgroup subsys freezer
[    0.021694] Initializing cgroup subsys net_cls
[    0.022508] Initializing cgroup subsys blkio
[    0.024009] Initializing cgroup subsys perf_event
[    0.024966] mce: CPU supports 10 MCE banks
[    0.027164] ACPI: Core revision 20110623
[    0.029253] Enabling x2apic
[    0.029923] Enabled x2apic
[    0.030717] Switched APIC routing to physical x2apic.
[    0.032957] ..TIMER: vector=0x30 apic1=0 pin1=2 apic2=-1 pin2=-1
[    0.034223] CPU0: Intel(R) Xeon(R) CPU E5-4620 0 @ 2.20GHz stepping 07
[    0.036002] Performance Events: SandyBridge events, Intel PMU driver.
[    0.036002] ... version:                2
[    0.036002] ... bit width:              48
[    0.036002] ... generic registers:      4
[    0.036005] ... value mask:             0000ffffffffffff
[    0.037203] ... max period:             000000007fffffff
[    0.038399] ... fixed-purpose events:   3
[    0.039346] ... event mask:             000000070000000f
[    0.040170] NMI watchdog enabled, takes one hw-pmu counter.
[    0.041556] Booting Node   0, Processors  #1
[    0.060024] KVM setup async PF for cpu 1
[    0.060024] kvm-stealtime: cpu 1, msr 43fc8cfc0
[    0.065285] NMI watchdog enabled, takes one hw-pmu counter.
[    0.060024] kvm-clock: cpu 1, msr 4:3fc92741, secondary cpu clock
[    0.067996]  #2
[    0.084023] KVM setup async PF for cpu 2
[    0.084023] kvm-stealtime: cpu 2, msr 43fd0cfc0
[    0.090079] NMI watchdog enabled, takes one hw-pmu counter.
[    0.084023] kvm-clock: cpu 2, msr 4:3fd12741, secondary cpu clock
[    0.092228]  #3 Ok.
[    0.112028] KVM setup async PF for cpu 3
[    0.112028] kvm-stealtime: cpu 3, msr 43fd8cfc0
[    0.112028] kvm-clock: cpu 3, msr 4:3fd92741, secondary cpu clock
[    0.113840] NMI watchdog enabled, takes one hw-pmu counter.
[    0.116859] Brought up 4 CPUs
[    0.117609] Total of 4 processors activated (17599.98 BogoMIPS).
[    0.119289] devtmpfs: initialized
[    0.124069] print_constraints: dummy: 
[    0.125056] NET: Registered protocol family 16
[    0.126096] ACPI: bus type pci registered
[    0.127038] PCI: Using configuration type 1 for base access
[    0.128809] bio: create slab <bio-0> at 0
[    0.130101] ACPI: Added _OSI(Module Device)
[    0.132038] ACPI: Added _OSI(Processor Device)
[    0.133154] ACPI: Added _OSI(3.0 _SCP Extensions)
[    0.134066] ACPI: Added _OSI(Processor Aggregator Device)
[    0.138791] ACPI: Interpreter enabled
[    0.139546] ACPI: (supports S0 S3 S4 S5)
[    0.140678] ACPI: Using IOAPIC for interrupt routing
[    0.145377] ACPI: No dock devices found.
[    0.146275] HEST: Table not found.
[    0.146993] PCI: Using host bridge windows from ACPI; if necessary, use "pci=nocrs" and report a bug
[    0.148097] ACPI: PCI Root Bridge [PCI0] (domain 0000 [bus 00-ff])
[    0.149485] pci_root PNP0A03:00: host bridge window [io  0x0000-0x0cf7]
[    0.150673] pci_root PNP0A03:00: host bridge window [io  0x0d00-0xadff]
[    0.152027] pci_root PNP0A03:00: host bridge window [io  0xae0f-0xaeff]
[    0.153307] pci_root PNP0A03:00: host bridge window [io  0xaf20-0xafdf]
[    0.154483] pci_root PNP0A03:00: host bridge window [io  0xafe4-0xffff]
[    0.156022] pci_root PNP0A03:00: host bridge window [mem 0x000a0000-0x000bffff]
[    0.157490] pci_root PNP0A03:00: host bridge window [mem 0xc0000000-0xfebfffff]
[    0.163687] pci 0000:00:01.3: quirk: [io  0xb000-0xb03f] claimed by PIIX4 ACPI
[    0.164034] pci 0000:00:01.3: quirk: [io  0xb100-0xb10f] claimed by PIIX4 SMB
[    0.180770]  pci0000:00: Unable to request _OSC control (_OSC support mask: 0x1e)
[    0.184283] ACPI: PCI Interrupt Link [LNKA] (IRQs 5 *10 11)
[    0.185953] ACPI: PCI Interrupt Link [LNKB] (IRQs 5 *10 11)
[    0.187522] ACPI: PCI Interrupt Link [LNKC] (IRQs 5 10 *11)
[    0.188869] ACPI: PCI Interrupt Link [LNKD] (IRQs 5 10 *11)
[    0.190490] ACPI: PCI Interrupt Link [LNKS] (IRQs *9)
[    0.192056] vgaarb: device added: PCI:0000:00:02.0,decodes=io+mem,owns=io+mem,locks=none
[    0.193686] vgaarb: loaded
[    0.194337] vgaarb: bridge control possible 0000:00:02.0
[    0.195347] PCI: Using ACPI for IRQ routing
[    0.196249] HPET: 3 timers in total, 0 timers will be used for per-cpu timer
[    0.197600] hpet0: at MMIO 0xfed00000, IRQs 2, 8, 0
[    0.204022] hpet0: 3 comparators, 64-bit 100.000000 MHz counter
[    0.221007] Switching to clocksource kvm-clock
[    0.223584] pnp: PnP ACPI init
[    0.225086] ACPI: bus type pnp registered
[    0.228501] pnp: PnP ACPI: found 9 devices
[    0.230227] ACPI: ACPI bus type pnp unregistered
[    0.244389] NET: Registered protocol family 2
[    0.248076] IP route cache hash table entries: 524288 (order: 10, 4194304 bytes)
[    0.251977] TCP established hash table entries: 524288 (order: 11, 8388608 bytes)
[    0.256090] TCP bind hash table entries: 65536 (order: 8, 1048576 bytes)
[    0.257845] TCP: Hash tables configured (established 524288 bind 65536)
[    0.259051] TCP reno registered
[    0.259738] UDP hash table entries: 8192 (order: 6, 262144 bytes)
[    0.260930] UDP-Lite hash table entries: 8192 (order: 6, 262144 bytes)
[    0.262523] NET: Registered protocol family 1
[    0.263396] pci 0000:00:00.0: Limiting direct PCI/PCI transfers
[    0.264524] pci 0000:00:01.0: PIIX3: Enabling Passive Release
[    0.265583] pci 0000:00:01.0: Activating ISA DMA hang workarounds
[    0.266781] Unpacking initramfs...
[    0.461845] Freeing initrd memory: 9992k freed
[    0.465343] PCI-DMA: Using software bounce buffering for IO (SWIOTLB)
[    0.466578] Placing 64MB software IO TLB between ffff8800bbffe000 - ffff8800bfffe000
[    0.468089] software IO TLB at phys 0xbbffe000 - 0xbfffe000
[    0.470427] audit: initializing netlink socket (disabled)
[    0.471453] type=2000 audit(1483370461.468:1): initialized
[    0.487617] HugeTLB registered 2 MB page size, pre-allocated 0 pages
[    0.491153] VFS: Disk quotas dquot_6.5.2
[    0.492129] Dquot-cache hash table entries: 512 (order 0, 4096 bytes)
[    0.493472] msgmni has been set to 32172
[    0.494766] alg: No test for stdrng (krng)
[    0.495731] Block layer SCSI generic (bsg) driver version 0.4 loaded (major 253)
[    0.497197] io scheduler noop registered
[    0.497976] io scheduler deadline registered
[    0.499010] io scheduler cfq registered (default)
[    0.500135] pci_hotplug: PCI Hot Plug PCI Core version: 0.5
[    0.501168] pciehp: PCI Express Hot Plug Controller Driver version: 0.4
[    0.502376] acpiphp: ACPI Hot Plug PCI Controller Driver version: 0.5
[    0.503589] acpiphp: Slot [3] registered
[    0.504456] acpiphp: Slot [4] registered
[    0.505264] acpiphp: Slot [5] registered
[    0.506048] acpiphp: Slot [6] registered
[    0.506903] acpiphp: Slot [7] registered
[    0.507728] acpiphp: Slot [8] registered
[    0.508575] acpiphp: Slot [9] registered
[    0.509363] acpiphp: Slot [10] registered
[    0.510163] acpiphp: Slot [11] registered
[    0.511006] acpiphp: Slot [12] registered
[    0.511847] acpiphp: Slot [13] registered
[    0.512701] acpiphp: Slot [14] registered
[    0.513504] acpiphp: Slot [15] registered
[    0.514364] acpiphp: Slot [16] registered
[    0.515169] acpiphp: Slot [17] registered
[    0.516046] acpiphp: Slot [18] registered
[    0.516866] acpiphp: Slot [19] registered
[    0.517692] acpiphp: Slot [20] registered
[    0.518573] acpiphp: Slot [21] registered
[    0.519413] acpiphp: Slot [22] registered
[    0.520310] acpiphp: Slot [23] registered
[    0.521144] acpiphp: Slot [24] registered
[    0.521972] acpiphp: Slot [25] registered
[    0.522845] acpiphp: Slot [26] registered
[    0.523711] acpiphp: Slot [27] registered
[    0.524569] acpiphp: Slot [28] registered
[    0.525410] acpiphp: Slot [29] registered
[    0.526279] acpiphp: Slot [30] registered
[    0.527121] acpiphp: Slot [31] registered
[    0.528119] ERST: Table is not found!
[    0.528864] GHES: HEST is not enabled!
[    0.529728] Serial: 8250/16550 driver, 4 ports, IRQ sharing enabled
[    0.556301] serial8250: ttyS0 at I/O 0x3f8 (irq = 4) is a 16550A
[    3.641522] Refined TSC clocksource calibration: 2199.957 MHz.
[    3.667289] 00:06: ttyS0 at I/O 0x3f8 (irq = 4) is a 16550A
[    3.669053] Linux agpgart interface v0.103
[    3.670217] i8042: PNP: PS/2 Controller [PNP0303:KBD,PNP0f13:MOU] at 0x60,0x64 irq 1,12
[    3.672774] serio: i8042 KBD port at 0x60,0x64 irq 1
[    3.673886] serio: i8042 AUX port at 0x60,0x64 irq 12
[    3.675218] mousedev: PS/2 mouse device common for all mice
[    3.677281] input: AT Translated Set 2 keyboard as /devices/platform/i8042/serio0/input/input0
[    3.679366] rtc_cmos 00:01: RTC can wake from S4
[    3.680768] rtc_cmos 00:01: rtc core: registered rtc_cmos as rtc0
[    3.682220] rtc0: alarms up to one day, 114 bytes nvram, hpet irqs
[    3.683643] cpuidle: using governor ladder
[    3.684601] cpuidle: using governor menu
[    3.685727] TCP cubic registered
[    3.686893] NET: Registered protocol family 10
[    3.688630] Mobile IPv6
[    3.689859] NET: Registered protocol family 17
[    3.691604] Registering the dns_resolver key type
[    3.693150] registered taskstats version 1
[    3.695161] rtc_cmos 00:01: setting system clock to 2017-01-02 15:21:05 UTC (1483370465)
[    3.696967] Initializing network drop monitor service
[    3.699657] Freeing unused kernel memory: 580k freed
[    3.700920] Write protecting the kernel read-only data: 6144k
[    3.704659] Freeing unused kernel memory: 644k freed
[    3.708454] Freeing unused kernel memory: 688k freed
Loading, please wait...
[    3.728412] udevd[58]: starting version 175
[    3.748810] e1000: Intel(R) PRO/1000 Network Driver - version 7.3.21-k8-NAPI
[    3.750284] e1000: Copyright (c) 1999-2006 Intel Corporation.
[    3.752698] ACPI: PCI Interrupt Link [LNKC] enabled at IRQ 11
[    3.757212] SCSI subsystem initialized
[    3.763145] Floppy drive(s): fd0 is 1.44M
[    3.780592] FDC 0 is a S82078B
[    4.105961] e1000 0000:00:03.0: eth0: (PCI:33MHz:32-bit) 52:54:00:12:34:56
[    4.107373] e1000 0000:00:03.0: eth0: Intel(R) PRO/1000 Network Connection
[    4.111592] scsi0 : ata_piix
[    4.113380] scsi1 : ata_piix
[    4.114843] ata1: PATA max MWDMA2 cmd 0x1f0 ctl 0x3f6 bmdma 0xc040 irq 14
[    4.117349] ata2: PATA max MWDMA2 cmd 0x170 ctl 0x376 bmdma 0xc048 irq 15
[    4.277919] ata1.00: ATA-7: QEMU HARDDISK, 2.0.0, max UDMA/100
[    4.280208] ata1.00: 9011200 sectors, multi 16: LBA48 
[    4.283360] ata2.00: ATAPI: QEMU DVD-ROM, 2.0.0, max UDMA/100
[    4.286068] ata1.00: configured for MWDMA2
[    4.288496] ata2.00: configured for MWDMA2
[    4.288507] scsi 0:0:0:0: Direct-Access     ATA      QEMU HARDDISK    2.0. PQ: 0 ANSI: 5
[    4.294637] scsi 1:0:0:0: CD-ROM            QEMU     QEMU DVD-ROM     2.0. PQ: 0 ANSI: 5
[    4.303969] sd 0:0:0:0: [sda] 9011200 512-byte logical blocks: (4.61 GB/4.29 GiB)
[    4.306740] sd 0:0:0:0: [sda] Write Protect is off
[    4.308448] sd 0:0:0:0: [sda] Write cache: enabled, read cache: enabled, doesn't support DPO or FUA
[    4.312093] sr0: scsi3-mmc drive: 4x/4x cd/rw xa/form2 tray
[    4.312827]  sda: sda1
[    4.314487] cdrom: Uniform CD-ROM driver Revision: 3.20
[    4.314676] sd 0:0:0:0: [sda] Attached SCSI disk
[    4.319265] sd 0:0:0:0: Attached scsi generic sg0 type 0
[    4.321572] sr 1:0:0:0: Attached scsi generic sg1 type 5
Begin: Loading essential drivers ... done.
Begin: Running /scripts/init-premount ... done.
Begin: Mounting root file system ... Begin: Running /scripts/local-top ... done.
Begin: Running /scripts/local-premount ... done.
[    8.029219] EXT4-fs (sda1): mounted filesystem with ordered data mode. Opts: (null)
Begin: Running /scripts/local-bottom ... done.
done.
Begin: Running /scripts/init-bottom ... done.
INIT: version 2.88 booting
[[36minfo[39;49m] Using makefile-style concurrent boot in runlevel S.
findfs: unable to resolve 'UUID="e35ebd7f-2405-4c97-9c3e-26919d55a9e5"'
[....] Starting the hotplug events dispatcher: udevd[    8.469905] udevd[314]: starting version 175
[?25l[?1c7[1G[[32m ok [39;49m8[?25h[?0c.
[....] Synthesizing the initial hotplug events...[    8.539130] input: Power Button as /devices/LNXSYSTM:00/LNXPWRBN:00/input/input1
[    8.542597] ACPI: Power Button [PWRF]
[    8.571513] piix4_smbus 0000:00:01.3: SMBus Host Controller at 0xb100, revision 0
[    8.580973] input: PC Speaker as /devices/platform/pcspkr/input/input2
[?25l[?1c7[1G[[32m ok [39;49m8[?25h[?0cdone.
[    8.610217] Error: Driver 'pcspkr' is already registered, aborting...
[    8.622032] alg: No test for __gcm-aes-aesni (__driver-gcm-aes-aesni)
[    8.631702] parport_pc 00:05: reported by Plug and Play ACPI
[....] [    8.633393] parport0: PC-style at 0x378Waiting for /dev to be fully populated..., irq 7 [PCSPP,TRISTATE]
[?25l[?1c7[1G[[32m ok [39;49m8[?25h[?0cdone.
findfs: unable to resolve 'UUID="e35ebd7f-2405-4c97-9c3e-26919d55a9e5"'
[....] Activating swap...[?25l[?1c7[1G[[32m ok [39;49m8[?25h[?0cdone.
Usage: mountpoint [-q] [-d] [-x] path
[   11.984593] EXT4-fs (sda1): re-mounted. Opts: (null)
[....] Checking root file system...fsck from util-linux 2.20.1
/run/rootdev: clean, 32635/264000 files, 832727/1054720 blocks
[?25l[?1c7[1G[[32m ok [39;49m8[?25h[?0cdone.
[   12.054893] EXT4-fs (sda1): re-mounted. Opts: errors=remount-ro,errors=remount-ro
[   12.107531] input: ImExPS/2 Generic Explorer Mouse as /devices/platform/i8042/serio1/input/input3
[....] Cleaning up temporary files... /tmp[?25l[?1c7[1G[[32m ok [39;49m8[?25h[?0c.
findfs: unable to resolve 'UUID="e35ebd7f-2405-4c97-9c3e-26919d55a9e5"'
findfs: unable to resolve 'UUID="e35ebd7f-2405-4c97-9c3e-26919d55a9e5"'
[....] Activating lvm and md swap...[?25l[?1c7[1G[[32m ok [39;49m8[?25h[?0cdone.
[....] Checking file systems...fsck from util-linux 2.20.1
[?25l[?1c7[1G[[32m ok [39;49m8[?25h[?0cdone.
[....] Mounting local filesystems...[?25l[?1c7[1G[[32m ok [39;49m8[?25h[?0cdone.
[....] Activating swapfile swap...[?25l[?1c7[1G[[32m ok [39;49m8[?25h[?0cdone.
findfs: unable to resolve 'UUID="e35ebd7f-2405-4c97-9c3e-26919d55a9e5"'
[....] Cleaning up temporary files...[?25l[?1c7[1G[[32m ok [39;49m8[?25h[?0c.
[....] Setting kernel variables ...[?25l[?1c7[1G[[32m ok [39;49m8[?25h[?0cdone.
[....] Configuring network interfaces...Internet Systems Consortium DHCP Client 4.2.2
Copyright 2004-2011 Internet Systems Consortium.
All rights reserved.
For info, please visit https://www.isc.org/software/dhcp/

[   16.035662] ADDRCONF(NETDEV_UP): eth0: link is not ready
Listening on LPF/eth0/52:54:00:12:34:56
Sending on   LPF/eth0/52:54:00:12:34:56
Sending on   Socket/fallback
DHCPDISCOVER on eth0 to 255.255.255.255 port 67 interval 5
[   19.697343] e1000: eth0 NIC Link is Up 1000 Mbps Full Duplex, Flow Control: RX
[   19.700729] ADDRCONF(NETDEV_CHANGE): eth0: link becomes ready
DHCPDISCOVER on eth0 to 255.255.255.255 port 67 interval 13
DHCPREQUEST on eth0 to 255.255.255.255 port 67
DHCPOFFER from 10.0.2.2
DHCPACK from 10.0.2.2
bound to 10.0.2.15 -- renewal in 41060 seconds.
ifup: interface eth0 already configured
[?25l[?1c7[1G[[32m ok [39;49m8[?25h[?0cdone.
[....] Cleaning up temporary files...[?25l[?1c7[1G[[32m ok [39;49m8[?25h[?0c.
INIT: Entering runlevel: 2
[[36minfo[39;49m] Using makefile-style concurrent boot in runlevel 2.
Entering benchmark mode
./scaff/bin/uniform/doitgen_STANDARD dummy.out 100
STARTING doitgen_STANDARD execution: Mon Jan  2 17:21:25 EET 2017
Execution Time; 0.132167
Execution Time; 0.130421
Execution Time; 0.130012
Execution Time; 0.130207
Execution Time; 0.130014
Execution Time; 0.130159
Execution Time; 3.142554
Execution Time; 0.130248
Execution Time; 0.130182
Execution Time; 0.130047
Execution Time; 0.130077
Execution Time; 0.130209
Execution Time; 0.130027
Execution Time; 0.130325
Execution Time; 3.157255
Execution Time; 0.138804
Execution Time; 0.139395
Execution Time; 0.138786
Execution Time; 0.138290
Execution Time; 0.138176
Execution Time; 3.148958
Execution Time; 0.139174
Execution Time; 0.139421
Execution Time; 0.139331
Execution Time; 0.138556
Execution Time; 0.138232
Execution Time; 0.138136
Execution Time; 3.149254
Execution Time; 0.139242
Execution Time; 0.139624
Execution Time; 0.139433
Execution Time; 0.138594
Execution Time; 0.138293
Execution Time; 0.138312
Execution Time; 3.148577
Execution Time; 0.139432
Execution Time; 0.139662
Execution Time; 0.139839
Execution Time; 0.138519
Execution Time; 0.138434
Execution Time; 0.138489
Execution Time; 3.149177
Execution Time; 0.139704
Execution Time; 0.139872
Execution Time; 0.139692
Execution Time; 0.138787
Execution Time; 0.138448
Execution Time; 0.138401
Execution Time; 3.148470
Execution Time; 0.139860
Execution Time; 0.139599
Execution Time; 0.139720
Execution Time; 0.138629
Execution Time; 0.138569
Execution Time; 0.138428
Execution Time; 3.149064
Execution Time; 0.140149
Execution Time; 0.139047
Execution Time; 0.139338
Execution Time; 0.138610
Execution Time; 0.138608
Execution Time; 0.138512
Execution Time; 3.149425
Execution Time; 0.139749
Execution Time; 0.139748
Execution Time; 0.139657
Execution Time; 0.138428
Execution Time; 0.138403
Execution Time; 0.138419
Execution Time; 3.148691
Execution Time; 0.139977
Execution Time; 0.139678
Execution Time; 0.139227
Execution Time; 0.138377
Execution Time; 0.138440
Execution Time; 0.138519
Execution Time; 3.148948
Execution Time; 0.139760
Execution Time; 0.139614
Execution Time; 0.139045
Execution Time; 0.138401
Execution Time; 0.138505
Execution Time; 0.138188
Execution Time; 3.147992
Execution Time; 0.139832
Execution Time; 0.139585
Execution Time; 0.138992
Execution Time; 0.138400
Execution Time; 0.138379
Execution Time; 0.138075
Execution Time; 0.138913
Execution Time; 0.139770
Execution Time; 0.139613
Execution Time; 0.138811
Execution Time; 0.138387
Execution Time; 0.138391
Execution Time; 3.147845
Execution Time; 0.140156
Execution Time; 0.137903
Execution Time; 0.138397
Execution Time; 0.140853
Execution Time; 0.138259
Execution Time; 0.139561
Execution Time; 3.149701
Execution Time; 0.139773
Execution Time; 0.138648
Execution Time; 0.138498
Execution Time; 0.138522
Execution Time; 0.138588
Execution Time; 0.139674
Execution Time; 3.150124
Execution Time; 0.139633
Execution Time; 0.138338
Execution Time; 0.138532
Execution Time; 0.138470
Execution Time; 0.138967
Execution Time; 0.139544
Execution Time; 3.151897
Execution Time; 0.139142
Execution Time; 0.138356
Execution Time; 0.138581
Execution Time; 0.138227
Execution Time; 0.138651
Execution Time; 0.139785
Execution Time; 3.149402
Execution Time; 0.139357
Execution Time; 0.138305
Execution Time; 0.138475
Execution Time; 0.138383
Execution Time; 0.138897
Execution Time; 0.139799
Execution Time; 3.153802
Execution Time; 0.139071
Execution Time; 0.138368
Execution Time; 0.138429
Execution Time; 0.138687
Execution Time; 0.138988
Execution Time; 0.139820
Execution Time; 0.139604
Execution Time; 0.138792
Execution Time; 0.138211
Execution Time; 0.138280
Execution Time; 0.138108
Execution Time; 0.139195
Execution Time; 3.149737
Execution Time; 0.139773
Execution Time; 0.138800
Execution Time; 0.138356
Execution Time; 0.138523
Execution Time; 0.138472
Execution Time; 0.139559
Execution Time; 3.149243
Execution Time; 0.140079
Execution Time; 0.138773
Execution Time; 0.138385
Execution Time; 0.138370
Execution Time; 0.138248
Execution Time; 0.140024
Execution Time; 3.149732
Execution Time; 0.139716
Execution Time; 0.138620
Execution Time; 0.138420
Execution Time; 0.138456
Execution Time; 0.138645
Execution Time; 0.139984
Execution Time; 3.149306
Execution Time; 0.139449
Execution Time; 0.138445
Execution Time; 0.138704
Execution Time; 0.138358
Execution Time; 0.138699
Execution Time; 0.139693
Execution Time; 3.149101
Execution Time; 0.139322
Execution Time; 0.138440
Execution Time; 0.138377
Execution Time; 0.138579
Execution Time; 0.138802
Execution Time; 0.139945
Execution Time; 3.149811
Execution Time; 0.136301
Execution Time; 0.139884
Execution Time; 0.139722
Execution Time; 0.139367
Execution Time; 0.138485
Execution Time; 0.138415
Execution Time; 3.148248
Execution Time; 0.138852
Execution Time; 0.139695
Execution Time; 0.139877
Execution Time; 0.139360
Execution Time; 0.138324
Execution Time; 0.138286
Execution Time; 3.148084
Execution Time; 0.139091
Execution Time; 0.139623
Execution Time; 0.139548
Execution Time; 0.139149
Execution Time; 0.138225
Execution Time; 0.138411
Execution Time; 0.140701
Execution Time; 0.138558
Execution Time; 0.138862
Execution Time; 0.140116
Execution Time; 0.139681
Execution Time; 0.139329
Execution Time; 3.152443
Execution Time; 0.138407
Execution Time; 0.138475
Execution Time; 0.138580
Execution Time; 0.139723
Execution Time; 0.139554
Execution Time; 0.139118
Execution Time; 3.148073
Execution Time; 0.138292
Execution Time; 0.138509
Execution Time; 0.138916
Execution Time; 0.139831
Execution Time; 0.139601
Execution Time; 0.138881
Execution Time; 3.148286
Execution Time; 0.138290
Execution Time; 0.138338
Execution Time; 0.138901
Execution Time; 0.139647
Execution Time; 0.139560
Execution Time; 0.138826
Execution Time; 3.148308
Execution Time; 0.138303
Execution Time; 0.138147
Execution Time; 0.138921
Execution Time; 0.139464
Execution Time; 0.139561
Execution Time; 0.138605
Execution Time; 3.148280
Execution Time; 0.138329
Execution Time; 0.138327
Execution Time; 0.139370
Execution Time; 0.139838
Execution Time; 0.139665
Execution Time; 0.138386
Execution Time; 3.148170
Execution Time; 0.138486
Execution Time; 0.138444
Execution Time; 0.139863
Execution Time; 0.139759
Execution Time; 0.139421
Execution Time; 0.138388
Execution Time; 3.147480
Execution Time; 0.138319
Execution Time; 0.138755
Execution Time; 0.139672
Execution Time; 0.139457
Execution Time; 0.139374
Execution Time; 0.138235
Execution Time; 0.138615
Execution Time; 0.138319
Execution Time; 0.138725
Execution Time; 0.139597
Execution Time; 0.139590
Execution Time; 0.139098
Execution Time; 3.148048
Execution Time; 0.138351
Execution Time; 0.139854
Execution Time; 0.138600
Execution Time; 0.138714
Execution Time; 0.138569
Execution Time; 0.139069
Execution Time; 3.150006
Execution Time; 0.139826
Execution Time; 0.139261
Execution Time; 0.138564
Execution Time; 0.138539
Execution Time; 0.138387
Execution Time; 0.139112
Execution Time; 3.150012
Execution Time; 0.139670
Execution Time; 0.138920
Execution Time; 0.138367
Execution Time; 0.138525
Execution Time; 0.138304
Execution Time; 0.139107
Execution Time; 3.148944
Execution Time; 0.139803
Execution Time; 0.139016
Execution Time; 0.138355
Execution Time; 0.138456
Execution Time; 0.138232
Execution Time; 0.139222
Execution Time; 3.149934
Execution Time; 0.139623
Execution Time; 0.138979
Execution Time; 0.138603
Execution Time; 0.138408
Execution Time; 0.138283
Execution Time; 0.139077
Execution Time; 3.149847
Execution Time; 0.139992
Execution Time; 0.138816
Execution Time; 0.138804
Execution Time; 0.140799
Execution Time; 0.138688
Execution Time; 0.138535
Execution Time; 3.148114
Execution Time; 0.139717
Execution Time; 0.139830
Execution Time; 0.139703
Execution Time; 0.138556
Execution Time; 0.138491
Execution Time; 3.154860
Execution Time; 0.138275
Execution Time; 0.139926
Execution Time; 0.139761
Execution Time; 0.139475
Execution Time; 0.138562
Execution Time; 0.138393
Execution Time; 3.148397
Execution Time; 0.138219
Execution Time; 0.139431
Execution Time; 0.139713
Execution Time; 0.139627
Execution Time; 0.138585
Execution Time; 0.138265
Execution Time; 3.148124
Execution Time; 0.138262
Execution Time; 0.139742
Execution Time; 0.139638
Execution Time; 0.139602
Execution Time; 0.138409
Execution Time; 0.138280
Execution Time; 3.148671
Execution Time; 0.138215
Execution Time; 0.139601
Execution Time; 0.139859
Execution Time; 0.139682
Execution Time; 0.138501
Execution Time; 0.138416
Execution Time; 3.148319
Execution Time; 0.138320
Execution Time; 0.139423
Execution Time; 0.140021
Execution Time; 0.139857
Execution Time; 0.138446
Execution Time; 0.138479
Execution Time; 3.148751
Execution Time; 0.139025
Execution Time; 0.138560
Execution Time; 0.138637
Execution Time; 0.138144
Execution Time; 0.139344
Execution Time; 0.139603
Execution Time; 3.149316
Execution Time; 0.139092
Execution Time; 0.138687
Execution Time; 0.138742
Execution Time; 0.138150
Execution Time; 0.139120
Execution Time; 0.139852
Execution Time; 3.150253
Execution Time; 0.139185
Execution Time; 0.138583
Execution Time; 0.138721
Execution Time; 0.138662
Execution Time; 0.138973
Execution Time; 0.139968
Execution Time; 3.148991
Execution Time; 0.139226
Execution Time; 0.138746
Execution Time; 0.138536
Execution Time; 0.138444
Execution Time; 0.138931
Execution Time; 0.139854
Execution Time; 0.139936
Execution Time; 0.138879
Execution Time; 0.138207
Execution Time; 0.138243
Execution Time; 0.138629
Execution Time; 0.138710
Execution Time; 3.149773
Execution Time; 0.139514
Execution Time; 0.139993
Execution Time; 0.138730
Execution Time; 0.138405
Execution Time; 0.138088
Execution Time; 0.138522
Execution Time; 3.149393
Execution Time; 0.139504
Execution Time; 0.139540
Execution Time; 0.138572
Execution Time; 0.138403
Execution Time; 0.138558
Execution Time; 0.138200
Execution Time; 3.149356
Execution Time; 0.139661
Execution Time; 0.139757
Execution Time; 0.138883
Execution Time; 0.138429
Execution Time; 0.138543
Execution Time; 0.138272
Execution Time; 3.148543
Execution Time; 0.140445
Execution Time; 0.139872
Execution Time; 0.139485
Execution Time; 0.139590
Execution Time; 0.138421
Execution Time; 0.138241
Execution Time; 3.148125
Execution Time; 0.138363
Execution Time; 0.139704
Execution Time; 0.139556
Execution Time; 0.139816
Execution Time; 0.138803
Execution Time; 0.138421
Execution Time; 3.148606
Execution Time; 0.138398
Execution Time; 0.139146
Execution Time; 0.139633
Execution Time; 0.139615
Execution Time; 0.138911
Execution Time; 0.138386
Execution Time; 0.138553
Execution Time; 0.138482
Execution Time; 0.139149
Execution Time; 0.139611
Execution Time; 0.139569
Execution Time; 0.139049
Execution Time; 3.147422
Execution Time; 0.139919
Execution Time; 0.139402
Execution Time; 0.138551
Execution Time; 0.138692
Execution Time; 0.138530
Execution Time; 0.138720
Execution Time; 3.149948
Execution Time; 0.139829
Execution Time; 0.139426
Execution Time; 0.138524
Execution Time; 0.138601
Execution Time; 0.138466
Execution Time; 0.138822
Execution Time; 3.149395
Execution Time; 0.139711
Execution Time; 0.139204
Execution Time; 0.138468
Execution Time; 0.138964
Execution Time; 0.138374
Execution Time; 0.138890
Execution Time; 3.149819
Execution Time; 0.139835
Execution Time; 0.139140
Execution Time; 0.138333
Execution Time; 0.138399
Execution Time; 0.138135
Execution Time; 0.139178
Execution Time; 3.148736
Execution Time; 0.139610
Execution Time; 0.139320
Execution Time; 0.138328
Execution Time; 0.138495
Execution Time; 0.138145
Execution Time; 0.139358
Execution Time; 3.150308
Execution Time; 0.139838
Execution Time; 0.139146
Execution Time; 0.138588
Execution Time; 0.138678
Execution Time; 0.137865
Execution Time; 0.139571
Execution Time; 3.149507
Execution Time; 0.139729
Execution Time; 0.138796
Execution Time; 0.138432
Execution Time; 0.138449
Execution Time; 0.137942
Execution Time; 0.139614
Execution Time; 3.150182
Execution Time; 0.139820
Execution Time; 0.138769
Execution Time; 0.137673
Execution Time; 0.138101
Execution Time; 0.138338
Execution Time; 0.139787
Execution Time; 3.149790
Execution Time; 0.139989
Execution Time; 0.138781
Execution Time; 0.138528
Execution Time; 0.138114
Execution Time; 0.138346
Execution Time; 3.156001
Execution Time; 0.139608
Execution Time; 0.139979
Execution Time; 0.138663
Execution Time; 0.138297
Execution Time; 0.138426
Execution Time; 0.137404
Execution Time; 3.149110
Execution Time; 0.139522
Execution Time; 0.139769
Execution Time; 0.138363
Execution Time; 0.139631
Execution Time; 0.140617
Execution Time; 0.138375
Execution Time; 3.148281
Execution Time; 0.138931
Execution Time; 0.139850
Execution Time; 0.139523
Execution Time; 0.139091
Execution Time; 0.138417
Execution Time; 0.137983
Execution Time; 3.162976
Execution Time; 0.139194
Execution Time; 0.138494
Execution Time; 0.138498
Execution Time; 0.138311
Execution Time; 0.139163
Execution Time; 0.139652
Execution Time; 3.149902
Execution Time; 0.139233
Execution Time; 0.138401
Execution Time; 0.138579
Execution Time; 0.138385
Execution Time; 0.139051
Execution Time; 0.139623
Execution Time; 3.149541
Execution Time; 0.139216
Execution Time; 0.138483
Execution Time; 0.138527
Execution Time; 0.138478
Execution Time; 0.138949
Execution Time; 3.152092
Execution Time; 0.139629
Execution Time; 0.139340
Execution Time; 0.138226
Execution Time; 0.138219
Execution Time; 0.138240
Execution Time; 0.138924
Execution Time; 3.149353
Execution Time; 0.139606
Execution Time; 0.139113
Execution Time; 0.138266
Execution Time; 0.138260
Execution Time; 0.138298
Execution Time; 0.138896
Execution Time; 3.149264
Execution Time; 0.139584
Execution Time; 0.139252
Execution Time; 0.138264
Execution Time; 0.138496
Execution Time; 0.138344
Execution Time; 0.138893
Execution Time; 3.149840
Execution Time; 0.139727
Execution Time; 0.139261
Execution Time; 0.138513
Execution Time; 0.138639
Execution Time; 0.138362
Execution Time; 0.138964
Execution Time; 3.154623
Execution Time; 0.139954
Execution Time; 0.139658
Execution Time; 0.138816
Execution Time; 0.138437
Execution Time; 0.138423
Execution Time; 0.138468
Execution Time; 3.149382
Execution Time; 0.139663
Execution Time; 0.139669
Execution Time; 0.138536
Execution Time; 0.138307
Execution Time; 0.138382
Execution Time; 0.138471
Execution Time; 3.153580
Execution Time; 0.139731
Execution Time; 0.139995
Execution Time; 0.139058
Execution Time; 0.138515
Execution Time; 0.138535
Execution Time; 0.137801
Execution Time; 3.148567
Execution Time; 0.140015
Execution Time; 0.139832
Execution Time; 0.139199
Execution Time; 0.138636
Execution Time; 0.138734
Execution Time; 0.138702
Execution Time; 3.148301
Execution Time; 0.139872
Execution Time; 0.139843
Execution Time; 0.139339
Execution Time; 0.138696
Execution Time; 0.137754
Execution Time; 0.139648
Execution Time; 0.138395
Execution Time; 0.146681
Execution Time; 0.139313
Execution Time; 0.138515
Execution Time; 0.139099
Execution Time; 0.140010
Execution Time; 3.149799
Execution Time; 0.138870
Execution Time; 0.141524
Execution Time; 0.138508
Execution Time; 0.138420
Execution Time; 0.138534
Execution Time; 0.138601
Execution Time; 3.149226
Execution Time; 0.139637
Execution Time; 0.139409
Execution Time; 0.138509
Execution Time; 0.138650
Execution Time; 0.138657
Execution Time; 0.138663
Execution Time; 3.154301
Execution Time; 0.139554
Execution Time; 0.139126
Execution Time; 0.138056
Execution Time; 0.138215
Execution Time; 0.138145
Execution Time; 0.138691
Execution Time; 3.149373
Execution Time; 0.139567
Execution Time; 0.138917
Execution Time; 0.138290
Execution Time; 0.138268
Execution Time; 0.138254
Execution Time; 0.138972
Execution Time; 3.149658
Execution Time; 0.139601
Execution Time; 0.138975
Execution Time; 0.138469
Execution Time; 0.138407
Execution Time; 0.138084
Execution Time; 0.139342
Execution Time; 3.154415
Execution Time; 0.139911
Execution Time; 0.138840
Execution Time; 0.138399
Execution Time; 0.138427
Execution Time; 0.138051
Execution Time; 3.149576
Execution Time; 0.139714
Execution Time; 0.139535
Execution Time; 0.138475
Execution Time; 0.138525
Execution Time; 0.138413
Execution Time; 0.138418
Execution Time; 3.149839
Execution Time; 0.140002
Execution Time; 0.139520
Execution Time; 0.138292
Execution Time; 0.138630
Execution Time; 0.138488
Execution Time; 0.138361
Execution Time; 3.149433
Execution Time; 0.139769
Execution Time; 0.139463
Execution Time; 0.138470
Execution Time; 0.138429
Execution Time; 0.138614
Execution Time; 0.138786
Execution Time; 3.149400
Execution Time; 0.139873
Execution Time; 0.139200
Execution Time; 0.138362
Execution Time; 0.138407
Execution Time; 0.138458
Execution Time; 0.139226
Execution Time; 3.149052
Execution Time; 0.139643
Execution Time; 0.138725
Execution Time; 0.138174
Execution Time; 0.138338
Execution Time; 0.139437
Execution Time; 0.138789
Execution Time; 3.148817
Execution Time; 0.138438
Execution Time; 0.139165
Execution Time; 0.139694
Execution Time; 0.140063
Execution Time; 0.139353
Execution Time; 0.138485
Execution Time; 3.148567
Execution Time; 0.138275
Execution Time; 0.139192
Execution Time; 0.139886
Execution Time; 0.139885
Execution Time; 0.138938
Execution Time; 0.138475
Execution Time; 3.147860
Execution Time; 0.138395
Execution Time; 0.139462
Execution Time; 0.139774
Execution Time; 0.139759
Execution Time; 0.138744
Execution Time; 0.138463
Execution Time; 3.147929
Execution Time; 0.138344
Execution Time; 0.139934
Execution Time; 0.139800
Execution Time; 0.139806
Execution Time; 0.141497
Execution Time; 3.149063
Execution Time; 0.138286
Execution Time; 0.138330
Execution Time; 0.138182
Execution Time; 0.138730
Execution Time; 0.139642
Execution Time; 0.139683
Execution Time; 3.153190
Execution Time; 0.138190
Execution Time; 0.138156
Execution Time; 0.138047
Execution Time; 0.138501
Execution Time; 0.139703
Execution Time; 0.139521
Execution Time; 3.148695
Execution Time; 0.138214
Execution Time; 0.138301
Execution Time; 0.138205
Execution Time; 0.138662
Execution Time; 0.139799
Execution Time; 0.139560
Execution Time; 3.148619
Execution Time; 0.138168
Execution Time; 0.138133
Execution Time; 0.138180
Execution Time; 0.138987
Execution Time; 0.139310
Execution Time; 0.139659
Execution Time; 3.154339
Execution Time; 0.138399
Execution Time; 0.138610
Execution Time; 0.138521
Execution Time; 0.138580
Execution Time; 0.139785
Execution Time; 0.139601
Execution Time; 3.148951
Execution Time; 0.138388
Execution Time; 0.138378
Execution Time; 0.138449
Execution Time; 0.138848
Execution Time; 0.139613
Execution Time; 0.139635
Execution Time; 3.149661
Execution Time; 0.138095
Execution Time; 0.138228
Execution Time; 0.138380
Execution Time; 0.138762
Execution Time; 0.139484
Execution Time; 0.139639
Execution Time; 3.149343
Execution Time; 0.138158
Execution Time; 0.138242
Execution Time; 0.138240
Execution Time; 0.139890
Execution Time; 0.137661
Execution Time; 0.138271
Execution Time; 0.138653
Execution Time; 0.139711
Execution Time; 0.139489
Execution Time; 0.138962
Execution Time; 0.138318
Execution Time; 0.138320
Execution Time; 3.149456
Execution Time; 0.138891
Execution Time; 0.140000
Execution Time; 0.139596
Execution Time; 0.138967
Execution Time; 0.138329
Execution Time; 0.138279
Execution Time; 3.149002
Execution Time; 0.138672
Execution Time; 0.139796
Execution Time; 0.139745
Execution Time; 0.139185
Execution Time; 0.138405
Execution Time; 0.138392
Execution Time; 3.149028
Execution Time; 0.138837
Execution Time; 0.139647
Execution Time; 0.139641
Execution Time; 0.138955
Execution Time; 0.138343
Execution Time; 0.138213
Execution Time; 3.148433
Execution Time; 0.139207
Execution Time; 0.139464
Execution Time; 0.139657
Execution Time; 0.138766
Execution Time; 0.138282
Execution Time; 0.138222
Execution Time; 3.148665
Execution Time; 0.139150
Execution Time; 0.139492
Execution Time; 0.139811
Execution Time; 0.138611
Execution Time; 0.138148
Execution Time; 0.138239
Execution Time; 3.147818
Execution Time; 0.139254
INIT: Switching to runlevel: 0
INIT: Sending processes the TERM signal
[[36minfo[39;49m] Using makefile-style concurrent boot in runlevel 0.
[[36minfo[39;49m] Saving the system clock.
[[36minfo[39;49m] Hardware Clock updated to Mon Jan  2 15:29:15 UTC 2017.
[....] Asking all remaining processes to terminate...[?25l[?1c7[1G[[32m ok [39;49m8[?25h[?0cdone.
[....] All processes ended within 2 seconds...[?25l[?1c7[1G[[32m ok [39;49m8[?25h[?0cdone.
[....] Deconfiguring network interfaces...Internet Systems Consortium DHCP Client 4.2.2
Copyright 2004-2011 Internet Systems Consortium.
All rights reserved.
For info, please visit https://www.isc.org/software/dhcp/

Listening on LPF/eth0/52:54:00:12:34:56
Sending on   LPF/eth0/52:54:00:12:34:56
Sending on   Socket/fallback
DHCPRELEASE on eth0 to 10.0.2.2 port 67
[?25l[?1c7[1G[[32m ok [39;49m8[?25h[?0cdone.
[....] Deactivating swap...[?25l[?1c7[1G[[32m ok [39;49m8[?25h[?0cdone.
[  497.427709] EXT4-fs (sda1): re-mounted. Opts: (null)
[[36minfo[39;49m] Will now halt.
[  501.109667] sd 0:0:0:0: [sda] Synchronizing SCSI cache
[  501.112832] sd 0:0:0:0: [sda] Stopping disk
[  501.115869] ACPI: Preparing to enter system sleep state S5
[  501.117037] Power down.
aff-executor-preload.c:affhooks_init()
aff-executor-preload.c:affhooks_shut()
HELLO KITTY
