aff-executor-preload.c:affhooks_init()
[H[J[?25l[m[H[J[2;25HGNU GRUB  version 1.99-27+deb7u2

[m[4;2H+--------------------------------------------------------------------------+[5;2H|[5;77H|[6;2H|[6;77H|[7;2H|[7;77H|[8;2H|[8;77H|[9;2H|[9;77H|[10;2H|[10;77H|[11;2H|[11;77H|[12;2H|[12;77H|[13;2H|[13;77H|[14;2H|[14;77H|[15;2H|[15;77H|[16;2H|[16;77H|[17;2H+--------------------------------------------------------------------------+[m[18;2H[m
      Use the ^ and v keys to select which entry is highlighted.      
      Press enter to boot the selected OS, 'e' to edit the commands      
      before booting or 'c' for a command-line.      
      [5;78H [7m[5;3HDebian GNU/Linux, with Linux 3.2.0-4-amd64                               [m [5;76H[m[m[6;3HDebian GNU/Linux, with Linux 3.2.0-4-amd64 (recovery mode)               [m [6;76H[m[m[7;3H                                                                         [m [7;76H[m[m[8;3H                                                                         [m [8;76H[m[m[9;3H                                                                         [m [9;76H[m[m[10;3H                                                                         [m [10;76H[m[m[11;3H                                                                         [m [11;76H[m[m[12;3H                                                                         [m [12;76H[m[m[13;3H                                                                         [m [13;76H[m[m[14;3H                                                                         [m [14;76H[m[m[15;3H                                                                         [m [15;76H[m[m[16;3H                                                                         [m [16;76H[m[16;78H [5;76H[22;1H   The highlighted entry will be executed automatically in 5s.                 [5;76H[22;1H   The highlighted entry will be executed automatically in 4s.                 [5;76H[22;1H   The highlighted entry will be executed automatically in 3s.                 [5;76H[22;1H   The highlighted entry will be executed automatically in 2s.                 [5;76H[22;1H   The highlighted entry will be executed automatically in 1s.                 [5;76H[22;1H   The highlighted entry will be executed automatically in 0s.                 [5;76H[?25h[H[J[H[J  Booting 'Debian GNU/Linux, with Linux 3.2.0-4-amd64'

Loading Linux 3.2.0-4-amd64 ...
Loading initial ramdisk ...
[    0.000000] Initializing cgroup subsys cpuset
[    0.000000] Initializing cgroup subsys cpu
[    0.000000] Linux version 3.2.0-4-amd64 (debian-kernel@lists.debian.org) (gcc version 4.6.3 (Debian 4.6.3-14) ) #1 SMP Debian 3.2.68-1+deb7u3
[    0.000000] Command line: BOOT_IMAGE=/boot/vmlinuz-3.2.0-4-amd64 root=UUID=e35ebd7f-2405-4c97-9c3e-26919d55a9e5 ro console=tty0 console=ttyS0,115200n8
[    0.000000] BIOS-provided physical RAM map:
[    0.000000]  BIOS-e820: 0000000000000000 - 000000000009f400 (usable)
[    0.000000]  BIOS-e820: 000000000009f400 - 00000000000a0000 (reserved)
[    0.000000]  BIOS-e820: 00000000000f0000 - 0000000000100000 (reserved)
[    0.000000]  BIOS-e820: 0000000000100000 - 00000000dfffe000 (usable)
[    0.000000]  BIOS-e820: 00000000dfffe000 - 00000000e0000000 (reserved)
[    0.000000]  BIOS-e820: 00000000feffc000 - 00000000ff000000 (reserved)
[    0.000000]  BIOS-e820: 00000000fffc0000 - 0000000100000000 (reserved)
[    0.000000]  BIOS-e820: 0000000100000000 - 0000000420000000 (usable)
[    0.000000] NX (Execute Disable) protection: active
[    0.000000] SMBIOS 2.4 present.
[    0.000000] No AGP bridge found
[    0.000000] last_pfn = 0x420000 max_arch_pfn = 0x400000000
[    0.000000] PAT not supported by CPU.
[    0.000000] last_pfn = 0xdfffe max_arch_pfn = 0x400000000
[    0.000000] found SMP MP-table at [ffff8800000fdac0] fdac0
[    0.000000] init_memory_mapping: 0000000000000000-00000000dfffe000
[    0.000000] init_memory_mapping: 0000000100000000-0000000420000000
[    0.000000] RAMDISK: 36c6c000 - 3762e000
[    0.000000] ACPI: RSDP 00000000000fd8b0 00014 (v00 BOCHS )
[    0.000000] ACPI: RSDT 00000000dfffe470 00038 (v01 BOCHS  BXPCRSDT 00000001 BXPC 00000001)
[    0.000000] ACPI: FACP 00000000dfffff80 00074 (v01 BOCHS  BXPCFACP 00000001 BXPC 00000001)
[    0.000000] ACPI: DSDT 00000000dfffe4b0 01121 (v01   BXPC   BXDSDT 00000001 INTL 20100528)
[    0.000000] ACPI: FACS 00000000dfffff40 00040
[    0.000000] ACPI: SSDT 00000000dffffd70 001C1 (v01 BOCHS  BXPCSSDT 00000001 BXPC 00000001)
[    0.000000] ACPI: APIC 00000000dffffc70 00090 (v01 BOCHS  BXPCAPIC 00000001 BXPC 00000001)
[    0.000000] ACPI: HPET 00000000dffffc30 00038 (v01 BOCHS  BXPCHPET 00000001 BXPC 00000001)
[    0.000000] ACPI: SSDT 00000000dffff5e0 00644 (v01   BXPC BXSSDTPC 00000001 INTL 20100528)
[    0.000000] No NUMA configuration found
[    0.000000] Faking a node at 0000000000000000-0000000420000000
[    0.000000] Initmem setup node 0 0000000000000000-0000000420000000
[    0.000000]   NODE_DATA [000000041fffb000 - 000000041fffffff]
[    0.000000] kvm-clock: Using msrs 4b564d01 and 4b564d00
[    0.000000] kvm-clock: cpu 0, msr 0:16a8741, boot clock
[    0.000000] Zone PFN ranges:
[    0.000000]   DMA      0x00000010 -> 0x00001000
[    0.000000]   DMA32    0x00001000 -> 0x00100000
[    0.000000]   Normal   0x00100000 -> 0x00420000
[    0.000000] Movable zone start PFN for each node
[    0.000000] early_node_map[3] active PFN ranges
[    0.000000]     0: 0x00000010 -> 0x0000009f
[    0.000000]     0: 0x00000100 -> 0x000dfffe
[    0.000000]     0: 0x00100000 -> 0x00420000
[    0.000000] ACPI: PM-Timer IO Port: 0xb008
[    0.000000] ACPI: LAPIC (acpi_id[0x00] lapic_id[0x00] enabled)
[    0.000000] ACPI: LAPIC (acpi_id[0x01] lapic_id[0x01] enabled)
[    0.000000] ACPI: LAPIC (acpi_id[0x02] lapic_id[0x02] enabled)
[    0.000000] ACPI: LAPIC (acpi_id[0x03] lapic_id[0x03] enabled)
[    0.000000] ACPI: LAPIC_NMI (acpi_id[0xff] dfl dfl lint[0x1])
[    0.000000] ACPI: IOAPIC (id[0x04] address[0xfec00000] gsi_base[0])
[    0.000000] IOAPIC[0]: apic_id 4, version 17, address 0xfec00000, GSI 0-23
[    0.000000] ACPI: INT_SRC_OVR (bus 0 bus_irq 0 global_irq 2 dfl dfl)
[    0.000000] ACPI: INT_SRC_OVR (bus 0 bus_irq 5 global_irq 5 high level)
[    0.000000] ACPI: INT_SRC_OVR (bus 0 bus_irq 9 global_irq 9 high level)
[    0.000000] ACPI: INT_SRC_OVR (bus 0 bus_irq 10 global_irq 10 high level)
[    0.000000] ACPI: INT_SRC_OVR (bus 0 bus_irq 11 global_irq 11 high level)
[    0.000000] Using ACPI (MADT) for SMP configuration information
[    0.000000] ACPI: HPET id: 0x8086a201 base: 0xfed00000
[    0.000000] SMP: Allowing 4 CPUs, 0 hotplug CPUs
[    0.000000] PM: Registered nosave memory: 000000000009f000 - 00000000000a0000
[    0.000000] PM: Registered nosave memory: 00000000000a0000 - 00000000000f0000
[    0.000000] PM: Registered nosave memory: 00000000000f0000 - 0000000000100000
[    0.000000] PM: Registered nosave memory: 00000000dfffe000 - 00000000e0000000
[    0.000000] PM: Registered nosave memory: 00000000e0000000 - 00000000feffc000
[    0.000000] PM: Registered nosave memory: 00000000feffc000 - 00000000ff000000
[    0.000000] PM: Registered nosave memory: 00000000ff000000 - 00000000fffc0000
[    0.000000] PM: Registered nosave memory: 00000000fffc0000 - 0000000100000000
[    0.000000] Allocating PCI resources starting at e0000000 (gap: e0000000:1effc000)
[    0.000000] Booting paravirtualized kernel on KVM
[    0.000000] setup_percpu: NR_CPUS:512 nr_cpumask_bits:512 nr_cpu_ids:4 nr_node_ids:1
[    0.000000] PERCPU: Embedded 27 pages/cpu @ffff88041fc00000 s78912 r8192 d23488 u524288
[    0.000000] kvm-clock: cpu 0, msr 4:1fc12741, primary cpu clock
[    0.000000] KVM setup async PF for cpu 0
[    0.000000] kvm-stealtime: cpu 0, msr 41fc0cfc0
[    0.000000] Built 1 zonelists in Zone order, mobility grouping on.  Total pages: 4135048
[    0.000000] Policy zone: Normal
[    0.000000] Kernel command line: BOOT_IMAGE=/boot/vmlinuz-3.2.0-4-amd64 root=UUID=e35ebd7f-2405-4c97-9c3e-26919d55a9e5 ro console=tty0 console=ttyS0,115200n8
[    0.000000] PID hash table entries: 4096 (order: 3, 32768 bytes)
[    0.000000] Checking aperture...
[    0.000000] No AGP bridge found
[    0.000000] Memory: 16460264k/17301504k available (3434k kernel code, 524748k absent, 316492k reserved, 3305k data, 580k init)
[    0.000000] Hierarchical RCU implementation.
[    0.000000] 	RCU dyntick-idle grace-period acceleration is enabled.
[    0.000000] NR_IRQS:33024 nr_irqs:712 16
[    0.000000] Console: colour VGA+ 80x25
[    0.000000] console [tty0] enabled
[    0.000000] console [ttyS0] enabled
[    0.000000] Detected 2199.998 MHz processor.
[    0.008000] Calibrating delay loop (skipped) preset value.. 4399.99 BogoMIPS (lpj=8799992)
[    0.008000] pid_max: default: 32768 minimum: 301
[    0.008000] Security Framework initialized
[    0.008015] AppArmor: AppArmor disabled by boot time parameter
[    0.010124] Dentry cache hash table entries: 2097152 (order: 12, 16777216 bytes)
[    0.016024] Inode-cache hash table entries: 1048576 (order: 11, 8388608 bytes)
[    0.019367] Mount-cache hash table entries: 256
[    0.020206] Initializing cgroup subsys cpuacct
[    0.021121] Initializing cgroup subsys memory
[    0.022057] Initializing cgroup subsys devices
[    0.022987] Initializing cgroup subsys freezer
[    0.024013] Initializing cgroup subsys net_cls
[    0.024937] Initializing cgroup subsys blkio
[    0.025832] Initializing cgroup subsys perf_event
[    0.026892] mce: CPU supports 10 MCE banks
[    0.029504] ACPI: Core revision 20110623
[    0.035030] ..TIMER: vector=0x30 apic1=0 pin1=2 apic2=-1 pin2=-1
[    0.036008] CPU0: Intel QEMU Virtual CPU version 1.1.2 stepping 03
[    0.040002] Performance Events: unsupported p6 CPU model 2 no PMU driver, software events only.
[    0.040002] NMI watchdog disabled (cpu0): hardware events not enabled
[    0.040002] Booting Node   0, Processors  #1
[    0.056009] kvm-clock: cpu 1, msr 4:1fc92741, secondary cpu clock
[    0.056191] NMI watchdog disabled (cpu1): hardware events not enabled
[    0.056465]  #2
[    0.056234] KVM setup async PF for cpu 1
[    0.056234] kvm-stealtime: cpu 1, msr 41fc8cfc0
[    0.072010] kvm-clock: cpu 2, msr 4:1fd12741, secondary cpu clock
[    0.072161] NMI watchdog disabled (cpu2): hardware events not enabled
[    0.072415]  #3 Ok.
[    0.072196] KVM setup async PF for cpu 2
[    0.072196] kvm-stealtime: cpu 2, msr 41fd0cfc0
[    0.088014] kvm-clock: cpu 3, msr 4:1fd92741, secondary cpu clock
[    0.088504] NMI watchdog disabled (cpu3): hardware events not enabled
[    0.088599] Brought up 4 CPUs
[    0.088603] Total of 4 processors activated (17599.98 BogoMIPS).
[    0.088595] KVM setup async PF for cpu 3
[    0.088595] kvm-stealtime: cpu 3, msr 41fd8cfc0
[    0.104488] devtmpfs: initialized
[    0.114795] print_constraints: dummy: 
[    0.116722] NET: Registered protocol family 16
[    0.118631] ACPI: bus type pci registered
[    0.120175] PCI: Using configuration type 1 for base access
[    0.124768] bio: create slab <bio-0> at 0
[    0.126200] ACPI: Added _OSI(Module Device)
[    0.126200] ACPI: Added _OSI(Processor Device)
[    0.128013] ACPI: Added _OSI(3.0 _SCP Extensions)
[    0.128963] ACPI: Added _OSI(Processor Aggregator Device)
[    0.133868] ACPI: Interpreter enabled
[    0.134698] ACPI: (supports S0 S3 S4 S5)
[    0.136016] ACPI: Using IOAPIC for interrupt routing
[    0.141358] ACPI: No dock devices found.
[    0.142280] HEST: Table not found.
[    0.143046] PCI: Ignoring host bridge windows from ACPI; if necessary, use "pci=use_crs" and report a bug
[    0.144036] ACPI: PCI Root Bridge [PCI0] (domain 0000 [bus 00-ff])
[    0.151773] pci 0000:00:01.3: quirk: [io  0xb000-0xb03f] claimed by PIIX4 ACPI
[    0.152027] pci 0000:00:01.3: quirk: [io  0xb100-0xb10f] claimed by PIIX4 SMB
[    0.179387]  pci0000:00: Unable to request _OSC control (_OSC support mask: 0x1e)
[    0.182668] ACPI: PCI Interrupt Link [LNKA] (IRQs 5 *10 11)
[    0.184943] ACPI: PCI Interrupt Link [LNKB] (IRQs 5 *10 11)
[    0.186815] ACPI: PCI Interrupt Link [LNKC] (IRQs 5 10 *11)
[    0.188928] ACPI: PCI Interrupt Link [LNKD] (IRQs 5 10 *11)
[    0.190718] ACPI: PCI Interrupt Link [LNKS] (IRQs 9) *0
[    0.193126] vgaarb: device added: PCI:0000:00:02.0,decodes=io+mem,owns=io+mem,locks=none
[    0.193796] vgaarb: loaded
[    0.194457] vgaarb: bridge control possible 0000:00:02.0
[    0.196111] PCI: Using ACPI for IRQ routing
[    0.197456] HPET: 3 timers in total, 0 timers will be used for per-cpu timer
[    0.198799] hpet0: at MMIO 0xfed00000, IRQs 2, 8, 0
[    0.200708] hpet0: 3 comparators, 64-bit 100.000000 MHz counter
[    0.216030] Switching to clocksource kvm-clock
[    0.221184] pnp: PnP ACPI init
[    0.222276] ACPI: bus type pnp registered
[    0.225318] pnp: PnP ACPI: found 8 devices
[    0.226611] ACPI: ACPI bus type pnp unregistered
[    0.257207] NET: Registered protocol family 2
[    0.263907] IP route cache hash table entries: 524288 (order: 10, 4194304 bytes)
[    0.271388] TCP established hash table entries: 524288 (order: 11, 8388608 bytes)
[    0.280281] TCP bind hash table entries: 65536 (order: 8, 1048576 bytes)
[    0.282429] TCP: Hash tables configured (established 524288 bind 65536)
[    0.283688] TCP reno registered
[    0.284572] UDP hash table entries: 8192 (order: 6, 262144 bytes)
[    0.285998] UDP-Lite hash table entries: 8192 (order: 6, 262144 bytes)
[    0.288245] NET: Registered protocol family 1
[    0.289191] pci 0000:00:00.0: Limiting direct PCI/PCI transfers
[    0.298836] pci 0000:00:01.0: PIIX3: Enabling Passive Release
[    0.299981] pci 0000:00:01.0: Activating ISA DMA hang workarounds
[    0.301377] Unpacking initramfs...
[    0.563693] Freeing initrd memory: 9992k freed
[    0.567409] PCI-DMA: Using software bounce buffering for IO (SWIOTLB)
[    0.568742] Placing 64MB software IO TLB between ffff8800dbff0000 - ffff8800dfff0000
[    0.570310] software IO TLB at phys 0xdbff0000 - 0xdfff0000
[    0.573821] audit: initializing netlink socket (disabled)
[    0.574929] type=2000 audit(1481496929.572:1): initialized
[    0.606596] HugeTLB registered 2 MB page size, pre-allocated 0 pages
[    0.612715] VFS: Disk quotas dquot_6.5.2
[    0.613686] Dquot-cache hash table entries: 512 (order 0, 4096 bytes)
[    0.615172] msgmni has been set to 32168
[    0.617587] alg: No test for stdrng (krng)
[    0.619507] Block layer SCSI generic (bsg) driver version 0.4 loaded (major 253)
[    0.621146] io scheduler noop registered
[    0.622003] io scheduler deadline registered
[    0.623175] io scheduler cfq registered (default)
[    0.624446] pci_hotplug: PCI Hot Plug PCI Core version: 0.5
[    0.625558] pciehp: PCI Express Hot Plug Controller Driver version: 0.4
[    0.626976] acpiphp: ACPI Hot Plug PCI Controller Driver version: 0.5
[    0.628553] acpiphp: Slot [3] registered
[    0.629569] acpiphp: Slot [4] registered
[    0.630578] acpiphp: Slot [5] registered
[    0.631576] acpiphp: Slot [6] registered
[    0.632827] acpiphp: Slot [7] registered
[    0.633855] acpiphp: Slot [8] registered
[    0.634872] acpiphp: Slot [9] registered
[    0.635890] acpiphp: Slot [10] registered
[    0.637067] acpiphp: Slot [11] registered
[    0.638088] acpiphp: Slot [12] registered
[    0.639033] acpiphp: Slot [13] registered
[    0.639922] acpiphp: Slot [14] registered
[    0.640939] acpiphp: Slot [15] registered
[    0.641827] acpiphp: Slot [16] registered
[    0.642723] acpiphp: Slot [17] registered
[    0.643610] acpiphp: Slot [18] registered
[    0.644686] acpiphp: Slot [19] registered
[    0.645572] acpiphp: Slot [20] registered
[    0.646461] acpiphp: Slot [21] registered
[    0.647339] acpiphp: Slot [22] registered
[    0.648272] acpiphp: Slot [23] registered
[    0.649149] acpiphp: Slot [24] registered
[    0.650034] acpiphp: Slot [25] registered
[    0.650939] acpiphp: Slot [26] registered
[    0.651813] acpiphp: Slot [27] registered
[    0.652892] acpiphp: Slot [28] registered
[    0.653785] acpiphp: Slot [29] registered
[    0.654712] acpiphp: Slot [30] registered
[    0.655593] acpiphp: Slot [31] registered
[    0.656856] ERST: Table is not found!
[    0.657665] GHES: HEST is not enabled!
[    0.658801] Serial: 8250/16550 driver, 4 ports, IRQ sharing enabled
[    0.681805] serial8250: ttyS0 at I/O 0x3f8 (irq = 4) is a 16550A
[    0.779726] 00:06: ttyS0 at I/O 0x3f8 (irq = 4) is a 16550A
[    0.784713] Linux agpgart interface v0.103
[    0.785824] i8042: PNP: PS/2 Controller [PNP0303:KBD,PNP0f13:MOU] at 0x60,0x64 irq 1,12
[    0.790243] serio: i8042 KBD port at 0x60,0x64 irq 1
[    0.792072] serio: i8042 AUX port at 0x60,0x64 irq 12
[    0.794913] mousedev: PS/2 mouse device common for all mice
[    0.796558] input: AT Translated Set 2 keyboard as /devices/platform/i8042/serio0/input/input0
[    0.798511] rtc_cmos 00:01: RTC can wake from S4
[    0.800046] rtc_cmos 00:01: rtc core: registered rtc_cmos as rtc0
[    0.801508] rtc0: alarms up to one day, 114 bytes nvram, hpet irqs
[    0.802730] cpuidle: using governor ladder
[    0.803588] cpuidle: using governor menu
[    0.805046] TCP cubic registered
[    0.806796] NET: Registered protocol family 10
[    0.808762] Mobile IPv6
[    0.809420] NET: Registered protocol family 17
[    0.810366] Registering the dns_resolver key type
[    0.812187] registered taskstats version 1
[    0.814490] rtc_cmos 00:01: setting system clock to 2016-12-11 22:55:32 UTC (1481496932)
[    0.816238] Initializing network drop monitor service
[    0.819165] Freeing unused kernel memory: 580k freed
[    0.820491] Write protecting the kernel read-only data: 6144k
[    0.824392] Freeing unused kernel memory: 644k freed
[    0.828513] Freeing unused kernel memory: 688k freed
Loading, please wait...
[    0.858744] udevd[58]: starting version 175
[    0.875930] SCSI subsystem initialized
[    0.887110] e1000: Intel(R) PRO/1000 Network Driver - version 7.3.21-k8-NAPI
[    0.888890] e1000: Copyright (c) 1999-2006 Intel Corporation.
[    0.889651] scsi0 : ata_piix
[    0.891258] scsi1 : ata_piix
[    0.892399] ata1: PATA max MWDMA2 cmd 0x1f0 ctl 0x3f6 bmdma 0xc040 irq 14
[    0.893805] ata2: PATA max MWDMA2 cmd 0x170 ctl 0x376 bmdma 0xc048 irq 15
[    0.895549] ACPI: PCI Interrupt Link [LNKC] enabled at IRQ 11
[    0.904858] Floppy drive(s): fd0 is 1.44M
[    0.920820] FDC 0 is a S82078B
[    1.054675] ata2.00: ATAPI: QEMU DVD-ROM, 1.1.2, max UDMA/100
[    1.057507] ata1.00: ATA-7: QEMU HARDDISK, 1.1.2, max UDMA/100
[    1.059060] ata1.00: 9011200 sectors, multi 16: LBA48 
[    1.060907] ata2.00: configured for MWDMA2
[    1.061957] ata1.00: configured for MWDMA2
[    1.063293] scsi 0:0:0:0: Direct-Access     ATA      QEMU HARDDISK    1.1. PQ: 0 ANSI: 5
[    1.067706] scsi 1:0:0:0: CD-ROM            QEMU     QEMU DVD-ROM     1.1. PQ: 0 ANSI: 5
[    4.094113] Refined TSC clocksource calibration: 2199.957 MHz.
[    4.314602] e1000 0000:00:03.0: eth0: (PCI:33MHz:32-bit) 52:54:00:12:34:56
[    4.315948] e1000 0000:00:03.0: eth0: Intel(R) PRO/1000 Network Connection
[    4.326438] sd 0:0:0:0: [sda] 9011200 512-byte logical blocks: (4.61 GB/4.29 GiB)
[    4.328652] sd 0:0:0:0: [sda] Write Protect is off
[    4.330028] sd 0:0:0:0: [sda] Write cache: disabled, read cache: enabled, doesn't support DPO or FUA
[    4.333619]  sda: sda1
[    4.334519] sr0: scsi3-mmc drive: 4x/4x cd/rw xa/form2 tray
[    4.335772] cdrom: Uniform CD-ROM driver Revision: 3.20
[    4.338215] sd 0:0:0:0: [sda] Attached SCSI disk
[    4.344494] sd 0:0:0:0: Attached scsi generic sg0 type 0
[    4.346731] sr 1:0:0:0: Attached scsi generic sg1 type 5
Begin: Loading essential drivers ... done.
Begin: Running /scripts/init-premount ... done.
Begin: Mounting root file system ... Begin: Running /scripts/local-top ... done.
Begin: Running /scripts/local-premount ... done.
[    8.143866] EXT4-fs (sda1): mounted filesystem with ordered data mode. Opts: (null)
Begin: Running /scripts/local-bottom ... done.
done.
Begin: Running /scripts/init-bottom ... done.
INIT: version 2.88 booting
[[36minfo[39;49m] Using makefile-style concurrent boot in runlevel S.
findfs: unable to resolve 'UUID="e35ebd7f-2405-4c97-9c3e-26919d55a9e5"'
[....] Starting the hotplug events dispatcher: udevd[    8.718296] udevd[308]: starting version 175
[?25l[?1c7[1G[[32m ok [39;49m8[?25h[?0c.
[....] Synthesizing the initial hotplug events...[    8.816078] input: Power Button as /devices/LNXSYSTM:00/LNXPWRBN:00/input/input1
[    8.818565] ACPI: Power Button [PWRF]
[?25l[?1c7[1G[[32m ok [39;49m[    8.842441] input: PC Speaker as /devices/platform/pcspkr/input/input2
8[?25h[?0cdone.
[....] [    8.866599] parport_pc 00:05: reported by Plug and Play ACPI
Waiting for /dev to be fully populated...[    8.869063] parport0: PC-style at 0x378, irq 7 [PCSPP,TRISTATE
[    8.871217] piix4_smbus 0000:00:01.3: SMBus Host Controller at 0xb100, revision 0
[    8.874147] ]
[    8.881037] Error: Driver 'pcspkr' is already registered, aborting...
[?25l[?1c7[1G[[32m ok [39;49m8[?25h[?0cdone.
findfs: unable to resolve 'UUID="e35ebd7f-2405-4c97-9c3e-26919d55a9e5"'
[....] Activating swap...[?25l[?1c7[1G[[32m ok [39;49m8[?25h[?0cdone.
Usage: mountpoint [-q] [-d] [-x] path
[   12.285556] EXT4-fs (sda1): re-mounted. Opts: (null)
[....] Checking root file system...fsck from util-linux 2.20.1
/run/rootdev: clean, 32636/264000 files, 884938/1054720 blocks
[   12.359429] input: ImExPS/2 Generic Explorer Mouse as /devices/platform/i8042/serio1/input/input3
[?25l[?1c7[1G[[32m ok [39;49m8[?25h[?0cdone.
[   12.382081] EXT4-fs (sda1): re-mounted. Opts: errors=remount-ro,errors=remount-ro
[....] Cleaning up temporary files... /tmp[?25l[?1c7[1G[[32m ok [39;49m8[?25h[?0c.
findfs: unable to resolve 'UUID="e35ebd7f-2405-4c97-9c3e-26919d55a9e5"'
findfs: unable to resolve 'UUID="e35ebd7f-2405-4c97-9c3e-26919d55a9e5"'
[....] Activating lvm and md swap...[?25l[?1c7[1G[[32m ok [39;49m8[?25h[?0cdone.
[....] Checking file systems...fsck from util-linux 2.20.1
[?25l[?1c7[1G[[32m ok [39;49m8[?25h[?0cdone.
[....] Mounting local filesystems...[?25l[?1c7[1G[[32m ok [39;49m8[?25h[?0cdone.
[....] Activating swapfile swap...[?25l[?1c7[1G[[32m ok [39;49m8[?25h[?0cdone.
findfs: unable to resolve 'UUID="e35ebd7f-2405-4c97-9c3e-26919d55a9e5"'
[....] Cleaning up temporary files...[?25l[?1c7[1G[[32m ok [39;49m8[?25h[?0c.
[....] Setting kernel variables ...[?25l[?1c7[1G[[32m ok [39;49m8[?25h[?0cdone.
[....] Configuring network interfaces...Internet Systems Consortium DHCP Client 4.2.2
Copyright 2004-2011 Internet Systems Consortium.
All rights reserved.
For info, please visit https://www.isc.org/software/dhcp/

[   16.633083] ADDRCONF(NETDEV_UP): eth0: link is not ready
Listening on LPF/eth0/52:54:00:12:34:56
Sending on   LPF/eth0/52:54:00:12:34:56
Sending on   Socket/fallback
DHCPDISCOVER on eth0 to 255.255.255.255 port 67 interval 3
[   20.152338] e1000: eth0 NIC Link is Up 1000 Mbps Full Duplex, Flow Control: RX
DHCPDISCOVER on eth0 to 255.255.255.255 port 67 interval 8
[   20.159933] ADDRCONF(NETDEV_CHANGE): eth0: link becomes ready
DHCPDISCOVER on eth0 to 255.255.255.255 port 67 interval 16
DHCPREQUEST on eth0 to 255.255.255.255 port 67
DHCPOFFER from 10.0.2.2
DHCPACK from 10.0.2.2
bound to 10.0.2.15 -- renewal in 41632 seconds.
ifup: interface eth0 already configured
[?25l[?1c7[1G[[32m ok [39;49m8[?25h[?0cdone.
[....] Cleaning up temporary files...[?25l[?1c7[1G[[32m ok [39;49m8[?25h[?0c.
INIT: Entering runlevel: 2
[[36minfo[39;49m] Using makefile-style concurrent boot in runlevel 2.
[....] Starting OpenBSD Secure Shell server: sshd[?25l[?1c7[1G[[32m ok [39;49m8[?25h[?0c.
Entering benchmark mode
./scaff/bin/uniform/stream_d0
STARTING stream_d0 execution: Mon Dec 12 00:56:00 EET 2016
-------------------------------------------------------------
STREAM version $Revision: 5.10 $
-------------------------------------------------------------
This system uses 8 bytes per array element.
-------------------------------------------------------------
Array size = 50000000 (elements), Offset = 0 (elements)
Memory per array = 381.5 MiB (= 0.4 GiB).
Total memory required = 1144.4 MiB (= 1.1 GiB).
Each kernel will be executed 20 times.
 The *best* time for each kernel (excluding the first iteration)
 will be used to compute the reported bandwidth.
-------------------------------------------------------------
Number of Threads requested = 4
Number of Threads counted = 4
-------------------------------------------------------------
Your clock granularity/precision appears to be 1 microseconds.
Each test below will take on the order of 88595 microseconds.
   (= 88595 clock ticks)
Increase the size of the arrays if this shows that
you are not getting at least 20 clock ticks per test.
-------------------------------------------------------------
WARNING -- The above is only a rough guideline.
For best results, please be sure you know the
precision of your system timer.
-------------------------------------------------------------
Function    Best Rate  Avg Rate   MB/s  Avg time     Min time     Max time
Copy:            8210.4       1295.2    0.617656    0.097438     3.163202
Scale:           7959.3       1770.3    0.451908    0.100511     3.159776
Add:             8179.3       1848.1    0.649319    0.146712     3.190219
Triad:           7792.9       1481.4    0.810052    0.153986     3.197432
-------------------------------------------------------------
Solution Validates: avg error less than 1.000000e-13 on all three arrays
-------------------------------------------------------------
-------------------------------------------------------------
STREAM version $Revision: 5.10 $
-------------------------------------------------------------
This system uses 8 bytes per array element.
-------------------------------------------------------------
Array size = 50000000 (elements), Offset = 0 (elements)
Memory per array = 381.5 MiB (= 0.4 GiB).
Total memory required = 1144.4 MiB (= 1.1 GiB).
Each kernel will be executed 20 times.
 The *best* time for each kernel (excluding the first iteration)
 will be used to compute the reported bandwidth.
-------------------------------------------------------------
Number of Threads requested = 4
Number of Threads counted = 4
-------------------------------------------------------------
Your clock granularity/precision appears to be 1 microseconds.
Each test below will take on the order of 109464 microseconds.
   (= 109464 clock ticks)
Increase the size of the arrays if this shows that
you are not getting at least 20 clock ticks per test.
-------------------------------------------------------------
WARNING -- The above is only a rough guideline.
For best results, please be sure you know the
precision of your system timer.
-------------------------------------------------------------
Function    Best Rate  Avg Rate   MB/s  Avg time     Min time     Max time
Copy:           10742.8       2733.8    0.292633    0.074468     3.155996
Scale:           7354.8       1030.5    0.776328    0.108773     3.163726
Add:             7979.7       2431.1    0.493600    0.150381     3.197795
Triad:          12248.0       1245.2    0.963675    0.097975     3.201243
-------------------------------------------------------------
Solution Validates: avg error less than 1.000000e-13 on all three arrays
-------------------------------------------------------------
-------------------------------------------------------------
STREAM version $Revision: 5.10 $
-------------------------------------------------------------
This system uses 8 bytes per array element.
-------------------------------------------------------------
Array size = 50000000 (elements), Offset = 0 (elements)
Memory per array = 381.5 MiB (= 0.4 GiB).
Total memory required = 1144.4 MiB (= 1.1 GiB).
Each kernel will be executed 20 times.
 The *best* time for each kernel (excluding the first iteration)
 will be used to compute the reported bandwidth.
-------------------------------------------------------------
Number of Threads requested = 4
Number of Threads counted = 4
-------------------------------------------------------------
Your clock granularity/precision appears to be 1 microseconds.
Each test below will take on the order of 108293 microseconds.
   (= 108293 clock ticks)
Increase the size of the arrays if this shows that
you are not getting at least 20 clock ticks per test.
-------------------------------------------------------------
WARNING -- The above is only a rough guideline.
For best results, please be sure you know the
precision of your system timer.
-------------------------------------------------------------
Function    Best Rate  Avg Rate   MB/s  Avg time     Min time     Max time
Copy:            7398.3       1760.5    0.454422    0.108133     3.164846
Scale:           7264.4       1300.2    0.615300    0.110126     3.166821
Add:            10767.3       1494.3    0.803047    0.111449     3.197564
Triad:           9210.2       1844.7    0.650515    0.130290     3.201223
-------------------------------------------------------------
Solution Validates: avg error less than 1.000000e-13 on all three arrays
-------------------------------------------------------------
-------------------------------------------------------------
STREAM version $Revision: 5.10 $
-------------------------------------------------------------
This system uses 8 bytes per array element.
-------------------------------------------------------------
Array size = 50000000 (elements), Offset = 0 (elements)
Memory per array = 381.5 MiB (= 0.4 GiB).
Total memory required = 1144.4 MiB (= 1.1 GiB).
Each kernel will be executed 20 times.
 The *best* time for each kernel (excluding the first iteration)
 will be used to compute the reported bandwidth.
-------------------------------------------------------------
Number of Threads requested = 4
Number of Threads counted = 4
-------------------------------------------------------------
Your clock granularity/precision appears to be 1 microseconds.
Each test below will take on the order of 105813 microseconds.
   (= 105813 clock ticks)
Increase the size of the arrays if this shows that
you are not getting at least 20 clock ticks per test.
-------------------------------------------------------------
WARNING -- The above is only a rough guideline.
For best results, please be sure you know the
precision of your system timer.
-------------------------------------------------------------
Function    Best Rate  Avg Rate   MB/s  Avg time     Min time     Max time
Copy:            7447.1       1746.5    0.458070    0.107425     3.173376
Scale:           7248.5       1296.3    0.617120    0.110367     3.158526
Add:             8050.4       1849.2    0.648928    0.149060     3.198574
Triad:           7922.0       1480.1    0.810745    0.151477     3.207015
-------------------------------------------------------------
Solution Validates: avg error less than 1.000000e-13 on all three arrays
-------------------------------------------------------------
-------------------------------------------------------------
STREAM version $Revision: 5.10 $
-------------------------------------------------------------
This system uses 8 bytes per array element.
-------------------------------------------------------------
Array size = 50000000 (elements), Offset = 0 (elements)
Memory per array = 381.5 MiB (= 0.4 GiB).
Total memory required = 1144.4 MiB (= 1.1 GiB).
Each kernel will be executed 20 times.
 The *best* time for each kernel (excluding the first iteration)
 will be used to compute the reported bandwidth.
-------------------------------------------------------------
Number of Threads requested = 4
Number of Threads counted = 4
-------------------------------------------------------------
Your clock granularity/precision appears to be 1 microseconds.
Each test below will take on the order of 112500 microseconds.
   (= 112500 clock ticks)
Increase the size of the arrays if this shows that
you are not getting at least 20 clock ticks per test.
-------------------------------------------------------------
WARNING -- The above is only a rough guideline.
For best results, please be sure you know the
precision of your system timer.
-------------------------------------------------------------
Function    Best Rate  Avg Rate   MB/s  Avg time     Min time     Max time
Copy:            7391.1       1749.1    0.457386    0.108238     3.167280
Scale:           7209.0       1297.6    0.616535    0.110973     3.163381
Add:            11228.4       1487.4    0.806758    0.106872     3.202350
Triad:          12469.9       1854.2    0.647179    0.096232     3.194866
-------------------------------------------------------------
Solution Validates: avg error less than 1.000000e-13 on all three arrays
-------------------------------------------------------------
-------------------------------------------------------------
STREAM version $Revision: 5.10 $
-------------------------------------------------------------
This system uses 8 bytes per array element.
-------------------------------------------------------------
Array size = 50000000 (elements), Offset = 0 (elements)
Memory per array = 381.5 MiB (= 0.4 GiB).
Total memory required = 1144.4 MiB (= 1.1 GiB).
Each kernel will be executed 20 times.
 The *best* time for each kernel (excluding the first iteration)
 will be used to compute the reported bandwidth.
-------------------------------------------------------------
Number of Threads requested = 4
Number of Threads counted = 4
-------------------------------------------------------------
Your clock granularity/precision appears to be 1 microseconds.
Each test below will take on the order of 105207 microseconds.
   (= 105207 clock ticks)
Increase the size of the arrays if this shows that
you are not getting at least 20 clock ticks per test.
-------------------------------------------------------------
WARNING -- The above is only a rough guideline.
For best results, please be sure you know the
precision of your system timer.
-------------------------------------------------------------
Function    Best Rate  Avg Rate   MB/s  Avg time     Min time     Max time
Copy:            7386.7       1751.0    0.456889    0.108303     3.158065
Scale:           7233.1       1297.7    0.616459    0.110602     3.161679
Add:             7796.2       1837.1    0.653191    0.153922     3.200228
Triad:           7922.8       1479.9    0.810848    0.151462     3.203578
-------------------------------------------------------------
Solution Validates: avg error less than 1.000000e-13 on all three arrays
-------------------------------------------------------------
-------------------------------------------------------------
STREAM version $Revision: 5.10 $
-------------------------------------------------------------
This system uses 8 bytes per array element.
-------------------------------------------------------------
Array size = 50000000 (elements), Offset = 0 (elements)
Memory per array = 381.5 MiB (= 0.4 GiB).
Total memory required = 1144.4 MiB (= 1.1 GiB).
Each kernel will be executed 20 times.
 The *best* time for each kernel (excluding the first iteration)
 will be used to compute the reported bandwidth.
-------------------------------------------------------------
Number of Threads requested = 4
Number of Threads counted = 4
-------------------------------------------------------------
Your clock granularity/precision appears to be 1 microseconds.
Each test below will take on the order of 98573 microseconds.
   (= 98573 clock ticks)
Increase the size of the arrays if this shows that
you are not getting at least 20 clock ticks per test.
-------------------------------------------------------------
WARNING -- The above is only a rough guideline.
For best results, please be sure you know the
precision of your system timer.
-------------------------------------------------------------
Function    Best Rate  Avg Rate   MB/s  Avg time     Min time     Max time
Copy:            8043.7       1310.3    0.610528    0.099457     3.166926
Scale:           7665.5       1305.2    0.612953    0.104364     3.159962
Add:             9479.7       1858.1    0.645836    0.126587     3.189015
Triad:          10071.3       1861.5    0.644643    0.119150     3.208571
-------------------------------------------------------------
Solution Validates: avg error less than 1.000000e-13 on all three arrays
-------------------------------------------------------------
-------------------------------------------------------------
STREAM version $Revision: 5.10 $
-------------------------------------------------------------
This system uses 8 bytes per array element.
-------------------------------------------------------------
Array size = 50000000 (elements), Offset = 0 (elements)
Memory per array = 381.5 MiB (= 0.4 GiB).
Total memory required = 1144.4 MiB (= 1.1 GiB).
Each kernel will be executed 20 times.
 The *best* time for each kernel (excluding the first iteration)
 will be used to compute the reported bandwidth.
-------------------------------------------------------------
Number of Threads requested = 4
Number of Threads counted = 4
-------------------------------------------------------------
Your clock granularity/precision appears to be 1 microseconds.
Each test below will take on the order of 116575 microseconds.
   (= 116575 clock ticks)
Increase the size of the arrays if this shows that
you are not getting at least 20 clock ticks per test.
-------------------------------------------------------------
WARNING -- The above is only a rough guideline.
For best results, please be sure you know the
precision of your system timer.
-------------------------------------------------------------
Function    Best Rate  Avg Rate   MB/s  Avg time     Min time     Max time
Copy:           10256.7       2686.4    0.297797    0.077998     3.135426
Scale:           7115.8       1036.7    0.771646    0.112426     3.169502
Add:             8020.0       2445.4    0.490727    0.149626     3.204583
Triad:           9545.8       1242.0    0.966216    0.125710     3.204188
-------------------------------------------------------------
Solution Validates: avg error less than 1.000000e-13 on all three arrays
-------------------------------------------------------------
-------------------------------------------------------------
STREAM version $Revision: 5.10 $
-------------------------------------------------------------
This system uses 8 bytes per array element.
-------------------------------------------------------------
Array size = 50000000 (elements), Offset = 0 (elements)
Memory per array = 381.5 MiB (= 0.4 GiB).
Total memory required = 1144.4 MiB (= 1.1 GiB).
Each kernel will be executed 20 times.
 The *best* time for each kernel (excluding the first iteration)
 will be used to compute the reported bandwidth.
-------------------------------------------------------------
Number of Threads requested = 4
Number of Threads counted = 4
-------------------------------------------------------------
Your clock granularity/precision appears to be 1 microseconds.
Each test below will take on the order of 70207 microseconds.
   (= 70207 clock ticks)
Increase the size of the arrays if this shows that
you are not getting at least 20 clock ticks per test.
-------------------------------------------------------------
WARNING -- The above is only a rough guideline.
For best results, please be sure you know the
precision of your system timer.
-------------------------------------------------------------
Function    Best Rate  Avg Rate   MB/s  Avg time     Min time     Max time
Copy:            6969.9       2262.3    0.353620    0.114780     2.169783
Scale:           7231.1       1419.5    0.563582    0.110634     3.181232
Add:             8163.2       2433.4    0.493135    0.147002     2.202619
Triad:           7939.4       1703.6    0.704411    0.151145     3.196125
-------------------------------------------------------------
Solution Validates: avg error less than 1.000000e-13 on all three arrays
-------------------------------------------------------------
INIT: Switching to runlevel: 0INIT: Sending processes the TERM signal
[[36minfo[39;49m] Using makefile-style concurrent boot in runlevel 0.
[[36minfo[39;49m] Saving the system clock.
[[36minfo[39;49m] Hardware Clock updated to Sun Dec 11 23:04:18 UTC 2016.
[....] Asking all remaining processes to terminate...[?25l[?1c7[1G[[32m ok [39;49m8[?25h[?0cdone.
[....] All processes ended within 2 seconds...[?25l[?1c7[1G[[32m ok [39;49m8[?25h[?0cdone.
[....] Deconfiguring network interfaces...Internet Systems Consortium DHCP Client 4.2.2
Copyright 2004-2011 Internet Systems Consortium.
All rights reserved.
For info, please visit https://www.isc.org/software/dhcp/

Listening on LPF/eth0/52:54:00:12:34:56
Sending on   LPF/eth0/52:54:00:12:34:56
Sending on   Socket/fallback
DHCPRELEASE on eth0 to 10.0.2.2 port 67
[?25l[?1c7[1G[[32m ok [39;49m8[?25h[?0cdone.
[....] Deactivating swap...[?25l[?1c7[1G[[32m ok [39;49m8[?25h[?0cdone.
[  527.112272] EXT4-fs (sda1): re-mounted. Opts: (null)
[[36minfo[39;49m] Will now halt.
[  529.702096] sd 0:0:0:0: [sda] Stopping disk
[  529.705569] ACPI: Preparing to enter system sleep state S5
[  529.707009] Power down.
aff-executor-preload.c:affhooks_init()
aff-executor-preload.c:affhooks_shut()
HELLO KITTY
