aff-executor-preload.c:affhooks_init()
[H[J[?25l[m[H[J[2;25HGNU GRUB  version 1.99-27+deb7u2

[m[4;2H+--------------------------------------------------------------------------+[5;2H|[5;77H|[6;2H|[6;77H|[7;2H|[7;77H|[8;2H|[8;77H|[9;2H|[9;77H|[10;2H|[10;77H|[11;2H|[11;77H|[12;2H|[12;77H|[13;2H|[13;77H|[14;2H|[14;77H|[15;2H|[15;77H|[16;2H|[16;77H|[17;2H+--------------------------------------------------------------------------+[m[18;2H[m
      Use the ^ and v keys to select which entry is highlighted.      
      Press enter to boot the selected OS, 'e' to edit the commands      
      before booting or 'c' for a command-line.      
      [5;78H [7m[5;3HDebian GNU/Linux, with Linux 3.2.0-4-amd64                               [m [5;76H[m[m[6;3HDebian GNU/Linux, with Linux 3.2.0-4-amd64 (recovery mode)               [m [6;76H[m[m[7;3H                                                                         [m [7;76H[m[m[8;3H                                                                         [m [8;76H[m[m[9;3H                                                                         [m [9;76H[m[m[10;3H                                                                         [m [10;76H[m[m[11;3H                                                                         [m [11;76H[m[m[12;3H                                                                         [m [12;76H[m[m[13;3H                                                                         [m [13;76H[m[m[14;3H                                                                         [m [14;76H[m[m[15;3H                                                                         [m [15;76H[m[m[16;3H                                                                         [m [16;76H[m[16;78H [5;76H[22;1H   The highlighted entry will be executed automatically in 5s.                 [5;76H[22;1H   The highlighted entry will be executed automatically in 4s.                 [5;76H[22;1H   The highlighted entry will be executed automatically in 3s.                 [5;76H[22;1H   The highlighted entry will be executed automatically in 2s.                 [5;76H[22;1H   The highlighted entry will be executed automatically in 1s.                 [5;76H[22;1H   The highlighted entry will be executed automatically in 0s.                 [5;76H[?25h[H[J[H[J  Booting 'Debian GNU/Linux, with Linux 3.2.0-4-amd64'

Loading Linux 3.2.0-4-amd64 ...
Loading initial ramdisk ...
[    0.000000] Initializing cgroup subsys cpuset
[    0.000000] Initializing cgroup subsys cpu
[    0.000000] Linux version 3.2.0-4-amd64 (debian-kernel@lists.debian.org) (gcc version 4.6.3 (Debian 4.6.3-14) ) #1 SMP Debian 3.2.68-1+deb7u3
[    0.000000] Command line: BOOT_IMAGE=/boot/vmlinuz-3.2.0-4-amd64 root=UUID=e35ebd7f-2405-4c97-9c3e-26919d55a9e5 ro console=tty0 console=ttyS0,115200n8
[    0.000000] BIOS-provided physical RAM map:
[    0.000000]  BIOS-e820: 0000000000000000 - 000000000009fc00 (usable)
[    0.000000]  BIOS-e820: 000000000009fc00 - 00000000000a0000 (reserved)
[    0.000000]  BIOS-e820: 00000000000f0000 - 0000000000100000 (reserved)
[    0.000000]  BIOS-e820: 0000000000100000 - 00000000bfffe000 (usable)
[    0.000000]  BIOS-e820: 00000000bfffe000 - 00000000c0000000 (reserved)
[    0.000000]  BIOS-e820: 00000000feffc000 - 00000000ff000000 (reserved)
[    0.000000]  BIOS-e820: 00000000fffc0000 - 0000000100000000 (reserved)
[    0.000000]  BIOS-e820: 0000000100000000 - 0000000440000000 (usable)
[    0.000000] NX (Execute Disable) protection: active
[    0.000000] SMBIOS 2.4 present.
[    0.000000] No AGP bridge found
[    0.000000] last_pfn = 0x440000 max_arch_pfn = 0x400000000
[    0.000000] x86 PAT enabled: cpu 0, old 0x70406, new 0x7010600070106
[    0.000000] last_pfn = 0xbfffe max_arch_pfn = 0x400000000
[    0.000000] found SMP MP-table at [ffff8800000f0b10] f0b10
[    0.000000] Using GB pages for direct mapping
[    0.000000] init_memory_mapping: 0000000000000000-00000000bfffe000
[    0.000000] init_memory_mapping: 0000000100000000-0000000440000000
[    0.000000] RAMDISK: 36c6c000 - 3762e000
[    0.000000] ACPI: RSDP 00000000000f08e0 00014 (v00 BOCHS )
[    0.000000] ACPI: RSDT 00000000bffffcfc 00034 (v01 BOCHS  BXPCRSDT 00000001 BXPC 00000001)
[    0.000000] ACPI: FACP 00000000bffff1c0 00074 (v01 BOCHS  BXPCFACP 00000001 BXPC 00000001)
[    0.000000] ACPI: DSDT 00000000bfffe040 01180 (v01 BOCHS  BXPCDSDT 00000001 BXPC 00000001)
[    0.000000] ACPI: FACS 00000000bfffe000 00040
[    0.000000] ACPI: SSDT 00000000bffff234 00A00 (v01 BOCHS  BXPCSSDT 00000001 BXPC 00000001)
[    0.000000] ACPI: APIC 00000000bffffc34 00090 (v01 BOCHS  BXPCAPIC 00000001 BXPC 00000001)
[    0.000000] ACPI: HPET 00000000bffffcc4 00038 (v01 BOCHS  BXPCHPET 00000001 BXPC 00000001)
[    0.000000] No NUMA configuration found
[    0.000000] Faking a node at 0000000000000000-0000000440000000
[    0.000000] Initmem setup node 0 0000000000000000-0000000440000000
[    0.000000]   NODE_DATA [000000043fffb000 - 000000043fffffff]
[    0.000000] kvm-clock: Using msrs 4b564d01 and 4b564d00
[    0.000000] kvm-clock: cpu 0, msr 0:16a8741, boot clock
[    0.000000] Zone PFN ranges:
[    0.000000]   DMA      0x00000010 -> 0x00001000
[    0.000000]   DMA32    0x00001000 -> 0x00100000
[    0.000000]   Normal   0x00100000 -> 0x00440000
[    0.000000] Movable zone start PFN for each node
[    0.000000] early_node_map[3] active PFN ranges
[    0.000000]     0: 0x00000010 -> 0x0000009f
[    0.000000]     0: 0x00000100 -> 0x000bfffe
[    0.000000]     0: 0x00100000 -> 0x00440000
[    0.000000] ACPI: PM-Timer IO Port: 0xb008
[    0.000000] ACPI: LAPIC (acpi_id[0x00] lapic_id[0x00] enabled)
[    0.000000] ACPI: LAPIC (acpi_id[0x01] lapic_id[0x01] enabled)
[    0.000000] ACPI: LAPIC (acpi_id[0x02] lapic_id[0x02] enabled)
[    0.000000] ACPI: LAPIC (acpi_id[0x03] lapic_id[0x03] enabled)
[    0.000000] ACPI: LAPIC_NMI (acpi_id[0xff] dfl dfl lint[0x1])
[    0.000000] ACPI: IOAPIC (id[0x00] address[0xfec00000] gsi_base[0])
[    0.000000] IOAPIC[0]: apic_id 0, version 17, address 0xfec00000, GSI 0-23
[    0.000000] ACPI: INT_SRC_OVR (bus 0 bus_irq 0 global_irq 2 dfl dfl)
[    0.000000] ACPI: INT_SRC_OVR (bus 0 bus_irq 5 global_irq 5 high level)
[    0.000000] ACPI: INT_SRC_OVR (bus 0 bus_irq 9 global_irq 9 high level)
[    0.000000] ACPI: INT_SRC_OVR (bus 0 bus_irq 10 global_irq 10 high level)
[    0.000000] ACPI: INT_SRC_OVR (bus 0 bus_irq 11 global_irq 11 high level)
[    0.000000] Using ACPI (MADT) for SMP configuration information
[    0.000000] ACPI: HPET id: 0x8086a201 base: 0xfed00000
[    0.000000] SMP: Allowing 4 CPUs, 0 hotplug CPUs
[    0.000000] PM: Registered nosave memory: 000000000009f000 - 00000000000a0000
[    0.000000] PM: Registered nosave memory: 00000000000a0000 - 00000000000f0000
[    0.000000] PM: Registered nosave memory: 00000000000f0000 - 0000000000100000
[    0.000000] PM: Registered nosave memory: 00000000bfffe000 - 00000000c0000000
[    0.000000] PM: Registered nosave memory: 00000000c0000000 - 00000000feffc000
[    0.000000] PM: Registered nosave memory: 00000000feffc000 - 00000000ff000000
[    0.000000] PM: Registered nosave memory: 00000000ff000000 - 00000000fffc0000
[    0.000000] PM: Registered nosave memory: 00000000fffc0000 - 0000000100000000
[    0.000000] Allocating PCI resources starting at c0000000 (gap: c0000000:3effc000)
[    0.000000] Booting paravirtualized kernel on KVM
[    0.000000] setup_percpu: NR_CPUS:512 nr_cpumask_bits:512 nr_cpu_ids:4 nr_node_ids:1
[    0.000000] PERCPU: Embedded 27 pages/cpu @ffff88043fc00000 s78912 r8192 d23488 u524288
[    0.000000] kvm-clock: cpu 0, msr 4:3fc12741, primary cpu clock
[    0.000000] KVM setup async PF for cpu 0
[    0.000000] kvm-stealtime: cpu 0, msr 43fc0cfc0
[    0.000000] Built 1 zonelists in Zone order, mobility grouping on.  Total pages: 4133256
[    0.000000] Policy zone: Normal
[    0.000000] Kernel command line: BOOT_IMAGE=/boot/vmlinuz-3.2.0-4-amd64 root=UUID=e35ebd7f-2405-4c97-9c3e-26919d55a9e5 ro console=tty0 console=ttyS0,115200n8
[    0.000000] PID hash table entries: 4096 (order: 3, 32768 bytes)
[    0.000000] xsave/xrstor: enabled xstate_bv 0x7, cntxt size 0x340
[    0.000000] Checking aperture...
[    0.000000] No AGP bridge found
[    0.000000] Memory: 16462372k/17825792k available (3434k kernel code, 1049036k absent, 314384k reserved, 3305k data, 580k init)
[    0.000000] Hierarchical RCU implementation.
[    0.000000] 	RCU dyntick-idle grace-period acceleration is enabled.
[    0.000000] NR_IRQS:33024 nr_irqs:712 16
[    0.000000] Console: colour VGA+ 80x25
[    0.000000] console [tty0] enabled
[    0.000000] console [ttyS0] enabled
[    0.000000] Detected 2199.998 MHz processor.
[    0.008000] Calibrating delay loop (skipped) preset value.. 4399.99 BogoMIPS (lpj=8799992)
[    0.008000] pid_max: default: 32768 minimum: 301
[    0.008000] Security Framework initialized
[    0.008008] AppArmor: AppArmor disabled by boot time parameter
[    0.009961] Dentry cache hash table entries: 2097152 (order: 12, 16777216 bytes)
[    0.015358] Inode-cache hash table entries: 1048576 (order: 11, 8388608 bytes)
[    0.017344] Mount-cache hash table entries: 256
[    0.018346] Initializing cgroup subsys cpuacct
[    0.020008] Initializing cgroup subsys memory
[    0.020859] Initializing cgroup subsys devices
[    0.021701] Initializing cgroup subsys freezer
[    0.022561] Initializing cgroup subsys net_cls
[    0.023404] Initializing cgroup subsys blkio
[    0.024010] Initializing cgroup subsys perf_event
[    0.024997] mce: CPU supports 10 MCE banks
[    0.027062] ACPI: Core revision 20110623
[    0.029220] Enabling x2apic
[    0.029842] Enabled x2apic
[    0.030654] Switched APIC routing to physical x2apic.
[    0.033118] ..TIMER: vector=0x30 apic1=0 pin1=2 apic2=-1 pin2=-1
[    0.034421] CPU0: Intel(R) Xeon(R) CPU E5-4620 0 @ 2.20GHz stepping 07
[    0.040002] Performance Events: SandyBridge events, Intel PMU driver.
[    0.040002] ... version:                2
[    0.040002] ... bit width:              48
[    0.040002] ... generic registers:      4
[    0.040009] ... value mask:             0000ffffffffffff
[    0.041129] ... max period:             000000007fffffff
[    0.042243] ... fixed-purpose events:   3
[    0.043113] ... event mask:             000000070000000f
[    0.044212] NMI watchdog enabled, takes one hw-pmu counter.
[    0.045532] Booting Node   0, Processors  #1
[    0.064025] KVM setup async PF for cpu 1
[    0.064025] kvm-stealtime: cpu 1, msr 43fc8cfc0
[    0.068604] NMI watchdog enabled, takes one hw-pmu counter.
[    0.064025] kvm-clock: cpu 1, msr 4:3fc92741, secondary cpu clock
[    0.071210]  #2
[    0.088025] KVM setup async PF for cpu 2
[    0.088025] kvm-stealtime: cpu 2, msr 43fd0cfc0
[    0.088025] kvm-clock: cpu 2, msr 4:3fd12741, secondary cpu clock
[    0.093214] NMI watchdog enabled, takes one hw-pmu counter.
[    0.096041]  #3 Ok.
[    0.112027] KVM setup async PF for cpu 3
[    0.112027] kvm-stealtime: cpu 3, msr 43fd8cfc0
[    0.112027] kvm-clock: cpu 3, msr 4:3fd92741, secondary cpu clock
[    0.117763] NMI watchdog enabled, takes one hw-pmu counter.
[    0.120109] Brought up 4 CPUs
[    0.120774] Total of 4 processors activated (17599.98 BogoMIPS).
[    0.122431] devtmpfs: initialized
[    0.126795] print_constraints: dummy: 
[    0.128041] NET: Registered protocol family 16
[    0.129071] ACPI: bus type pci registered
[    0.130024] PCI: Using configuration type 1 for base access
[    0.132401] bio: create slab <bio-0> at 0
[    0.133527] ACPI: Added _OSI(Module Device)
[    0.133527] ACPI: Added _OSI(Processor Device)
[    0.133943] ACPI: Added _OSI(3.0 _SCP Extensions)
[    0.136023] ACPI: Added _OSI(Processor Aggregator Device)
[    0.140141] ACPI: Interpreter enabled
[    0.140921] ACPI: (supports S0 S3 S4 S5)
[    0.142087] ACPI: Using IOAPIC for interrupt routing
[    0.146554] ACPI: No dock devices found.
[    0.147383] HEST: Table not found.
[    0.148024] PCI: Using host bridge windows from ACPI; if necessary, use "pci=nocrs" and report a bug
[    0.149771] ACPI: PCI Root Bridge [PCI0] (domain 0000 [bus 00-ff])
[    0.151096] pci_root PNP0A03:00: host bridge window [io  0x0000-0x0cf7]
[    0.152023] pci_root PNP0A03:00: host bridge window [io  0x0d00-0xadff]
[    0.153215] pci_root PNP0A03:00: host bridge window [io  0xae0f-0xaeff]
[    0.154384] pci_root PNP0A03:00: host bridge window [io  0xaf20-0xafdf]
[    0.156022] pci_root PNP0A03:00: host bridge window [io  0xafe4-0xffff]
[    0.157210] pci_root PNP0A03:00: host bridge window [mem 0x000a0000-0x000bffff]
[    0.158613] pci_root PNP0A03:00: host bridge window [mem 0xc0000000-0xfebfffff]
[    0.165028] pci 0000:00:01.3: quirk: [io  0xb000-0xb03f] claimed by PIIX4 ACPI
[    0.166411] pci 0000:00:01.3: quirk: [io  0xb100-0xb10f] claimed by PIIX4 SMB
[    0.182083]  pci0000:00: Unable to request _OSC control (_OSC support mask: 0x1e)
[    0.185871] ACPI: PCI Interrupt Link [LNKA] (IRQs 5 *10 11)
[    0.187452] ACPI: PCI Interrupt Link [LNKB] (IRQs 5 *10 11)
[    0.188870] ACPI: PCI Interrupt Link [LNKC] (IRQs 5 10 *11)
[    0.190379] ACPI: PCI Interrupt Link [LNKD] (IRQs 5 10 *11)
[    0.192089] ACPI: PCI Interrupt Link [LNKS] (IRQs *9)
[    0.193444] vgaarb: device added: PCI:0000:00:02.0,decodes=io+mem,owns=io+mem,locks=none
[    0.193595] vgaarb: loaded
[    0.194182] vgaarb: bridge control possible 0000:00:02.0
[    0.196057] PCI: Using ACPI for IRQ routing
[    0.197123] HPET: 3 timers in total, 0 timers will be used for per-cpu timer
[    0.198389] hpet0: at MMIO 0xfed00000, IRQs 2, 8, 0
[    0.204024] hpet0: 3 comparators, 64-bit 100.000000 MHz counter
[    0.216169] Switching to clocksource kvm-clock
[    0.219010] pnp: PnP ACPI init
[    0.219010] ACPI: bus type pnp registered
[    0.220461] pnp: PnP ACPI: found 9 devices
[    0.221303] ACPI: ACPI bus type pnp unregistered
[    0.231125] NET: Registered protocol family 2
[    0.234770] IP route cache hash table entries: 524288 (order: 10, 4194304 bytes)
[    0.238266] TCP established hash table entries: 524288 (order: 11, 8388608 bytes)
[    0.242423] TCP bind hash table entries: 65536 (order: 8, 1048576 bytes)
[    0.244294] TCP: Hash tables configured (established 524288 bind 65536)
[    0.245506] TCP reno registered
[    0.246254] UDP hash table entries: 8192 (order: 6, 262144 bytes)
[    0.247439] UDP-Lite hash table entries: 8192 (order: 6, 262144 bytes)
[    0.248983] NET: Registered protocol family 1
[    0.249900] pci 0000:00:00.0: Limiting direct PCI/PCI transfers
[    0.250992] pci 0000:00:01.0: PIIX3: Enabling Passive Release
[    0.252108] pci 0000:00:01.0: Activating ISA DMA hang workarounds
[    0.253340] Unpacking initramfs...
[    0.450100] Freeing initrd memory: 9992k freed
[    0.453601] PCI-DMA: Using software bounce buffering for IO (SWIOTLB)
[    0.454737] Placing 64MB software IO TLB between ffff8800bbffe000 - ffff8800bfffe000
[    0.456177] software IO TLB at phys 0xbbffe000 - 0xbfffe000
[    0.458358] audit: initializing netlink socket (disabled)
[    0.459386] type=2000 audit(1483454631.456:1): initialized
[    0.474800] HugeTLB registered 2 MB page size, pre-allocated 0 pages
[    0.478660] VFS: Disk quotas dquot_6.5.2
[    0.479564] Dquot-cache hash table entries: 512 (order 0, 4096 bytes)
[    0.480894] msgmni has been set to 32172
[    0.482315] alg: No test for stdrng (krng)
[    0.483331] Block layer SCSI generic (bsg) driver version 0.4 loaded (major 253)
[    0.484844] io scheduler noop registered
[    0.485699] io scheduler deadline registered
[    0.486721] io scheduler cfq registered (default)
[    0.487798] pci_hotplug: PCI Hot Plug PCI Core version: 0.5
[    0.488852] pciehp: PCI Express Hot Plug Controller Driver version: 0.4
[    0.490130] acpiphp: ACPI Hot Plug PCI Controller Driver version: 0.5
[    0.491374] acpiphp: Slot [3] registered
[    0.492216] acpiphp: Slot [4] registered
[    0.493048] acpiphp: Slot [5] registered
[    0.493877] acpiphp: Slot [6] registered
[    0.494686] acpiphp: Slot [7] registered
[    0.495509] acpiphp: Slot [8] registered
[    0.496340] acpiphp: Slot [9] registered
[    0.497140] acpiphp: Slot [10] registered
[    0.498000] acpiphp: Slot [11] registered
[    0.498821] acpiphp: Slot [12] registered
[    0.499629] acpiphp: Slot [13] registered
[    0.500482] acpiphp: Slot [14] registered
[    0.501323] acpiphp: Slot [15] registered
[    0.502140] acpiphp: Slot [16] registered
[    0.502926] acpiphp: Slot [17] registered
[    0.503720] acpiphp: Slot [18] registered
[    0.504558] acpiphp: Slot [19] registered
[    0.505374] acpiphp: Slot [20] registered
[    0.506204] acpiphp: Slot [21] registered
[    0.507006] acpiphp: Slot [22] registered
[    0.507854] acpiphp: Slot [23] registered
[    0.508786] acpiphp: Slot [24] registered
[    0.509676] acpiphp: Slot [25] registered
[    0.510564] acpiphp: Slot [26] registered
[    0.511373] acpiphp: Slot [27] registered
[    0.512257] acpiphp: Slot [28] registered
[    0.513091] acpiphp: Slot [29] registered
[    0.513970] acpiphp: Slot [30] registered
[    0.514779] acpiphp: Slot [31] registered
[    0.515757] ERST: Table is not found!
[    0.516540] GHES: HEST is not enabled!
[    0.517553] Serial: 8250/16550 driver, 4 ports, IRQ sharing enabled
[    0.543907] serial8250: ttyS0 at I/O 0x3f8 (irq = 4) is a 16550A
[    0.579941] 00:06: ttyS0 at I/O 0x3f8 (irq = 4) is a 16550A
[    0.581304] Linux agpgart interface v0.103
[    0.582293] i8042: PNP: PS/2 Controller [PNP0303:KBD,PNP0f13:MOU] at 0x60,0x64 irq 1,12
[    0.584466] serio: i8042 KBD port at 0x60,0x64 irq 1
[    0.585399] serio: i8042 AUX port at 0x60,0x64 irq 12
[    0.586694] mousedev: PS/2 mouse device common for all mice
[    0.588466] rtc_cmos 00:01: RTC can wake from S4
[    0.588672] input: AT Translated Set 2 keyboard as /devices/platform/i8042/serio0/input/input0
[    0.591744] rtc_cmos 00:01: rtc core: registered rtc_cmos as rtc0
[    0.593369] rtc0: alarms up to one day, 114 bytes nvram, hpet irqs
[    0.595505] cpuidle: using governor ladder
[    0.597238] cpuidle: using governor menu
[    0.599195] TCP cubic registered
[    0.600865] NET: Registered protocol family 10
[    0.603546] Mobile IPv6
[    0.604808] NET: Registered protocol family 17
[    0.606017] Registering the dns_resolver key type
[    0.607205] registered taskstats version 1
[    0.609049] rtc_cmos 00:01: setting system clock to 2017-01-03 14:43:51 UTC (1483454631)
[    0.610644] Initializing network drop monitor service
[    0.613022] Freeing unused kernel memory: 580k freed
[    0.614105] Write protecting the kernel read-only data: 6144k
[    0.617656] Freeing unused kernel memory: 644k freed
[    0.621047] Freeing unused kernel memory: 688k freed
Loading, please wait...
[    3.640658] Refined TSC clocksource calibration: 2199.957 MHz.
[    3.657002] udevd[58]: starting version 175
[    3.681930] SCSI subsystem initialized
[    3.683018] e1000: Intel(R) PRO/1000 Network Driver - version 7.3.21-k8-NAPI
[    3.684524] e1000: Copyright (c) 1999-2006 Intel Corporation.
[    3.686562] ACPI: PCI Interrupt Link [LNKC] enabled at IRQ 11
[    3.693333] Floppy drive(s): fd0 is 1.44M
[    3.708781] FDC 0 is a S82078B
[    4.038223] e1000 0000:00:03.0: eth0: (PCI:33MHz:32-bit) 52:54:00:12:34:56
[    4.039651] e1000 0000:00:03.0: eth0: Intel(R) PRO/1000 Network Connection
[    4.043193] scsi0 : ata_piix
[    4.044214] scsi1 : ata_piix
[    4.045041] ata1: PATA max MWDMA2 cmd 0x1f0 ctl 0x3f6 bmdma 0xc040 irq 14
[    4.046428] ata2: PATA max MWDMA2 cmd 0x170 ctl 0x376 bmdma 0xc048 irq 15
[    4.206443] ata2.00: ATAPI: QEMU DVD-ROM, 2.0.0, max UDMA/100
[    4.209062] ata1.00: ATA-7: QEMU HARDDISK, 2.0.0, max UDMA/100
[    4.211482] ata1.00: 9011200 sectors, multi 16: LBA48 
[    4.214543] ata2.00: configured for MWDMA2
[    4.216628] ata1.00: configured for MWDMA2
[    4.218152] scsi 0:0:0:0: Direct-Access     ATA      QEMU HARDDISK    2.0. PQ: 0 ANSI: 5
[    4.220731] scsi 1:0:0:0: CD-ROM            QEMU     QEMU DVD-ROM     2.0. PQ: 0 ANSI: 5
[    4.229220] sd 0:0:0:0: [sda] 9011200 512-byte logical blocks: (4.61 GB/4.29 GiB)
[    4.231888] sd 0:0:0:0: [sda] Write Protect is off
[    4.233640] sd 0:0:0:0: [sda] Write cache: enabled, read cache: enabled, doesn't support DPO or FUA
[    4.237651] sr0: scsi3-mmc drive: 4x/4x cd/rw xa/form2 tray
[    4.238558]  sda: sda1
[    4.241468] cdrom: Uniform CD-ROM driver Revision: 3.20
[    4.243395] sd 0:0:0:0: [sda] Attached SCSI disk
[    4.263540] sd 0:0:0:0: Attached scsi generic sg0 type 0
[    4.264781] sr 1:0:0:0: Attached scsi generic sg1 type 5
Begin: Loading essential drivers ... done.
Begin: Running /scripts/init-premount ... done.
Begin: Mounting root file system ... Begin: Running /scripts/local-top ... done.
Begin: Running /scripts/local-premount ... done.
[    8.049218] EXT4-fs (sda1): mounted filesystem with ordered data mode. Opts: (null)
Begin: Running /scripts/local-bottom ... done.
done.
Begin: Running /scripts/init-bottom ... done.
INIT: version 2.88 booting
[[36minfo[39;49m] Using makefile-style concurrent boot in runlevel S.
findfs: unable to resolve 'UUID="e35ebd7f-2405-4c97-9c3e-26919d55a9e5"'
[....] Starting the hotplug events dispatcher: udevd[    8.650661] udevd[308]: starting version 175
[?25l[?1c7[1G[[32m ok [39;49m8[?25h[?0c.
[....] Synthesizing the initial hotplug events...[   11.731924] input: Power Button as /devices/LNXSYSTM:00/LNXPWRBN:00/input/input1
[   11.734943] ACPI: Power Button [PWRF]
[   11.772330] input: PC Speaker as /devices/platform/pcspkr/input/input2
[?25l[?1c7[1G[[32m ok [39;49m8[?25h[?0cdone.
[   11.829127] alg: No test for __gcm-aes-aesni (__driver-gcm-aes-aesni)
[   11.857733] Error: Driver 'pcspkr' is already registered, aborting...
[   11.883476] parport_pc 00:05: reported by Plug and Play ACPI
[   11.884916] piix4_smbus 0000:00:01.3: SMBus Host Controller at 0xb100, revision 0
[   11.885864] parport0: PC-style at 0x378, irq 7 [PCSPP,TRISTATE]
[....] Waiting for /dev to be fully populated...[?25l[?1c7[1G[[32m ok [39;49m8[?25h[?0cdone.
findfs: unable to resolve 'UUID="e35ebd7f-2405-4c97-9c3e-26919d55a9e5"'
[....] Activating swap...[?25l[?1c7[1G[[32m ok [39;49m8[?25h[?0cdone.
Usage: mountpoint [-q] [-d] [-x] path
[   12.241356] EXT4-fs (sda1): re-mounted. Opts: (null)
[....] Checking root file system...fsck from util-linux 2.20.1
/run/rootdev: clean, 32981/264000 files, 885561/1054720 blocks
[?25l[?1c7[1G[[32m ok [39;49m8[?25h[?0cdone.
[   12.308072] EXT4-fs (sda1): re-mounted. Opts: errors=remount-ro,errors=remount-ro
[....] Cleaning up temporary files... /tmp[?25l[?1c7[1G[[32m ok [39;49m8[?25h[?0c.
[   12.414423] input: ImExPS/2 Generic Explorer Mouse as /devices/platform/i8042/serio1/input/input3
findfs: unable to resolve 'UUID="e35ebd7f-2405-4c97-9c3e-26919d55a9e5"'
findfs: unable to resolve 'UUID="e35ebd7f-2405-4c97-9c3e-26919d55a9e5"'
[....] Activating lvm and md swap...[?25l[?1c7[1G[[32m ok [39;49m8[?25h[?0cdone.
[....] Checking file systems...fsck from util-linux 2.20.1
[?25l[?1c7[1G[[32m ok [39;49m8[?25h[?0cdone.
[....] Mounting local filesystems...[?25l[?1c7[1G[[32m ok [39;49m8[?25h[?0cdone.
[....] Activating swapfile swap...[?25l[?1c7[1G[[32m ok [39;49m8[?25h[?0cdone.
findfs: unable to resolve 'UUID="e35ebd7f-2405-4c97-9c3e-26919d55a9e5"'
[....] Cleaning up temporary files...[?25l[?1c7[1G[[32m ok [39;49m8[?25h[?0c.
[....] Setting kernel variables ...[?25l[?1c7[1G[[32m ok [39;49m8[?25h[?0cdone.
[....] Configuring network interfaces...Internet Systems Consortium DHCP Client 4.2.2
Copyright 2004-2011 Internet Systems Consortium.
All rights reserved.
For info, please visit https://www.isc.org/software/dhcp/

[   16.294589] ADDRCONF(NETDEV_UP): eth0: link is not ready
Listening on LPF/eth0/52:54:00:12:34:56
Sending on   LPF/eth0/52:54:00:12:34:56
Sending on   Socket/fallback
DHCPDISCOVER on eth0 to 255.255.255.255 port 67 interval 4
DHCPDISCOVER on eth0 to 255.255.255.255 port 67 interval 5
[   23.709134] e1000: eth0 NIC Link is Up 1000 Mbps Full Duplex, Flow Control: RX
[   23.712469] ADDRCONF(NETDEV_CHANGE): eth0: link becomes ready
DHCPDISCOVER on eth0 to 255.255.255.255 port 67 interval 8
DHCPREQUEST on eth0 to 255.255.255.255 port 67
DHCPOFFER from 10.0.2.2
DHCPACK from 10.0.2.2
bound to 10.0.2.15 -- renewal in 42742 seconds.
ifup: interface eth0 already configured
[?25l[?1c7[1G[[32m ok [39;49m8[?25h[?0cdone.
[....] Cleaning up temporary files...[?25l[?1c7[1G[[32m ok [39;49m8[?25h[?0c.
INIT: Entering runlevel: 2
[[36minfo[39;49m] Using makefile-style concurrent boot in runlevel 2.
[....] Starting OpenBSD Secure Shell server: sshd[?25l[?1c7[1G[[32m ok [39;49m8[?25h[?0c.
Entering benchmark mode
./scaff/bin/uniform/stream_d0
STARTING stream_d0 execution: Tue Jan  3 16:44:18 EET 2017
-------------------------------------------------------------
STREAM version $Revision: 5.10 $
-------------------------------------------------------------
This system uses 8 bytes per array element.
-------------------------------------------------------------
Array size = 50000000 (elements), Offset = 0 (elements)
Memory per array = 381.5 MiB (= 0.4 GiB).
Total memory required = 1144.4 MiB (= 1.1 GiB).
Each kernel will be executed 20 times.
 The *best* time for each kernel (excluding the first iteration)
 will be used to compute the reported bandwidth.
-------------------------------------------------------------
Number of Threads requested = 4
Number of Threads counted = 4
-------------------------------------------------------------
Your clock granularity/precision appears to be 1 microseconds.
Each test below will take on the order of 107678 microseconds.
   (= 107678 clock ticks)
Increase the size of the arrays if this shows that
you are not getting at least 20 clock ticks per test.
-------------------------------------------------------------
WARNING -- The above is only a rough guideline.
For best results, please be sure you know the
precision of your system timer.
-------------------------------------------------------------
Function    Best Rate  Avg Rate   MB/s  Avg time     Min time     Max time
Copy:            7001.8       1296.6    0.617019    0.114256     3.164631
Scale:           6962.1       1304.8    0.613123    0.114908     3.164616
Add:             7859.6       1842.4    0.651339    0.152680     3.202558
Triad:           7767.0       1835.9    0.653631    0.154499     3.206592
-------------------------------------------------------------
Solution Validates: avg error less than 1.000000e-13 on all three arrays
-------------------------------------------------------------
-------------------------------------------------------------
STREAM version $Revision: 5.10 $
-------------------------------------------------------------
This system uses 8 bytes per array element.
-------------------------------------------------------------
Array size = 50000000 (elements), Offset = 0 (elements)
Memory per array = 381.5 MiB (= 0.4 GiB).
Total memory required = 1144.4 MiB (= 1.1 GiB).
Each kernel will be executed 20 times.
 The *best* time for each kernel (excluding the first iteration)
 will be used to compute the reported bandwidth.
-------------------------------------------------------------
Number of Threads requested = 4
Number of Threads counted = 4
-------------------------------------------------------------
Your clock granularity/precision appears to be 1 microseconds.
Each test below will take on the order of 106545 microseconds.
   (= 106545 clock ticks)
Increase the size of the arrays if this shows that
you are not getting at least 20 clock ticks per test.
-------------------------------------------------------------
WARNING -- The above is only a rough guideline.
For best results, please be sure you know the
precision of your system timer.
-------------------------------------------------------------
Function    Best Rate  Avg Rate   MB/s  Avg time     Min time     Max time
Copy:            8956.2       1307.9    0.611656    0.089324     3.161561
Scale:           8451.4       1310.1    0.610653    0.094659     3.126960
Add:            12319.0       1865.8    0.643150    0.097410     3.195561
Triad:           9674.4       2467.6    0.486306    0.124039     3.175212
-------------------------------------------------------------
Solution Validates: avg error less than 1.000000e-13 on all three arrays
-------------------------------------------------------------
-------------------------------------------------------------
STREAM version $Revision: 5.10 $
-------------------------------------------------------------
This system uses 8 bytes per array element.
-------------------------------------------------------------
Array size = 50000000 (elements), Offset = 0 (elements)
Memory per array = 381.5 MiB (= 0.4 GiB).
Total memory required = 1144.4 MiB (= 1.1 GiB).
Each kernel will be executed 20 times.
 The *best* time for each kernel (excluding the first iteration)
 will be used to compute the reported bandwidth.
-------------------------------------------------------------
Number of Threads requested = 4
Number of Threads counted = 4
-------------------------------------------------------------
Your clock granularity/precision appears to be 1 microseconds.
Each test below will take on the order of 72873 microseconds.
   (= 72873 clock ticks)
Increase the size of the arrays if this shows that
you are not getting at least 20 clock ticks per test.
-------------------------------------------------------------
WARNING -- The above is only a rough guideline.
For best results, please be sure you know the
precision of your system timer.
-------------------------------------------------------------
Function    Best Rate  Avg Rate   MB/s  Avg time     Min time     Max time
Copy:            6909.1       1303.4    0.613798    0.115789     3.164771
Scale:           7047.6       1749.9    0.457160    0.113514     3.163735
Add:             7860.5       1476.6    0.812657    0.152662     3.200075
Triad:           7747.1       1839.2    0.652471    0.154896     3.202976
-------------------------------------------------------------
Solution Validates: avg error less than 1.000000e-13 on all three arrays
-------------------------------------------------------------
-------------------------------------------------------------
STREAM version $Revision: 5.10 $
-------------------------------------------------------------
This system uses 8 bytes per array element.
-------------------------------------------------------------
Array size = 50000000 (elements), Offset = 0 (elements)
Memory per array = 381.5 MiB (= 0.4 GiB).
Total memory required = 1144.4 MiB (= 1.1 GiB).
Each kernel will be executed 20 times.
 The *best* time for each kernel (excluding the first iteration)
 will be used to compute the reported bandwidth.
-------------------------------------------------------------
Number of Threads requested = 4
Number of Threads counted = 4
-------------------------------------------------------------
Your clock granularity/precision appears to be 1 microseconds.
Each test below will take on the order of 107089 microseconds.
   (= 107089 clock ticks)
Increase the size of the arrays if this shows that
you are not getting at least 20 clock ticks per test.
-------------------------------------------------------------
WARNING -- The above is only a rough guideline.
For best results, please be sure you know the
precision of your system timer.
-------------------------------------------------------------
Function    Best Rate  Avg Rate   MB/s  Avg time     Min time     Max time
Copy:            7063.0       1296.2    0.617206    0.113266     3.165091
Scale:           7045.9       1302.9    0.614031    0.113541     3.163774
Add:             7890.4       1843.1    0.651070    0.152084     3.203555
Triad:           7930.8       1840.1    0.652123    0.151308     3.205937
-------------------------------------------------------------
Solution Validates: avg error less than 1.000000e-13 on all three arrays
-------------------------------------------------------------
-------------------------------------------------------------
STREAM version $Revision: 5.10 $
-------------------------------------------------------------
This system uses 8 bytes per array element.
-------------------------------------------------------------
Array size = 50000000 (elements), Offset = 0 (elements)
Memory per array = 381.5 MiB (= 0.4 GiB).
Total memory required = 1144.4 MiB (= 1.1 GiB).
Each kernel will be executed 20 times.
 The *best* time for each kernel (excluding the first iteration)
 will be used to compute the reported bandwidth.
-------------------------------------------------------------
Number of Threads requested = 4
Number of Threads counted = 4
-------------------------------------------------------------
Your clock granularity/precision appears to be 1 microseconds.
Each test below will take on the order of 107403 microseconds.
   (= 107403 clock ticks)
Increase the size of the arrays if this shows that
you are not getting at least 20 clock ticks per test.
-------------------------------------------------------------
WARNING -- The above is only a rough guideline.
For best results, please be sure you know the
precision of your system timer.
-------------------------------------------------------------
Function    Best Rate  Avg Rate   MB/s  Avg time     Min time     Max time
Copy:           10957.4       1759.7    0.454614    0.073010     3.163711
Scale:           6827.2       1295.4    0.617574    0.117178     3.163935
Add:             7800.3       1841.2    0.651742    0.153841     3.200873
Triad:          11184.6       1488.0    0.806462    0.107290     3.202275
-------------------------------------------------------------
Solution Validates: avg error less than 1.000000e-13 on all three arrays
-------------------------------------------------------------
-------------------------------------------------------------
STREAM version $Revision: 5.10 $
-------------------------------------------------------------
This system uses 8 bytes per array element.
-------------------------------------------------------------
Array size = 50000000 (elements), Offset = 0 (elements)
Memory per array = 381.5 MiB (= 0.4 GiB).
Total memory required = 1144.4 MiB (= 1.1 GiB).
Each kernel will be executed 20 times.
 The *best* time for each kernel (excluding the first iteration)
 will be used to compute the reported bandwidth.
-------------------------------------------------------------
Number of Threads requested = 4
Number of Threads counted = 4
-------------------------------------------------------------
Your clock granularity/precision appears to be 1 microseconds.
Each test below will take on the order of 106611 microseconds.
   (= 106611 clock ticks)
Increase the size of the arrays if this shows that
you are not getting at least 20 clock ticks per test.
-------------------------------------------------------------
WARNING -- The above is only a rough guideline.
For best results, please be sure you know the
precision of your system timer.
-------------------------------------------------------------
Function    Best Rate  Avg Rate   MB/s  Avg time     Min time     Max time
Copy:            7012.6       1742.9    0.459007    0.114081     3.143156
Scale:           7031.5       1301.2    0.614833    0.113773     3.162641
Add:             7818.2       1844.6    0.650564    0.153489     3.199812
Triad:           7757.6       1478.8    0.811471    0.154687     3.202053
-------------------------------------------------------------
Solution Validates: avg error less than 1.000000e-13 on all three arrays
-------------------------------------------------------------
-------------------------------------------------------------
STREAM version $Revision: 5.10 $
-------------------------------------------------------------
This system uses 8 bytes per array element.
-------------------------------------------------------------
Array size = 50000000 (elements), Offset = 0 (elements)
Memory per array = 381.5 MiB (= 0.4 GiB).
Total memory required = 1144.4 MiB (= 1.1 GiB).
Each kernel will be executed 20 times.
 The *best* time for each kernel (excluding the first iteration)
 will be used to compute the reported bandwidth.
-------------------------------------------------------------
Number of Threads requested = 4
Number of Threads counted = 4
-------------------------------------------------------------
Your clock granularity/precision appears to be 1 microseconds.
Each test below will take on the order of 87176 microseconds.
   (= 87176 clock ticks)
Increase the size of the arrays if this shows that
you are not getting at least 20 clock ticks per test.
-------------------------------------------------------------
WARNING -- The above is only a rough guideline.
For best results, please be sure you know the
precision of your system timer.
-------------------------------------------------------------
Function    Best Rate  Avg Rate   MB/s  Avg time     Min time     Max time
Copy:            6939.6       1753.4    0.456257    0.115280     3.158554
Scale:           7013.8       1295.5    0.617515    0.114061     3.163410
Add:             7850.3       1482.8    0.809287    0.152861     3.200125
Triad:           7780.5       1842.9    0.651138    0.154232     3.200296
-------------------------------------------------------------
Solution Validates: avg error less than 1.000000e-13 on all three arrays
-------------------------------------------------------------
-------------------------------------------------------------
STREAM version $Revision: 5.10 $
-------------------------------------------------------------
This system uses 8 bytes per array element.
-------------------------------------------------------------
Array size = 50000000 (elements), Offset = 0 (elements)
Memory per array = 381.5 MiB (= 0.4 GiB).
Total memory required = 1144.4 MiB (= 1.1 GiB).
Each kernel will be executed 20 times.
 The *best* time for each kernel (excluding the first iteration)
 will be used to compute the reported bandwidth.
-------------------------------------------------------------
Number of Threads requested = 4
Number of Threads counted = 4
-------------------------------------------------------------
Your clock granularity/precision appears to be 1 microseconds.
Each test below will take on the order of 107298 microseconds.
   (= 107298 clock ticks)
Increase the size of the arrays if this shows that
you are not getting at least 20 clock ticks per test.
-------------------------------------------------------------
WARNING -- The above is only a rough guideline.
For best results, please be sure you know the
precision of your system timer.
-------------------------------------------------------------
Function    Best Rate  Avg Rate   MB/s  Avg time     Min time     Max time
Copy:            6925.9       1745.2    0.458387    0.115508     3.154373
Scale:           6951.2       1294.3    0.618107    0.115088     3.163365
Add:             8615.6       1853.1    0.647578    0.139283     3.201411
Triad:          12392.2       1488.5    0.806175    0.096835     3.204229
-------------------------------------------------------------
Solution Validates: avg error less than 1.000000e-13 on all three arrays
-------------------------------------------------------------
-------------------------------------------------------------
STREAM version $Revision: 5.10 $
-------------------------------------------------------------
This system uses 8 bytes per array element.
-------------------------------------------------------------
Array size = 50000000 (elements), Offset = 0 (elements)
Memory per array = 381.5 MiB (= 0.4 GiB).
Total memory required = 1144.4 MiB (= 1.1 GiB).
Each kernel will be executed 20 times.
 The *best* time for each kernel (excluding the first iteration)
 will be used to compute the reported bandwidth.
-------------------------------------------------------------
Number of Threads requested = 4
Number of Threads counted = 4
-------------------------------------------------------------
Your clock granularity/precision appears to be 1 microseconds.
Each test below will take on the order of 107856 microseconds.
   (= 107856 clock ticks)
Increase the size of the arrays if this shows that
you are not getting at least 20 clock ticks per test.
-------------------------------------------------------------
WARNING -- The above is only a rough guideline.
For best results, please be sure you know the
precision of your system timer.
-------------------------------------------------------------
Function    Best Rate  Avg Rate   MB/s  Avg time     Min time     Max time
Copy:            8155.2       1429.2    0.559755    0.098097     3.167769
Scale:           8223.0       2307.9    0.346642    0.097288     3.162018
Add:            10565.7       1601.5    0.749311    0.113575     3.194903
Triad:           9742.2       2225.3    0.539250    0.123176     3.208516
-------------------------------------------------------------
Solution Validates: avg error less than 1.000000e-13 on all three arrays
-------------------------------------------------------------
INIT: Switching to runlevel: 0INIT: Sending processes the TERM signal
[[36minfo[39;49m] Using makefile-style concurrent boot in runlevel 0.
[....] Asking all remaining processes to terminate...[?25l[?1c7[1G[[32m ok [39;49m8[?25h[?0cdone.
[....] All processes ended within 2 seconds...[?25l[?1c7[1G[[32m ok [39;49m8[?25h[?0cdone.
[....] Deconfiguring network interfaces...Internet Systems Consortium DHCP Client 4.2.2
Copyright 2004-2011 Internet Systems Consortium.
All rights reserved.
For info, please visit https://www.isc.org/software/dhcp/

Listening on LPF/eth0/52:54:00:12:34:56
Sending on   LPF/eth0/52:54:00:12:34:56
Sending on   Socket/fallback
DHCPRELEASE on eth0 to 10.0.2.2 port 67
[?25l[?1c7[1G[[32m ok [39;49m8[?25h[?0cdone.
[[36minfo[39;49m] Saving the system clock.
[[36minfo[39;49m] Hardware Clock updated to Tue Jan  3 14:52:33 UTC 2017.
[....] Deactivating swap...[?25l[?1c7[1G[[32m ok [39;49m8[?25h[?0cdone.
[  522.696962] EXT4-fs (sda1): re-mounted. Opts: (null)
[[36minfo[39;49m] Will now halt.
[  524.732624] sd 0:0:0:0: [sda] Synchronizing SCSI cache
[  524.736250] sd 0:0:0:0: [sda] Stopping disk
[  524.741871] ACPI: Preparing to enter system sleep state S5
[  524.744081] Power down.
aff-executor-preload.c:affhooks_init()
aff-executor-preload.c:affhooks_shut()
HELLO KITTY
