aff-executor-preload.c:affhooks_init()
[H[J[?25l[m[H[J[2;25HGNU GRUB  version 1.99-27+deb7u2

[m[4;2H+--------------------------------------------------------------------------+[5;2H|[5;77H|[6;2H|[6;77H|[7;2H|[7;77H|[8;2H|[8;77H|[9;2H|[9;77H|[10;2H|[10;77H|[11;2H|[11;77H|[12;2H|[12;77H|[13;2H|[13;77H|[14;2H|[14;77H|[15;2H|[15;77H|[16;2H|[16;77H|[17;2H+--------------------------------------------------------------------------+[m[18;2H[m
      Use the ^ and v keys to select which entry is highlighted.      
      Press enter to boot the selected OS, 'e' to edit the commands      
      before booting or 'c' for a command-line.      
      [5;78H [7m[5;3HDebian GNU/Linux, with Linux 3.2.0-4-amd64                               [m [5;76H[m[m[6;3HDebian GNU/Linux, with Linux 3.2.0-4-amd64 (recovery mode)               [m [6;76H[m[m[7;3H                                                                         [m [7;76H[m[m[8;3H                                                                         [m [8;76H[m[m[9;3H                                                                         [m [9;76H[m[m[10;3H                                                                         [m [10;76H[m[m[11;3H                                                                         [m [11;76H[m[m[12;3H                                                                         [m [12;76H[m[m[13;3H                                                                         [m [13;76H[m[m[14;3H                                                                         [m [14;76H[m[m[15;3H                                                                         [m [15;76H[m[m[16;3H                                                                         [m [16;76H[m[16;78H [5;76H[22;1H   The highlighted entry will be executed automatically in 5s.                 [5;76H[22;1H   The highlighted entry will be executed automatically in 4s.                 [5;76H[22;1H   The highlighted entry will be executed automatically in 3s.                 [5;76H[22;1H   The highlighted entry will be executed automatically in 2s.                 [5;76H[22;1H   The highlighted entry will be executed automatically in 1s.                 [5;76H[22;1H   The highlighted entry will be executed automatically in 0s.                 [5;76H[?25h[H[J[H[J  Booting 'Debian GNU/Linux, with Linux 3.2.0-4-amd64'

Loading Linux 3.2.0-4-amd64 ...
Loading initial ramdisk ...
[    0.000000] Initializing cgroup subsys cpuset
[    0.000000] Initializing cgroup subsys cpu
[    0.000000] Linux version 3.2.0-4-amd64 (debian-kernel@lists.debian.org) (gcc version 4.6.3 (Debian 4.6.3-14) ) #1 SMP Debian 3.2.68-1+deb7u3
[    0.000000] Command line: BOOT_IMAGE=/boot/vmlinuz-3.2.0-4-amd64 root=UUID=e35ebd7f-2405-4c97-9c3e-26919d55a9e5 ro console=tty0 console=ttyS0,115200n8
[    0.000000] BIOS-provided physical RAM map:
[    0.000000]  BIOS-e820: 0000000000000000 - 000000000009fc00 (usable)
[    0.000000]  BIOS-e820: 000000000009fc00 - 00000000000a0000 (reserved)
[    0.000000]  BIOS-e820: 00000000000f0000 - 0000000000100000 (reserved)
[    0.000000]  BIOS-e820: 0000000000100000 - 00000000bfffe000 (usable)
[    0.000000]  BIOS-e820: 00000000bfffe000 - 00000000c0000000 (reserved)
[    0.000000]  BIOS-e820: 00000000feffc000 - 00000000ff000000 (reserved)
[    0.000000]  BIOS-e820: 00000000fffc0000 - 0000000100000000 (reserved)
[    0.000000]  BIOS-e820: 0000000100000000 - 0000000440000000 (usable)
[    0.000000] NX (Execute Disable) protection: active
[    0.000000] SMBIOS 2.4 present.
[    0.000000] No AGP bridge found
[    0.000000] last_pfn = 0x440000 max_arch_pfn = 0x400000000
[    0.000000] x86 PAT enabled: cpu 0, old 0x70406, new 0x7010600070106
[    0.000000] last_pfn = 0xbfffe max_arch_pfn = 0x400000000
[    0.000000] found SMP MP-table at [ffff8800000f0b10] f0b10
[    0.000000] Using GB pages for direct mapping
[    0.000000] init_memory_mapping: 0000000000000000-00000000bfffe000
[    0.000000] init_memory_mapping: 0000000100000000-0000000440000000
[    0.000000] RAMDISK: 36c6c000 - 3762e000
[    0.000000] ACPI: RSDP 00000000000f08e0 00014 (v00 BOCHS )
[    0.000000] ACPI: RSDT 00000000bffffcfc 00034 (v01 BOCHS  BXPCRSDT 00000001 BXPC 00000001)
[    0.000000] ACPI: FACP 00000000bffff1c0 00074 (v01 BOCHS  BXPCFACP 00000001 BXPC 00000001)
[    0.000000] ACPI: DSDT 00000000bfffe040 01180 (v01 BOCHS  BXPCDSDT 00000001 BXPC 00000001)
[    0.000000] ACPI: FACS 00000000bfffe000 00040
[    0.000000] ACPI: SSDT 00000000bffff234 00A00 (v01 BOCHS  BXPCSSDT 00000001 BXPC 00000001)
[    0.000000] ACPI: APIC 00000000bffffc34 00090 (v01 BOCHS  BXPCAPIC 00000001 BXPC 00000001)
[    0.000000] ACPI: HPET 00000000bffffcc4 00038 (v01 BOCHS  BXPCHPET 00000001 BXPC 00000001)
[    0.000000] No NUMA configuration found
[    0.000000] Faking a node at 0000000000000000-0000000440000000
[    0.000000] Initmem setup node 0 0000000000000000-0000000440000000
[    0.000000]   NODE_DATA [000000043fffb000 - 000000043fffffff]
[    0.000000] kvm-clock: Using msrs 4b564d01 and 4b564d00
[    0.000000] kvm-clock: cpu 0, msr 0:16a8741, boot clock
[    0.000000] Zone PFN ranges:
[    0.000000]   DMA      0x00000010 -> 0x00001000
[    0.000000]   DMA32    0x00001000 -> 0x00100000
[    0.000000]   Normal   0x00100000 -> 0x00440000
[    0.000000] Movable zone start PFN for each node
[    0.000000] early_node_map[3] active PFN ranges
[    0.000000]     0: 0x00000010 -> 0x0000009f
[    0.000000]     0: 0x00000100 -> 0x000bfffe
[    0.000000]     0: 0x00100000 -> 0x00440000
[    0.000000] ACPI: PM-Timer IO Port: 0xb008
[    0.000000] ACPI: LAPIC (acpi_id[0x00] lapic_id[0x00] enabled)
[    0.000000] ACPI: LAPIC (acpi_id[0x01] lapic_id[0x01] enabled)
[    0.000000] ACPI: LAPIC (acpi_id[0x02] lapic_id[0x02] enabled)
[    0.000000] ACPI: LAPIC (acpi_id[0x03] lapic_id[0x03] enabled)
[    0.000000] ACPI: LAPIC_NMI (acpi_id[0xff] dfl dfl lint[0x1])
[    0.000000] ACPI: IOAPIC (id[0x00] address[0xfec00000] gsi_base[0])
[    0.000000] IOAPIC[0]: apic_id 0, version 17, address 0xfec00000, GSI 0-23
[    0.000000] ACPI: INT_SRC_OVR (bus 0 bus_irq 0 global_irq 2 dfl dfl)
[    0.000000] ACPI: INT_SRC_OVR (bus 0 bus_irq 5 global_irq 5 high level)
[    0.000000] ACPI: INT_SRC_OVR (bus 0 bus_irq 9 global_irq 9 high level)
[    0.000000] ACPI: INT_SRC_OVR (bus 0 bus_irq 10 global_irq 10 high level)
[    0.000000] ACPI: INT_SRC_OVR (bus 0 bus_irq 11 global_irq 11 high level)
[    0.000000] Using ACPI (MADT) for SMP configuration information
[    0.000000] ACPI: HPET id: 0x8086a201 base: 0xfed00000
[    0.000000] SMP: Allowing 4 CPUs, 0 hotplug CPUs
[    0.000000] PM: Registered nosave memory: 000000000009f000 - 00000000000a0000
[    0.000000] PM: Registered nosave memory: 00000000000a0000 - 00000000000f0000
[    0.000000] PM: Registered nosave memory: 00000000000f0000 - 0000000000100000
[    0.000000] PM: Registered nosave memory: 00000000bfffe000 - 00000000c0000000
[    0.000000] PM: Registered nosave memory: 00000000c0000000 - 00000000feffc000
[    0.000000] PM: Registered nosave memory: 00000000feffc000 - 00000000ff000000
[    0.000000] PM: Registered nosave memory: 00000000ff000000 - 00000000fffc0000
[    0.000000] PM: Registered nosave memory: 00000000fffc0000 - 0000000100000000
[    0.000000] Allocating PCI resources starting at c0000000 (gap: c0000000:3effc000)
[    0.000000] Booting paravirtualized kernel on KVM
[    0.000000] setup_percpu: NR_CPUS:512 nr_cpumask_bits:512 nr_cpu_ids:4 nr_node_ids:1
[    0.000000] PERCPU: Embedded 27 pages/cpu @ffff88043fc00000 s78912 r8192 d23488 u524288
[    0.000000] kvm-clock: cpu 0, msr 4:3fc12741, primary cpu clock
[    0.000000] KVM setup async PF for cpu 0
[    0.000000] kvm-stealtime: cpu 0, msr 43fc0cfc0
[    0.000000] Built 1 zonelists in Zone order, mobility grouping on.  Total pages: 4133256
[    0.000000] Policy zone: Normal
[    0.000000] Kernel command line: BOOT_IMAGE=/boot/vmlinuz-3.2.0-4-amd64 root=UUID=e35ebd7f-2405-4c97-9c3e-26919d55a9e5 ro console=tty0 console=ttyS0,115200n8
[    0.000000] PID hash table entries: 4096 (order: 3, 32768 bytes)
[    0.000000] xsave/xrstor: enabled xstate_bv 0x7, cntxt size 0x340
[    0.000000] Checking aperture...
[    0.000000] No AGP bridge found
[    0.000000] Memory: 16462372k/17825792k available (3434k kernel code, 1049036k absent, 314384k reserved, 3305k data, 580k init)
[    0.000000] Hierarchical RCU implementation.
[    0.000000] 	RCU dyntick-idle grace-period acceleration is enabled.
[    0.000000] NR_IRQS:33024 nr_irqs:712 16
[    0.000000] Console: colour VGA+ 80x25
[    0.000000] console [tty0] enabled
[    0.000000] console [ttyS0] enabled
[    0.000000] Detected 2199.998 MHz processor.
[    0.008000] Calibrating delay loop (skipped) preset value.. 4399.99 BogoMIPS (lpj=8799992)
[    0.008000] pid_max: default: 32768 minimum: 301
[    0.008000] Security Framework initialized
[    0.008009] AppArmor: AppArmor disabled by boot time parameter
[    0.010209] Dentry cache hash table entries: 2097152 (order: 12, 16777216 bytes)
[    0.016910] Inode-cache hash table entries: 1048576 (order: 11, 8388608 bytes)
[    0.020182] Mount-cache hash table entries: 256
[    0.021295] Initializing cgroup subsys cpuacct
[    0.022295] Initializing cgroup subsys memory
[    0.023271] Initializing cgroup subsys devices
[    0.024006] Initializing cgroup subsys freezer
[    0.025001] Initializing cgroup subsys net_cls
[    0.026002] Initializing cgroup subsys blkio
[    0.026995] Initializing cgroup subsys perf_event
[    0.028110] mce: CPU supports 10 MCE banks
[    0.030554] ACPI: Core revision 20110623
[    0.033190] Enabling x2apic
[    0.033914] Enabled x2apic
[    0.034841] Switched APIC routing to physical x2apic.
[    0.037123] ..TIMER: vector=0x30 apic1=0 pin1=2 apic2=-1 pin2=-1
[    0.038555] CPU0: Intel(R) Xeon(R) CPU E5-4620 0 @ 2.20GHz stepping 07
[    0.044002] Performance Events: SandyBridge events, Intel PMU driver.
[    0.044002] ... version:                2
[    0.044002] ... bit width:              48
[    0.044002] ... generic registers:      4
[    0.044008] ... value mask:             0000ffffffffffff
[    0.045124] ... max period:             000000007fffffff
[    0.046241] ... fixed-purpose events:   3
[    0.047134] ... event mask:             000000070000000f
[    0.048440] NMI watchdog enabled, takes one hw-pmu counter.
[    0.049763] Booting Node   0, Processors  #1
[    0.068025] KVM setup async PF for cpu 1
[    0.068025] kvm-stealtime: cpu 1, msr 43fc8cfc0
[    0.072869] NMI watchdog enabled, takes one hw-pmu counter.
[    0.068025] kvm-clock: cpu 1, msr 4:3fc92741, secondary cpu clock
[    0.075519]  #2
[    0.092026] KVM setup async PF for cpu 2
[    0.092026] kvm-stealtime: cpu 2, msr 43fd0cfc0
[    0.092026] kvm-clock: cpu 2, msr 4:3fd12741, secondary cpu clock
[    0.097519] NMI watchdog enabled, takes one hw-pmu counter.
[    0.100182]  #3 Ok.
[    0.120025] KVM setup async PF for cpu 3
[    0.120025] kvm-stealtime: cpu 3, msr 43fd8cfc0
[    0.121765] NMI watchdog enabled, takes one hw-pmu counter.
[    0.120025] kvm-clock: cpu 3, msr 4:3fd92741, secondary cpu clock
[    0.124064] Brought up 4 CPUs
[    0.124721] Total of 4 processors activated (17599.98 BogoMIPS).
[    0.126390] devtmpfs: initialized
[    0.130614] print_constraints: dummy: 
[    0.130614] NET: Registered protocol family 16
[    0.132109] ACPI: bus type pci registered
[    0.133038] PCI: Using configuration type 1 for base access
[    0.136335] bio: create slab <bio-0> at 0
[    0.137504] ACPI: Added _OSI(Module Device)
[    0.137504] ACPI: Added _OSI(Processor Device)
[    0.137955] ACPI: Added _OSI(3.0 _SCP Extensions)
[    0.140023] ACPI: Added _OSI(Processor Aggregator Device)
[    0.144095] ACPI: Interpreter enabled
[    0.144874] ACPI: (supports S0 S3 S4 S5)
[    0.146052] ACPI: Using IOAPIC for interrupt routing
[    0.150552] ACPI: No dock devices found.
[    0.151399] HEST: Table not found.
[    0.152025] PCI: Using host bridge windows from ACPI; if necessary, use "pci=nocrs" and report a bug
[    0.153786] ACPI: PCI Root Bridge [PCI0] (domain 0000 [bus 00-ff])
[    0.155065] pci_root PNP0A03:00: host bridge window [io  0x0000-0x0cf7]
[    0.156024] pci_root PNP0A03:00: host bridge window [io  0x0d00-0xadff]
[    0.157186] pci_root PNP0A03:00: host bridge window [io  0xae0f-0xaeff]
[    0.158397] pci_root PNP0A03:00: host bridge window [io  0xaf20-0xafdf]
[    0.159558] pci_root PNP0A03:00: host bridge window [io  0xafe4-0xffff]
[    0.160023] pci_root PNP0A03:00: host bridge window [mem 0x000a0000-0x000bffff]
[    0.161443] pci_root PNP0A03:00: host bridge window [mem 0xc0000000-0xfebfffff]
[    0.168782] pci 0000:00:01.3: quirk: [io  0xb000-0xb03f] claimed by PIIX4 ACPI
[    0.170200] pci 0000:00:01.3: quirk: [io  0xb100-0xb10f] claimed by PIIX4 SMB
[    0.185613]  pci0000:00: Unable to request _OSC control (_OSC support mask: 0x1e)
[    0.189251] ACPI: PCI Interrupt Link [LNKA] (IRQs 5 *10 11)
[    0.190840] ACPI: PCI Interrupt Link [LNKB] (IRQs 5 *10 11)
[    0.192386] ACPI: PCI Interrupt Link [LNKC] (IRQs 5 10 *11)
[    0.193949] ACPI: PCI Interrupt Link [LNKD] (IRQs 5 10 *11)
[    0.195477] ACPI: PCI Interrupt Link [LNKS] (IRQs *9)
[    0.196627] vgaarb: device added: PCI:0000:00:02.0,decodes=io+mem,owns=io+mem,locks=none
[    0.197551] vgaarb: loaded
[    0.198197] vgaarb: bridge control possible 0000:00:02.0
[    0.200070] PCI: Using ACPI for IRQ routing
[    0.201138] HPET: 3 timers in total, 0 timers will be used for per-cpu timer
[    0.202366] hpet0: at MMIO 0xfed00000, IRQs 2, 8, 0
[    0.208022] hpet0: 3 comparators, 64-bit 100.000000 MHz counter
[    0.221487] Switching to clocksource kvm-clock
[    0.221949] pnp: PnP ACPI init
[    0.222652] ACPI: bus type pnp registered
[    0.224309] pnp: PnP ACPI: found 9 devices
[    0.225099] ACPI: ACPI bus type pnp unregistered
[    0.235032] NET: Registered protocol family 2
[    3.249776] IP route cache hash table entries: 524288 (order: 10, 4194304 bytes)
[    3.256977] TCP established hash table entries: 524288 (order: 11, 8388608 bytes)
[    3.264262] TCP bind hash table entries: 65536 (order: 8, 1048576 bytes)
[    3.266307] TCP: Hash tables configured (established 524288 bind 65536)
[    3.267662] TCP reno registered
[    3.268496] UDP hash table entries: 8192 (order: 6, 262144 bytes)
[    3.269823] UDP-Lite hash table entries: 8192 (order: 6, 262144 bytes)
[    3.271475] NET: Registered protocol family 1
[    3.272523] pci 0000:00:00.0: Limiting direct PCI/PCI transfers
[    3.273787] pci 0000:00:01.0: PIIX3: Enabling Passive Release
[    3.275020] pci 0000:00:01.0: Activating ISA DMA hang workarounds
[    3.276449] Unpacking initramfs...
[    3.504715] Freeing initrd memory: 9992k freed
[    3.508298] PCI-DMA: Using software bounce buffering for IO (SWIOTLB)
[    3.509634] Placing 64MB software IO TLB between ffff8800bbffe000 - ffff8800bfffe000
[    3.511388] software IO TLB at phys 0xbbffe000 - 0xbfffe000
[    3.513776] audit: initializing netlink socket (disabled)
[    3.514975] type=2000 audit(1483372150.512:1): initialized
[    3.533178] HugeTLB registered 2 MB page size, pre-allocated 0 pages
[    3.537047] VFS: Disk quotas dquot_6.5.2
[    3.538063] Dquot-cache hash table entries: 512 (order 0, 4096 bytes)
[    3.539513] msgmni has been set to 32172
[    3.540859] alg: No test for stdrng (krng)
[    3.541940] Block layer SCSI generic (bsg) driver version 0.4 loaded (major 253)
[    3.543598] io scheduler noop registered
[    3.544534] io scheduler deadline registered
[    3.545621] io scheduler cfq registered (default)
[    3.546791] pci_hotplug: PCI Hot Plug PCI Core version: 0.5
[    3.548040] pciehp: PCI Express Hot Plug Controller Driver version: 0.4
[    3.549379] acpiphp: ACPI Hot Plug PCI Controller Driver version: 0.5
[    3.550768] acpiphp: Slot [3] registered
[    3.551750] acpiphp: Slot [4] registered
[    3.552711] acpiphp: Slot [5] registered
[    3.553642] acpiphp: Slot [6] registered
[    3.554569] acpiphp: Slot [7] registered
[    3.555516] acpiphp: Slot [8] registered
[    3.556497] acpiphp: Slot [9] registered
[    3.557441] acpiphp: Slot [10] registered
[    3.558388] acpiphp: Slot [11] registered
[    3.559327] acpiphp: Slot [12] registered
[    3.560305] acpiphp: Slot [13] registered
[    3.561241] acpiphp: Slot [14] registered
[    3.562187] acpiphp: Slot [15] registered
[    3.563125] acpiphp: Slot [16] registered
[    3.564121] acpiphp: Slot [17] registered
[    3.565073] acpiphp: Slot [18] registered
[    3.566017] acpiphp: Slot [19] registered
[    3.566952] acpiphp: Slot [20] registered
[    3.567904] acpiphp: Slot [21] registered
[    3.568872] acpiphp: Slot [22] registered
[    3.569825] acpiphp: Slot [23] registered
[    3.570769] acpiphp: Slot [24] registered
[    3.571710] acpiphp: Slot [25] registered
[    3.572682] acpiphp: Slot [26] registered
[    3.573633] acpiphp: Slot [27] registered
[    3.574571] acpiphp: Slot [28] registered
[    3.575508] acpiphp: Slot [29] registered
[    3.576502] acpiphp: Slot [30] registered
[    3.577445] acpiphp: Slot [31] registered
[    3.578541] ERST: Table is not found!
[    3.579416] GHES: HEST is not enabled!
[    3.580451] Serial: 8250/16550 driver, 4 ports, IRQ sharing enabled
[    3.603399] serial8250: ttyS0 at I/O 0x3f8 (irq = 4) is a 16550A
[    3.706933] 00:06: ttyS0 at I/O 0x3f8 (irq = 4) is a 16550A
[    3.712251] Linux agpgart interface v0.103
[    3.713366] i8042: PNP: PS/2 Controller [PNP0303:KBD,PNP0f13:MOU] at 0x60,0x64 irq 1,12
[    3.715891] serio: i8042 KBD port at 0x60,0x64 irq 1
[    3.716997] serio: i8042 AUX port at 0x60,0x64 irq 12
[    3.718378] mousedev: PS/2 mouse device common for all mice
[    3.719885] input: AT Translated Set 2 keyboard as /devices/platform/i8042/serio0/input/input0
[    3.721883] rtc_cmos 00:01: RTC can wake from S4
[    3.723366] rtc_cmos 00:01: rtc core: registered rtc_cmos as rtc0
[    3.724961] rtc0: alarms up to one day, 114 bytes nvram, hpet irqs
[    3.726279] cpuidle: using governor ladder
[    3.727222] cpuidle: using governor menu
[    3.728398] TCP cubic registered
[    3.729381] NET: Registered protocol family 10
[    3.730981] Mobile IPv6
[    3.731683] NET: Registered protocol family 17
[    3.732723] Registering the dns_resolver key type
[    3.734180] registered taskstats version 1
[    3.736226] rtc_cmos 00:01: setting system clock to 2017-01-02 15:49:11 UTC (1483372151)
[    3.738030] Initializing network drop monitor service
[    3.740666] Freeing unused kernel memory: 580k freed
[    3.741937] Write protecting the kernel read-only data: 6144k
[    3.745621] Freeing unused kernel memory: 644k freed
[    3.749435] Freeing unused kernel memory: 688k freed
Loading, please wait...
[    3.763957] udevd[58]: starting version 175
[    3.782582] SCSI subsystem initialized
[    3.788233] e1000: Intel(R) PRO/1000 Network Driver - version 7.3.21-k8-NAPI
[    3.789716] e1000: Copyright (c) 1999-2006 Intel Corporation.
[    3.792565] ACPI: PCI Interrupt Link [LNKC] enabled at IRQ 11
[    3.798706] Floppy drive(s): fd0 is 1.44M
[    3.812645] FDC 0 is a S82078B
[    4.138156] e1000 0000:00:03.0: eth0: (PCI:33MHz:32-bit) 52:54:00:12:34:56
[    4.139575] e1000 0000:00:03.0: eth0: Intel(R) PRO/1000 Network Connection
[    4.142378] scsi0 : ata_piix
[    4.143399] scsi1 : ata_piix
[    4.144243] ata1: PATA max MWDMA2 cmd 0x1f0 ctl 0x3f6 bmdma 0xc040 irq 14
[    4.145595] ata2: PATA max MWDMA2 cmd 0x170 ctl 0x376 bmdma 0xc048 irq 15
[    7.263933] Refined TSC clocksource calibration: 2199.955 MHz.
[    7.266283] ata1.00: ATA-7: QEMU HARDDISK, 2.0.0, max UDMA/100
[    7.267589] ata1.00: 9011200 sectors, multi 16: LBA48 
[    7.268924] ata2.00: ATAPI: QEMU DVD-ROM, 2.0.0, max UDMA/100
[    7.272161] ata1.00: configured for MWDMA2
[    7.273214] ata2.00: configured for MWDMA2
[    7.273365] scsi 0:0:0:0: Direct-Access     ATA      QEMU HARDDISK    2.0. PQ: 0 ANSI: 5
[    7.276649] scsi 1:0:0:0: CD-ROM            QEMU     QEMU DVD-ROM     2.0. PQ: 0 ANSI: 5
[    7.282482] sd 0:0:0:0: [sda] 9011200 512-byte logical blocks: (4.61 GB/4.29 GiB)
[    7.284393] sd 0:0:0:0: [sda] Write Protect is off
[    7.285916] sd 0:0:0:0: [sda] Write cache: enabled, read cache: enabled, doesn't support DPO or FUA
[    7.288120] sr0: scsi3-mmc drive: 4x/4x cd/rw xa/form2 tray
[    7.289449]  sda: sda1
[    7.290421] cdrom: Uniform CD-ROM driver Revision: 3.20
[    7.290571] sd 0:0:0:0: [sda] Attached SCSI disk
[    7.294884] sd 0:0:0:0: Attached scsi generic sg0 type 0
[    7.296246] sr 1:0:0:0: Attached scsi generic sg1 type 5
Begin: Loading essential drivers ... done.
Begin: Running /scripts/init-premount ... done.
Begin: Mounting root file system ... Begin: Running /scripts/local-top ... done.
Begin: Running /scripts/local-premount ... done.
[    7.837697] EXT4-fs (sda1): mounted filesystem with ordered data mode. Opts: (null)
Begin: Running /scripts/local-bottom ... done.
done.
Begin: Running /scripts/init-bottom ... done.
INIT: version 2.88 booting
[[36minfo[39;49m] Using makefile-style concurrent boot in runlevel S.
findfs: unable to resolve 'UUID="e35ebd7f-2405-4c97-9c3e-26919d55a9e5"'
[....] Starting the hotplug events dispatcher: udevd[    8.261296] udevd[314]: starting version 175
[?25l[?1c7[1G[[32m ok [39;49m8[?25h[?0c.
[....] Synthesizing the initial hotplug events...[   11.327102] input: Power Button as /devices/LNXSYSTM:00/LNXPWRBN:00/input/input1
[   11.329153] ACPI: Power Button [PWRF]
[   11.336115] input: PC Speaker as /devices/platform/pcspkr/input/input2
[   11.346463] piix4_smbus 0000:00:01.3: SMBus Host Controller at 0xb100, revision 0
[?25l[?1c7[1G[[32m ok [39;49m8[?25h[?0cdone.
[   11.408488] parport_pc 00:05: reported by Plug and Play ACPI
[   11.409871] parport0: PC-style at 0x378, irq 7 [PCSPP,TRISTATE]
[   11.425698] alg: No test for __gcm-aes-aesni (__driver-gcm-aes-aesni)
[....] Waiting for /dev to be fully populated...[   11.434128] Error: Driver 'pcspkr' is already registered, aborting...
[?25l[?1c7[1G[[32m ok [39;49m8[?25h[?0cdone.
findfs: unable to resolve 'UUID="e35ebd7f-2405-4c97-9c3e-26919d55a9e5"'
[....] Activating swap...[?25l[?1c7[1G[[32m ok [39;49m8[?25h[?0cdone.
Usage: mountpoint [-q] [-d] [-x] path
[   11.681870] EXT4-fs (sda1): re-mounted. Opts: (null)
[....] Checking root file system...fsck from util-linux 2.20.1
/run/rootdev: clean, 32669/264000 files, 885524/1054720 blocks
[?25l[?1c7[1G[[32m ok [39;49m8[?25h[?0cdone.
[   11.727041] EXT4-fs (sda1): re-mounted. Opts: errors=remount-ro,errors=remount-ro
[....] Cleaning up temporary files... /tmp[?25l[?1c7[1G[[32m ok [39;49m8[?25h[?0c.
findfs: unable to resolve 'UUID="e35ebd7f-2405-4c97-9c3e-26919d55a9e5"'
findfs: unable to resolve 'UUID="e35ebd7f-2405-4c97-9c3e-26919d55a9e5"'
[....] Activating lvm and md swap...[?25l[?1c7[1G[[32m ok [39;49m8[?25h[?0cdone.
[....] Checking file systems...fsck from util-linux 2.20.1
[   12.030440] input: ImExPS/2 Generic Explorer Mouse as /devices/platform/i8042/serio1/input/input3
[?25l[?1c7[1G[[32m ok [39;49m8[?25h[?0cdone.
[....] Mounting local filesystems...[?25l[?1c7[1G[[32m ok [39;49m8[?25h[?0cdone.
[....] Activating swapfile swap...[?25l[?1c7[1G[[32m ok [39;49m8[?25h[?0cdone.
findfs: unable to resolve 'UUID="e35ebd7f-2405-4c97-9c3e-26919d55a9e5"'
[....] Cleaning up temporary files...[?25l[?1c7[1G[[32m ok [39;49m8[?25h[?0c.
[....] Setting kernel variables ...[?25l[?1c7[1G[[32m ok [39;49m8[?25h[?0cdone.
[....] Configuring network interfaces...Internet Systems Consortium DHCP Client 4.2.2
Copyright 2004-2011 Internet Systems Consortium.
All rights reserved.
For info, please visit https://www.isc.org/software/dhcp/

[   12.262597] ADDRCONF(NETDEV_UP): eth0: link is not ready
Listening on LPF/eth0/52:54:00:12:34:56
Sending on   LPF/eth0/52:54:00:12:34:56
Sending on   Socket/fallback
DHCPDISCOVER on eth0 to 255.255.255.255 port 67 interval 3
DHCPDISCOVER on [   19.306594] e1000: eth0 NIC Link is Up 1000 Mbps Full Duplex, Flow Control: RX
eth0 to 255.255.255.255 port 67 interval 4
[   19.313752] ADDRCONF(NETDEV_CHANGE): eth0: link becomes ready
DHCPDISCOVER on eth0 to 255.255.255.255 port 67 interval 6
DHCPREQUEST on eth0 to 255.255.255.255 port 67
DHCPOFFER from 10.0.2.2
DHCPACK from 10.0.2.2
bound to 10.0.2.15 -- renewal in 41526 seconds.
ifup: interface eth0 already configured
[?25l[?1c7[1G[[32m ok [39;49m8[?25h[?0cdone.
[....] Cleaning up temporary files...[?25l[?1c7[1G[[32m ok [39;49m8[?25h[?0c.
INIT: Entering runlevel: 2
[[36minfo[39;49m] Using makefile-style concurrent boot in runlevel 2.
[....] Starting OpenBSD Secure Shell server: sshd[?25l[?1c7[1G[[32m ok [39;49m8[?25h[?0c.
Entering benchmark mode
./scaff/bin/uniform/doitgen_STANDARD dummy.out 100
STARTING doitgen_STANDARD execution: Mon Jan  2 17:49:31 EET 2017
Execution Time; 0.149419
Execution Time; 0.146678
Execution Time; 0.137930
Execution Time; 0.134736
Execution Time; 0.134684
Execution Time; 3.164904
Execution Time; 0.145270
Execution Time; 0.134334
Execution Time; 0.134729
Execution Time; 0.134506
Execution Time; 0.134865
Execution Time; 0.134821
Execution Time; 0.143531
Execution Time; 0.134652
Execution Time; 0.134763
Execution Time; 0.134638
Execution Time; 0.134478
Execution Time; 0.134734
Execution Time; 0.134712
Execution Time; 0.134553
Execution Time; 0.134700
Execution Time; 0.134754
Execution Time; 0.134907
Execution Time; 0.134517
Execution Time; 0.134786
Execution Time; 0.134742
Execution Time; 3.145084
Execution Time; 0.134910
Execution Time; 0.134824
Execution Time; 0.134507
Execution Time; 0.134609
Execution Time; 0.134874
Execution Time; 0.134883
Execution Time; 3.145817
Execution Time; 0.134478
Execution Time; 0.134645
Execution Time; 0.134517
Execution Time; 0.134464
Execution Time; 0.134645
Execution Time; 0.134575
Execution Time; 3.144081
Execution Time; 0.134459
Execution Time; 0.134711
Execution Time; 0.134648
Execution Time; 0.134548
Execution Time; 0.134705
Execution Time; 0.134725
Execution Time; 3.144393
Execution Time; 0.134493
Execution Time; 0.134754
Execution Time; 0.134694
Execution Time; 0.134594
Execution Time; 0.134756
Execution Time; 0.134626
Execution Time; 3.145018
Execution Time; 0.134409
Execution Time; 0.134873
Execution Time; 0.134871
Execution Time; 0.134777
Execution Time; 0.134849
Execution Time; 0.134840
Execution Time; 3.144759
Execution Time; 0.134582
Execution Time; 0.134524
Execution Time; 0.134662
Execution Time; 0.134821
Execution Time; 0.134792
Execution Time; 0.134895
Execution Time; 3.144632
Execution Time; 0.134562
Execution Time; 0.134880
Execution Time; 0.134817
Execution Time; 0.134913
Execution Time; 0.134938
Execution Time; 0.134514
Execution Time; 0.134850
Execution Time; 3.144798
Execution Time; 0.134807
Execution Time; 0.134834
Execution Time; 0.134693
Execution Time; 0.134388
Execution Time; 0.134884
Execution Time; 0.134833
Execution Time; 3.144609
Execution Time; 0.134903
Execution Time; 0.134590
Execution Time; 0.134726
Execution Time; 0.134506
Execution Time; 0.134908
Execution Time; 0.134851
Execution Time; 3.145379
Execution Time; 0.134834
Execution Time; 0.134670
Execution Time; 0.134710
Execution Time; 0.134485
Execution Time; 0.134774
Execution Time; 0.134362
Execution Time; 3.145267
Execution Time; 0.134814
Execution Time; 0.134936
Execution Time; 0.136929
Execution Time; 0.134351
Execution Time; 0.134803
Execution Time; 0.134730
Execution Time; 3.144847
Execution Time; 0.134965
Execution Time; 0.134942
Execution Time; 0.134640
Execution Time; 0.134624
Execution Time; 0.134950
Execution Time; 0.134906
Execution Time; 3.153046
Execution Time; 0.134793
Execution Time; 0.134708
Execution Time; 0.134637
Execution Time; 0.134437
Execution Time; 0.134773
Execution Time; 0.134692
Execution Time; 3.145071
Execution Time; 0.134840
Execution Time; 0.134755
Execution Time; 0.134815
Execution Time; 0.134477
Execution Time; 0.134831
Execution Time; 0.134899
Execution Time; 3.145014
Execution Time; 0.135052
Execution Time; 0.134955
Execution Time; 0.134848
Execution Time; 0.134668
Execution Time; 0.134967
Execution Time; 0.134984
Execution Time; 3.145068
Execution Time; 0.134961
Execution Time; 0.134759
Execution Time; 0.134824
Execution Time; 0.134612
Execution Time; 0.134825
Execution Time; 0.134774
Execution Time; 0.134709
Execution Time; 3.145198
Execution Time; 0.134591
Execution Time; 0.134907
Execution Time; 0.134722
Execution Time; 0.134944
Execution Time; 0.134892
Execution Time; 0.134734
Execution Time; 3.143653
Execution Time; 0.134802
Execution Time; 0.134770
Execution Time; 0.134735
Execution Time; 0.134826
Execution Time; 0.134506
Execution Time; 0.134846
Execution Time; 3.144592
Execution Time; 0.134853
Execution Time; 0.134736
Execution Time; 0.134728
Execution Time; 0.134880
Execution Time; 0.134807
Execution Time; 0.134785
Execution Time; 3.145637
Execution Time; 0.134885
Execution Time; 0.134612
Execution Time; 0.134920
Execution Time; 0.135038
Execution Time; 0.134937
Execution Time; 0.134983
Execution Time; 3.144577
Execution Time; 0.134859
Execution Time; 0.134848
Execution Time; 0.134752
Execution Time; 0.134559
Execution Time; 0.134806
Execution Time; 0.134591
Execution Time; 3.145261
Execution Time; 0.134691
Execution Time; 0.134683
Execution Time; 0.134638
Execution Time; 0.134812
Execution Time; 0.134707
Execution Time; 0.134746
Execution Time; 3.145088
Execution Time; 0.134780
Execution Time; 0.134585
Execution Time; 0.134458
Execution Time; 0.134373
Execution Time; 0.134626
Execution Time; 0.134458
Execution Time; 0.134339
Execution Time; 3.144512
Execution Time; 0.134733
Execution Time; 0.134708
Execution Time; 0.134530
Execution Time; 0.134686
Execution Time; 0.134732
Execution Time; 0.134475
Execution Time; 3.144421
Execution Time; 0.134594
Execution Time; 0.134632
Execution Time; 0.136304
Execution Time; 0.134606
Execution Time; 0.134583
Execution Time; 0.134324
Execution Time; 3.144386
Execution Time; 0.134570
Execution Time; 0.134590
Execution Time; 0.134404
Execution Time; 0.134528
Execution Time; 0.134522
Execution Time; 0.134334
Execution Time; 3.148745
Execution Time; 0.134537
Execution Time; 0.134564
Execution Time; 0.134284
Execution Time; 0.134571
Execution Time; 0.134571
Execution Time; 0.134355
Execution Time; 3.145335
Execution Time; 0.134338
Execution Time; 0.134619
Execution Time; 0.134445
Execution Time; 0.134680
Execution Time; 0.134690
Execution Time; 0.134637
Execution Time; 3.146058
Execution Time; 0.134617
Execution Time; 0.134605
Execution Time; 0.134391
Execution Time; 0.134668
Execution Time; 0.134355
Execution Time; 0.134470
Execution Time; 3.145053
Execution Time; 0.134724
Execution Time; 0.134825
Execution Time; 0.134646
Execution Time; 0.134766
Execution Time; 0.134742
Execution Time; 0.134809
Execution Time; 3.144533
Execution Time; 0.134475
Execution Time; 0.134428
Execution Time; 0.134491
Execution Time; 0.134806
Execution Time; 0.134592
Execution Time; 0.134692
Execution Time; 0.134400
Execution Time; 0.135848
Execution Time; 0.134884
Execution Time; 0.134695
Execution Time; 0.134749
Execution Time; 0.134789
Execution Time; 0.134626
Execution Time; 0.134525
Execution Time; 3.144826
Execution Time; 0.134939
Execution Time; 0.134755
Execution Time; 0.134649
Execution Time; 0.134909
Execution Time; 0.134945
Execution Time; 0.134652
Execution Time; 3.144623
Execution Time; 0.134945
Execution Time; 0.134748
Execution Time; 0.134579
Execution Time; 0.134910
Execution Time; 0.134948
Execution Time; 0.134707
Execution Time; 3.145880
Execution Time; 0.134644
Execution Time; 0.134415
Execution Time; 0.134342
Execution Time; 0.134655
Execution Time; 0.134651
Execution Time; 0.134309
Execution Time; 3.145676
Execution Time; 0.134682
Execution Time; 0.134695
Execution Time; 0.134291
Execution Time; 0.134630
Execution Time; 0.134621
Execution Time; 0.134460
Execution Time; 3.145484
Execution Time; 0.134888
Execution Time; 0.134752
Execution Time; 0.134721
Execution Time; 0.134863
Execution Time; 0.135134
Execution Time; 0.135111
Execution Time; 3.145251
Execution Time; 0.134507
Execution Time; 0.134398
Execution Time; 0.134043
Execution Time; 0.134387
Execution Time; 0.134362
Execution Time; 0.134187
Execution Time; 0.134471
Execution Time; 0.134406
Execution Time; 0.134645
Execution Time; 0.134324
Execution Time; 0.136613
Execution Time; 0.134566
Execution Time; 0.134443
Execution Time; 3.144626
Execution Time; 0.134348
Execution Time; 0.134713
Execution Time; 0.134270
Execution Time; 0.134613
Execution Time; 0.134342
Execution Time; 0.134533
Execution Time; 0.134658
Execution Time; 3.146024
Execution Time; 0.134378
Execution Time; 0.134335
Execution Time; 0.134687
Execution Time; 0.134556
Execution Time; 0.134500
Execution Time; 0.134645
Execution Time; 3.144425
Execution Time; 0.134638
Execution Time; 0.134326
Execution Time; 0.134742
Execution Time; 0.134661
Execution Time; 0.134612
Execution Time; 0.134663
Execution Time; 3.144471
Execution Time; 0.134357
Execution Time; 0.134376
Execution Time; 0.134738
Execution Time; 0.134648
Execution Time; 0.134544
Execution Time; 0.134646
Execution Time; 3.145611
Execution Time; 0.134490
Execution Time; 0.134656
Execution Time; 0.134846
Execution Time; 0.134960
Execution Time; 0.134856
Execution Time; 0.134534
Execution Time; 3.144471
Execution Time; 0.134513
Execution Time; 0.134625
Execution Time; 0.134433
Execution Time; 0.134829
Execution Time; 0.134683
Execution Time; 0.134507
Execution Time; 3.145342
Execution Time; 0.134432
Execution Time; 0.134570
Execution Time; 0.134616
Execution Time; 0.134811
Execution Time; 0.134678
Execution Time; 0.134429
Execution Time; 3.144606
Execution Time; 0.134454
Execution Time; 0.134579
Execution Time; 0.134645
Execution Time; 0.134699
Execution Time; 0.134645
Execution Time; 0.134343
Execution Time; 0.134255
Execution Time; 3.144505
Execution Time; 0.134755
Execution Time; 0.134751
Execution Time; 0.134584
Execution Time; 0.134708
Execution Time; 0.134530
Execution Time; 0.134791
Execution Time; 3.144657
Execution Time; 0.134801
Execution Time; 0.134760
Execution Time; 0.134734
Execution Time; 0.134609
Execution Time; 0.134491
Execution Time; 0.134742
Execution Time; 3.145223
Execution Time; 0.134757
Execution Time; 0.134713
Execution Time; 0.134674
Execution Time; 0.134769
Execution Time; 0.134436
Execution Time; 0.134742
Execution Time; 3.145027
Execution Time; 0.134708
Execution Time; 0.134390
Execution Time; 0.134761
Execution Time; 0.134597
Execution Time; 0.134666
Execution Time; 0.134732
Execution Time; 3.145357
Execution Time; 0.134581
Execution Time; 0.134596
Execution Time; 0.134914
Execution Time; 0.135036
Execution Time; 0.134772
Execution Time; 0.134942
Execution Time; 3.154387
Execution Time; 0.133514
Execution Time; 0.133428
Execution Time; 0.133600
Execution Time; 0.136764
Execution Time; 0.134568
Execution Time; 0.134750
Execution Time; 3.144591
Execution Time; 0.134588
Execution Time; 0.134567
Execution Time; 0.134852
Execution Time; 0.134733
Execution Time; 0.134683
Execution Time; 0.134438
Execution Time; 3.145690
Execution Time; 0.134469
Execution Time; 0.134400
Execution Time; 0.134666
Execution Time; 0.134592
Execution Time; 0.134566
Execution Time; 0.134693
Execution Time; 3.145453
Execution Time; 0.142399
Execution Time; 0.141070
Execution Time; 0.140708
Execution Time; 0.140715
Execution Time; 0.140700
Execution Time; 0.141023
Execution Time; 3.150559
Execution Time; 0.141629
Execution Time; 0.141550
Execution Time; 0.141527
Execution Time; 0.141983
Execution Time; 0.141540
Execution Time; 0.141769
Execution Time; 3.145549
Execution Time; 0.135667
Execution Time; 0.135066
Execution Time; 0.135878
Execution Time; 0.135471
Execution Time; 0.137095
Execution Time; 0.137333
Execution Time; 3.145254
Execution Time; 0.135747
Execution Time; 0.136654
Execution Time; 0.138338
Execution Time; 0.136664
Execution Time; 0.136421
Execution Time; 0.134225
Execution Time; 3.148221
Execution Time; 0.131992
Execution Time; 0.132162
Execution Time; 0.131811
Execution Time; 0.131828
Execution Time; 0.134879
Execution Time; 0.140254
Execution Time; 3.150017
Execution Time; 0.140189
Execution Time; 0.137467
Execution Time; 0.140154
Execution Time; 0.140230
Execution Time; 0.140133
Execution Time; 0.139907
Execution Time; 3.143247
Execution Time; 0.130154
Execution Time; 0.129771
Execution Time; 0.129814
Execution Time; 0.129673
Execution Time; 0.129817
Execution Time; 0.129786
Execution Time; 0.129962
Execution Time; 0.133063
Execution Time; 0.130139
Execution Time; 0.129973
Execution Time; 0.129998
Execution Time; 0.129559
Execution Time; 0.129981
Execution Time; 0.129935
Execution Time; 3.143754
Execution Time; 0.129856
Execution Time; 0.129536
Execution Time; 0.130038
Execution Time; 0.130097
Execution Time; 0.129108
Execution Time; 0.129879
Execution Time; 3.140530
Execution Time; 0.130391
Execution Time; 0.129922
Execution Time; 0.130083
Execution Time; 0.129553
Execution Time; 0.130117
Execution Time; 0.132807
Execution Time; 0.139994
Execution Time; 0.144086
Execution Time; 0.149361
Execution Time; 0.148265
Execution Time; 0.147257
Execution Time; 0.151094
Execution Time; 0.146910
Execution Time; 3.156735
Execution Time; 0.150576
Execution Time; 0.146470
Execution Time; 0.150755
Execution Time; 0.147060
Execution Time; 0.148982
Execution Time; 0.146250
Execution Time; 0.152107
Execution Time; 0.148274
Execution Time; 0.149811
Execution Time; 0.147825
Execution Time; 0.147594
Execution Time; 3.167376
Execution Time; 0.147600
Execution Time; 0.148906
Execution Time; 0.152140
Execution Time; 0.146384
Execution Time; 0.149987
Execution Time; 3.155849
Execution Time; 0.146406
Execution Time; 0.151129
Execution Time; 0.146590
Execution Time; 0.149099
Execution Time; 0.148107
Execution Time; 3.156478
Execution Time; 0.150490
Execution Time; 0.146040
Execution Time; 0.146762
Execution Time; 0.150608
Execution Time; 0.146445
Execution Time; 0.150741
Execution Time; 3.156747
Execution Time; 0.146412
Execution Time; 0.150895
Execution Time; 0.146351
Execution Time; 0.149232
Execution Time; 0.148918
Execution Time; 3.155682
Execution Time; 0.151348
Execution Time; 0.146146
Execution Time; 0.147436
Execution Time; 0.150860
Execution Time; 0.146175
Execution Time; 3.159137
Execution Time; 0.147049
Execution Time; 0.147035
Execution Time; 0.151584
Execution Time; 0.146178
Execution Time; 0.148630
Execution Time; 3.159078
Execution Time; 0.146246
Execution Time; 0.151326
Execution Time; 0.145842
Execution Time; 0.146190
Execution Time; 0.150154
Execution Time; 0.146079
Execution Time; 3.162592
Execution Time; 0.147589
Execution Time; 0.146015
Execution Time; 0.150274
Execution Time; 0.145638
Execution Time; 0.146883
Execution Time; 3.159201
Execution Time; 0.145631
Execution Time; 0.150161
Execution Time; 0.146019
Execution Time; 0.145875
Execution Time; 0.149654
Execution Time; 3.156679
Execution Time; 0.148502
Execution Time; 0.148628
Execution Time; 0.146222
Execution Time; 0.150206
Execution Time; 0.145902
Execution Time; 3.157083
Execution Time; 0.145286
Execution Time; 0.146760
Execution Time; 0.150036
Execution Time; 0.146305
Execution Time; 0.150047
Execution Time; 0.147319
Execution Time; 3.155066
Execution Time; 0.150733
Execution Time; 0.146213
Execution Time; 0.147363
Execution Time; 0.149641
Execution Time; 0.146415
Execution Time; 3.159486
Execution Time; 0.146365
Execution Time; 0.146457
Execution Time; 0.150084
Execution Time; 0.146418
Execution Time; 0.149114
Execution Time; 3.160583
Execution Time; 0.145894
Execution Time; 0.150054
Execution Time; 0.145833
Execution Time; 0.146005
Execution Time; 0.150752
Execution Time; 3.154956
Execution Time; 0.149456
Execution Time; 0.147521
Execution Time; 0.146674
Execution Time; 0.150076
Execution Time; 0.146321
Execution Time; 3.156780
Execution Time; 0.143855
Execution Time; 0.143990
Execution Time; 0.141897
Execution Time; 0.144276
Execution Time; 0.143988
Execution Time; 0.141611
Execution Time; 3.167208
Execution Time; 0.146166
Execution Time; 0.147843
Execution Time; 0.148937
Execution Time; 0.145787
Execution Time; 0.150564
Execution Time; 3.156676
Execution Time; 0.146103
Execution Time; 0.150035
Execution Time; 0.146005
Execution Time; 0.148484
Execution Time; 0.147749
Execution Time; 3.156592
Execution Time; 0.150514
Execution Time; 0.145927
Execution Time; 0.146272
Execution Time; 0.150307
Execution Time; 0.146035
Execution Time; 0.149625
Execution Time; 3.157867
Execution Time; 0.146166
Execution Time; 0.151075
Execution Time; 0.145760
Execution Time; 0.146690
Execution Time; 0.149671
Execution Time; 3.155720
Execution Time; 0.150903
Execution Time; 0.146371
Execution Time; 0.145950
Execution Time; 0.150576
Execution Time; 0.145878
Execution Time; 3.157942
Execution Time; 0.149098
Execution Time; 0.146216
Execution Time; 0.151339
Execution Time; 0.145767
Execution Time; 0.146063
Execution Time; 3.159520
Execution Time; 0.145857
Execution Time; 0.149930
Execution Time; 0.148402
Execution Time; 0.146700
Execution Time; 0.149736
Execution Time; 0.145757
Execution Time; 3.155742
Execution Time; 0.151130
Execution Time; 0.141916
Execution Time; 0.149660
Execution Time; 0.146059
Execution Time; 0.151149
Execution Time; 3.156266
Execution Time; 0.147192
Execution Time; 0.149774
Execution Time; 0.145775
Execution Time; 0.149146
Execution Time; 0.148231
Execution Time; 3.156129
Execution Time; 0.151159
Execution Time; 0.146103
Execution Time; 0.147337
Execution Time; 0.151202
Execution Time; 0.146656
Execution Time; 3.159677
Execution Time; 0.149185
Execution Time; 0.146716
Execution Time; 0.152184
Execution Time; 0.146706
Execution Time; 0.147928
Execution Time; 0.152400
Execution Time; 3.155987
Execution Time; 0.151929
Execution Time; 0.148075
Execution Time; 0.146826
Execution Time; 0.151860
Execution Time; 0.146793
Execution Time; 3.157932
Execution Time; 0.151534
Execution Time; 0.148253
Execution Time; 0.151967
Execution Time; 0.147429
Execution Time; 0.148227
Execution Time; 3.159330
Execution Time; 0.146299
Execution Time; 0.149784
Execution Time; 0.149212
Execution Time; 0.145451
Execution Time; 0.153218
Execution Time; 3.156251
Execution Time; 0.146375
Execution Time; 0.150316
Execution Time; 0.145952
Execution Time; 0.149061
Execution Time; 0.148020
Execution Time; 3.161425
Execution Time; 0.146302
Execution Time; 0.150437
Execution Time; 0.146011
Execution Time; 0.148773
Execution Time; 0.148340
Execution Time; 3.156188
Execution Time; 0.150512
Execution Time; 0.146196
Execution Time; 0.146287
Execution Time; 0.150269
Execution Time; 0.146136
Execution Time; 0.149892
Execution Time; 3.157112
Execution Time; 0.146430
Execution Time; 0.150858
Execution Time; 0.146301
Execution Time; 0.147681
Execution Time; 0.150776
Execution Time; 3.156624
Execution Time; 0.150554
Execution Time; 0.146560
Execution Time; 0.146755
Execution Time; 0.151245
Execution Time; 0.146411
Execution Time; 3.158011
Execution Time; 0.149165
Execution Time; 0.146717
Execution Time; 0.150712
Execution Time; 0.145995
Execution Time; 0.146639
Execution Time; 3.160427
Execution Time; 0.146611
Execution Time; 0.150486
Execution Time; 0.142929
Execution Time; 0.150217
Execution Time; 0.147439
Execution Time; 0.146825
Execution Time; 3.161392
Execution Time; 0.146409
Execution Time; 0.148548
Execution Time; 0.150077
Execution Time; 0.146266
Execution Time; 0.151335
Execution Time; 3.155292
Execution Time; 0.146656
Execution Time; 0.150429
Execution Time; 0.146131
Execution Time; 0.150167
Execution Time; 0.147772
Execution Time; 3.156090
Execution Time; 0.150504
Execution Time; 0.146542
Execution Time; 0.147659
Execution Time; 0.149564
Execution Time; 0.146531
Execution Time; 0.150636
Execution Time; 0.147054
Execution Time; 0.146881
Execution Time; 0.150756
Execution Time; 0.146388
Execution Time; 0.149192
Execution Time; 0.148138
Execution Time; 3.156725
Execution Time; 0.151171
Execution Time; 0.146896
Execution Time; 0.146845
Execution Time; 0.150740
Execution Time; 0.146989
Execution Time; 3.159240
Execution Time; 0.146602
Execution Time; 0.146217
Execution Time; 0.150991
Execution Time; 0.146223
Execution Time; 0.148516
Execution Time; 3.157799
Execution Time; 0.147110
Execution Time; 0.150848
Execution Time; 0.146321
Execution Time; 0.146612
Execution Time; 0.151131
Execution Time; 0.146236
Execution Time; 0.149570
Execution Time; 0.146265
Execution Time; 0.145628
Execution Time; 0.151178
Execution Time; 0.146282
Execution Time; 0.148639
Execution Time; 3.159350
Execution Time; 0.146193
Execution Time; 0.150192
Execution Time; 0.146559
Execution Time; 0.147377
Execution Time; 0.150305
Execution Time; 3.157127
Execution Time; 0.151552
Execution Time; 0.147150
Execution Time; 0.146961
Execution Time; 0.151927
Execution Time; 0.146960
INIT: Switching to runlevel: 0INIT: Sending processes the TERM signal
[[36minfo[39;49m] Using makefile-style concurrent boot in runlevel 0.
[[36minfo[39;49m] Saving the system clock.
[[36minfo[39;49m] Hardware Clock updated to Mon Jan  2 15:57:29 UTC 2017.
[....] Asking all remaining processes to terminate...[?25l[?1c7[1G[[32m ok [39;49m8[?25h[?0cdone.
[....] All processes ended within 2 seconds...[?25l[?1c7[1G[[32m ok [39;49m8[?25h[?0cdone.
[....] Deconfiguring network interfaces...Internet Systems Consortium DHCP Client 4.2.2
Copyright 2004-2011 Internet Systems Consortium.
All rights reserved.
For info, please visit https://www.isc.org/software/dhcp/

Listening on LPF/eth0/52:54:00:12:34:56
Sending on   LPF/eth0/52:54:00:12:34:56
Sending on   Socket/fallback
DHCPRELEASE on eth0 to 10.0.2.2 port 67
[?25l[?1c7[1G[[32m ok [39;49m8[?25h[?0cdone.
[....] Deactivating swap...[?25l[?1c7[1G[[32m ok [39;49m8[?25h[?0cdone.
[  505.203820] EXT4-fs (sda1): re-mounted. Opts: (null)
[[36minfo[39;49m] Will now halt.
[  508.780422] sd 0:0:0:0: [sda] Synchronizing SCSI cache
[  508.788456] sd 0:0:0:0: [sda] Stopping disk
[  508.792459] ACPI: Preparing to enter system sleep state S5
[  508.793636] Power down.
aff-executor-preload.c:affhooks_init()
aff-executor-preload.c:affhooks_shut()
HELLO KITTY
