aff-executor-preload.c:affhooks_init()
[H[J[?25l[m[H[J[2;25HGNU GRUB  version 1.99-27+deb7u2

[m[4;2H+--------------------------------------------------------------------------+[5;2H|[5;77H|[6;2H|[6;77H|[7;2H|[7;77H|[8;2H|[8;77H|[9;2H|[9;77H|[10;2H|[10;77H|[11;2H|[11;77H|[12;2H|[12;77H|[13;2H|[13;77H|[14;2H|[14;77H|[15;2H|[15;77H|[16;2H|[16;77H|[17;2H+--------------------------------------------------------------------------+[m[18;2H[m
      Use the ^ and v keys to select which entry is highlighted.      
      Press enter to boot the selected OS, 'e' to edit the commands      
      before booting or 'c' for a command-line.      
      [5;78H [7m[5;3HDebian GNU/Linux, with Linux 3.2.0-4-amd64                               [m [5;76H[m[m[6;3HDebian GNU/Linux, with Linux 3.2.0-4-amd64 (recovery mode)               [m [6;76H[m[m[7;3H                                                                         [m [7;76H[m[m[8;3H                                                                         [m [8;76H[m[m[9;3H                                                                         [m [9;76H[m[m[10;3H                                                                         [m [10;76H[m[m[11;3H                                                                         [m [11;76H[m[m[12;3H                                                                         [m [12;76H[m[m[13;3H                                                                         [m [13;76H[m[m[14;3H                                                                         [m [14;76H[m[m[15;3H                                                                         [m [15;76H[m[m[16;3H                                                                         [m [16;76H[m[16;78H [5;76H[22;1H   The highlighted entry will be executed automatically in 5s.                 [5;76H[22;1H   The highlighted entry will be executed automatically in 4s.                 [5;76H[22;1H   The highlighted entry will be executed automatically in 3s.                 [5;76H[22;1H   The highlighted entry will be executed automatically in 2s.                 [5;76H[22;1H   The highlighted entry will be executed automatically in 1s.                 [5;76H[22;1H   The highlighted entry will be executed automatically in 0s.                 [5;76H[?25h[H[J[H[J  Booting 'Debian GNU/Linux, with Linux 3.2.0-4-amd64'

Loading Linux 3.2.0-4-amd64 ...
Loading initial ramdisk ...
[    0.000000] Initializing cgroup subsys cpuset
[    0.000000] Initializing cgroup subsys cpu
[    0.000000] Linux version 3.2.0-4-amd64 (debian-kernel@lists.debian.org) (gcc version 4.6.3 (Debian 4.6.3-14) ) #1 SMP Debian 3.2.68-1+deb7u3
[    0.000000] Command line: BOOT_IMAGE=/boot/vmlinuz-3.2.0-4-amd64 root=UUID=e35ebd7f-2405-4c97-9c3e-26919d55a9e5 ro console=tty0 console=ttyS0,115200n8
[    0.000000] BIOS-provided physical RAM map:
[    0.000000]  BIOS-e820: 0000000000000000 - 000000000009fc00 (usable)
[    0.000000]  BIOS-e820: 000000000009fc00 - 00000000000a0000 (reserved)
[    0.000000]  BIOS-e820: 00000000000f0000 - 0000000000100000 (reserved)
[    0.000000]  BIOS-e820: 0000000000100000 - 00000000bfffe000 (usable)
[    0.000000]  BIOS-e820: 00000000bfffe000 - 00000000c0000000 (reserved)
[    0.000000]  BIOS-e820: 00000000feffc000 - 00000000ff000000 (reserved)
[    0.000000]  BIOS-e820: 00000000fffc0000 - 0000000100000000 (reserved)
[    0.000000]  BIOS-e820: 0000000100000000 - 0000000440000000 (usable)
[    0.000000] NX (Execute Disable) protection: active
[    0.000000] SMBIOS 2.4 present.
[    0.000000] No AGP bridge found
[    0.000000] last_pfn = 0x440000 max_arch_pfn = 0x400000000
[    0.000000] x86 PAT enabled: cpu 0, old 0x70406, new 0x7010600070106
[    0.000000] last_pfn = 0xbfffe max_arch_pfn = 0x400000000
[    0.000000] found SMP MP-table at [ffff8800000f0b10] f0b10
[    0.000000] Using GB pages for direct mapping
[    0.000000] init_memory_mapping: 0000000000000000-00000000bfffe000
[    0.000000] init_memory_mapping: 0000000100000000-0000000440000000
[    0.000000] RAMDISK: 36c56000 - 37623000
[    0.000000] ACPI: RSDP 00000000000f08e0 00014 (v00 BOCHS )
[    0.000000] ACPI: RSDT 00000000bffffcfc 00034 (v01 BOCHS  BXPCRSDT 00000001 BXPC 00000001)
[    0.000000] ACPI: FACP 00000000bffff1c0 00074 (v01 BOCHS  BXPCFACP 00000001 BXPC 00000001)
[    0.000000] ACPI: DSDT 00000000bfffe040 01180 (v01 BOCHS  BXPCDSDT 00000001 BXPC 00000001)
[    0.000000] ACPI: FACS 00000000bfffe000 00040
[    0.000000] ACPI: SSDT 00000000bffff234 00A00 (v01 BOCHS  BXPCSSDT 00000001 BXPC 00000001)
[    0.000000] ACPI: APIC 00000000bffffc34 00090 (v01 BOCHS  BXPCAPIC 00000001 BXPC 00000001)
[    0.000000] ACPI: HPET 00000000bffffcc4 00038 (v01 BOCHS  BXPCHPET 00000001 BXPC 00000001)
[    0.000000] No NUMA configuration found
[    0.000000] Faking a node at 0000000000000000-0000000440000000
[    0.000000] Initmem setup node 0 0000000000000000-0000000440000000
[    0.000000]   NODE_DATA [000000043fffb000 - 000000043fffffff]
[    0.000000] kvm-clock: Using msrs 4b564d01 and 4b564d00
[    0.000000] kvm-clock: cpu 0, msr 0:16a8741, boot clock
[    0.000000] Zone PFN ranges:
[    0.000000]   DMA      0x00000010 -> 0x00001000
[    0.000000]   DMA32    0x00001000 -> 0x00100000
[    0.000000]   Normal   0x00100000 -> 0x00440000
[    0.000000] Movable zone start PFN for each node
[    0.000000] early_node_map[3] active PFN ranges
[    0.000000]     0: 0x00000010 -> 0x0000009f
[    0.000000]     0: 0x00000100 -> 0x000bfffe
[    0.000000]     0: 0x00100000 -> 0x00440000
[    0.000000] ACPI: PM-Timer IO Port: 0xb008
[    0.000000] ACPI: LAPIC (acpi_id[0x00] lapic_id[0x00] enabled)
[    0.000000] ACPI: LAPIC (acpi_id[0x01] lapic_id[0x01] enabled)
[    0.000000] ACPI: LAPIC (acpi_id[0x02] lapic_id[0x02] enabled)
[    0.000000] ACPI: LAPIC (acpi_id[0x03] lapic_id[0x03] enabled)
[    0.000000] ACPI: LAPIC_NMI (acpi_id[0xff] dfl dfl lint[0x1])
[    0.000000] ACPI: IOAPIC (id[0x00] address[0xfec00000] gsi_base[0])
[    0.000000] IOAPIC[0]: apic_id 0, version 17, address 0xfec00000, GSI 0-23
[    0.000000] ACPI: INT_SRC_OVR (bus 0 bus_irq 0 global_irq 2 dfl dfl)
[    0.000000] ACPI: INT_SRC_OVR (bus 0 bus_irq 5 global_irq 5 high level)
[    0.000000] ACPI: INT_SRC_OVR (bus 0 bus_irq 9 global_irq 9 high level)
[    0.000000] ACPI: INT_SRC_OVR (bus 0 bus_irq 10 global_irq 10 high level)
[    0.000000] ACPI: INT_SRC_OVR (bus 0 bus_irq 11 global_irq 11 high level)
[    0.000000] Using ACPI (MADT) for SMP configuration information
[    0.000000] ACPI: HPET id: 0x8086a201 base: 0xfed00000
[    0.000000] SMP: Allowing 4 CPUs, 0 hotplug CPUs
[    0.000000] PM: Registered nosave memory: 000000000009f000 - 00000000000a0000
[    0.000000] PM: Registered nosave memory: 00000000000a0000 - 00000000000f0000
[    0.000000] PM: Registered nosave memory: 00000000000f0000 - 0000000000100000
[    0.000000] PM: Registered nosave memory: 00000000bfffe000 - 00000000c0000000
[    0.000000] PM: Registered nosave memory: 00000000c0000000 - 00000000feffc000
[    0.000000] PM: Registered nosave memory: 00000000feffc000 - 00000000ff000000
[    0.000000] PM: Registered nosave memory: 00000000ff000000 - 00000000fffc0000
[    0.000000] PM: Registered nosave memory: 00000000fffc0000 - 0000000100000000
[    0.000000] Allocating PCI resources starting at c0000000 (gap: c0000000:3effc000)
[    0.000000] Booting paravirtualized kernel on KVM
[    0.000000] setup_percpu: NR_CPUS:512 nr_cpumask_bits:512 nr_cpu_ids:4 nr_node_ids:1
[    0.000000] PERCPU: Embedded 27 pages/cpu @ffff88043fc00000 s78912 r8192 d23488 u524288
[    0.000000] kvm-clock: cpu 0, msr 4:3fc12741, primary cpu clock
[    0.000000] KVM setup async PF for cpu 0
[    0.000000] kvm-stealtime: cpu 0, msr 43fc0cfc0
[    0.000000] Built 1 zonelists in Zone order, mobility grouping on.  Total pages: 4133256
[    0.000000] Policy zone: Normal
[    0.000000] Kernel command line: BOOT_IMAGE=/boot/vmlinuz-3.2.0-4-amd64 root=UUID=e35ebd7f-2405-4c97-9c3e-26919d55a9e5 ro console=tty0 console=ttyS0,115200n8
[    0.000000] PID hash table entries: 4096 (order: 3, 32768 bytes)
[    0.000000] xsave/xrstor: enabled xstate_bv 0x7, cntxt size 0x340
[    0.000000] Checking aperture...
[    0.000000] No AGP bridge found
[    0.000000] Memory: 16462328k/17825792k available (3434k kernel code, 1049036k absent, 314428k reserved, 3305k data, 580k init)
[    0.000000] Hierarchical RCU implementation.
[    0.000000] 	RCU dyntick-idle grace-period acceleration is enabled.
[    0.000000] NR_IRQS:33024 nr_irqs:712 16
[    0.000000] Console: colour VGA+ 80x25
[    0.000000] console [tty0] enabled
[    0.000000] console [ttyS0] enabled
[    0.000000] Detected 2199.998 MHz processor.
[    0.008000] Calibrating delay loop (skipped) preset value.. 4399.99 BogoMIPS (lpj=8799992)
[    0.008000] pid_max: default: 32768 minimum: 301
[    0.008000] Security Framework initialized
[    0.008009] AppArmor: AppArmor disabled by boot time parameter
[    0.010204] Dentry cache hash table entries: 2097152 (order: 12, 16777216 bytes)
[    0.016835] Inode-cache hash table entries: 1048576 (order: 11, 8388608 bytes)
[    0.020159] Mount-cache hash table entries: 256
[    0.021253] Initializing cgroup subsys cpuacct
[    0.022230] Initializing cgroup subsys memory
[    0.023214] Initializing cgroup subsys devices
[    0.024006] Initializing cgroup subsys freezer
[    0.024981] Initializing cgroup subsys net_cls
[    0.025953] Initializing cgroup subsys blkio
[    0.026927] Initializing cgroup subsys perf_event
[    0.028094] mce: CPU supports 10 MCE banks
[    0.030515] ACPI: Core revision 20110623
[    0.033020] Enabling x2apic
[    0.033739] Enabled x2apic
[    0.034628] Switched APIC routing to physical x2apic.
[    0.037014] ..TIMER: vector=0x30 apic1=0 pin1=2 apic2=-1 pin2=-1
[    0.038394] CPU0: Intel(R) Xeon(R) CPU E5-4620 0 @ 2.20GHz stepping 07
[    0.044002] Performance Events: SandyBridge events, Intel PMU driver.
[    0.044002] ... version:                2
[    0.044002] ... bit width:              48
[    0.044002] ... generic registers:      4
[    0.044006] ... value mask:             0000ffffffffffff
[    0.045270] ... max period:             000000007fffffff
[    0.046551] ... fixed-purpose events:   3
[    0.048005] ... event mask:             000000070000000f
[    0.049723] NMI watchdog enabled, takes one hw-pmu counter.
[    0.051279] Booting Node   0, Processors  #1
[    0.072027] KVM setup async PF for cpu 1
[    0.072027] kvm-stealtime: cpu 1, msr 43fc8cfc0
[    0.074347] NMI watchdog enabled, takes one hw-pmu counter.
[    0.072027] kvm-clock: cpu 1, msr 4:3fc92741, secondary cpu clock
[    0.076159]  #2
[    0.096029] KVM setup async PF for cpu 2
[    0.096029] kvm-stealtime: cpu 2, msr 43fd0cfc0
[    0.096029] kvm-clock: cpu 2, msr 4:3fd12741, secondary cpu clock
[    0.100078] NMI watchdog enabled, takes one hw-pmu counter.
[    0.103033]  #3 Ok.
[    0.120028] KVM setup async PF for cpu 3
[    0.120028] kvm-stealtime: cpu 3, msr 43fd8cfc0
[    0.125004] NMI watchdog enabled, takes one hw-pmu counter.
[    0.120028] kvm-clock: cpu 3, msr 4:3fd92741, secondary cpu clock
[    0.127508] Brought up 4 CPUs
[    0.128023] Total of 4 processors activated (17599.98 BogoMIPS).
[    0.129924] devtmpfs: initialized
[    0.135355] print_constraints: dummy: 
[    0.136325] NET: Registered protocol family 16
[    0.137978] ACPI: bus type pci registered
[    0.140238] PCI: Using configuration type 1 for base access
[    0.144645] bio: create slab <bio-0> at 0
[    0.146310] ACPI: Added _OSI(Module Device)
[    0.146310] ACPI: Added _OSI(Processor Device)
[    0.148025] ACPI: Added _OSI(3.0 _SCP Extensions)
[    0.149065] ACPI: Added _OSI(Processor Aggregator Device)
[    0.153695] ACPI: Interpreter enabled
[    0.154564] ACPI: (supports S0 S3 S4 S5)
[    0.155909] ACPI: Using IOAPIC for interrupt routing
[    0.161076] ACPI: No dock devices found.
[    0.162011] HEST: Table not found.
[    0.162838] PCI: Using host bridge windows from ACPI; if necessary, use "pci=nocrs" and report a bug
[    0.164098] ACPI: PCI Root Bridge [PCI0] (domain 0000 [bus 00-ff])
[    0.165506] pci_root PNP0A03:00: host bridge window [io  0x0000-0x0cf7]
[    0.166865] pci_root PNP0A03:00: host bridge window [io  0x0d00-0xadff]
[    0.168027] pci_root PNP0A03:00: host bridge window [io  0xae0f-0xaeff]
[    0.169356] pci_root PNP0A03:00: host bridge window [io  0xaf20-0xafdf]
[    0.170706] pci_root PNP0A03:00: host bridge window [io  0xafe4-0xffff]
[    0.172025] pci_root PNP0A03:00: host bridge window [mem 0x000a0000-0x000bffff]
[    0.173639] pci_root PNP0A03:00: host bridge window [mem 0xc0000000-0xfebfffff]
[    0.181665] pci 0000:00:01.3: quirk: [io  0xb000-0xb03f] claimed by PIIX4 ACPI
[    0.183307] pci 0000:00:01.3: quirk: [io  0xb100-0xb10f] claimed by PIIX4 SMB
[    0.200864]  pci0000:00: Unable to request _OSC control (_OSC support mask: 0x1e)
[    0.204901] ACPI: PCI Interrupt Link [LNKA] (IRQs 5 *10 11)
[    0.206715] ACPI: PCI Interrupt Link [LNKB] (IRQs 5 *10 11)
[    0.208417] ACPI: PCI Interrupt Link [LNKC] (IRQs 5 10 *11)
[    0.210170] ACPI: PCI Interrupt Link [LNKD] (IRQs 5 10 *11)
[    0.211911] ACPI: PCI Interrupt Link [LNKS] (IRQs *9)
[    0.212768] vgaarb: device added: PCI:0000:00:02.0,decodes=io+mem,owns=io+mem,locks=none
[    0.213811] vgaarb: loaded
[    0.216028] vgaarb: bridge control possible 0000:00:02.0
[    0.217188] PCI: Using ACPI for IRQ routing
[    0.218390] HPET: 3 timers in total, 0 timers will be used for per-cpu timer
[    0.219826] hpet0: at MMIO 0xfed00000, IRQs 2, 8, 0
[    0.228025] hpet0: 3 comparators, 64-bit 100.000000 MHz counter
[    0.245178] Switching to clocksource kvm-clock
[    0.247557] pnp: PnP ACPI init
[    0.249058] ACPI: bus type pnp registered
[    0.251914] pnp: PnP ACPI: found 9 devices
[    0.252894] ACPI: ACPI bus type pnp unregistered
[    0.266654] NET: Registered protocol family 2
[    0.273740] IP route cache hash table entries: 524288 (order: 10, 4194304 bytes)
[    0.278282] TCP established hash table entries: 524288 (order: 11, 8388608 bytes)
[    0.282751] TCP bind hash table entries: 65536 (order: 8, 1048576 bytes)
[    0.284825] TCP: Hash tables configured (established 524288 bind 65536)
[    0.286145] TCP reno registered
[    0.286932] UDP hash table entries: 8192 (order: 6, 262144 bytes)
[    0.288291] UDP-Lite hash table entries: 8192 (order: 6, 262144 bytes)
[    0.289860] NET: Registered protocol family 1
[    0.290823] pci 0000:00:00.0: Limiting direct PCI/PCI transfers
[    0.292093] pci 0000:00:01.0: PIIX3: Enabling Passive Release
[    0.293273] pci 0000:00:01.0: Activating ISA DMA hang workarounds
[    0.294620] Unpacking initramfs...
[    0.524216] Freeing initrd memory: 10036k freed
[    0.527820] PCI-DMA: Using software bounce buffering for IO (SWIOTLB)
[    0.529203] Placing 64MB software IO TLB between ffff8800bbffe000 - ffff8800bfffe000
[    0.530867] software IO TLB at phys 0xbbffe000 - 0xbfffe000
[    0.533125] audit: initializing netlink socket (disabled)
[    0.534285] type=2000 audit(1483541521.532:1): initialized
[    0.552326] HugeTLB registered 2 MB page size, pre-allocated 0 pages
[    0.556563] VFS: Disk quotas dquot_6.5.2
[    0.558413] Dquot-cache hash table entries: 512 (order 0, 4096 bytes)
[    0.560891] msgmni has been set to 32172
[    0.563986] alg: No test for stdrng (krng)
[    0.566054] Block layer SCSI generic (bsg) driver version 0.4 loaded (major 253)
[    0.569153] io scheduler noop registered
[    0.570808] io scheduler deadline registered
[    0.572784] io scheduler cfq registered (default)
[    0.574883] pci_hotplug: PCI Hot Plug PCI Core version: 0.5
[    0.577189] pciehp: PCI Express Hot Plug Controller Driver version: 0.4
[    0.579621] acpiphp: ACPI Hot Plug PCI Controller Driver version: 0.5
[    0.582186] acpiphp: Slot [3] registered
[    0.583908] acpiphp: Slot [4] registered
[    0.585665] acpiphp: Slot [5] registered
[    0.587351] acpiphp: Slot [6] registered
[    0.588314] acpiphp: Slot [7] registered
[    0.589268] acpiphp: Slot [8] registered
[    0.590195] acpiphp: Slot [9] registered
[    0.591137] acpiphp: Slot [10] registered
[    0.592113] acpiphp: Slot [11] registered
[    0.593057] acpiphp: Slot [12] registered
[    0.593984] acpiphp: Slot [13] registered
[    0.594913] acpiphp: Slot [14] registered
[    0.595860] acpiphp: Slot [15] registered
[    0.596830] acpiphp: Slot [16] registered
[    0.597765] acpiphp: Slot [17] registered
[    0.598691] acpiphp: Slot [18] registered
[    0.599664] acpiphp: Slot [19] registered
[    0.600635] acpiphp: Slot [20] registered
[    0.601564] acpiphp: Slot [21] registered
[    0.602502] acpiphp: Slot [22] registered
[    0.603439] acpiphp: Slot [23] registered
[    0.604405] acpiphp: Slot [24] registered
[    0.605331] acpiphp: Slot [25] registered
[    0.606257] acpiphp: Slot [26] registered
[    0.607204] acpiphp: Slot [27] registered
[    0.608152] acpiphp: Slot [28] registered
[    0.609083] acpiphp: Slot [29] registered
[    0.610008] acpiphp: Slot [30] registered
[    0.610929] acpiphp: Slot [31] registered
[    0.612056] ERST: Table is not found!
[    0.612918] GHES: HEST is not enabled!
[    0.614008] Serial: 8250/16550 driver, 4 ports, IRQ sharing enabled
[    0.648118] serial8250: ttyS0 at I/O 0x3f8 (irq = 4) is a 16550A
[    0.692297] 00:06: ttyS0 at I/O 0x3f8 (irq = 4) is a 16550A
[    0.696280] Linux agpgart interface v0.103
[    0.697445] i8042: PNP: PS/2 Controller [PNP0303:KBD,PNP0f13:MOU] at 0x60,0x64 irq 1,12
[    0.700061] serio: i8042 KBD port at 0x60,0x64 irq 1
[    0.701168] serio: i8042 AUX port at 0x60,0x64 irq 12
[    0.702726] mousedev: PS/2 mouse device common for all mice
[    0.704308] input: AT Translated Set 2 keyboard as /devices/platform/i8042/serio0/input/input0
[    0.706445] rtc_cmos 00:01: RTC can wake from S4
[    0.707950] rtc_cmos 00:01: rtc core: registered rtc_cmos as rtc0
[    0.709532] rtc0: alarms up to one day, 114 bytes nvram, hpet irqs
[    0.710880] cpuidle: using governor ladder
[    0.711857] cpuidle: using governor menu
[    0.713062] TCP cubic registered
[    0.714263] NET: Registered protocol family 10
[    0.715871] Mobile IPv6
[    0.716601] NET: Registered protocol family 17
[    0.717619] Registering the dns_resolver key type
[    0.719171] registered taskstats version 1
[    0.721225] rtc_cmos 00:01: setting system clock to 2017-01-04 14:52:01 UTC (1483541521)
[    0.723002] Initializing network drop monitor service
[    0.726683] Freeing unused kernel memory: 580k freed
[    0.729011] Write protecting the kernel read-only data: 6144k
[    0.733804] Freeing unused kernel memory: 644k freed
[    0.737615] Freeing unused kernel memory: 688k freed
Loading, please wait...
[    0.760946] udevd[58]: starting version 175
[    0.790961] e1000: Intel(R) PRO/1000 Network Driver - version 7.3.21-k8-NAPI
[    0.792673] e1000: Copyright (c) 1999-2006 Intel Corporation.
[    0.794356] ACPI: PCI Interrupt Link [LNKC] enabled at IRQ 11
[    0.795762] SCSI subsystem initialized
[    0.800751] Floppy drive(s): fd0 is 1.44M
[    0.817012] FDC 0 is a S82078B
[    1.145487] e1000 0000:00:03.0: eth0: (PCI:33MHz:32-bit) 52:54:00:12:34:56
[    1.146896] e1000 0000:00:03.0: eth0: Intel(R) PRO/1000 Network Connection
[    1.150026] scsi0 : ata_piix
[    1.151765] scsi1 : ata_piix
[    1.153310] ata1: PATA max MWDMA2 cmd 0x1f0 ctl 0x3f6 bmdma 0xc040 irq 14
[    1.155786] ata2: PATA max MWDMA2 cmd 0x170 ctl 0x376 bmdma 0xc048 irq 15
[    1.314322] ata1.00: ATA-7: QEMU HARDDISK, 2.0.0, max UDMA/100
[    1.317081] ata1.00: 9011200 sectors, multi 16: LBA48 
[    1.319404] ata2.00: ATAPI: QEMU DVD-ROM, 2.0.0, max UDMA/100
[    1.321303] ata1.00: configured for MWDMA2
[    1.322325] ata2.00: configured for MWDMA2
[    1.322461] scsi 0:0:0:0: Direct-Access     ATA      QEMU HARDDISK    2.0. PQ: 0 ANSI: 5
[    1.325951] scsi 1:0:0:0: CD-ROM            QEMU     QEMU DVD-ROM     2.0. PQ: 0 ANSI: 5
[    1.333546] sd 0:0:0:0: [sda] 9011200 512-byte logical blocks: (4.61 GB/4.29 GiB)
[    1.335145] sr0: scsi3-mmc drive: 4x/4x cd/rw xa/form2 tray
[    1.335150] cdrom: Uniform CD-ROM driver Revision: 3.20
[    1.341465] sd 0:0:0:0: [sda] Write Protect is off
[    1.343456] sd 0:0:0:0: [sda] Write cache: enabled, read cache: enabled, doesn't support DPO or FUA
[    1.348188]  sda: sda1
[    1.350000] sd 0:0:0:0: [sda] Attached SCSI disk
[    1.355703] sd 0:0:0:0: Attached scsi generic sg0 type 0
[    1.358171] sr 1:0:0:0: Attached scsi generic sg1 type 5
[    1.532184] Refined TSC clocksource calibration: 2199.958 MHz.
Begin: Loading essential drivers ... done.
Begin: Running /scripts/init-premount ... done.
Begin: Mounting root file system ... Begin: Running /scripts/local-top ... done.
Begin: Running /scripts/local-premount ... done.
[    2.069137] EXT4-fs (sda1): mounted filesystem with ordered data mode. Opts: (null)
Begin: Running /scripts/local-bottom ... done.
done.
Begin: Running /scripts/init-bottom ... done.
INIT: version 2.88 booting
[[36minfo[39;49m] Using makefile-style concurrent boot in runlevel S.
findfs: unable to resolve 'UUID="e35ebd7f-2405-4c97-9c3e-26919d55a9e5"'
[....] Starting the hotplug events dispatcher: udevd[    2.610581] udevd[314]: starting version 175
[?25l[?1c7[1G[[32m ok [39;49m8[?25h[?0c.
[....] Synthesizing the initial hotplug events...[    2.677506] input: Power Button as /devices/LNXSYSTM:00/LNXPWRBN:00/input/input1
[    2.679350] ACPI: Power Button [PWRF]
[?25l[?1c7[1G[[32m ok [39;49m8[?25h[?0cdone.
[    2.763816] alg: No test for __gcm-aes-aesni (__driver-gcm-aes-aesni)
[    2.766842] parport_pc 00:05: reported by Plug and Play ACPI
[....] [    2.768790] parport0: PC-style at 0x378, irq 7Waiting for /dev [ to be fully populated...PCSPP,TRISTATE]
[    2.783571] input: PC Speaker as /devices/platform/pcspkr/input/input2
[    2.788535] piix4_smbus 0000:00:01.3: SMBus Host Controller at 0xb100, revision 0
[    2.822840] Error: Driver 'pcspkr' is already registered, aborting...
[    2.908009] hrtimer: interrupt took 15995796 ns
[?25l[?1c7[1G[[32m ok [39;49m8[?25h[?0cdone.
findfs: unable to resolve 'UUID="e35ebd7f-2405-4c97-9c3e-26919d55a9e5"'
[....] Activating swap...[?25l[?1c7[1G[[32m ok [39;49m8[?25h[?0cdone.
Usage: mountpoint [-q] [-d] [-x] path
[    3.330376] EXT4-fs (sda1): re-mounted. Opts: (null)
[....] Checking root file system...fsck from util-linux 2.20.1
/run/rootdev: clean, 33790/264000 files, 892343/1054720 blocks
[?25l[?1c7[1G[[32m ok [39;49m8[?25h[?0cdone.
[    3.397478] EXT4-fs (sda1): re-mounted. Opts: errors=remount-ro,errors=remount-ro
[    3.430260] input: ImExPS/2 Generic Explorer Mouse as /devices/platform/i8042/serio1/input/input3
[....] Cleaning up temporary files... /tmp[?25l[?1c7[1G[[32m ok [39;49m8[?25h[?0c.
findfs: unable to resolve 'UUID="e35ebd7f-2405-4c97-9c3e-26919d55a9e5"'
findfs: unable to resolve 'UUID="e35ebd7f-2405-4c97-9c3e-26919d55a9e5"'
[....] Activating lvm and md swap...[?25l[?1c7[1G[[32m ok [39;49m8[?25h[?0cdone.
[....] Checking file systems...fsck from util-linux 2.20.1
[?25l[?1c7[1G[[32m ok [39;49m8[?25h[?0cdone.
[....] Mounting local filesystems...[?25l[?1c7[1G[[32m ok [39;49m8[?25h[?0cdone.
[....] Activating swapfile swap...[?25l[?1c7[1G[[32m ok [39;49m8[?25h[?0cdone.
findfs: unable to resolve 'UUID="e35ebd7f-2405-4c97-9c3e-26919d55a9e5"'
[....] Cleaning up temporary files...[?25l[?1c7[1G[[32m ok [39;49m8[?25h[?0c.
[....] Setting kernel variables ...[?25l[?1c7[1G[[32m ok [39;49m8[?25h[?0cdone.
[....] Configuring network interfaces...Internet Systems Consortium DHCP Client 4.2.2
Copyright 2004-2011 Internet Systems Consortium.
All rights reserved.
For info, please visit https://www.isc.org/software/dhcp/

[    4.362018] ADDRCONF(NETDEV_UP): eth0: link is not ready
Listening on LPF/eth0/52:54:00:12:34:56
Sending on   LPF/eth0/52:54:00:12:34:56
Sending on   Socket/fallback
DHCPDISCOVER on eth0 to 255.255.255.255 port 67 interval 5
[    6.360744] e1000: eth0 NIC Link is Up 1000 Mbps Full Duplex, Flow Control: RX
[    6.366371] ADDRCONF(NETDEV_CHANGE): eth0: link becomes ready
DHCPDISCOVER on eth0 to 255.255.255.255 port 67 interval 10
DHCPREQUEST on eth0 to 255.255.255.255 port 67
DHCPOFFER from 10.0.2.2
DHCPACK from 10.0.2.2
bound to 10.0.2.15 -- renewal in 34848 seconds.
ifup: interface eth0 already configured
[?25l[?1c7[1G[[32m ok [39;49m8[?25h[?0cdone.
[....] Cleaning up temporary files...[?25l[?1c7[1G[[32m ok [39;49m8[?25h[?0c.
INIT: Entering runlevel: 2
[[36minfo[39;49m] Using makefile-style concurrent boot in runlevel 2.
[....] Starting OpenBSD Secure Shell server: sshd[?25l[?1c7[1G[[32m ok [39;49m8[?25h[?0c.
Entering benchmark mode
Starting jacLR execution: Wed Jan  4 16:52:11 EET 2017
Execution Time; 12.513718
Execution Time; 12.509728
Execution Time; 12.499737
Execution Time; 12.468493
Execution Time; 12.440752
Execution Time; 12.498092
Execution Time; 12.472781
Execution Time; 12.437464
Execution Time; 12.440624
Execution Time; 12.476408
Execution Time; 12.464330
Execution Time; 12.458134
Execution Time; 12.488885
Execution Time; 12.440802
Execution Time; 12.461834
Execution Time; 12.483053
Execution Time; 12.489712
Execution Time; 12.492960
Execution Time; 12.454285
Execution Time; 12.445684
jacLR execution ended: Wed Jan  4 16:56:21 EET 2017
Starting stream_d0 execution: Wed Jan  4 16:56:31 EET 2017
-------------------------------------------------------------
STREAM version $Revision: 5.10 $
-------------------------------------------------------------
This system uses 8 bytes per array element.
-------------------------------------------------------------
Array size = 50000000 (elements), Offset = 0 (elements)
Memory per array = 381.5 MiB (= 0.4 GiB).
Total memory required = 1144.4 MiB (= 1.1 GiB).
Each kernel will be executed 20 times.
 The *best* time for each kernel (excluding the first iteration)
 will be used to compute the reported bandwidth.
-------------------------------------------------------------
Number of Threads requested = 4
Number of Threads counted = 4
-------------------------------------------------------------
Your clock granularity/precision appears to be 1 microseconds.
Each test below will take on the order of 50909 microseconds.
   (= 50909 clock ticks)
Increase the size of the arrays if this shows that
you are not getting at least 20 clock ticks per test.
-------------------------------------------------------------
WARNING -- The above is only a rough guideline.
For best results, please be sure you know the
precision of your system timer.
-------------------------------------------------------------
Function    Best Rate  Avg Rate   MB/s  Avg time     Min time     Max time
Copy:           11925.2      11838.1    0.067579    0.067085     0.068248
Scale:          11892.7      11776.5    0.067932    0.067268     0.068515
Add:            13697.1      13631.9    0.088029    0.087610     0.088873
Triad:          13751.9      13684.8    0.087689    0.087261     0.089025
-------------------------------------------------------------
Solution Validates: avg error less than 1.000000e-13 on all three arrays
-------------------------------------------------------------
-------------------------------------------------------------
STREAM version $Revision: 5.10 $
-------------------------------------------------------------
This system uses 8 bytes per array element.
-------------------------------------------------------------
Array size = 50000000 (elements), Offset = 0 (elements)
Memory per array = 381.5 MiB (= 0.4 GiB).
Total memory required = 1144.4 MiB (= 1.1 GiB).
Each kernel will be executed 20 times.
 The *best* time for each kernel (excluding the first iteration)
 will be used to compute the reported bandwidth.
-------------------------------------------------------------
Number of Threads requested = 4
Number of Threads counted = 4
-------------------------------------------------------------
Your clock granularity/precision appears to be 1 microseconds.
Each test below will take on the order of 50432 microseconds.
   (= 50432 clock ticks)
Increase the size of the arrays if this shows that
you are not getting at least 20 clock ticks per test.
-------------------------------------------------------------
WARNING -- The above is only a rough guideline.
For best results, please be sure you know the
precision of your system timer.
-------------------------------------------------------------
Function    Best Rate  Avg Rate   MB/s  Avg time     Min time     Max time
Copy:           11937.3      11866.1    0.067419    0.067017     0.067939
Scale:          11888.5      11814.1    0.067716    0.067292     0.068359
Add:            13709.6      13652.9    0.087893    0.087530     0.088726
Triad:          13760.7      13693.9    0.087630    0.087205     0.088600
-------------------------------------------------------------
Solution Validates: avg error less than 1.000000e-13 on all three arrays
-------------------------------------------------------------
-------------------------------------------------------------
STREAM version $Revision: 5.10 $
-------------------------------------------------------------
This system uses 8 bytes per array element.
-------------------------------------------------------------
Array size = 50000000 (elements), Offset = 0 (elements)
Memory per array = 381.5 MiB (= 0.4 GiB).
Total memory required = 1144.4 MiB (= 1.1 GiB).
Each kernel will be executed 20 times.
 The *best* time for each kernel (excluding the first iteration)
 will be used to compute the reported bandwidth.
-------------------------------------------------------------
Number of Threads requested = 4
Number of Threads counted = 4
-------------------------------------------------------------
Your clock granularity/precision appears to be 1 microseconds.
Each test below will take on the order of 50606 microseconds.
   (= 50606 clock ticks)
Increase the size of the arrays if this shows that
you are not getting at least 20 clock ticks per test.
-------------------------------------------------------------
WARNING -- The above is only a rough guideline.
For best results, please be sure you know the
precision of your system timer.
-------------------------------------------------------------
Function    Best Rate  Avg Rate   MB/s  Avg time     Min time     Max time
Copy:           11930.5      11846.3    0.067531    0.067055     0.069076
Scale:          11881.2      11789.4    0.067857    0.067333     0.068526
Add:            13677.1      13607.8    0.088184    0.087738     0.088735
Triad:          13723.8      13672.7    0.087766    0.087439     0.088309
-------------------------------------------------------------
Solution Validates: avg error less than 1.000000e-13 on all three arrays
-------------------------------------------------------------
-------------------------------------------------------------
STREAM version $Revision: 5.10 $
-------------------------------------------------------------
This system uses 8 bytes per array element.
-------------------------------------------------------------
Array size = 50000000 (elements), Offset = 0 (elements)
Memory per array = 381.5 MiB (= 0.4 GiB).
Total memory required = 1144.4 MiB (= 1.1 GiB).
Each kernel will be executed 20 times.
 The *best* time for each kernel (excluding the first iteration)
 will be used to compute the reported bandwidth.
-------------------------------------------------------------
Number of Threads requested = 4
Number of Threads counted = 4
-------------------------------------------------------------
Your clock granularity/precision appears to be 1 microseconds.
Each test below will take on the order of 52075 microseconds.
   (= 52075 clock ticks)
Increase the size of the arrays if this shows that
you are not getting at least 20 clock ticks per test.
-------------------------------------------------------------
WARNING -- The above is only a rough guideline.
For best results, please be sure you know the
precision of your system timer.
-------------------------------------------------------------
Function    Best Rate  Avg Rate   MB/s  Avg time     Min time     Max time
Copy:           11946.2      11856.8    0.067472    0.066967     0.068228
Scale:          11885.5      11762.7    0.068011    0.067309     0.069592
Add:            13664.2      13592.0    0.088287    0.087821     0.089180
Triad:          13709.0      13650.2    0.087911    0.087534     0.088469
-------------------------------------------------------------
Solution Validates: avg error less than 1.000000e-13 on all three arrays
-------------------------------------------------------------
-------------------------------------------------------------
STREAM version $Revision: 5.10 $
-------------------------------------------------------------
This system uses 8 bytes per array element.
-------------------------------------------------------------
Array size = 50000000 (elements), Offset = 0 (elements)
Memory per array = 381.5 MiB (= 0.4 GiB).
Total memory required = 1144.4 MiB (= 1.1 GiB).
Each kernel will be executed 20 times.
 The *best* time for each kernel (excluding the first iteration)
 will be used to compute the reported bandwidth.
-------------------------------------------------------------
Number of Threads requested = 4
Number of Threads counted = 4
-------------------------------------------------------------
Your clock granularity/precision appears to be 1 microseconds.
Each test below will take on the order of 52951 microseconds.
   (= 52951 clock ticks)
Increase the size of the arrays if this shows that
you are not getting at least 20 clock ticks per test.
-------------------------------------------------------------
WARNING -- The above is only a rough guideline.
For best results, please be sure you know the
precision of your system timer.
-------------------------------------------------------------
Function    Best Rate  Avg Rate   MB/s  Avg time     Min time     Max time
Copy:           11985.6      11893.0    0.067267    0.066747     0.067768
Scale:          11956.2      11813.7    0.067718    0.066911     0.068138
Add:            13731.6      13674.9    0.087752    0.087390     0.088115
Triad:          13784.7      13726.9    0.087420    0.087053     0.087888
-------------------------------------------------------------
Solution Validates: avg error less than 1.000000e-13 on all three arrays
-------------------------------------------------------------
-------------------------------------------------------------
STREAM version $Revision: 5.10 $
-------------------------------------------------------------
This system uses 8 bytes per array element.
-------------------------------------------------------------
Array size = 50000000 (elements), Offset = 0 (elements)
Memory per array = 381.5 MiB (= 0.4 GiB).
Total memory required = 1144.4 MiB (= 1.1 GiB).
Each kernel will be executed 20 times.
 The *best* time for each kernel (excluding the first iteration)
 will be used to compute the reported bandwidth.
-------------------------------------------------------------
Number of Threads requested = 4
Number of Threads counted = 4
-------------------------------------------------------------
Your clock granularity/precision appears to be 1 microseconds.
Each test below will take on the order of 52982 microseconds.
   (= 52982 clock ticks)
Increase the size of the arrays if this shows that
you are not getting at least 20 clock ticks per test.
-------------------------------------------------------------
WARNING -- The above is only a rough guideline.
For best results, please be sure you know the
precision of your system timer.
-------------------------------------------------------------
Function    Best Rate  Avg Rate   MB/s  Avg time     Min time     Max time
Copy:           11913.3      11861.8    0.067443    0.067152     0.068167
Scale:          11870.7      11808.3    0.067749    0.067393     0.068064
Add:            13699.7      13656.6    0.087870    0.087593     0.088378
Triad:          13763.2      13716.3    0.087487    0.087189     0.088070
-------------------------------------------------------------
Solution Validates: avg error less than 1.000000e-13 on all three arrays
-------------------------------------------------------------
-------------------------------------------------------------
STREAM version $Revision: 5.10 $
-------------------------------------------------------------
This system uses 8 bytes per array element.
-------------------------------------------------------------
Array size = 50000000 (elements), Offset = 0 (elements)
Memory per array = 381.5 MiB (= 0.4 GiB).
Total memory required = 1144.4 MiB (= 1.1 GiB).
Each kernel will be executed 20 times.
 The *best* time for each kernel (excluding the first iteration)
 will be used to compute the reported bandwidth.
-------------------------------------------------------------
Number of Threads requested = 4
Number of Threads counted = 4
-------------------------------------------------------------
Your clock granularity/precision appears to be 1 microseconds.
Each test below will take on the order of 53282 microseconds.
   (= 53282 clock ticks)
Increase the size of the arrays if this shows that
you are not getting at least 20 clock ticks per test.
-------------------------------------------------------------
WARNING -- The above is only a rough guideline.
For best results, please be sure you know the
precision of your system timer.
-------------------------------------------------------------
Function    Best Rate  Avg Rate   MB/s  Avg time     Min time     Max time
Copy:           11995.8      11879.2    0.067345    0.066690     0.068069
Scale:          11876.3      11802.0    0.067785    0.067361     0.068305
Add:            13698.8      13656.0    0.087873    0.087599     0.088274
Triad:          13813.3      13715.8    0.087491    0.086873     0.088094
-------------------------------------------------------------
Solution Validates: avg error less than 1.000000e-13 on all three arrays
-------------------------------------------------------------
-------------------------------------------------------------
STREAM version $Revision: 5.10 $
-------------------------------------------------------------
This system uses 8 bytes per array element.
-------------------------------------------------------------
Array size = 50000000 (elements), Offset = 0 (elements)
Memory per array = 381.5 MiB (= 0.4 GiB).
Total memory required = 1144.4 MiB (= 1.1 GiB).
Each kernel will be executed 20 times.
 The *best* time for each kernel (excluding the first iteration)
 will be used to compute the reported bandwidth.
-------------------------------------------------------------
Number of Threads requested = 4
Number of Threads counted = 4
-------------------------------------------------------------
Your clock granularity/precision appears to be 1 microseconds.
Each test below will take on the order of 51781 microseconds.
   (= 51781 clock ticks)
Increase the size of the arrays if this shows that
you are not getting at least 20 clock ticks per test.
-------------------------------------------------------------
WARNING -- The above is only a rough guideline.
For best results, please be sure you know the
precision of your system timer.
-------------------------------------------------------------
Function    Best Rate  Avg Rate   MB/s  Avg time     Min time     Max time
Copy:           11970.8      11879.1    0.067345    0.066829     0.067916
Scale:          11932.5      11829.8    0.067626    0.067044     0.068138
Add:            13736.2      13675.7    0.087747    0.087360     0.088227
Triad:          13808.2      13718.1    0.087476    0.086905     0.088085
-------------------------------------------------------------
Solution Validates: avg error less than 1.000000e-13 on all three arrays
-------------------------------------------------------------
-------------------------------------------------------------
STREAM version $Revision: 5.10 $
-------------------------------------------------------------
This system uses 8 bytes per array element.
-------------------------------------------------------------
Array size = 50000000 (elements), Offset = 0 (elements)
Memory per array = 381.5 MiB (= 0.4 GiB).
Total memory required = 1144.4 MiB (= 1.1 GiB).
Each kernel will be executed 20 times.
 The *best* time for each kernel (excluding the first iteration)
 will be used to compute the reported bandwidth.
-------------------------------------------------------------
Number of Threads requested = 4
Number of Threads counted = 4
-------------------------------------------------------------
Your clock granularity/precision appears to be 1 microseconds.
Each test below will take on the order of 50511 microseconds.
   (= 50511 clock ticks)
Increase the size of the arrays if this shows that
you are not getting at least 20 clock ticks per test.
-------------------------------------------------------------
WARNING -- The above is only a rough guideline.
For best results, please be sure you know the
precision of your system timer.
-------------------------------------------------------------
Function    Best Rate  Avg Rate   MB/s  Avg time     Min time     Max time
Copy:           11943.2      11865.6    0.067422    0.066984     0.068044
Scale:          11961.2      11803.6    0.067776    0.066883     0.068527
Add:            13722.0      13684.4    0.087691    0.087451     0.088183
Triad:          13813.9      13730.0    0.087400    0.086869     0.088022
-------------------------------------------------------------
Solution Validates: avg error less than 1.000000e-13 on all three arrays
-------------------------------------------------------------
-------------------------------------------------------------
STREAM version $Revision: 5.10 $
-------------------------------------------------------------
This system uses 8 bytes per array element.
-------------------------------------------------------------
Array size = 50000000 (elements), Offset = 0 (elements)
Memory per array = 381.5 MiB (= 0.4 GiB).
Total memory required = 1144.4 MiB (= 1.1 GiB).
Each kernel will be executed 20 times.
 The *best* time for each kernel (excluding the first iteration)
 will be used to compute the reported bandwidth.
-------------------------------------------------------------
Number of Threads requested = 4
Number of Threads counted = 4
-------------------------------------------------------------
Your clock granularity/precision appears to be 1 microseconds.
Each test below will take on the order of 50667 microseconds.
   (= 50667 clock ticks)
Increase the size of the arrays if this shows that
you are not getting at least 20 clock ticks per test.
-------------------------------------------------------------
WARNING -- The above is only a rough guideline.
For best results, please be sure you know the
precision of your system timer.
-------------------------------------------------------------
Function    Best Rate  Avg Rate   MB/s  Avg time     Min time     Max time
Copy:           11951.7      11883.8    0.067318    0.066936     0.067841
Scale:          11880.6      11806.3    0.067760    0.067337     0.068144
Add:            13723.8      13669.1    0.087789    0.087439     0.088379
Triad:          13781.1      13711.8    0.087516    0.087076     0.088082
-------------------------------------------------------------
Solution Validates: avg error less than 1.000000e-13 on all three arrays
-------------------------------------------------------------
-------------------------------------------------------------
STREAM version $Revision: 5.10 $
-------------------------------------------------------------
This system uses 8 bytes per array element.
-------------------------------------------------------------
Array size = 50000000 (elements), Offset = 0 (elements)
Memory per array = 381.5 MiB (= 0.4 GiB).
Total memory required = 1144.4 MiB (= 1.1 GiB).
Each kernel will be executed 20 times.
 The *best* time for each kernel (excluding the first iteration)
 will be used to compute the reported bandwidth.
-------------------------------------------------------------
Number of Threads requested = 4
Number of Threads counted = 4
-------------------------------------------------------------
Your clock granularity/precision appears to be 1 microseconds.
Each test below will take on the order of 50594 microseconds.
   (= 50594 clock ticks)
Increase the size of the arrays if this shows that
you are not getting at least 20 clock ticks per test.
-------------------------------------------------------------
WARNING -- The above is only a rough guideline.
For best results, please be sure you know the
precision of your system timer.
-------------------------------------------------------------
Function    Best Rate  Avg Rate   MB/s  Avg time     Min time     Max time
Copy:           11940.7      11883.6    0.067320    0.066998     0.068005
Scale:          11866.1      11806.3    0.067760    0.067419     0.068803
Add:            13709.0      13677.3    0.087736    0.087534     0.088346
Triad:          13772.7      13726.0    0.087425    0.087129     0.087968
-------------------------------------------------------------
Solution Validates: avg error less than 1.000000e-13 on all three arrays
-------------------------------------------------------------
-------------------------------------------------------------
STREAM version $Revision: 5.10 $
-------------------------------------------------------------
This system uses 8 bytes per array element.
-------------------------------------------------------------
Array size = 50000000 (elements), Offset = 0 (elements)
Memory per array = 381.5 MiB (= 0.4 GiB).
Total memory required = 1144.4 MiB (= 1.1 GiB).
Each kernel will be executed 20 times.
 The *best* time for each kernel (excluding the first iteration)
 will be used to compute the reported bandwidth.
-------------------------------------------------------------
Number of Threads requested = 4
Number of Threads counted = 4
-------------------------------------------------------------
Your clock granularity/precision appears to be 1 microseconds.
Each test below will take on the order of 50668 microseconds.
   (= 50668 clock ticks)
Increase the size of the arrays if this shows that
you are not getting at least 20 clock ticks per test.
-------------------------------------------------------------
WARNING -- The above is only a rough guideline.
For best results, please be sure you know the
precision of your system timer.
-------------------------------------------------------------
Function    Best Rate  Avg Rate   MB/s  Avg time     Min time     Max time
Copy:           11923.7      11866.5    0.067417    0.067093     0.068045
Scale:          11902.3      11818.8    0.067689    0.067214     0.068752
Add:            13702.8      13660.4    0.087845    0.087573     0.088246
Triad:          13769.0      13717.0    0.087483    0.087152     0.088000
-------------------------------------------------------------
Solution Validates: avg error less than 1.000000e-13 on all three arrays
-------------------------------------------------------------
-------------------------------------------------------------
STREAM version $Revision: 5.10 $
-------------------------------------------------------------
This system uses 8 bytes per array element.
-------------------------------------------------------------
Array size = 50000000 (elements), Offset = 0 (elements)
Memory per array = 381.5 MiB (= 0.4 GiB).
Total memory required = 1144.4 MiB (= 1.1 GiB).
Each kernel will be executed 20 times.
 The *best* time for each kernel (excluding the first iteration)
 will be used to compute the reported bandwidth.
-------------------------------------------------------------
Number of Threads requested = 4
Number of Threads counted = 4
-------------------------------------------------------------
Your clock granularity/precision appears to be 1 microseconds.
Each test below will take on the order of 50734 microseconds.
   (= 50734 clock ticks)
Increase the size of the arrays if this shows that
you are not getting at least 20 clock ticks per test.
-------------------------------------------------------------
WARNING -- The above is only a rough guideline.
For best results, please be sure you know the
precision of your system timer.
-------------------------------------------------------------
Function    Best Rate  Avg Rate   MB/s  Avg time     Min time     Max time
Copy:           11939.2      11853.8    0.067489    0.067006     0.067971
Scale:          11897.3      11794.1    0.067831    0.067242     0.069000
Add:            13692.4      13612.1    0.088157    0.087640     0.088630
Triad:          13752.3      13660.7    0.087843    0.087258     0.088842
-------------------------------------------------------------
Solution Validates: avg error less than 1.000000e-13 on all three arrays
-------------------------------------------------------------
-------------------------------------------------------------
STREAM version $Revision: 5.10 $
-------------------------------------------------------------
This system uses 8 bytes per array element.
-------------------------------------------------------------
Array size = 50000000 (elements), Offset = 0 (elements)
Memory per array = 381.5 MiB (= 0.4 GiB).
Total memory required = 1144.4 MiB (= 1.1 GiB).
Each kernel will be executed 20 times.
 The *best* time for each kernel (excluding the first iteration)
 will be used to compute the reported bandwidth.
-------------------------------------------------------------
Number of Threads requested = 4
Number of Threads counted = 4
-------------------------------------------------------------
Your clock granularity/precision appears to be 1 microseconds.
Each test below will take on the order of 50103 microseconds.
   (= 50103 clock ticks)
Increase the size of the arrays if this shows that
you are not getting at least 20 clock ticks per test.
-------------------------------------------------------------
WARNING -- The above is only a rough guideline.
For best results, please be sure you know the
precision of your system timer.
-------------------------------------------------------------
Function    Best Rate  Avg Rate   MB/s  Avg time     Min time     Max time
Copy:           11923.2      11862.1    0.067441    0.067096     0.068076
Scale:          11835.4      11770.7    0.067966    0.067594     0.068999
Add:            13714.3      13670.1    0.087783    0.087500     0.088315
Triad:          13775.7      13720.6    0.087460    0.087110     0.087965
-------------------------------------------------------------
Solution Validates: avg error less than 1.000000e-13 on all three arrays
-------------------------------------------------------------
-------------------------------------------------------------
STREAM version $Revision: 5.10 $
-------------------------------------------------------------
This system uses 8 bytes per array element.
-------------------------------------------------------------
Array size = 50000000 (elements), Offset = 0 (elements)
Memory per array = 381.5 MiB (= 0.4 GiB).
Total memory required = 1144.4 MiB (= 1.1 GiB).
Each kernel will be executed 20 times.
 The *best* time for each kernel (excluding the first iteration)
 will be used to compute the reported bandwidth.
-------------------------------------------------------------
Number of Threads requested = 4
Number of Threads counted = 4
-------------------------------------------------------------
Your clock granularity/precision appears to be 1 microseconds.
Each test below will take on the order of 50120 microseconds.
   (= 50120 clock ticks)
Increase the size of the arrays if this shows that
you are not getting at least 20 clock ticks per test.
-------------------------------------------------------------
WARNING -- The above is only a rough guideline.
For best results, please be sure you know the
precision of your system timer.
-------------------------------------------------------------
Function    Best Rate  Avg Rate   MB/s  Avg time     Min time     Max time
Copy:           11936.6      11866.0    0.067420    0.067021     0.068079
Scale:          11885.5      11799.8    0.067798    0.067309     0.068326
Add:            13759.4      13651.4    0.087903    0.087213     0.088469
Triad:          13761.6      13713.8    0.087503    0.087199     0.088310
-------------------------------------------------------------
Solution Validates: avg error less than 1.000000e-13 on all three arrays
-------------------------------------------------------------
-------------------------------------------------------------
STREAM version $Revision: 5.10 $
-------------------------------------------------------------
This system uses 8 bytes per array element.
-------------------------------------------------------------
Array size = 50000000 (elements), Offset = 0 (elements)
Memory per array = 381.5 MiB (= 0.4 GiB).
Total memory required = 1144.4 MiB (= 1.1 GiB).
Each kernel will be executed 20 times.
 The *best* time for each kernel (excluding the first iteration)
 will be used to compute the reported bandwidth.
-------------------------------------------------------------
Number of Threads requested = 4
Number of Threads counted = 4
-------------------------------------------------------------
Your clock granularity/precision appears to be 1 microseconds.
Each test below will take on the order of 50621 microseconds.
   (= 50621 clock ticks)
Increase the size of the arrays if this shows that
you are not getting at least 20 clock ticks per test.
-------------------------------------------------------------
WARNING -- The above is only a rough guideline.
For best results, please be sure you know the
precision of your system timer.
-------------------------------------------------------------
Function    Best Rate  Avg Rate   MB/s  Avg time     Min time     Max time
Copy:           11934.4      11883.8    0.067319    0.067033     0.068123
Scale:          11881.1      11806.7    0.067758    0.067334     0.068421
Add:            13722.3      13653.7    0.087888    0.087449     0.089267
Triad:          13756.4      13715.8    0.087490    0.087232     0.088231
-------------------------------------------------------------
Solution Validates: avg error less than 1.000000e-13 on all three arrays
-------------------------------------------------------------
-------------------------------------------------------------
STREAM version $Revision: 5.10 $
-------------------------------------------------------------
This system uses 8 bytes per array element.
-------------------------------------------------------------
Array size = 50000000 (elements), Offset = 0 (elements)
Memory per array = 381.5 MiB (= 0.4 GiB).
Total memory required = 1144.4 MiB (= 1.1 GiB).
Each kernel will be executed 20 times.
 The *best* time for each kernel (excluding the first iteration)
 will be used to compute the reported bandwidth.
-------------------------------------------------------------
Number of Threads requested = 4
Number of Threads counted = 4
-------------------------------------------------------------
Your clock granularity/precision appears to be 1 microseconds.
Each test below will take on the order of 50343 microseconds.
   (= 50343 clock ticks)
Increase the size of the arrays if this shows that
you are not getting at least 20 clock ticks per test.
-------------------------------------------------------------
WARNING -- The above is only a rough guideline.
For best results, please be sure you know the
precision of your system timer.
-------------------------------------------------------------
Function    Best Rate  Avg Rate   MB/s  Avg time     Min time     Max time
Copy:           11960.8      11866.5    0.067417    0.066885     0.068032
Scale:          11903.3      11820.2    0.067681    0.067208     0.068227
Add:            13743.7      13659.7    0.087850    0.087313     0.088590
Triad:          13799.1      13726.7    0.087421    0.086962     0.088162
-------------------------------------------------------------
Solution Validates: avg error less than 1.000000e-13 on all three arrays
-------------------------------------------------------------
-------------------------------------------------------------
STREAM version $Revision: 5.10 $
-------------------------------------------------------------
This system uses 8 bytes per array element.
-------------------------------------------------------------
Array size = 50000000 (elements), Offset = 0 (elements)
Memory per array = 381.5 MiB (= 0.4 GiB).
Total memory required = 1144.4 MiB (= 1.1 GiB).
Each kernel will be executed 20 times.
 The *best* time for each kernel (excluding the first iteration)
 will be used to compute the reported bandwidth.
-------------------------------------------------------------
Number of Threads requested = 4
Number of Threads counted = 4
-------------------------------------------------------------
Your clock granularity/precision appears to be 1 microseconds.
Each test below will take on the order of 50076 microseconds.
   (= 50076 clock ticks)
Increase the size of the arrays if this shows that
you are not getting at least 20 clock ticks per test.
-------------------------------------------------------------
WARNING -- The above is only a rough guideline.
For best results, please be sure you know the
precision of your system timer.
-------------------------------------------------------------
Function    Best Rate  Avg Rate   MB/s  Avg time     Min time     Max time
Copy:           11949.9      11882.4    0.067326    0.066946     0.067844
Scale:          11879.0      11812.5    0.067725    0.067346     0.068464
Add:            13685.0      13649.5    0.087915    0.087687     0.088302
Triad:          13742.4      13703.5    0.087569    0.087321     0.088052
-------------------------------------------------------------
Solution Validates: avg error less than 1.000000e-13 on all three arrays
-------------------------------------------------------------
-------------------------------------------------------------
STREAM version $Revision: 5.10 $
-------------------------------------------------------------
This system uses 8 bytes per array element.
-------------------------------------------------------------
Array size = 50000000 (elements), Offset = 0 (elements)
Memory per array = 381.5 MiB (= 0.4 GiB).
Total memory required = 1144.4 MiB (= 1.1 GiB).
Each kernel will be executed 20 times.
 The *best* time for each kernel (excluding the first iteration)
 will be used to compute the reported bandwidth.
-------------------------------------------------------------
Number of Threads requested = 4
Number of Threads counted = 4
-------------------------------------------------------------
Your clock granularity/precision appears to be 1 microseconds.
Each test below will take on the order of 50068 microseconds.
   (= 50068 clock ticks)
Increase the size of the arrays if this shows that
you are not getting at least 20 clock ticks per test.
-------------------------------------------------------------
WARNING -- The above is only a rough guideline.
For best results, please be sure you know the
precision of your system timer.
-------------------------------------------------------------
Function    Best Rate  Avg Rate   MB/s  Avg time     Min time     Max time
Copy:           11962.4      11881.5    0.067332    0.066876     0.068094
Scale:          11892.2      11828.2    0.067635    0.067271     0.068577
Add:            13732.3      13678.8    0.087727    0.087385     0.088052
Triad:          13777.0      13723.3    0.087443    0.087102     0.087892
-------------------------------------------------------------
Solution Validates: avg error less than 1.000000e-13 on all three arrays
-------------------------------------------------------------
-------------------------------------------------------------
STREAM version $Revision: 5.10 $
-------------------------------------------------------------
This system uses 8 bytes per array element.
-------------------------------------------------------------
Array size = 50000000 (elements), Offset = 0 (elements)
Memory per array = 381.5 MiB (= 0.4 GiB).
Total memory required = 1144.4 MiB (= 1.1 GiB).
Each kernel will be executed 20 times.
 The *best* time for each kernel (excluding the first iteration)
 will be used to compute the reported bandwidth.
-------------------------------------------------------------
Number of Threads requested = 4
Number of Threads counted = 4
-------------------------------------------------------------
Your clock granularity/precision appears to be 1 microseconds.
Each test below will take on the order of 50076 microseconds.
   (= 50076 clock ticks)
Increase the size of the arrays if this shows that
you are not getting at least 20 clock ticks per test.
-------------------------------------------------------------
WARNING -- The above is only a rough guideline.
For best results, please be sure you know the
precision of your system timer.
-------------------------------------------------------------
Function    Best Rate  Avg Rate   MB/s  Avg time     Min time     Max time
Copy:           11926.4      11877.5    0.067354    0.067078     0.067966
Scale:          11885.5      11820.1    0.067681    0.067309     0.068259
Add:            13686.7      13649.1    0.087918    0.087676     0.088352
Triad:          13770.1      13706.1    0.087552    0.087145     0.088061
-------------------------------------------------------------
Solution Validates: avg error less than 1.000000e-13 on all three arrays
-------------------------------------------------------------
-------------------------------------------------------------
STREAM version $Revision: 5.10 $
-------------------------------------------------------------
This system uses 8 bytes per array element.
-------------------------------------------------------------
Array size = 50000000 (elements), Offset = 0 (elements)
Memory per array = 381.5 MiB (= 0.4 GiB).
Total memory required = 1144.4 MiB (= 1.1 GiB).
Each kernel will be executed 20 times.
 The *best* time for each kernel (excluding the first iteration)
 will be used to compute the reported bandwidth.
-------------------------------------------------------------
Number of Threads requested = 4
Number of Threads counted = 4
-------------------------------------------------------------
Your clock granularity/precision appears to be 1 microseconds.
Each test below will take on the order of 52659 microseconds.
   (= 52659 clock ticks)
Increase the size of the arrays if this shows that
you are not getting at least 20 clock ticks per test.
-------------------------------------------------------------
WARNING -- The above is only a rough guideline.
For best results, please be sure you know the
precision of your system timer.
-------------------------------------------------------------
Function    Best Rate  Avg Rate   MB/s  Avg time     Min time     Max time
Copy:           11956.9      11851.3    0.067503    0.066907     0.068175
Scale:          11923.4      11790.2    0.067853    0.067095     0.068589
Add:            13694.1      13625.6    0.088069    0.087629     0.088421
Triad:          13729.8      13670.6    0.087780    0.087401     0.088653
-------------------------------------------------------------
Solution Validates: avg error less than 1.000000e-13 on all three arrays
-------------------------------------------------------------
-------------------------------------------------------------
STREAM version $Revision: 5.10 $
-------------------------------------------------------------
This system uses 8 bytes per array element.
-------------------------------------------------------------
Array size = 50000000 (elements), Offset = 0 (elements)
Memory per array = 381.5 MiB (= 0.4 GiB).
Total memory required = 1144.4 MiB (= 1.1 GiB).
Each kernel will be executed 20 times.
 The *best* time for each kernel (excluding the first iteration)
 will be used to compute the reported bandwidth.
-------------------------------------------------------------
Number of Threads requested = 4
Number of Threads counted = 4
-------------------------------------------------------------
Your clock granularity/precision appears to be 1 microseconds.
Each test below will take on the order of 50579 microseconds.
   (= 50579 clock ticks)
Increase the size of the arrays if this shows that
you are not getting at least 20 clock ticks per test.
-------------------------------------------------------------
WARNING -- The above is only a rough guideline.
For best results, please be sure you know the
precision of your system timer.
-------------------------------------------------------------
Function    Best Rate  Avg Rate   MB/s  Avg time     Min time     Max time
Copy:           11992.7      11877.5    0.067354    0.066707     0.068002
Scale:          11955.5      11820.0    0.067682    0.066915     0.068932
Add:            13728.3      13647.7    0.087927    0.087411     0.088447
Triad:          13887.9      13707.1    0.087546    0.086406     0.088125
-------------------------------------------------------------
Solution Validates: avg error less than 1.000000e-13 on all three arrays
-------------------------------------------------------------
-------------------------------------------------------------
STREAM version $Revision: 5.10 $
-------------------------------------------------------------
This system uses 8 bytes per array element.
-------------------------------------------------------------
Array size = 50000000 (elements), Offset = 0 (elements)
Memory per array = 381.5 MiB (= 0.4 GiB).
Total memory required = 1144.4 MiB (= 1.1 GiB).
Each kernel will be executed 20 times.
 The *best* time for each kernel (excluding the first iteration)
 will be used to compute the reported bandwidth.
-------------------------------------------------------------
Number of Threads requested = 4
Number of Threads counted = 4
-------------------------------------------------------------
Your clock granularity/precision appears to be 1 microseconds.
Each test below will take on the order of 52778 microseconds.
   (= 52778 clock ticks)
Increase the size of the arrays if this shows that
you are not getting at least 20 clock ticks per test.
-------------------------------------------------------------
WARNING -- The above is only a rough guideline.
For best results, please be sure you know the
precision of your system timer.
-------------------------------------------------------------
Function    Best Rate  Avg Rate   MB/s  Avg time     Min time     Max time
Copy:           12029.2      11886.6    0.067303    0.066505     0.067796
Scale:          11974.6      11810.1    0.067739    0.066808     0.068787
Add:            13688.0      13647.0    0.087931    0.087668     0.088204
Triad:          13789.0      13685.6    0.087683    0.087026     0.088211
-------------------------------------------------------------
Solution Validates: avg error less than 1.000000e-13 on all three arrays
-------------------------------------------------------------
-------------------------------------------------------------
STREAM version $Revision: 5.10 $
-------------------------------------------------------------
This system uses 8 bytes per array element.
-------------------------------------------------------------
Array size = 50000000 (elements), Offset = 0 (elements)
Memory per array = 381.5 MiB (= 0.4 GiB).
Total memory required = 1144.4 MiB (= 1.1 GiB).
Each kernel will be executed 20 times.
 The *best* time for each kernel (excluding the first iteration)
 will be used to compute the reported bandwidth.
-------------------------------------------------------------
Number of Threads requested = 4
Number of Threads counted = 4
-------------------------------------------------------------
Your clock granularity/precision appears to be 1 microseconds.
Each test below will take on the order of 52714 microseconds.
   (= 52714 clock ticks)
Increase the size of the arrays if this shows that
you are not getting at least 20 clock ticks per test.
-------------------------------------------------------------
WARNING -- The above is only a rough guideline.
For best results, please be sure you know the
precision of your system timer.
-------------------------------------------------------------
Function    Best Rate  Avg Rate   MB/s  Avg time     Min time     Max time
Copy:           11974.2      11857.2    0.067469    0.066810     0.068061
Scale:          11899.5      11792.9    0.067837    0.067230     0.069255
Add:            13693.9      13630.1    0.088041    0.087630     0.088523
Triad:          13761.6      13674.9    0.087752    0.087199     0.088613
-------------------------------------------------------------
Solution Validates: avg error less than 1.000000e-13 on all three arrays
-------------------------------------------------------------
-------------------------------------------------------------
STREAM version $Revision: 5.10 $
-------------------------------------------------------------
This system uses 8 bytes per array element.
-------------------------------------------------------------
Array size = 50000000 (elements), Offset = 0 (elements)
Memory per array = 381.5 MiB (= 0.4 GiB).
Total memory required = 1144.4 MiB (= 1.1 GiB).
Each kernel will be executed 20 times.
 The *best* time for each kernel (excluding the first iteration)
 will be used to compute the reported bandwidth.
-------------------------------------------------------------
Number of Threads requested = 4
Number of Threads counted = 4
-------------------------------------------------------------
Your clock granularity/precision appears to be 1 microseconds.
Each test below will take on the order of 50806 microseconds.
   (= 50806 clock ticks)
Increase the size of the arrays if this shows that
you are not getting at least 20 clock ticks per test.
-------------------------------------------------------------
WARNING -- The above is only a rough guideline.
For best results, please be sure you know the
precision of your system timer.
-------------------------------------------------------------
Function    Best Rate  Avg Rate   MB/s  Avg time     Min time     Max time
Copy:           11931.6      11826.4    0.067645    0.067049     0.068415
Scale:          12007.5      11777.1    0.067928    0.066625     0.069011
Add:            13639.9      13576.2    0.088390    0.087977     0.089178
Triad:          13689.1      13637.8    0.087991    0.087661     0.088469
-------------------------------------------------------------
Solution Validates: avg error less than 1.000000e-13 on all three arrays
-------------------------------------------------------------
-------------------------------------------------------------
STREAM version $Revision: 5.10 $
-------------------------------------------------------------
This system uses 8 bytes per array element.
-------------------------------------------------------------
Array size = 50000000 (elements), Offset = 0 (elements)
Memory per array = 381.5 MiB (= 0.4 GiB).
Total memory required = 1144.4 MiB (= 1.1 GiB).
Each kernel will be executed 20 times.
 The *best* time for each kernel (excluding the first iteration)
 will be used to compute the reported bandwidth.
-------------------------------------------------------------
Number of Threads requested = 4
Number of Threads counted = 4
-------------------------------------------------------------
Your clock granularity/precision appears to be 1 microseconds.
Each test below will take on the order of 50682 microseconds.
   (= 50682 clock ticks)
Increase the size of the arrays if this shows that
you are not getting at least 20 clock ticks per test.
-------------------------------------------------------------
WARNING -- The above is only a rough guideline.
For best results, please be sure you know the
precision of your system timer.
-------------------------------------------------------------
Function    Best Rate  Avg Rate   MB/s  Avg time     Min time     Max time
Copy:           11959.7      11877.0    0.067357    0.066891     0.067750
Scale:          11858.0      11778.7    0.067919    0.067465     0.069511
Add:            13754.1      13619.2    0.088111    0.087247     0.092945
Triad:          13808.5      13698.3    0.087602    0.086903     0.088467
-------------------------------------------------------------
Solution Validates: avg error less than 1.000000e-13 on all three arrays
-------------------------------------------------------------
-------------------------------------------------------------
STREAM version $Revision: 5.10 $
-------------------------------------------------------------
This system uses 8 bytes per array element.
-------------------------------------------------------------
Array size = 50000000 (elements), Offset = 0 (elements)
Memory per array = 381.5 MiB (= 0.4 GiB).
Total memory required = 1144.4 MiB (= 1.1 GiB).
Each kernel will be executed 20 times.
 The *best* time for each kernel (excluding the first iteration)
 will be used to compute the reported bandwidth.
-------------------------------------------------------------
Number of Threads requested = 4
Number of Threads counted = 4
-------------------------------------------------------------
Your clock granularity/precision appears to be 1 microseconds.
Each test below will take on the order of 51076 microseconds.
   (= 51076 clock ticks)
Increase the size of the arrays if this shows that
you are not getting at least 20 clock ticks per test.
-------------------------------------------------------------
WARNING -- The above is only a rough guideline.
For best results, please be sure you know the
precision of your system timer.
-------------------------------------------------------------
Function    Best Rate  Avg Rate   MB/s  Avg time     Min time     Max time
Copy:           11934.2      11850.9    0.067506    0.067034     0.068076
Scale:          11893.3      11788.7    0.067862    0.067265     0.068112
Add:            13698.2      13648.4    0.087922    0.087603     0.089008
Triad:          13752.6      13707.3    0.087544    0.087256     0.088192
-------------------------------------------------------------
Solution Validates: avg error less than 1.000000e-13 on all three arrays
-------------------------------------------------------------
-------------------------------------------------------------
STREAM version $Revision: 5.10 $
-------------------------------------------------------------
This system uses 8 bytes per array element.
-------------------------------------------------------------
Array size = 50000000 (elements), Offset = 0 (elements)
Memory per array = 381.5 MiB (= 0.4 GiB).
Total memory required = 1144.4 MiB (= 1.1 GiB).
Each kernel will be executed 20 times.
 The *best* time for each kernel (excluding the first iteration)
 will be used to compute the reported bandwidth.
-------------------------------------------------------------
Number of Threads requested = 4
Number of Threads counted = 4
-------------------------------------------------------------
Your clock granularity/precision appears to be 1 microseconds.
Each test below will take on the order of 50464 microseconds.
   (= 50464 clock ticks)
Increase the size of the arrays if this shows that
you are not getting at least 20 clock ticks per test.
-------------------------------------------------------------
WARNING -- The above is only a rough guideline.
For best results, please be sure you know the
precision of your system timer.
-------------------------------------------------------------
Function    Best Rate  Avg Rate   MB/s  Avg time     Min time     Max time
Copy:           11951.2      11818.0    0.067693    0.066939     0.068238
Scale:          11829.9      11748.0    0.068097    0.067625     0.068857
Add:            13653.4      13608.7    0.088179    0.087890     0.089797
Triad:          13787.2      13675.4    0.087749    0.087037     0.088246
-------------------------------------------------------------
Solution Validates: avg error less than 1.000000e-13 on all three arrays
-------------------------------------------------------------
-------------------------------------------------------------
STREAM version $Revision: 5.10 $
-------------------------------------------------------------
This system uses 8 bytes per array element.
-------------------------------------------------------------
Array size = 50000000 (elements), Offset = 0 (elements)
Memory per array = 381.5 MiB (= 0.4 GiB).
Total memory required = 1144.4 MiB (= 1.1 GiB).
Each kernel will be executed 20 times.
 The *best* time for each kernel (excluding the first iteration)
 will be used to compute the reported bandwidth.
-------------------------------------------------------------
Number of Threads requested = 4
Number of Threads counted = 4
-------------------------------------------------------------
Your clock granularity/precision appears to be 1 microseconds.
Each test below will take on the order of 50848 microseconds.
   (= 50848 clock ticks)
Increase the size of the arrays if this shows that
you are not getting at least 20 clock ticks per test.
-------------------------------------------------------------
WARNING -- The above is only a rough guideline.
For best results, please be sure you know the
precision of your system timer.
-------------------------------------------------------------
Function    Best Rate  Avg Rate   MB/s  Avg time     Min time     Max time
Copy:           11918.4      11832.0    0.067614    0.067123     0.068115
Scale:          11800.5      11764.5    0.068001    0.067794     0.068362
Add:            13712.7      13645.3    0.087943    0.087510     0.088519
Triad:          13753.2      13690.8    0.087650    0.087252     0.089037
-------------------------------------------------------------
Solution Validates: avg error less than 1.000000e-13 on all three arrays
-------------------------------------------------------------
-------------------------------------------------------------
STREAM version $Revision: 5.10 $
-------------------------------------------------------------
This system uses 8 bytes per array element.
-------------------------------------------------------------
Array size = 50000000 (elements), Offset = 0 (elements)
Memory per array = 381.5 MiB (= 0.4 GiB).
Total memory required = 1144.4 MiB (= 1.1 GiB).
Each kernel will be executed 20 times.
 The *best* time for each kernel (excluding the first iteration)
 will be used to compute the reported bandwidth.
-------------------------------------------------------------
Number of Threads requested = 4
Number of Threads counted = 4
-------------------------------------------------------------
Your clock granularity/precision appears to be 1 microseconds.
Each test below will take on the order of 50505 microseconds.
   (= 50505 clock ticks)
Increase the size of the arrays if this shows that
you are not getting at least 20 clock ticks per test.
-------------------------------------------------------------
WARNING -- The above is only a rough guideline.
For best results, please be sure you know the
precision of your system timer.
-------------------------------------------------------------
Function    Best Rate  Avg Rate   MB/s  Avg time     Min time     Max time
Copy:           12052.2      11841.8    0.067557    0.066378     0.068282
Scale:          11839.2      11768.7    0.067977    0.067572     0.068498
Add:            13714.6      13641.0    0.087970    0.087498     0.088148
Triad:          13741.6      13671.3    0.087775    0.087326     0.088218
-------------------------------------------------------------
Solution Validates: avg error less than 1.000000e-13 on all three arrays
-------------------------------------------------------------
-------------------------------------------------------------
STREAM version $Revision: 5.10 $
-------------------------------------------------------------
This system uses 8 bytes per array element.
-------------------------------------------------------------
Array size = 50000000 (elements), Offset = 0 (elements)
Memory per array = 381.5 MiB (= 0.4 GiB).
Total memory required = 1144.4 MiB (= 1.1 GiB).
Each kernel will be executed 20 times.
 The *best* time for each kernel (excluding the first iteration)
 will be used to compute the reported bandwidth.
-------------------------------------------------------------
Number of Threads requested = 4
Number of Threads counted = 4
-------------------------------------------------------------
Your clock granularity/precision appears to be 1 microseconds.
Each test below will take on the order of 50789 microseconds.
   (= 50789 clock ticks)
Increase the size of the arrays if this shows that
you are not getting at least 20 clock ticks per test.
-------------------------------------------------------------
WARNING -- The above is only a rough guideline.
For best results, please be sure you know the
precision of your system timer.
-------------------------------------------------------------
Function    Best Rate  Avg Rate   MB/s  Avg time     Min time     Max time
Copy:           11968.9      11878.8    0.067347    0.066840     0.068297
Scale:          11909.0      11838.7    0.067575    0.067176     0.068245
Add:            13737.1      13651.6    0.087902    0.087355     0.088782
Triad:          13787.5      13724.6    0.087434    0.087035     0.087986
-------------------------------------------------------------
Solution Validates: avg error less than 1.000000e-13 on all three arrays
-------------------------------------------------------------
-------------------------------------------------------------
STREAM version $Revision: 5.10 $
-------------------------------------------------------------
This system uses 8 bytes per array element.
-------------------------------------------------------------
Array size = 50000000 (elements), Offset = 0 (elements)
Memory per array = 381.5 MiB (= 0.4 GiB).
Total memory required = 1144.4 MiB (= 1.1 GiB).
Each kernel will be executed 20 times.
 The *best* time for each kernel (excluding the first iteration)
 will be used to compute the reported bandwidth.
-------------------------------------------------------------
Number of Threads requested = 4
Number of Threads counted = 4
-------------------------------------------------------------
Your clock granularity/precision appears to be 1 microseconds.
Each test below will take on the order of 51095 microseconds.
   (= 51095 clock ticks)
Increase the size of the arrays if this shows that
you are not getting at least 20 clock ticks per test.
-------------------------------------------------------------
WARNING -- The above is only a rough guideline.
For best results, please be sure you know the
precision of your system timer.
-------------------------------------------------------------
Function    Best Rate  Avg Rate   MB/s  Avg time     Min time     Max time
Copy:           12089.7      11869.9    0.067397    0.066172     0.068221
Scale:          12047.5      11824.3    0.067657    0.066404     0.068339
Add:            13861.2      13662.5    0.087831    0.086573     0.088126
Triad:          13869.6      13698.6    0.087600    0.086520     0.089177
-------------------------------------------------------------
Solution Validates: avg error less than 1.000000e-13 on all three arrays
-------------------------------------------------------------
-------------------------------------------------------------
STREAM version $Revision: 5.10 $
-------------------------------------------------------------
This system uses 8 bytes per array element.
-------------------------------------------------------------
Array size = 50000000 (elements), Offset = 0 (elements)
Memory per array = 381.5 MiB (= 0.4 GiB).
Total memory required = 1144.4 MiB (= 1.1 GiB).
Each kernel will be executed 20 times.
 The *best* time for each kernel (excluding the first iteration)
 will be used to compute the reported bandwidth.
-------------------------------------------------------------
Number of Threads requested = 4
Number of Threads counted = 4
-------------------------------------------------------------
Your clock granularity/precision appears to be 1 microseconds.
Each test below will take on the order of 50433 microseconds.
   (= 50433 clock ticks)
Increase the size of the arrays if this shows that
you are not getting at least 20 clock ticks per test.
-------------------------------------------------------------
WARNING -- The above is only a rough guideline.
For best results, please be sure you know the
precision of your system timer.
-------------------------------------------------------------
Function    Best Rate  Avg Rate   MB/s  Avg time     Min time     Max time
Copy:           11936.5      11860.4    0.067451    0.067021     0.068054
Scale:          11933.3      11823.7    0.067661    0.067039     0.068091
Add:            13713.3      13643.8    0.087952    0.087506     0.088460
Triad:          13783.4      13699.8    0.087593    0.087061     0.088074
-------------------------------------------------------------
Solution Validates: avg error less than 1.000000e-13 on all three arrays
-------------------------------------------------------------
-------------------------------------------------------------
STREAM version $Revision: 5.10 $
-------------------------------------------------------------
This system uses 8 bytes per array element.
-------------------------------------------------------------
Array size = 50000000 (elements), Offset = 0 (elements)
Memory per array = 381.5 MiB (= 0.4 GiB).
Total memory required = 1144.4 MiB (= 1.1 GiB).
Each kernel will be executed 20 times.
 The *best* time for each kernel (excluding the first iteration)
 will be used to compute the reported bandwidth.
-------------------------------------------------------------
Number of Threads requested = 4
Number of Threads counted = 4
-------------------------------------------------------------
Your clock granularity/precision appears to be 1 microseconds.
Each test below will take on the order of 50358 microseconds.
   (= 50358 clock ticks)
Increase the size of the arrays if this shows that
you are not getting at least 20 clock ticks per test.
-------------------------------------------------------------
WARNING -- The above is only a rough guideline.
For best results, please be sure you know the
precision of your system timer.
-------------------------------------------------------------
Function    Best Rate  Avg Rate   MB/s  Avg time     Min time     Max time
Copy:           11917.4      11871.1    0.067391    0.067129     0.068178
Scale:          11870.1      11821.5    0.067673    0.067396     0.068683
Add:            13701.0      13645.7    0.087940    0.087585     0.088521
Triad:          13749.8      13693.7    0.087631    0.087274     0.088138
-------------------------------------------------------------
Solution Validates: avg error less than 1.000000e-13 on all three arrays
-------------------------------------------------------------
-------------------------------------------------------------
STREAM version $Revision: 5.10 $
-------------------------------------------------------------
This system uses 8 bytes per array element.
-------------------------------------------------------------
Array size = 50000000 (elements), Offset = 0 (elements)
Memory per array = 381.5 MiB (= 0.4 GiB).
Total memory required = 1144.4 MiB (= 1.1 GiB).
Each kernel will be executed 20 times.
 The *best* time for each kernel (excluding the first iteration)
 will be used to compute the reported bandwidth.
-------------------------------------------------------------
Number of Threads requested = 4
Number of Threads counted = 4
-------------------------------------------------------------
Your clock granularity/precision appears to be 1 microseconds.
Each test below will take on the order of 50597 microseconds.
   (= 50597 clock ticks)
Increase the size of the arrays if this shows that
you are not getting at least 20 clock ticks per test.
-------------------------------------------------------------
WARNING -- The above is only a rough guideline.
For best results, please be sure you know the
precision of your system timer.
-------------------------------------------------------------
Function    Best Rate  Avg Rate   MB/s  Avg time     Min time     Max time
Copy:           11902.5      11856.4    0.067474    0.067213     0.068187
Scale:          11861.3      11786.0    0.067877    0.067446     0.068955
Add:            13698.3      13662.3    0.087833    0.087602     0.088681
Triad:          13764.2      13728.1    0.087412    0.087183     0.088117
-------------------------------------------------------------
Solution Validates: avg error less than 1.000000e-13 on all three arrays
-------------------------------------------------------------
stream_d0 execution ended: Wed Jan  4 17:00:35 EET 2017
Starting ep.A.g execution: Wed Jan  4 17:00:45 EET 2017


 NAS Parallel Benchmarks 2.3 OpenMP C version - EP Benchmark
 Number of random numbers generated:     536870912
EP Benchmark Results: 
CPU Time =    10.4037
N = 2^   28
No. Gaussian Pairs =       210832767
Sums =    -4.295875165634796e+03    -1.580732573678614e+04
Counts:
  0        98257395
  1        93827014
  2        17611549
  3         1110028
  4           26536
  5             245
  6               0
  7               0
  8               0
  9               0


 EP Benchmark Completed
 Class           =                        A
 Size            =                       29
 Iterations      =                        0
 Threads         =                        4
 Time in seconds =                    10.40
 Mop/s total     =                    51.60
 Operation type  = Random numbers generated
 Verification    =               SUCCESSFUL
 Version         =                      2.3
 Compile date    =              26 Jun 2013

 Compile options:
    CC           = gcc
    CLINK        = gcc
    C_LIB        = (none)
    C_INC        = -I../common 
    CFLAGS       = -Wall -O3 -fopenmp -mcmodel=medium
    CLINKFLAGS   = -lm -lgomp
    RAND         = randdp


 NAS Parallel Benchmarks 2.3 OpenMP C version - EP Benchmark
 Number of random numbers generated:     536870912
EP Benchmark Results: 
CPU Time =    10.3239
N = 2^   28
No. Gaussian Pairs =       210832767
Sums =    -4.295875165634796e+03    -1.580732573678614e+04
Counts:
  0        98257395
  1        93827014
  2        17611549
  3         1110028
  4           26536
  5             245
  6               0
  7               0
  8               0
  9               0


 EP Benchmark Completed
 Class           =                        A
 Size            =                       29
 Iterations      =                        0
 Threads         =                        4
 Time in seconds =                    10.32
 Mop/s total     =                    52.00
 Operation type  = Random numbers generated
 Verification    =               SUCCESSFUL
 Version         =                      2.3
 Compile date    =              26 Jun 2013

 Compile options:
    CC           = gcc
    CLINK        = gcc
    C_LIB        = (none)
    C_INC        = -I../common 
    CFLAGS       = -Wall -O3 -fopenmp -mcmodel=medium
    CLINKFLAGS   = -lm -lgomp
    RAND         = randdp


 NAS Parallel Benchmarks 2.3 OpenMP C version - EP Benchmark
 Number of random numbers generated:     536870912
EP Benchmark Results: 
CPU Time =    10.3366
N = 2^   28
No. Gaussian Pairs =       210832767
Sums =    -4.295875165634796e+03    -1.580732573678614e+04
Counts:
  0        98257395
  1        93827014
  2        17611549
  3         1110028
  4           26536
  5             245
  6               0
  7               0
  8               0
  9               0


 EP Benchmark Completed
 Class           =                        A
 Size            =                       29
 Iterations      =                        0
 Threads         =                        4
 Time in seconds =                    10.34
 Mop/s total     =                    51.94
 Operation type  = Random numbers generated
 Verification    =               SUCCESSFUL
 Version         =                      2.3
 Compile date    =              26 Jun 2013

 Compile options:
    CC           = gcc
    CLINK        = gcc
    C_LIB        = (none)
    C_INC        = -I../common 
    CFLAGS       = -Wall -O3 -fopenmp -mcmodel=medium
    CLINKFLAGS   = -lm -lgomp
    RAND         = randdp


 NAS Parallel Benchmarks 2.3 OpenMP C version - EP Benchmark
 Number of random numbers generated:     536870912
EP Benchmark Results: 
CPU Time =    10.2278
N = 2^   28
No. Gaussian Pairs =       210832767
Sums =    -4.295875165634796e+03    -1.580732573678614e+04
Counts:
  0        98257395
  1        93827014
  2        17611549
  3         1110028
  4           26536
  5             245
  6               0
  7               0
  8               0
  9               0


 EP Benchmark Completed
 Class           =                        A
 Size            =                       29
 Iterations      =                        0
 Threads         =                        4
 Time in seconds =                    10.23
 Mop/s total     =                    52.49
 Operation type  = Random numbers generated
 Verification    =               SUCCESSFUL
 Version         =                      2.3
 Compile date    =              26 Jun 2013

 Compile options:
    CC           = gcc
    CLINK        = gcc
    C_LIB        = (none)
    C_INC        = -I../common 
    CFLAGS       = -Wall -O3 -fopenmp -mcmodel=medium
    CLINKFLAGS   = -lm -lgomp
    RAND         = randdp


 NAS Parallel Benchmarks 2.3 OpenMP C version - EP Benchmark
 Number of random numbers generated:     536870912
EP Benchmark Results: 
CPU Time =    10.2844
N = 2^   28
No. Gaussian Pairs =       210832767
Sums =    -4.295875165634796e+03    -1.580732573678614e+04
Counts:
  0        98257395
  1        93827014
  2        17611549
  3         1110028
  4           26536
  5             245
  6               0
  7               0
  8               0
  9               0


 EP Benchmark Completed
 Class           =                        A
 Size            =                       29
 Iterations      =                        0
 Threads         =                        4
 Time in seconds =                    10.28
 Mop/s total     =                    52.20
 Operation type  = Random numbers generated
 Verification    =               SUCCESSFUL
 Version         =                      2.3
 Compile date    =              26 Jun 2013

 Compile options:
    CC           = gcc
    CLINK        = gcc
    C_LIB        = (none)
    C_INC        = -I../common 
    CFLAGS       = -Wall -O3 -fopenmp -mcmodel=medium
    CLINKFLAGS   = -lm -lgomp
    RAND         = randdp


 NAS Parallel Benchmarks 2.3 OpenMP C version - EP Benchmark
 Number of random numbers generated:     536870912
EP Benchmark Results: 
CPU Time =    10.2982
N = 2^   28
No. Gaussian Pairs =       210832767
Sums =    -4.295875165634796e+03    -1.580732573678614e+04
Counts:
  0        98257395
  1        93827014
  2        17611549
  3         1110028
  4           26536
  5             245
  6               0
  7               0
  8               0
  9               0


 EP Benchmark Completed
 Class           =                        A
 Size            =                       29
 Iterations      =                        0
 Threads         =                        4
 Time in seconds =                    10.30
 Mop/s total     =                    52.13
 Operation type  = Random numbers generated
 Verification    =               SUCCESSFUL
 Version         =                      2.3
 Compile date    =              26 Jun 2013

 Compile options:
    CC           = gcc
    CLINK        = gcc
    C_LIB        = (none)
    C_INC        = -I../common 
    CFLAGS       = -Wall -O3 -fopenmp -mcmodel=medium
    CLINKFLAGS   = -lm -lgomp
    RAND         = randdp


 NAS Parallel Benchmarks 2.3 OpenMP C version - EP Benchmark
 Number of random numbers generated:     536870912
EP Benchmark Results: 
CPU Time =    10.3678
N = 2^   28
No. Gaussian Pairs =       210832767
Sums =    -4.295875165634796e+03    -1.580732573678614e+04
Counts:
  0        98257395
  1        93827014
  2        17611549
  3         1110028
  4           26536
  5             245
  6               0
  7               0
  8               0
  9               0


 EP Benchmark Completed
 Class           =                        A
 Size            =                       29
 Iterations      =                        0
 Threads         =                        4
 Time in seconds =                    10.37
 Mop/s total     =                    51.78
 Operation type  = Random numbers generated
 Verification    =               SUCCESSFUL
 Version         =                      2.3
 Compile date    =              26 Jun 2013

 Compile options:
    CC           = gcc
    CLINK        = gcc
    C_LIB        = (none)
    C_INC        = -I../common 
    CFLAGS       = -Wall -O3 -fopenmp -mcmodel=medium
    CLINKFLAGS   = -lm -lgomp
    RAND         = randdp


 NAS Parallel Benchmarks 2.3 OpenMP C version - EP Benchmark
 Number of random numbers generated:     536870912
EP Benchmark Results: 
CPU Time =    10.3438
N = 2^   28
No. Gaussian Pairs =       210832767
Sums =    -4.295875165634796e+03    -1.580732573678614e+04
Counts:
  0        98257395
  1        93827014
  2        17611549
  3         1110028
  4           26536
