aff-executor-preload.c:affhooks_init()
[H[J[?25l[m[H[J[2;25HGNU GRUB  version 1.99-27+deb7u2

[m[4;2H+--------------------------------------------------------------------------+[5;2H|[5;77H|[6;2H|[6;77H|[7;2H|[7;77H|[8;2H|[8;77H|[9;2H|[9;77H|[10;2H|[10;77H|[11;2H|[11;77H|[12;2H|[12;77H|[13;2H|[13;77H|[14;2H|[14;77H|[15;2H|[15;77H|[16;2H|[16;77H|[17;2H+--------------------------------------------------------------------------+[m[18;2H[m
      Use the ^ and v keys to select which entry is highlighted.      
      Press enter to boot the selected OS, 'e' to edit the commands      
      before booting or 'c' for a command-line.      
      [5;78H [7m[5;3HDebian GNU/Linux, with Linux 3.2.0-4-amd64                               [m [5;76H[m[m[6;3HDebian GNU/Linux, with Linux 3.2.0-4-amd64 (recovery mode)               [m [6;76H[m[m[7;3H                                                                         [m [7;76H[m[m[8;3H                                                                         [m [8;76H[m[m[9;3H                                                                         [m [9;76H[m[m[10;3H                                                                         [m [10;76H[m[m[11;3H                                                                         [m [11;76H[m[m[12;3H                                                                         [m [12;76H[m[m[13;3H                                                                         [m [13;76H[m[m[14;3H                                                                         [m [14;76H[m[m[15;3H                                                                         [m [15;76H[m[m[16;3H                                                                         [m [16;76H[m[16;78H [5;76H[22;1H   The highlighted entry will be executed automatically in 5s.                 [5;76H[22;1H   The highlighted entry will be executed automatically in 4s.                 [5;76H[22;1H   The highlighted entry will be executed automatically in 3s.                 [5;76H[22;1H   The highlighted entry will be executed automatically in 2s.                 [5;76H[22;1H   The highlighted entry will be executed automatically in 1s.                 [5;76H[22;1H   The highlighted entry will be executed automatically in 0s.                 [5;76H[?25h[H[J[H[J  Booting 'Debian GNU/Linux, with Linux 3.2.0-4-amd64'

Loading Linux 3.2.0-4-amd64 ...
Loading initial ramdisk ...
[    0.000000] Initializing cgroup subsys cpuset
[    0.000000] Initializing cgroup subsys cpu
[    0.000000] Linux version 3.2.0-4-amd64 (debian-kernel@lists.debian.org) (gcc version 4.6.3 (Debian 4.6.3-14) ) #1 SMP Debian 3.2.68-1+deb7u3
[    0.000000] Command line: BOOT_IMAGE=/boot/vmlinuz-3.2.0-4-amd64 root=UUID=e35ebd7f-2405-4c97-9c3e-26919d55a9e5 ro console=tty0 console=ttyS0,115200n8
[    0.000000] BIOS-provided physical RAM map:
[    0.000000]  BIOS-e820: 0000000000000000 - 000000000009f400 (usable)
[    0.000000]  BIOS-e820: 000000000009f400 - 00000000000a0000 (reserved)
[    0.000000]  BIOS-e820: 00000000000f0000 - 0000000000100000 (reserved)
[    0.000000]  BIOS-e820: 0000000000100000 - 00000000dfffe000 (usable)
[    0.000000]  BIOS-e820: 00000000dfffe000 - 00000000e0000000 (reserved)
[    0.000000]  BIOS-e820: 00000000feffc000 - 00000000ff000000 (reserved)
[    0.000000]  BIOS-e820: 00000000fffc0000 - 0000000100000000 (reserved)
[    0.000000]  BIOS-e820: 0000000100000000 - 0000000420000000 (usable)
[    0.000000] NX (Execute Disable) protection: active
[    0.000000] SMBIOS 2.4 present.
[    0.000000] No AGP bridge found
[    0.000000] last_pfn = 0x420000 max_arch_pfn = 0x400000000
[    0.000000] PAT not supported by CPU.
[    0.000000] last_pfn = 0xdfffe max_arch_pfn = 0x400000000
[    0.000000] found SMP MP-table at [ffff8800000fdac0] fdac0
[    0.000000] init_memory_mapping: 0000000000000000-00000000dfffe000
[    0.000000] init_memory_mapping: 0000000100000000-0000000420000000
[    0.000000] RAMDISK: 36c6c000 - 3762e000
[    0.000000] ACPI: RSDP 00000000000fd8b0 00014 (v00 BOCHS )
[    0.000000] ACPI: RSDT 00000000dfffe470 00038 (v01 BOCHS  BXPCRSDT 00000001 BXPC 00000001)
[    0.000000] ACPI: FACP 00000000dfffff80 00074 (v01 BOCHS  BXPCFACP 00000001 BXPC 00000001)
[    0.000000] ACPI: DSDT 00000000dfffe4b0 01121 (v01   BXPC   BXDSDT 00000001 INTL 20100528)
[    0.000000] ACPI: FACS 00000000dfffff40 00040
[    0.000000] ACPI: SSDT 00000000dffffd70 001C1 (v01 BOCHS  BXPCSSDT 00000001 BXPC 00000001)
[    0.000000] ACPI: APIC 00000000dffffc70 00090 (v01 BOCHS  BXPCAPIC 00000001 BXPC 00000001)
[    0.000000] ACPI: HPET 00000000dffffc30 00038 (v01 BOCHS  BXPCHPET 00000001 BXPC 00000001)
[    0.000000] ACPI: SSDT 00000000dffff5e0 00644 (v01   BXPC BXSSDTPC 00000001 INTL 20100528)
[    0.000000] No NUMA configuration found
[    0.000000] Faking a node at 0000000000000000-0000000420000000
[    0.000000] Initmem setup node 0 0000000000000000-0000000420000000
[    0.000000]   NODE_DATA [000000041fffb000 - 000000041fffffff]
[    0.000000] kvm-clock: Using msrs 4b564d01 and 4b564d00
[    0.000000] kvm-clock: cpu 0, msr 0:16a8741, boot clock
[    0.000000] Zone PFN ranges:
[    0.000000]   DMA      0x00000010 -> 0x00001000
[    0.000000]   DMA32    0x00001000 -> 0x00100000
[    0.000000]   Normal   0x00100000 -> 0x00420000
[    0.000000] Movable zone start PFN for each node
[    0.000000] early_node_map[3] active PFN ranges
[    0.000000]     0: 0x00000010 -> 0x0000009f
[    0.000000]     0: 0x00000100 -> 0x000dfffe
[    0.000000]     0: 0x00100000 -> 0x00420000
[    0.000000] ACPI: PM-Timer IO Port: 0xb008
[    0.000000] ACPI: LAPIC (acpi_id[0x00] lapic_id[0x00] enabled)
[    0.000000] ACPI: LAPIC (acpi_id[0x01] lapic_id[0x01] enabled)
[    0.000000] ACPI: LAPIC (acpi_id[0x02] lapic_id[0x02] enabled)
[    0.000000] ACPI: LAPIC (acpi_id[0x03] lapic_id[0x03] enabled)
[    0.000000] ACPI: LAPIC_NMI (acpi_id[0xff] dfl dfl lint[0x1])
[    0.000000] ACPI: IOAPIC (id[0x04] address[0xfec00000] gsi_base[0])
[    0.000000] IOAPIC[0]: apic_id 4, version 17, address 0xfec00000, GSI 0-23
[    0.000000] ACPI: INT_SRC_OVR (bus 0 bus_irq 0 global_irq 2 dfl dfl)
[    0.000000] ACPI: INT_SRC_OVR (bus 0 bus_irq 5 global_irq 5 high level)
[    0.000000] ACPI: INT_SRC_OVR (bus 0 bus_irq 9 global_irq 9 high level)
[    0.000000] ACPI: INT_SRC_OVR (bus 0 bus_irq 10 global_irq 10 high level)
[    0.000000] ACPI: INT_SRC_OVR (bus 0 bus_irq 11 global_irq 11 high level)
[    0.000000] Using ACPI (MADT) for SMP configuration information
[    0.000000] ACPI: HPET id: 0x8086a201 base: 0xfed00000
[    0.000000] SMP: Allowing 4 CPUs, 0 hotplug CPUs
[    0.000000] PM: Registered nosave memory: 000000000009f000 - 00000000000a0000
[    0.000000] PM: Registered nosave memory: 00000000000a0000 - 00000000000f0000
[    0.000000] PM: Registered nosave memory: 00000000000f0000 - 0000000000100000
[    0.000000] PM: Registered nosave memory: 00000000dfffe000 - 00000000e0000000
[    0.000000] PM: Registered nosave memory: 00000000e0000000 - 00000000feffc000
[    0.000000] PM: Registered nosave memory: 00000000feffc000 - 00000000ff000000
[    0.000000] PM: Registered nosave memory: 00000000ff000000 - 00000000fffc0000
[    0.000000] PM: Registered nosave memory: 00000000fffc0000 - 0000000100000000
[    0.000000] Allocating PCI resources starting at e0000000 (gap: e0000000:1effc000)
[    0.000000] Booting paravirtualized kernel on KVM
[    0.000000] setup_percpu: NR_CPUS:512 nr_cpumask_bits:512 nr_cpu_ids:4 nr_node_ids:1
[    0.000000] PERCPU: Embedded 27 pages/cpu @ffff88041fc00000 s78912 r8192 d23488 u524288
[    0.000000] kvm-clock: cpu 0, msr 4:1fc12741, primary cpu clock
[    0.000000] KVM setup async PF for cpu 0
[    0.000000] kvm-stealtime: cpu 0, msr 41fc0cfc0
[    0.000000] Built 1 zonelists in Zone order, mobility grouping on.  Total pages: 4135048
[    0.000000] Policy zone: Normal
[    0.000000] Kernel command line: BOOT_IMAGE=/boot/vmlinuz-3.2.0-4-amd64 root=UUID=e35ebd7f-2405-4c97-9c3e-26919d55a9e5 ro console=tty0 console=ttyS0,115200n8
[    0.000000] PID hash table entries: 4096 (order: 3, 32768 bytes)
[    0.000000] Checking aperture...
[    0.000000] No AGP bridge found
[    0.000000] Memory: 16460264k/17301504k available (3434k kernel code, 524748k absent, 316492k reserved, 3305k data, 580k init)
[    0.000000] Hierarchical RCU implementation.
[    0.000000] 	RCU dyntick-idle grace-period acceleration is enabled.
[    0.000000] NR_IRQS:33024 nr_irqs:712 16
[    0.000000] Console: colour VGA+ 80x25
[    0.000000] console [tty0] enabled
[    0.000000] console [ttyS0] enabled
[    0.000000] Detected 2199.998 MHz processor.
[    0.008000] Calibrating delay loop (skipped) preset value.. 4399.99 BogoMIPS (lpj=8799992)
[    0.008000] pid_max: default: 32768 minimum: 301
[    0.008000] Security Framework initialized
[    0.008014] AppArmor: AppArmor disabled by boot time parameter
[    0.010127] Dentry cache hash table entries: 2097152 (order: 12, 16777216 bytes)
[    0.015435] Inode-cache hash table entries: 1048576 (order: 11, 8388608 bytes)
[    0.017777] Mount-cache hash table entries: 256
[    0.020054] Initializing cgroup subsys cpuacct
[    0.020961] Initializing cgroup subsys memory
[    0.021871] Initializing cgroup subsys devices
[    0.022772] Initializing cgroup subsys freezer
[    0.023665] Initializing cgroup subsys net_cls
[    0.024017] Initializing cgroup subsys blkio
[    0.024916] Initializing cgroup subsys perf_event
[    0.025959] mce: CPU supports 10 MCE banks
[    0.028997] ACPI: Core revision 20110623
[    0.034031] ..TIMER: vector=0x30 apic1=0 pin1=2 apic2=-1 pin2=-1
[    0.035207] CPU0: Intel QEMU Virtual CPU version 1.1.2 stepping 03
[    0.040002] Performance Events: unsupported p6 CPU model 2 no PMU driver, software events only.
[    0.040002] NMI watchdog disabled (cpu0): hardware events not enabled
[    0.040002] Booting Node   0, Processors  #1
[    0.056011] kvm-clock: cpu 1, msr 4:1fc92741, secondary cpu clock
[    0.060047] NMI watchdog disabled (cpu1): hardware events not enabled
[    0.061158] KVM setup async PF for cpu 1
[    0.061158] kvm-stealtime: cpu 1, msr 41fc8cfc0
[    0.064094]  #2
[    0.089698] kvm-clock: cpu 2, msr 4:1fd12741, secondary cpu clock
[    0.089793] NMI watchdog disabled (cpu2): hardware events not enabled
[    0.090045]  #3 Ok.
[    0.089828] KVM setup async PF for cpu 2
[    0.089828] kvm-stealtime: cpu 2, msr 41fd0cfc0
[    0.104018] kvm-clock: cpu 3, msr 4:1fd92741, secondary cpu clock
[    0.104149] NMI watchdog disabled (cpu3): hardware events not enabled
[    0.104207] Brought up 4 CPUs
[    0.104210] Total of 4 processors activated (17599.98 BogoMIPS).
[    0.104205] KVM setup async PF for cpu 3
[    0.104205] kvm-stealtime: cpu 3, msr 41fd8cfc0
[    0.136176] devtmpfs: initialized
[    0.141276] print_constraints: dummy: 
[    0.142108] NET: Registered protocol family 16
[    0.143334] ACPI: bus type pci registered
[    0.144008] PCI: Using configuration type 1 for base access
[    0.149177] bio: create slab <bio-0> at 0
[    0.150493] ACPI: Added _OSI(Module Device)
[    0.152015] ACPI: Added _OSI(Processor Device)
[    0.153001] ACPI: Added _OSI(3.0 _SCP Extensions)
[    0.154001] ACPI: Added _OSI(Processor Aggregator Device)
[    0.156009] ACPI: Interpreter enabled
[    0.156009] ACPI: (supports S0 S3 S4 S5)
[    0.156009] ACPI: Using IOAPIC for interrupt routing
[    0.161962] ACPI: No dock devices found.
[    0.162783] HEST: Table not found.
[    0.163625] PCI: Ignoring host bridge windows from ACPI; if necessary, use "pci=use_crs" and report a bug
[    0.164037] ACPI: PCI Root Bridge [PCI0] (domain 0000 [bus 00-ff])
[    0.178929] pci 0000:00:01.3: quirk: [io  0xb000-0xb03f] claimed by PIIX4 ACPI
[    0.180029] pci 0000:00:01.3: quirk: [io  0xb100-0xb10f] claimed by PIIX4 SMB
[    0.200372]  pci0000:00: Unable to request _OSC control (_OSC support mask: 0x1e)
[    0.204450] ACPI: PCI Interrupt Link [LNKA] (IRQs 5 *10 11)
[    0.206140] ACPI: PCI Interrupt Link [LNKB] (IRQs 5 *10 11)
[    0.207903] ACPI: PCI Interrupt Link [LNKC] (IRQs 5 10 *11)
[    0.208915] ACPI: PCI Interrupt Link [LNKD] (IRQs 5 10 *11)
[    0.210626] ACPI: PCI Interrupt Link [LNKS] (IRQs 9) *0
[    0.213109] vgaarb: device added: PCI:0000:00:02.0,decodes=io+mem,owns=io+mem,locks=none
[    0.214839] vgaarb: loaded
[    0.215505] vgaarb: bridge control possible 0000:00:02.0
[    0.216111] PCI: Using ACPI for IRQ routing
[    0.217417] HPET: 3 timers in total, 0 timers will be used for per-cpu timer
[    0.220021] hpet0: at MMIO 0xfed00000, IRQs 2, 8, 0
[    0.221374] hpet0: 3 comparators, 64-bit 100.000000 MHz counter
[    0.240150] Switching to clocksource kvm-clock
[    0.256750] pnp: PnP ACPI init
[    0.257483] ACPI: bus type pnp registered
[    0.259519] pnp: PnP ACPI: found 8 devices
[    0.266105] ACPI: ACPI bus type pnp unregistered
[    0.275020] NET: Registered protocol family 2
[    0.278600] IP route cache hash table entries: 524288 (order: 10, 4194304 bytes)
[    0.285181] TCP established hash table entries: 524288 (order: 11, 8388608 bytes)
[    0.294577] TCP bind hash table entries: 65536 (order: 8, 1048576 bytes)
[    0.296936] TCP: Hash tables configured (established 524288 bind 65536)
[    0.298132] TCP reno registered
[    0.298844] UDP hash table entries: 8192 (order: 6, 262144 bytes)
[    0.300314] UDP-Lite hash table entries: 8192 (order: 6, 262144 bytes)
[    0.302231] NET: Registered protocol family 1
[    0.303140] pci 0000:00:00.0: Limiting direct PCI/PCI transfers
[    0.312662] pci 0000:00:01.0: PIIX3: Enabling Passive Release
[    0.313765] pci 0000:00:01.0: Activating ISA DMA hang workarounds
[    0.315049] Unpacking initramfs...
[    0.569283] Freeing initrd memory: 9992k freed
[    0.573311] PCI-DMA: Using software bounce buffering for IO (SWIOTLB)
[    0.574570] Placing 64MB software IO TLB between ffff8800dbff0000 - ffff8800dfff0000
[    0.576223] software IO TLB at phys 0xdbff0000 - 0xdfff0000
[    0.578775] audit: initializing netlink socket (disabled)
[    0.579845] type=2000 audit(1481745690.576:1): initialized
[    0.618887] HugeTLB registered 2 MB page size, pre-allocated 0 pages
[    0.641168] VFS: Disk quotas dquot_6.5.2
[    0.642161] Dquot-cache hash table entries: 512 (order 0, 4096 bytes)
[    0.643583] msgmni has been set to 32168
[    0.648292] alg: No test for stdrng (krng)
[    0.649302] Block layer SCSI generic (bsg) driver version 0.4 loaded (major 253)
[    0.650787] io scheduler noop registered
[    0.651585] io scheduler deadline registered
[    0.652873] io scheduler cfq registered (default)
[    0.653979] pci_hotplug: PCI Hot Plug PCI Core version: 0.5
[    0.655057] pciehp: PCI Express Hot Plug Controller Driver version: 0.4
[    0.656291] acpiphp: ACPI Hot Plug PCI Controller Driver version: 0.5
[    0.657546] acpiphp: Slot [3] registered
[    0.658381] acpiphp: Slot [4] registered
[    0.659217] acpiphp: Slot [5] registered
[    0.660189] acpiphp: Slot [6] registered
[    0.661053] acpiphp: Slot [7] registered
[    0.661929] acpiphp: Slot [8] registered
[    0.662757] acpiphp: Slot [9] registered
[    0.663608] acpiphp: Slot [10] registered
[    0.664646] acpiphp: Slot [11] registered
[    0.665516] acpiphp: Slot [12] registered
[    0.666386] acpiphp: Slot [13] registered
[    0.667262] acpiphp: Slot [14] registered
[    0.668312] acpiphp: Slot [15] registered
[    0.669178] acpiphp: Slot [16] registered
[    0.670055] acpiphp: Slot [17] registered
[    0.670924] acpiphp: Slot [18] registered
[    0.671800] acpiphp: Slot [19] registered
[    0.672897] acpiphp: Slot [20] registered
[    0.673774] acpiphp: Slot [21] registered
[    0.674642] acpiphp: Slot [22] registered
[    0.675519] acpiphp: Slot [23] registered
[    0.676555] acpiphp: Slot [24] registered
[    0.677408] acpiphp: Slot [25] registered
[    0.678266] acpiphp: Slot [26] registered
[    0.679121] acpiphp: Slot [27] registered
[    0.679982] acpiphp: Slot [28] registered
[    0.681003] acpiphp: Slot [29] registered
[    0.681869] acpiphp: Slot [30] registered
[    0.682717] acpiphp: Slot [31] registered
[    0.683788] ERST: Table is not found!
[    0.684714] GHES: HEST is not enabled!
[    0.685585] Serial: 8250/16550 driver, 4 ports, IRQ sharing enabled
[    0.708456] serial8250: ttyS0 at I/O 0x3f8 (irq = 4) is a 16550A
[    0.878987] 00:06: ttyS0 at I/O 0x3f8 (irq = 4) is a 16550A
[    0.880484] Linux agpgart interface v0.103
[    0.881538] i8042: PNP: PS/2 Controller [PNP0303:KBD,PNP0f13:MOU] at 0x60,0x64 irq 1,12
[    0.884159] serio: i8042 KBD port at 0x60,0x64 irq 1
[    0.885139] serio: i8042 AUX port at 0x60,0x64 irq 12
[    0.891853] mousedev: PS/2 mouse device common for all mice
[    0.893958] input: AT Translated Set 2 keyboard as /devices/platform/i8042/serio0/input/input0
[    0.896458] rtc_cmos 00:01: RTC can wake from S4
[    0.897822] rtc_cmos 00:01: rtc core: registered rtc_cmos as rtc0
[    0.905346] rtc0: alarms up to one day, 114 bytes nvram, hpet irqs
[    0.909098] cpuidle: using governor ladder
[    0.909926] cpuidle: using governor menu
[    0.914551] TCP cubic registered
[    0.915997] NET: Registered protocol family 10
[    0.918291] Mobile IPv6
[    0.918903] NET: Registered protocol family 17
[    0.919811] Registering the dns_resolver key type
[    0.921511] registered taskstats version 1
[    0.923711] rtc_cmos 00:01: setting system clock to 2016-12-14 20:01:30 UTC (1481745690)
[    0.925470] Initializing network drop monitor service
[    0.928260] Freeing unused kernel memory: 580k freed
[    0.929497] Write protecting the kernel read-only data: 6144k
[    0.933521] Freeing unused kernel memory: 644k freed
[    0.937814] Freeing unused kernel memory: 688k freed
Loading, please wait...
[    0.987857] udevd[58]: starting version 175
[    1.027202] e1000: Intel(R) PRO/1000 Network Driver - version 7.3.21-k8-NAPI
[    1.028611] e1000: Copyright (c) 1999-2006 Intel Corporation.
[    1.029852] ACPI: PCI Interrupt Link [LNKC] enabled at IRQ 11
[    1.066395] SCSI subsystem initialized
[    1.077526] Floppy drive(s): fd0 is 1.44M
[    1.097139] FDC 0 is a S82078B
[    1.422600] e1000 0000:00:03.0: eth0: (PCI:33MHz:32-bit) 52:54:00:12:34:56
[    1.423844] e1000 0000:00:03.0: eth0: Intel(R) PRO/1000 Network Connection
[    1.426557] scsi0 : ata_piix
[    1.427837] scsi1 : ata_piix
[    1.428765] ata1: PATA max MWDMA2 cmd 0x1f0 ctl 0x3f6 bmdma 0xc040 irq 14
[    1.430023] ata2: PATA max MWDMA2 cmd 0x170 ctl 0x376 bmdma 0xc048 irq 15
[    1.576131] Refined TSC clocksource calibration: 2199.955 MHz.
[    1.584807] ata1.00: ATA-7: QEMU HARDDISK, 1.1.2, max UDMA/100
[    1.586000] ata1.00: 9011200 sectors, multi 16: LBA48 
[    1.587471] ata1.00: configured for MWDMA2
[    1.589010] scsi 0:0:0:0: Direct-Access     ATA      QEMU HARDDISK    1.1. PQ: 0 ANSI: 5
[    1.591213] ata2.00: ATAPI: QEMU DVD-ROM, 1.1.2, max UDMA/100
[    1.593086] ata2.00: configured for MWDMA2
[    1.594532] scsi 1:0:0:0: CD-ROM            QEMU     QEMU DVD-ROM     1.1. PQ: 0 ANSI: 5
[    1.611877] sd 0:0:0:0: [sda] 9011200 512-byte logical blocks: (4.61 GB/4.29 GiB)
[    1.613849] sd 0:0:0:0: [sda] Write Protect is off
[    1.615072] sd 0:0:0:0: [sda] Write cache: disabled, read cache: enabled, doesn't support DPO or FUA
[    1.615076] sr0: scsi3-mmc drive: 4x/4x cd/rw xa/form2 tray
[    1.615083] cdrom: Uniform CD-ROM driver Revision: 3.20
[    1.620386]  sda: sda1
[    1.621336] sd 0:0:0:0: [sda] Attached SCSI disk
[    1.626129] sd 0:0:0:0: Attached scsi generic sg0 type 0
[    1.627380] sr 1:0:0:0: Attached scsi generic sg1 type 5
Begin: Loading essential drivers ... done.
Begin: Running /scripts/init-premount ... done.
Begin: Mounting root file system ... Begin: Running /scripts/local-top ... done.
Begin: Running /scripts/local-premount ... done.
[    2.285492] EXT4-fs (sda1): mounted filesystem with ordered data mode. Opts: (null)
Begin: Running /scripts/local-bottom ... done.
done.
Begin: Running /scripts/init-bottom ... done.
INIT: version 2.88 booting
[[36minfo[39;49m] Using makefile-style concurrent boot in runlevel S.
findfs: unable to resolve 'UUID="e35ebd7f-2405-4c97-9c3e-26919d55a9e5"'
[....] Starting the hotplug events dispatcher: udevd[    2.930151] udevd[308]: starting version 175
[?25l[?1c7[1G[[32m ok [39;49m8[?25h[?0c.
[....] Synthesizing the initial hotplug events...[?25l[?1c7[1G[[32m ok [39;49m8[    3.071296] input: Power Button as /devices/LNXSYSTM:00/LNXPWRBN:00/input/input1
[    3.073054] ACPI: Power Button [PWRF]
[?25h[?0cdone.
[....] Waiting for /dev to be fully populated...[    3.216512] input: PC Speaker as /devices/platform/pcspkr/input/input2
[    3.233834] piix4_smbus 0000:00:01.3: SMBus Host Controller at 0xb100, revision 0
[    3.266794] parport_pc 00:05: reported by Plug and Play ACPI
[    3.268485] parport0: PC-style at 0x378, irq 7 [PCSPP,TRISTATE]
[    3.397854] Error: Driver 'pcspkr' is already registered, aborting...
[?25l[?1c7[1G[[32m ok [39;49m8[?25h[?0cdone.
findfs: unable to resolve 'UUID="e35ebd7f-2405-4c97-9c3e-26919d55a9e5"'
[....] Activating swap...[?25l[?1c7[1G[[32m ok [39;49m8[?25h[?0cdone.
Usage: mountpoint [-q] [-d] [-x] path
[    3.693050] EXT4-fs (sda1): re-mounted. Opts: (null)
[....] Checking root file system...fsck from util-linux 2.20.1
/run/rootdev: clean, 32636/264000 files, 885021/1054720 blocks
[?25l[?1c7[1G[[32m ok [39;49m8[?25h[?0cdone.
[    3.772875] EXT4-fs (sda1): re-mounted. Opts: errors=remount-ro,errors=remount-ro
[....] Cleaning up temporary files... /tmp[?25l[?1c7[1G[[32m ok [39;49m8[?25h[?0c.
[    3.912388] input: ImExPS/2 Generic Explorer Mouse as /devices/platform/i8042/serio1/input/input3
findfs: unable to resolve 'UUID="e35ebd7f-2405-4c97-9c3e-26919d55a9e5"'
findfs: unable to resolve 'UUID="e35ebd7f-2405-4c97-9c3e-26919d55a9e5"'
[....] Activating lvm and md swap...[?25l[?1c7[1G[[32m ok [39;49m8[?25h[?0cdone.
[....] Checking file systems...fsck from util-linux 2.20.1
[?25l[?1c7[1G[[32m ok [39;49m8[?25h[?0cdone.
[....] Mounting local filesystems...[?25l[?1c7[1G[[32m ok [39;49m8[?25h[?0cdone.
[....] Activating swapfile swap...[?25l[?1c7[1G[[32m ok [39;49m8[?25h[?0cdone.
findfs: unable to resolve 'UUID="e35ebd7f-2405-4c97-9c3e-26919d55a9e5"'
[....] Cleaning up temporary files...[?25l[?1c7[1G[[32m ok [39;49m8[?25h[?0c.
[....] Setting kernel variables ...[?25l[?1c7[1G[[32m ok [39;49m8[?25h[?0cdone.
[....] Configuring network interfaces...Internet Systems Consortium DHCP Client 4.2.2
Copyright 2004-2011 Internet Systems Consortium.
All rights reserved.
For info, please visit https://www.isc.org/software/dhcp/

[    4.942710] ADDRCONF(NETDEV_UP): eth0: link is not ready
Listening on LPF/eth0/52:54:00:12:34:56
Sending on   LPF/eth0/52:54:00:12:34:56
Sending on   Socket/fallback
DHCPDISCOVER on eth0 to 255.255.255.255 port 67 interval 3
[    6.945066] e1000: eth0 NIC Link is Up 1000 Mbps Full Duplex, Flow Control: RX
[    6.948473] ADDRCONF(NETDEV_CHANGE): eth0: link becomes ready
DHCPDISCOVER on eth0 to 255.255.255.255 port 67 interval 6
DHCPREQUEST on eth0 to 255.255.255.255 port 67
DHCPOFFER from 10.0.2.2
DHCPACK from 10.0.2.2
bound to 10.0.2.15 -- renewal in 37503 seconds.
ifup: interface eth0 already configured
[?25l[?1c7[1G[[32m ok [39;49m8[?25h[?0cdone.
[....] Cleaning up temporary files...[?25l[?1c7[1G[[32m ok [39;49m8[?25h[?0c.
INIT: Entering runlevel: 2
[[36minfo[39;49m] Using makefile-style concurrent boot in runlevel 2.
[....] Starting OpenBSD Secure Shell server: sshd[?25l[?1c7[1G[[32m ok [39;49m8[?25h[?0c.
Entering benchmark mode
./scaff/bin/uniform/stream_d0
STARTING stream_d0 execution: Wed Dec 14 22:01:37 EET 2016
-------------------------------------------------------------
STREAM version $Revision: 5.10 $
-------------------------------------------------------------
This system uses 8 bytes per array element.
-------------------------------------------------------------
Array size = 50000000 (elements), Offset = 0 (elements)
Memory per array = 381.5 MiB (= 0.4 GiB).
Total memory required = 1144.4 MiB (= 1.1 GiB).
Each kernel will be executed 20 times.
 The *best* time for each kernel (excluding the first iteration)
 will be used to compute the reported bandwidth.
-------------------------------------------------------------
Number of Threads requested = 4
Number of Threads counted = 4
-------------------------------------------------------------
Your clock granularity/precision appears to be 1 microseconds.
Each test below will take on the order of 134931 microseconds.
   (= 134931 clock ticks)
Increase the size of the arrays if this shows that
you are not getting at least 20 clock ticks per test.
-------------------------------------------------------------
WARNING -- The above is only a rough guideline.
For best results, please be sure you know the
precision of your system timer.
-------------------------------------------------------------
Function    Best Rate  Avg Rate   MB/s  Avg time     Min time     Max time
Copy:            4547.0       2677.9    0.298736    0.175941     0.354029
Scale:           5185.5       2890.1    0.276803    0.154278     0.338999
Add:             5836.3       3285.6    0.365234    0.205611     0.434416
Triad:           6155.2       3399.7    0.352973    0.194957     0.444521
-------------------------------------------------------------
Solution Validates: avg error less than 1.000000e-13 on all three arrays
-------------------------------------------------------------
-------------------------------------------------------------
STREAM version $Revision: 5.10 $
-------------------------------------------------------------
This system uses 8 bytes per array element.
-------------------------------------------------------------
Array size = 50000000 (elements), Offset = 0 (elements)
Memory per array = 381.5 MiB (= 0.4 GiB).
Total memory required = 1144.4 MiB (= 1.1 GiB).
Each kernel will be executed 20 times.
 The *best* time for each kernel (excluding the first iteration)
 will be used to compute the reported bandwidth.
-------------------------------------------------------------
Number of Threads requested = 4
Number of Threads counted = 4
-------------------------------------------------------------
Your clock granularity/precision appears to be 1 microseconds.
Each test below will take on the order of 274714 microseconds.
   (= 274714 clock ticks)
Increase the size of the arrays if this shows that
you are not getting at least 20 clock ticks per test.
-------------------------------------------------------------
WARNING -- The above is only a rough guideline.
For best results, please be sure you know the
precision of your system timer.
-------------------------------------------------------------
Function    Best Rate  Avg Rate   MB/s  Avg time     Min time     Max time
Copy:            3195.7       2509.4    0.318804    0.250334     0.347445
Scale:           3018.2       2507.8    0.319000    0.265061     0.367908
Add:             4240.5       3257.3    0.368405    0.282986     0.422460
Triad:           3652.0       3153.6    0.380518    0.328590     0.464199
-------------------------------------------------------------
Solution Validates: avg error less than 1.000000e-13 on all three arrays
-------------------------------------------------------------
-------------------------------------------------------------
STREAM version $Revision: 5.10 $
-------------------------------------------------------------
This system uses 8 bytes per array element.
-------------------------------------------------------------
Array size = 50000000 (elements), Offset = 0 (elements)
Memory per array = 381.5 MiB (= 0.4 GiB).
Total memory required = 1144.4 MiB (= 1.1 GiB).
Each kernel will be executed 20 times.
 The *best* time for each kernel (excluding the first iteration)
 will be used to compute the reported bandwidth.
-------------------------------------------------------------
Number of Threads requested = 4
Number of Threads counted = 4
-------------------------------------------------------------
Your clock granularity/precision appears to be 1 microseconds.
Each test below will take on the order of 337275 microseconds.
   (= 337275 clock ticks)
Increase the size of the arrays if this shows that
you are not getting at least 20 clock ticks per test.
-------------------------------------------------------------
WARNING -- The above is only a rough guideline.
For best results, please be sure you know the
precision of your system timer.
-------------------------------------------------------------
Function    Best Rate  Avg Rate   MB/s  Avg time     Min time     Max time
Copy:            3122.5       2615.0    0.305928    0.256202     0.349059
Scale:           3059.0       2725.7    0.293500    0.261520     0.343475
Add:             3855.7       3156.2    0.380210    0.311226     0.413525
Triad:           3802.2       3152.1    0.380701    0.315610     0.432893
-------------------------------------------------------------
Solution Validates: avg error less than 1.000000e-13 on all three arrays
-------------------------------------------------------------
-------------------------------------------------------------
STREAM version $Revision: 5.10 $
-------------------------------------------------------------
This system uses 8 bytes per array element.
-------------------------------------------------------------
Array size = 50000000 (elements), Offset = 0 (elements)
Memory per array = 381.5 MiB (= 0.4 GiB).
Total memory required = 1144.4 MiB (= 1.1 GiB).
Each kernel will be executed 20 times.
 The *best* time for each kernel (excluding the first iteration)
 will be used to compute the reported bandwidth.
-------------------------------------------------------------
Number of Threads requested = 4
Number of Threads counted = 4
-------------------------------------------------------------
Your clock granularity/precision appears to be 1 microseconds.
Each test below will take on the order of 289587 microseconds.
   (= 289587 clock ticks)
Increase the size of the arrays if this shows that
you are not getting at least 20 clock ticks per test.
-------------------------------------------------------------
WARNING -- The above is only a rough guideline.
For best results, please be sure you know the
precision of your system timer.
-------------------------------------------------------------
[  100.099726] hrtimer: interrupt took 14621219 ns
Function    Best Rate  Avg Rate   MB/s  Avg time     Min time     Max time
Copy:            3528.3       2550.6    0.313654    0.226736     0.357478
Scale:           3135.6       2524.7    0.316868    0.255133     0.353214
Add:             3581.0       3306.9    0.362873    0.335100     0.425627
Triad:           3736.4       3251.4    0.369069    0.321164     0.416283
-------------------------------------------------------------
Solution Validates: avg error less than 1.000000e-13 on all three arrays
-------------------------------------------------------------
-------------------------------------------------------------
STREAM version $Revision: 5.10 $
-------------------------------------------------------------
This system uses 8 bytes per array element.
-------------------------------------------------------------
Array size = 50000000 (elements), Offset = 0 (elements)
Memory per array = 381.5 MiB (= 0.4 GiB).
Total memory required = 1144.4 MiB (= 1.1 GiB).
Each kernel will be executed 20 times.
 The *best* time for each kernel (excluding the first iteration)
 will be used to compute the reported bandwidth.
-------------------------------------------------------------
Number of Threads requested = 4
Number of Threads counted = 4
-------------------------------------------------------------
Your clock granularity/precision appears to be 1 microseconds.
Each test below will take on the order of 265609 microseconds.
   (= 265609 clock ticks)
Increase the size of the arrays if this shows that
you are not getting at least 20 clock ticks per test.
-------------------------------------------------------------
WARNING -- The above is only a rough guideline.
For best results, please be sure you know the
precision of your system timer.
-------------------------------------------------------------
Function    Best Rate  Avg Rate   MB/s  Avg time     Min time     Max time
Copy:            3276.3       2694.5    0.296901    0.244178     0.346862
Scale:           3099.2       2511.4    0.318541    0.258134     0.373400
Add:             3725.6       3247.3    0.369539    0.322093     0.416335
Triad:           3898.9       3080.4    0.389564    0.307780     0.459775
-------------------------------------------------------------
Solution Validates: avg error less than 1.000000e-13 on all three arrays
-------------------------------------------------------------
-------------------------------------------------------------
STREAM version $Revision: 5.10 $
-------------------------------------------------------------
This system uses 8 bytes per array element.
-------------------------------------------------------------
Array size = 50000000 (elements), Offset = 0 (elements)
Memory per array = 381.5 MiB (= 0.4 GiB).
Total memory required = 1144.4 MiB (= 1.1 GiB).
Each kernel will be executed 20 times.
 The *best* time for each kernel (excluding the first iteration)
 will be used to compute the reported bandwidth.
-------------------------------------------------------------
Number of Threads requested = 4
Number of Threads counted = 4
-------------------------------------------------------------
Your clock granularity/precision appears to be 1 microseconds.
Each test below will take on the order of 246335 microseconds.
   (= 246335 clock ticks)
Increase the size of the arrays if this shows that
you are not getting at least 20 clock ticks per test.
-------------------------------------------------------------
WARNING -- The above is only a rough guideline.
For best results, please be sure you know the
precision of your system timer.
-------------------------------------------------------------
Function    Best Rate  Avg Rate   MB/s  Avg time     Min time     Max time
Copy:            3083.4       2509.0    0.318850    0.259452     0.344274
Scale:           2733.3       2442.9    0.327486    0.292688     0.369713
Add:             3686.6       3219.3    0.372757    0.325504     0.469895
Triad:           4040.1       3195.8    0.375495    0.297020     0.436279
-------------------------------------------------------------
Solution Validates: avg error less than 1.000000e-13 on all three arrays
-------------------------------------------------------------
-------------------------------------------------------------
STREAM version $Revision: 5.10 $
-------------------------------------------------------------
This system uses 8 bytes per array element.
-------------------------------------------------------------
Array size = 50000000 (elements), Offset = 0 (elements)
Memory per array = 381.5 MiB (= 0.4 GiB).
Total memory required = 1144.4 MiB (= 1.1 GiB).
Each kernel will be executed 20 times.
 The *best* time for each kernel (excluding the first iteration)
 will be used to compute the reported bandwidth.
-------------------------------------------------------------
Number of Threads requested = 4
Number of Threads counted = 4
-------------------------------------------------------------
Your clock granularity/precision appears to be 1 microseconds.
Each test below will take on the order of 211856 microseconds.
   (= 211856 clock ticks)
Increase the size of the arrays if this shows that
you are not getting at least 20 clock ticks per test.
-------------------------------------------------------------
WARNING -- The above is only a rough guideline.
For best results, please be sure you know the
precision of your system timer.
-------------------------------------------------------------
Function    Best Rate  Avg Rate   MB/s  Avg time     Min time     Max time
Copy:            3004.2       2410.8    0.331840    0.266290     0.412202
Scale:           2952.4       2536.7    0.315369    0.270970     0.374444
Add:             4095.1       3225.3    0.372055    0.293030     0.466979
Triad:           3561.0       3193.4    0.375777    0.336982     0.419783
-------------------------------------------------------------
Solution Validates: avg error less than 1.000000e-13 on all three arrays
-------------------------------------------------------------
-------------------------------------------------------------
STREAM version $Revision: 5.10 $
-------------------------------------------------------------
This system uses 8 bytes per array element.
-------------------------------------------------------------
Array size = 50000000 (elements), Offset = 0 (elements)
Memory per array = 381.5 MiB (= 0.4 GiB).
Total memory required = 1144.4 MiB (= 1.1 GiB).
Each kernel will be executed 20 times.
 The *best* time for each kernel (excluding the first iteration)
 will be used to compute the reported bandwidth.
-------------------------------------------------------------
Number of Threads requested = 4
Number of Threads counted = 4
-------------------------------------------------------------
Your clock granularity/precision appears to be 1 microseconds.
Each test below will take on the order of 222765 microseconds.
   (= 222765 clock ticks)
Increase the size of the arrays if this shows that
you are not getting at least 20 clock ticks per test.
-------------------------------------------------------------
WARNING -- The above is only a rough guideline.
For best results, please be sure you know the
precision of your system timer.
-------------------------------------------------------------
Function    Best Rate  Avg Rate   MB/s  Avg time     Min time     Max time
Copy:            2931.6       2482.9    0.322198    0.272884     0.367484
Scale:           3172.1       2563.3    0.312098    0.252201     0.363021
Add:             3367.7       3098.2    0.387323    0.356328     0.431916
Triad:           3342.7       3064.2    0.391625    0.358992     0.439864
-------------------------------------------------------------
Solution Validates: avg error less than 1.000000e-13 on all three arrays
-------------------------------------------------------------
-------------------------------------------------------------
STREAM version $Revision: 5.10 $
-------------------------------------------------------------
This system uses 8 bytes per array element.
-------------------------------------------------------------
Array size = 50000000 (elements), Offset = 0 (elements)
Memory per array = 381.5 MiB (= 0.4 GiB).
Total memory required = 1144.4 MiB (= 1.1 GiB).
Each kernel will be executed 20 times.
 The *best* time for each kernel (excluding the first iteration)
 will be used to compute the reported bandwidth.
-------------------------------------------------------------
Number of Threads requested = 4
Number of Threads counted = 4
-------------------------------------------------------------
Your clock granularity/precision appears to be 1 microseconds.
Each test below will take on the order of 199846 microseconds.
   (= 199846 clock ticks)
Increase the size of the arrays if this shows that
you are not getting at least 20 clock ticks per test.
-------------------------------------------------------------
WARNING -- The above is only a rough guideline.
For best results, please be sure you know the
precision of your system timer.
-------------------------------------------------------------
Function    Best Rate  Avg Rate   MB/s  Avg time     Min time     Max time
Copy:            3101.5       2585.0    0.309477    0.257936     0.362462
Scale:           3030.3       2452.8    0.326164    0.263998     0.402450
Add:             3982.7       3178.4    0.377546    0.301306     0.437229
Triad:           3769.6       3143.7    0.381711    0.318335     0.427212
-------------------------------------------------------------
Solution Validates: avg error less than 1.000000e-13 on all three arrays
-------------------------------------------------------------
-------------------------------------------------------------
STREAM version $Revision: 5.10 $
-------------------------------------------------------------
This system uses 8 bytes per array element.
-------------------------------------------------------------
Array size = 50000000 (elements), Offset = 0 (elements)
Memory per array = 381.5 MiB (= 0.4 GiB).
Total memory required = 1144.4 MiB (= 1.1 GiB).
Each kernel will be executed 20 times.
 The *best* time for each kernel (excluding the first iteration)
 will be used to compute the reported bandwidth.
-------------------------------------------------------------
Number of Threads requested = 4
Number of Threads counted = 4
-------------------------------------------------------------
Your clock granularity/precision appears to be 1 microseconds.
Each test below will take on the order of 212525 microseconds.
   (= 212525 clock ticks)
Increase the size of the arrays if this shows that
you are not getting at least 20 clock ticks per test.
-------------------------------------------------------------
WARNING -- The above is only a rough guideline.
For best results, please be sure you know the
precision of your system timer.
-------------------------------------------------------------
Function    Best Rate  Avg Rate   MB/s  Avg time     Min time     Max time
Copy:            3087.1       2536.5    0.315396    0.259146     0.362558
Scale:           2959.8       2526.1    0.316698    0.270291     0.352394
Add:             3565.6       3105.8    0.386375    0.336545     0.424477
Triad:           3582.7       3114.4    0.385305    0.334945     0.417646
-------------------------------------------------------------
Solution Validates: avg error less than 1.000000e-13 on all three arrays
-------------------------------------------------------------
-------------------------------------------------------------
STREAM version $Revision: 5.10 $
-------------------------------------------------------------
This system uses 8 bytes per array element.
-------------------------------------------------------------
Array size = 50000000 (elements), Offset = 0 (elements)
Memory per array = 381.5 MiB (= 0.4 GiB).
Total memory required = 1144.4 MiB (= 1.1 GiB).
Each kernel will be executed 20 times.
 The *best* time for each kernel (excluding the first iteration)
 will be used to compute the reported bandwidth.
-------------------------------------------------------------
Number of Threads requested = 4
Number of Threads counted = 4
-------------------------------------------------------------
Your clock granularity/precision appears to be 1 microseconds.
Each test below will take on the order of 215744 microseconds.
   (= 215744 clock ticks)
Increase the size of the arrays if this shows that
you are not getting at least 20 clock ticks per test.
-------------------------------------------------------------
WARNING -- The above is only a rough guideline.
For best results, please be sure you know the
precision of your system timer.
-------------------------------------------------------------
Function    Best Rate  Avg Rate   MB/s  Avg time     Min time     Max time
Copy:            2789.3       2514.8    0.318117    0.286806     0.357717
Scale:           2777.0       2455.6    0.325785    0.288084     0.364031
Add:             3418.4       3139.7    0.382202    0.351041     0.417974
Triad:           3518.8       3169.0    0.378667    0.341021     0.421676
-------------------------------------------------------------
Solution Validates: avg error less than 1.000000e-13 on all three arrays
-------------------------------------------------------------
-------------------------------------------------------------
STREAM version $Revision: 5.10 $
-------------------------------------------------------------
This system uses 8 bytes per array element.
-------------------------------------------------------------
Array size = 50000000 (elements), Offset = 0 (elements)
Memory per array = 381.5 MiB (= 0.4 GiB).
Total memory required = 1144.4 MiB (= 1.1 GiB).
Each kernel will be executed 20 times.
 The *best* time for each kernel (excluding the first iteration)
 will be used to compute the reported bandwidth.
-------------------------------------------------------------
Number of Threads requested = 4
Number of Threads counted = 4
-------------------------------------------------------------
Your clock granularity/precision appears to be 1 microseconds.
Each test below will take on the order of 230483 microseconds.
   (= 230483 clock ticks)
Increase the size of the arrays if this shows that
you are not getting at least 20 clock ticks per test.
-------------------------------------------------------------
WARNING -- The above is only a rough guideline.
For best results, please be sure you know the
precision of your system timer.
-------------------------------------------------------------
Function    Best Rate  Avg Rate   MB/s  Avg time     Min time     Max time
Copy:            2959.9       2546.3    0.314185    0.270283     0.366040
Scale:           2796.7       2523.4    0.317028    0.286053     0.355780
Add:             3666.4       3186.8    0.376552    0.327299     0.412178
Triad:           3604.3       3128.7    0.383544    0.332938     0.440791
-------------------------------------------------------------
Solution Validates: avg error less than 1.000000e-13 on all three arrays
-------------------------------------------------------------
-------------------------------------------------------------
STREAM version $Revision: 5.10 $
-------------------------------------------------------------
This system uses 8 bytes per array element.
-------------------------------------------------------------
Array size = 50000000 (elements), Offset = 0 (elements)
Memory per array = 381.5 MiB (= 0.4 GiB).
Total memory required = 1144.4 MiB (= 1.1 GiB).
Each kernel will be executed 20 times.
 The *best* time for each kernel (excluding the first iteration)
 will be used to compute the reported bandwidth.
-------------------------------------------------------------
Number of Threads requested = 4
Number of Threads counted = 4
-------------------------------------------------------------
Your clock granularity/precision appears to be 1 microseconds.
Each test below will take on the order of 224521 microseconds.
   (= 224521 clock ticks)
Increase the size of the arrays if this shows that
you are not getting at least 20 clock ticks per test.
-------------------------------------------------------------
WARNING -- The above is only a rough guideline.
For best results, please be sure you know the
precision of your system timer.
-------------------------------------------------------------
Function    Best Rate  Avg Rate   MB/s  Avg time     Min time     Max time
Copy:            2986.6       2513.8    0.318241    0.267867     0.412748
Scale:           3094.3       2438.1    0.328126    0.258543     0.370384
Add:             3452.5       3060.8    0.392058    0.347578     0.457753
Triad:           3583.6       3148.9    0.381085    0.334858     0.428965
-------------------------------------------------------------
Solution Validates: avg error less than 1.000000e-13 on all three arrays
-------------------------------------------------------------
-------------------------------------------------------------
STREAM version $Revision: 5.10 $
-------------------------------------------------------------
This system uses 8 bytes per array element.
-------------------------------------------------------------
Array size = 50000000 (elements), Offset = 0 (elements)
Memory per array = 381.5 MiB (= 0.4 GiB).
Total memory required = 1144.4 MiB (= 1.1 GiB).
Each kernel will be executed 20 times.
 The *best* time for each kernel (excluding the first iteration)
 will be used to compute the reported bandwidth.
-------------------------------------------------------------
Number of Threads requested = 4
Number of Threads counted = 4
-------------------------------------------------------------
Your clock granularity/precision appears to be 1 microseconds.
Each test below will take on the order of 223426 microseconds.
   (= 223426 clock ticks)
Increase the size of the arrays if this shows that
you are not getting at least 20 clock ticks per test.
-------------------------------------------------------------
WARNING -- The above is only a rough guideline.
For best results, please be sure you know the
precision of your system timer.
-------------------------------------------------------------
Function    Best Rate  Avg Rate   MB/s  Avg time     Min time     Max time
Copy:            3278.2       2568.5    0.311471    0.244035     0.391964
Scale:           2916.0       2495.8    0.320532    0.274345     0.355343
Add:             3340.5       3062.5    0.391837    0.359229     0.438443
Triad:           3513.1       3145.4    0.381508    0.341575     0.471837
-------------------------------------------------------------
Solution Validates: avg error less than 1.000000e-13 on all three arrays
-------------------------------------------------------------
-------------------------------------------------------------
STREAM version $Revision: 5.10 $
-------------------------------------------------------------
This system uses 8 bytes per array element.
-------------------------------------------------------------
Array size = 50000000 (elements), Offset = 0 (elements)
Memory per array = 381.5 MiB (= 0.4 GiB).
Total memory required = 1144.4 MiB (= 1.1 GiB).
Each kernel will be executed 20 times.
 The *best* time for each kernel (excluding the first iteration)
 will be used to compute the reported bandwidth.
-------------------------------------------------------------
Number of Threads requested = 4
Number of Threads counted = 4
-------------------------------------------------------------
Your clock granularity/precision appears to be 1 microseconds.
Each test below will take on the order of 267807 microseconds.
   (= 267807 clock ticks)
Increase the size of the arrays if this shows that
you are not getting at least 20 clock ticks per test.
-------------------------------------------------------------
WARNING -- The above is only a rough guideline.
For best results, please be sure you know the
precision of your system timer.
-------------------------------------------------------------
Function    Best Rate  Avg Rate   MB/s  Avg time     Min time     Max time
Copy:            3085.0       2633.1    0.303824    0.259321     0.371964
Scale:           2896.6       2491.7    0.321072    0.276189     0.358927
Add:             3276.3       3067.4    0.391216    0.366262     0.421621
Triad:           4089.8       3195.5    0.375526    0.293413     0.429409
-------------------------------------------------------------
Solution Validates: avg error less than 1.000000e-13 on all three arrays
-------------------------------------------------------------
INIT: Sending processes the TERM signal
[[36minfo[39;49m] Using makefile-style concurrent boot in runlevel 0.
[  472.212608] hpet1: lost 1 rtc interrupts
[....] Asking all remaining processes to terminate...[?25l[?1c7[1G[[32m ok [39;49m8[?25h[?0cdone.
[....] All processes ended within 2 seconds...[?25l[?1c7[1G[[32m ok [39;49m8[?25h[?0cdone.
[[36minfo[39;49m] Saving the system clock.
[[36minfo[39;49m] Hardware Clock updated to Wed Dec 14 20:09:22 UTC 2016.
[....] Deconfiguring network interfaces...Internet Systems Consortium DHCP Client 4.2.2
Copyright 2004-2011 Internet Systems Consortium.
All rights reserved.
For info, please visit https://www.isc.org/software/dhcp/

Listening on LPF/eth0/52:54:00:12:34:56
Sending on   LPF/eth0/52:54:00:12:34:56
Sending on   Socket/fallback
DHCPRELEASE on eth0 to 10.0.2.2 port 67
[?25l[?1c7[1G[[32m ok [39;49m8[?25h[?0cdone.
[....] Deactivating swap...[?25l[?1c7[1G[[32m ok [39;49m8[?25h[?0cdone.
[  473.508970] EXT4-fs (sda1): re-mounted. Opts: (null)
[[36minfo[39;49m] Will now halt.
[  475.584329] sd 0:0:0:0: [sda] Stopping disk
[  475.587315] ACPI: Preparing to enter system sleep state S5
[  475.588823] Power down.
aff-executor-preload.c:affhooks_init()
aff-executor-preload.c:affhooks_shut()
HELLO KITTY
