aff-executor-preload.c:affhooks_init()
[H[J[?25l[m[H[J[2;25HGNU GRUB  version 1.99-27+deb7u2

[m[4;2H+--------------------------------------------------------------------------+[5;2H|[5;77H|[6;2H|[6;77H|[7;2H|[7;77H|[8;2H|[8;77H|[9;2H|[9;77H|[10;2H|[10;77H|[11;2H|[11;77H|[12;2H|[12;77H|[13;2H|[13;77H|[14;2H|[14;77H|[15;2H|[15;77H|[16;2H|[16;77H|[17;2H+--------------------------------------------------------------------------+[m[18;2H[m
      Use the ^ and v keys to select which entry is highlighted.      
      Press enter to boot the selected OS, 'e' to edit the commands      
      before booting or 'c' for a command-line.      
      [5;78H [7m[5;3HDebian GNU/Linux, with Linux 3.2.0-4-amd64                               [m [5;76H[m[m[6;3HDebian GNU/Linux, with Linux 3.2.0-4-amd64 (recovery mode)               [m [6;76H[m[m[7;3H                                                                         [m [7;76H[m[m[8;3H                                                                         [m [8;76H[m[m[9;3H                                                                         [m [9;76H[m[m[10;3H                                                                         [m [10;76H[m[m[11;3H                                                                         [m [11;76H[m[m[12;3H                                                                         [m [12;76H[m[m[13;3H                                                                         [m [13;76H[m[m[14;3H                                                                         [m [14;76H[m[m[15;3H                                                                         [m [15;76H[m[m[16;3H                                                                         [m [16;76H[m[16;78H [5;76H[22;1H   The highlighted entry will be executed automatically in 5s.                 [5;76H[22;1H   The highlighted entry will be executed automatically in 4s.                 [5;76H[22;1H   The highlighted entry will be executed automatically in 3s.                 [5;76H[22;1H   The highlighted entry will be executed automatically in 2s.                 [5;76H[22;1H   The highlighted entry will be executed automatically in 1s.                 [5;76H[22;1H   The highlighted entry will be executed automatically in 0s.                 [5;76H[?25h[H[J[H[J  Booting 'Debian GNU/Linux, with Linux 3.2.0-4-amd64'

Loading Linux 3.2.0-4-amd64 ...
Loading initial ramdisk ...
[    0.000000] Initializing cgroup subsys cpuset
[    0.000000] Initializing cgroup subsys cpu
[    0.000000] Linux version 3.2.0-4-amd64 (debian-kernel@lists.debian.org) (gcc version 4.6.3 (Debian 4.6.3-14) ) #1 SMP Debian 3.2.68-1+deb7u3
[    0.000000] Command line: BOOT_IMAGE=/boot/vmlinuz-3.2.0-4-amd64 root=UUID=e35ebd7f-2405-4c97-9c3e-26919d55a9e5 ro console=tty0 console=ttyS0,115200n8
[    0.000000] BIOS-provided physical RAM map:
[    0.000000]  BIOS-e820: 0000000000000000 - 000000000009f400 (usable)
[    0.000000]  BIOS-e820: 000000000009f400 - 00000000000a0000 (reserved)
[    0.000000]  BIOS-e820: 00000000000f0000 - 0000000000100000 (reserved)
[    0.000000]  BIOS-e820: 0000000000100000 - 00000000dfffe000 (usable)
[    0.000000]  BIOS-e820: 00000000dfffe000 - 00000000e0000000 (reserved)
[    0.000000]  BIOS-e820: 00000000feffc000 - 00000000ff000000 (reserved)
[    0.000000]  BIOS-e820: 00000000fffc0000 - 0000000100000000 (reserved)
[    0.000000]  BIOS-e820: 0000000100000000 - 0000000420000000 (usable)
[    0.000000] NX (Execute Disable) protection: active
[    0.000000] SMBIOS 2.4 present.
[    0.000000] No AGP bridge found
[    0.000000] last_pfn = 0x420000 max_arch_pfn = 0x400000000
[    0.000000] PAT not supported by CPU.
[    0.000000] last_pfn = 0xdfffe max_arch_pfn = 0x400000000
[    0.000000] found SMP MP-table at [ffff8800000fdac0] fdac0
[    0.000000] init_memory_mapping: 0000000000000000-00000000dfffe000
[    0.000000] init_memory_mapping: 0000000100000000-0000000420000000
[    0.000000] RAMDISK: 36c6c000 - 3762e000
[    0.000000] ACPI: RSDP 00000000000fd8b0 00014 (v00 BOCHS )
[    0.000000] ACPI: RSDT 00000000dfffe470 00038 (v01 BOCHS  BXPCRSDT 00000001 BXPC 00000001)
[    0.000000] ACPI: FACP 00000000dfffff80 00074 (v01 BOCHS  BXPCFACP 00000001 BXPC 00000001)
[    0.000000] ACPI: DSDT 00000000dfffe4b0 01121 (v01   BXPC   BXDSDT 00000001 INTL 20100528)
[    0.000000] ACPI: FACS 00000000dfffff40 00040
[    0.000000] ACPI: SSDT 00000000dffffd70 001C1 (v01 BOCHS  BXPCSSDT 00000001 BXPC 00000001)
[    0.000000] ACPI: APIC 00000000dffffc70 00090 (v01 BOCHS  BXPCAPIC 00000001 BXPC 00000001)
[    0.000000] ACPI: HPET 00000000dffffc30 00038 (v01 BOCHS  BXPCHPET 00000001 BXPC 00000001)
[    0.000000] ACPI: SSDT 00000000dffff5e0 00644 (v01   BXPC BXSSDTPC 00000001 INTL 20100528)
[    0.000000] No NUMA configuration found
[    0.000000] Faking a node at 0000000000000000-0000000420000000
[    0.000000] Initmem setup node 0 0000000000000000-0000000420000000
[    0.000000]   NODE_DATA [000000041fffb000 - 000000041fffffff]
[    0.000000] kvm-clock: Using msrs 4b564d01 and 4b564d00
[    0.000000] kvm-clock: cpu 0, msr 0:16a8741, boot clock
[    0.000000] Zone PFN ranges:
[    0.000000]   DMA      0x00000010 -> 0x00001000
[    0.000000]   DMA32    0x00001000 -> 0x00100000
[    0.000000]   Normal   0x00100000 -> 0x00420000
[    0.000000] Movable zone start PFN for each node
[    0.000000] early_node_map[3] active PFN ranges
[    0.000000]     0: 0x00000010 -> 0x0000009f
[    0.000000]     0: 0x00000100 -> 0x000dfffe
[    0.000000]     0: 0x00100000 -> 0x00420000
[    0.000000] ACPI: PM-Timer IO Port: 0xb008
[    0.000000] ACPI: LAPIC (acpi_id[0x00] lapic_id[0x00] enabled)
[    0.000000] ACPI: LAPIC (acpi_id[0x01] lapic_id[0x01] enabled)
[    0.000000] ACPI: LAPIC (acpi_id[0x02] lapic_id[0x02] enabled)
[    0.000000] ACPI: LAPIC (acpi_id[0x03] lapic_id[0x03] enabled)
[    0.000000] ACPI: LAPIC_NMI (acpi_id[0xff] dfl dfl lint[0x1])
[    0.000000] ACPI: IOAPIC (id[0x04] address[0xfec00000] gsi_base[0])
[    0.000000] IOAPIC[0]: apic_id 4, version 17, address 0xfec00000, GSI 0-23
[    0.000000] ACPI: INT_SRC_OVR (bus 0 bus_irq 0 global_irq 2 dfl dfl)
[    0.000000] ACPI: INT_SRC_OVR (bus 0 bus_irq 5 global_irq 5 high level)
[    0.000000] ACPI: INT_SRC_OVR (bus 0 bus_irq 9 global_irq 9 high level)
[    0.000000] ACPI: INT_SRC_OVR (bus 0 bus_irq 10 global_irq 10 high level)
[    0.000000] ACPI: INT_SRC_OVR (bus 0 bus_irq 11 global_irq 11 high level)
[    0.000000] Using ACPI (MADT) for SMP configuration information
[    0.000000] ACPI: HPET id: 0x8086a201 base: 0xfed00000
[    0.000000] SMP: Allowing 4 CPUs, 0 hotplug CPUs
[    0.000000] PM: Registered nosave memory: 000000000009f000 - 00000000000a0000
[    0.000000] PM: Registered nosave memory: 00000000000a0000 - 00000000000f0000
[    0.000000] PM: Registered nosave memory: 00000000000f0000 - 0000000000100000
[    0.000000] PM: Registered nosave memory: 00000000dfffe000 - 00000000e0000000
[    0.000000] PM: Registered nosave memory: 00000000e0000000 - 00000000feffc000
[    0.000000] PM: Registered nosave memory: 00000000feffc000 - 00000000ff000000
[    0.000000] PM: Registered nosave memory: 00000000ff000000 - 00000000fffc0000
[    0.000000] PM: Registered nosave memory: 00000000fffc0000 - 0000000100000000
[    0.000000] Allocating PCI resources starting at e0000000 (gap: e0000000:1effc000)
[    0.000000] Booting paravirtualized kernel on KVM
[    0.000000] setup_percpu: NR_CPUS:512 nr_cpumask_bits:512 nr_cpu_ids:4 nr_node_ids:1
[    0.000000] PERCPU: Embedded 27 pages/cpu @ffff88041fc00000 s78912 r8192 d23488 u524288
[    0.000000] kvm-clock: cpu 0, msr 4:1fc12741, primary cpu clock
[    0.000000] KVM setup async PF for cpu 0
[    0.000000] kvm-stealtime: cpu 0, msr 41fc0cfc0
[    0.000000] Built 1 zonelists in Zone order, mobility grouping on.  Total pages: 4135048
[    0.000000] Policy zone: Normal
[    0.000000] Kernel command line: BOOT_IMAGE=/boot/vmlinuz-3.2.0-4-amd64 root=UUID=e35ebd7f-2405-4c97-9c3e-26919d55a9e5 ro console=tty0 console=ttyS0,115200n8
[    0.000000] PID hash table entries: 4096 (order: 3, 32768 bytes)
[    0.000000] Checking aperture...
[    0.000000] No AGP bridge found
[    0.000000] Memory: 16460264k/17301504k available (3434k kernel code, 524748k absent, 316492k reserved, 3305k data, 580k init)
[    0.000000] Hierarchical RCU implementation.
[    0.000000] 	RCU dyntick-idle grace-period acceleration is enabled.
[    0.000000] NR_IRQS:33024 nr_irqs:712 16
[    0.000000] Console: colour VGA+ 80x25
[    0.000000] console [tty0] enabled
[    0.000000] console [ttyS0] enabled
[    0.000000] Detected 2199.998 MHz processor.
[    0.008000] Calibrating delay loop (skipped) preset value.. 4399.99 BogoMIPS (lpj=8799992)
[    0.008000] pid_max: default: 32768 minimum: 301
[    0.008000] Security Framework initialized
[    0.008013] AppArmor: AppArmor disabled by boot time parameter
[    0.009950] Dentry cache hash table entries: 2097152 (order: 12, 16777216 bytes)
[    0.014673] Inode-cache hash table entries: 1048576 (order: 11, 8388608 bytes)
[    0.017600] Mount-cache hash table entries: 256
[    0.018611] Initializing cgroup subsys cpuacct
[    0.019444] Initializing cgroup subsys memory
[    0.020037] Initializing cgroup subsys devices
[    0.020870] Initializing cgroup subsys freezer
[    0.021697] Initializing cgroup subsys net_cls
[    0.022524] Initializing cgroup subsys blkio
[    0.023349] Initializing cgroup subsys perf_event
[    0.024107] mce: CPU supports 10 MCE banks
[    0.026278] ACPI: Core revision 20110623
[    0.031663] ..TIMER: vector=0x30 apic1=0 pin1=2 apic2=-1 pin2=-1
[    0.032007] CPU0: Intel QEMU Virtual CPU version 1.1.2 stepping 03
[    0.036002] Performance Events: unsupported p6 CPU model 2 no PMU driver, software events only.
[    0.036002] NMI watchdog disabled (cpu0): hardware events not enabled
[    0.036002] Booting Node   0, Processors  #1
[    0.048008] kvm-clock: cpu 1, msr 4:1fc92741, secondary cpu clock
[    0.052085] NMI watchdog disabled (cpu1): hardware events not enabled
[    0.052332]  #2
[    0.052117] KVM setup async PF for cpu 1
[    0.052117] kvm-stealtime: cpu 1, msr 41fc8cfc0
[    0.064038] kvm-clock: cpu 2, msr 4:1fd12741, secondary cpu clock
[    0.064113] NMI watchdog disabled (cpu2): hardware events not enabled
[    0.064438]  #3 Ok.
[    0.064173] KVM setup async PF for cpu 2
[    0.064173] kvm-stealtime: cpu 2, msr 41fd0cfc0
[    0.080010] kvm-clock: cpu 3, msr 4:1fd92741, secondary cpu clock
[    0.080158] NMI watchdog disabled (cpu3): hardware events not enabled
[    0.080198] Brought up 4 CPUs
[    0.080200] Total of 4 processors activated (17599.98 BogoMIPS).
[    0.080196] KVM setup async PF for cpu 3
[    0.080196] kvm-stealtime: cpu 3, msr 41fd8cfc0
[    0.088516] devtmpfs: initialized
[    0.094063] print_constraints: dummy: 
[    0.094063] NET: Registered protocol family 16
[    0.096146] ACPI: bus type pci registered
[    0.097116] PCI: Using configuration type 1 for base access
[    0.101179] bio: create slab <bio-0> at 0
[    0.102500] ACPI: Added _OSI(Module Device)
[    0.104012] ACPI: Added _OSI(Processor Device)
[    0.104927] ACPI: Added _OSI(3.0 _SCP Extensions)
[    0.105871] ACPI: Added _OSI(Processor Aggregator Device)
[    0.110328] ACPI: Interpreter enabled
[    0.111139] ACPI: (supports S0 S3 S4 S5)
[    0.112284] ACPI: Using IOAPIC for interrupt routing
[    0.117280] ACPI: No dock devices found.
[    0.118115] HEST: Table not found.
[    0.118866] PCI: Ignoring host bridge windows from ACPI; if necessary, use "pci=use_crs" and report a bug
[    0.120032] ACPI: PCI Root Bridge [PCI0] (domain 0000 [bus 00-ff])
[    0.126740] pci 0000:00:01.3: quirk: [io  0xb000-0xb03f] claimed by PIIX4 ACPI
[    0.128023] pci 0000:00:01.3: quirk: [io  0xb100-0xb10f] claimed by PIIX4 SMB
[    0.148917]  pci0000:00: Unable to request _OSC control (_OSC support mask: 0x1e)
[    0.152787] ACPI: PCI Interrupt Link [LNKA] (IRQs 5 *10 11)
[    0.154442] ACPI: PCI Interrupt Link [LNKB] (IRQs 5 *10 11)
[    0.156108] ACPI: PCI Interrupt Link [LNKC] (IRQs 5 10 *11)
[    0.157783] ACPI: PCI Interrupt Link [LNKD] (IRQs 5 10 *11)
[    0.159412] ACPI: PCI Interrupt Link [LNKS] (IRQs 9) *0
[    0.161059] vgaarb: device added: PCI:0000:00:02.0,decodes=io+mem,owns=io+mem,locks=none
[    0.161570] vgaarb: loaded
[    0.162189] vgaarb: bridge control possible 0000:00:02.0
[    0.164100] PCI: Using ACPI for IRQ routing
[    0.165401] HPET: 3 timers in total, 0 timers will be used for per-cpu timer
[    0.166689] hpet0: at MMIO 0xfed00000, IRQs 2, 8, 0
[    0.168437] hpet0: 3 comparators, 64-bit 100.000000 MHz counter
[    0.180349] Switching to clocksource kvm-clock
[    0.183856] pnp: PnP ACPI init
[    0.184614] ACPI: bus type pnp registered
[    0.186736] pnp: PnP ACPI: found 8 devices
[    0.187561] ACPI: ACPI bus type pnp unregistered
[    0.205534] NET: Registered protocol family 2
[    0.208898] IP route cache hash table entries: 524288 (order: 10, 4194304 bytes)
[    0.214782] TCP established hash table entries: 524288 (order: 11, 8388608 bytes)
[    0.222883] TCP bind hash table entries: 65536 (order: 8, 1048576 bytes)
[    0.224927] TCP: Hash tables configured (established 524288 bind 65536)
[    0.226073] TCP reno registered
[    0.226743] UDP hash table entries: 8192 (order: 6, 262144 bytes)
[    0.228109] UDP-Lite hash table entries: 8192 (order: 6, 262144 bytes)
[    0.230200] NET: Registered protocol family 1
[    0.231074] pci 0000:00:00.0: Limiting direct PCI/PCI transfers
[    0.239511] pci 0000:00:01.0: PIIX3: Enabling Passive Release
[    0.240632] pci 0000:00:01.0: Activating ISA DMA hang workarounds
[    0.241887] Unpacking initramfs...
[    0.468857] Freeing initrd memory: 9992k freed
[    0.472452] PCI-DMA: Using software bounce buffering for IO (SWIOTLB)
[    0.473591] Placing 64MB software IO TLB between ffff8800dbff0000 - ffff8800dfff0000
[    0.474950] software IO TLB at phys 0xdbff0000 - 0xdfff0000
[    0.478191] audit: initializing netlink socket (disabled)
[    0.479193] type=2000 audit(1481485669.476:1): initialized
[    0.508524] HugeTLB registered 2 MB page size, pre-allocated 0 pages
[    0.513859] VFS: Disk quotas dquot_6.5.2
[    0.514806] Dquot-cache hash table entries: 512 (order 0, 4096 bytes)
[    0.516273] msgmni has been set to 32168
[    0.518137] alg: No test for stdrng (krng)
[    0.519186] Block layer SCSI generic (bsg) driver version 0.4 loaded (major 253)
[    0.520777] io scheduler noop registered
[    0.521612] io scheduler deadline registered
[    0.522780] io scheduler cfq registered (default)
[    0.523932] pci_hotplug: PCI Hot Plug PCI Core version: 0.5
[    0.525106] pciehp: PCI Express Hot Plug Controller Driver version: 0.4
[    0.526282] acpiphp: ACPI Hot Plug PCI Controller Driver version: 0.5
[    0.527538] acpiphp: Slot [3] registered
[    0.528577] acpiphp: Slot [4] registered
[    0.529477] acpiphp: Slot [5] registered
[    0.530352] acpiphp: Slot [6] registered
[    0.531187] acpiphp: Slot [7] registered
[    0.532017] acpiphp: Slot [8] registered
[    0.532966] acpiphp: Slot [9] registered
[    0.533800] acpiphp: Slot [10] registered
[    0.534626] acpiphp: Slot [11] registered
[    0.535443] acpiphp: Slot [12] registered
[    0.536365] acpiphp: Slot [13] registered
[    0.537192] acpiphp: Slot [14] registered
[    0.538005] acpiphp: Slot [15] registered
[    0.538803] acpiphp: Slot [16] registered
[    0.539592] acpiphp: Slot [17] registered
[    0.540561] acpiphp: Slot [18] registered
[    0.541393] acpiphp: Slot [19] registered
[    0.542200] acpiphp: Slot [20] registered
[    0.542987] acpiphp: Slot [21] registered
[    0.543798] acpiphp: Slot [22] registered
[    0.544750] acpiphp: Slot [23] registered
[    0.545544] acpiphp: Slot [24] registered
[    0.546343] acpiphp: Slot [25] registered
[    0.547136] acpiphp: Slot [26] registered
[    0.547924] acpiphp: Slot [27] registered
[    0.548890] acpiphp: Slot [28] registered
[    0.549709] acpiphp: Slot [29] registered
[    0.550555] acpiphp: Slot [30] registered
[    0.551404] acpiphp: Slot [31] registered
[    0.552463] ERST: Table is not found!
[    0.553169] GHES: HEST is not enabled!
[    0.554208] Serial: 8250/16550 driver, 4 ports, IRQ sharing enabled
[    0.576784] serial8250: ttyS0 at I/O 0x3f8 (irq = 4) is a 16550A
[    0.607918] 00:06: ttyS0 at I/O 0x3f8 (irq = 4) is a 16550A
[    0.609652] Linux agpgart interface v0.103
[    0.610618] i8042: PNP: PS/2 Controller [PNP0303:KBD,PNP0f13:MOU] at 0x60,0x64 irq 1,12
[    0.613001] serio: i8042 KBD port at 0x60,0x64 irq 1
[    0.613892] serio: i8042 AUX port at 0x60,0x64 irq 12
[    0.615359] mousedev: PS/2 mouse device common for all mice
[    0.616816] input: AT Translated Set 2 keyboard as /devices/platform/i8042/serio0/input/input0
[    0.618534] rtc_cmos 00:01: RTC can wake from S4
[    0.619747] rtc_cmos 00:01: rtc core: registered rtc_cmos as rtc0
[    0.621151] rtc0: alarms up to one day, 114 bytes nvram, hpet irqs
[    0.622309] cpuidle: using governor ladder
[    0.623057] cpuidle: using governor menu
[    0.624229] TCP cubic registered
[    0.626095] NET: Registered protocol family 10
[    0.627776] Mobile IPv6
[    0.628466] NET: Registered protocol family 17
[    0.629349] Registering the dns_resolver key type
[    0.631237] registered taskstats version 1
[    0.633611] rtc_cmos 00:01: setting system clock to 2016-12-11 19:47:51 UTC (1481485671)
[    0.635205] Initializing network drop monitor service
[    0.638086] Freeing unused kernel memory: 580k freed
[    0.639293] Write protecting the kernel read-only data: 6144k
[    0.643102] Freeing unused kernel memory: 644k freed
[    0.647120] Freeing unused kernel memory: 688k freed
Loading, please wait...
[    0.667857] udevd[58]: starting version 175
[    0.687144] SCSI subsystem initialized
[    0.691597] e1000: Intel(R) PRO/1000 Network Driver - version 7.3.21-k8-NAPI
[    0.693088] e1000: Copyright (c) 1999-2006 Intel Corporation.
[    0.694408] ACPI: PCI Interrupt Link [LNKC] enabled at IRQ 11
[    0.702909] Floppy drive(s): fd0 is 1.44M
[    0.724699] FDC 0 is a S82078B
[    4.056824] Refined TSC clocksource calibration: 2199.956 MHz.
[    4.086517] e1000 0000:00:03.0: eth0: (PCI:33MHz:32-bit) 52:54:00:12:34:56
[    4.087841] e1000 0000:00:03.0: eth0: Intel(R) PRO/1000 Network Connection
[    4.091008] scsi0 : ata_piix
[    4.092432] scsi1 : ata_piix
[    4.093215] ata1: PATA max MWDMA2 cmd 0x1f0 ctl 0x3f6 bmdma 0xc040 irq 14
[    4.094556] ata2: PATA max MWDMA2 cmd 0x170 ctl 0x376 bmdma 0xc048 irq 15
[    4.253263] ata1.00: ATA-7: QEMU HARDDISK, 1.1.2, max UDMA/100
[    4.255322] ata1.00: 9011200 sectors, multi 16: LBA48 
[    4.258504] ata2.00: ATAPI: QEMU DVD-ROM, 1.1.2, max UDMA/100
[    4.259856] ata1.00: configured for MWDMA2
[    4.261320] scsi 0:0:0:0: Direct-Access     ATA      QEMU HARDDISK    1.1. PQ: 0 ANSI: 5
[    4.265073] ata2.00: configured for MWDMA2
[    4.267984] scsi 1:0:0:0: CD-ROM            QEMU     QEMU DVD-ROM     1.1. PQ: 0 ANSI: 5
[    4.284592] sd 0:0:0:0: [sda] 9011200 512-byte logical blocks: (4.61 GB/4.29 GiB)
[    4.288286] sd 0:0:0:0: [sda] Write Protect is off
[    4.290207] sd 0:0:0:0: [sda] Write cache: disabled, read cache: enabled, doesn't support DPO or FUA
[    4.295575]  sda: sda1
[    4.298013] sd 0:0:0:0: [sda] Attached SCSI disk
[    4.303899] sr0: scsi3-mmc drive: 4x/4x cd/rw xa/form2 tray
[    4.306598] cdrom: Uniform CD-ROM driver Revision: 3.20
[    4.309892] sd 0:0:0:0: Attached scsi generic sg0 type 0
[    4.312819] sr 1:0:0:0: Attached scsi generic sg1 type 5
Begin: Loading essential drivers ... done.
Begin: Running /scripts/init-premount ... done.
Begin: Mounting root file system ... Begin: Running /scripts/local-top ... done.
Begin: Running /scripts/local-premount ... done.
[    5.006211] EXT4-fs (sda1): mounted filesystem with ordered data mode. Opts: (null)
Begin: Running /scripts/local-bottom ... done.
done.
Begin: Running /scripts/init-bottom ... done.
INIT: version 2.88 booting
[[36minfo[39;49m] Using makefile-style concurrent boot in runlevel S.
findfs: unable to resolve 'UUID="e35ebd7f-2405-4c97-9c3e-26919d55a9e5"'
[....] Starting the hotplug events dispatcher: udevd[    8.651760] udevd[314]: starting version 175
[?25l[?1c7[1G[[32m ok [39;49m8[?25h[?0c.
[....] Synthesizing the initial hotplug events...[    8.718930] input: Power Button as /devices/LNXSYSTM:00/LNXPWRBN:00/input/input1
[    8.721883] ACPI: Power Button [PWRF]
[    8.729127] input: PC Speaker as /devices/platform/pcspkr/input/input2
[?25l[?1c7[1G[[32m ok [39;49m8[?25h[?0cdone.
[....] Waiting for /dev to be fully populated...[    8.783911] parport_pc 00:05: reported by Plug and Play ACPI
[    8.785682] parport0: PC-style at 0x378, irq 7 [PCSPP,TRISTATE]
[    8.788927] piix4_smbus 0000:00:01.3: SMBus Host Controller at 0xb100, revision 0
[    8.817745] Error: Driver 'pcspkr' is already registered, aborting...
[?25l[?1c7[1G[[32m ok [39;49m8[?25h[?0cdone.
findfs: unable to resolve 'UUID="e35ebd7f-2405-4c97-9c3e-26919d55a9e5"'
[....] Activating swap...[?25l[?1c7[1G[[32m ok [39;49m8[?25h[?0cdone.
Usage: mountpoin[   12.323629] input: ImExPS/2 Generic Explorer Mouse as /devices/platform/i8042/serio1/input/input3
t [-q] [-d] [-x] path
[   12.339732] EXT4-fs (sda1): re-mounted. Opts: (null)
[....] Checking root file system...fsck from util-linux 2.20.1
/run/rootdev: clean, 32668/264000 files, 885334/1054720 blocks
[?25l[?1c7[1G[[32m ok [39;49m8[?25h[?0cdone.
[   12.411093] EXT4-fs (sda1): re-mounted. Opts: errors=remount-ro,errors=remount-ro
[....] Cleaning up temporary files... /tmp[?25l[?1c7[1G[[32m ok [39;49m8[?25h[?0c.
findfs: unable to resolve 'UUID="e35ebd7f-2405-4c97-9c3e-26919d55a9e5"'
findfs: unable to resolve 'UUID="e35ebd7f-2405-4c97-9c3e-26919d55a9e5"'
[....] Activating lvm and md swap...[?25l[?1c7[1G[[32m ok [39;49m8[?25h[?0cdone.
[....] Checking file systems...fsck from util-linux 2.20.1
[?25l[?1c7[1G[[32m ok [39;49m8[?25h[?0cdone.
[....] Mounting local filesystems...[?25l[?1c7[1G[[32m ok [39;49m8[?25h[?0cdone.
[....] Activating swapfile swap...[?25l[?1c7[1G[[32m ok [39;49m8[?25h[?0cdone.
findfs: unable to resolve 'UUID="e35ebd7f-2405-4c97-9c3e-26919d55a9e5"'
[....] Cleaning up temporary files...[?25l[?1c7[1G[[32m ok [39;49m8[?25h[?0c.
[....] Setting kernel variables ...[?25l[?1c7[1G[[32m ok [39;49m8[?25h[?0cdone.
[....] Configuring network interfaces...Internet Systems Consortium DHCP Client 4.2.2
Copyright 2004-2011 Internet Systems Consortium.
All rights reserved.
For info, please visit https://www.isc.org/software/dhcp/

[   16.698208] ADDRCONF(NETDEV_UP): eth0: link is not ready
Listening on LPF/eth0/52:54:00:12:34:56
Sending on   LPF/eth0/52:54:00:12:34:56
Sending on   Socket/fallback
DHCPDISCOVER on eth0 to 255.255.255.255 port 67 interval 4
[   20.112092] e1000: eth0 NIC Link is Up 1000 Mbps Full Duplex, Flow Control: RX
[   20.119221] ADDRCONF(NETDEV_CHANGE): eth0: link becomes ready
DHCPDISCOVER on eth0 to 255.255.255.255 port 67 interval 9
DHCPREQUEST on eth0 to 255.255.255.255 port 67
DHCPOFFER from 10.0.2.2
DHCPACK from 10.0.2.2
bound to 10.0.2.15 -- renewal in 42584 seconds.
ifup: interface eth0 already configured
[?25l[?1c7[1G[[32m ok [39;49m8[?25h[?0cdone.
[....] Cleaning up temporary files...[?25l[?1c7[1G[[32m ok [39;49m8[?25h[?0c.
INIT: Entering runlevel: 2
[[36minfo[39;49m] Using makefile-style concurrent boot in runlevel 2.
[....] Starting OpenBSD Secure Shell server: sshd[?25l[?1c7[1G[[32m ok [39;49m8[?25h[?0c.
Entering benchmark mode
./scaff/bin/uniform/doitgen_STANDARD dummy.out 100
STARTING doitgen_STANDARD execution: Sun Dec 11 21:48:11 EET 2016
Execution Time; 0.152283
Execution Time; 3.165275
Execution Time; 0.150545
Execution Time; 0.149490
Execution Time; 0.148792
Execution Time; 0.142835
Execution Time; 0.149040
Execution Time; 0.142508
Execution Time; 3.170695
Execution Time; 0.147145
Execution Time; 0.151283
Execution Time; 0.143382
Execution Time; 0.142570
Execution Time; 0.142872
Execution Time; 3.155966
Execution Time; 0.142708
Execution Time; 0.144067
Execution Time; 0.142630
Execution Time; 0.142387
Execution Time; 0.142672
Execution Time; 0.143784
Execution Time; 3.152531
Execution Time; 0.148177
Execution Time; 0.143339
Execution Time; 0.145960
Execution Time; 0.142452
Execution Time; 0.142391
Execution Time; 0.142614
Execution Time; 0.146334
Execution Time; 0.142489
Execution Time; 0.143649
Execution Time; 0.147468
Execution Time; 0.145255
Execution Time; 0.142689
Execution Time; 3.161068
Execution Time; 0.142482
Execution Time; 0.142419
Execution Time; 0.144062
Execution Time; 0.150471
Execution Time; 0.142560
Execution Time; 0.142907
Execution Time; 3.152474
Execution Time; 0.146715
Execution Time; 0.142722
Execution Time; 0.142641
Execution Time; 0.146552
Execution Time; 0.143430
Execution Time; 3.152580
Execution Time; 0.147102
Execution Time; 0.142560
Execution Time; 0.142673
Execution Time; 0.142545
Execution Time; 0.142474
Execution Time; 0.142561
Execution Time; 3.156467
Execution Time; 0.142585
Execution Time; 0.148254
Execution Time; 0.146322
Execution Time; 0.142597
Execution Time; 0.142498
Execution Time; 0.142810
Execution Time; 3.165532
Execution Time; 0.142500
Execution Time; 0.142712
Execution Time; 0.142694
Execution Time; 0.146518
Execution Time; 0.142766
Execution Time; 3.158926
Execution Time; 0.143552
Execution Time; 0.142880
Execution Time; 0.155804
Execution Time; 0.153484
Execution Time; 0.142677
Execution Time; 0.146838
Execution Time; 3.152542
Execution Time; 0.142577
Execution Time; 0.151515
Execution Time; 0.142729
Execution Time; 0.146199
Execution Time; 0.142582
Execution Time; 3.162209
Execution Time; 0.142844
Execution Time; 0.146563
Execution Time; 0.146620
Execution Time; 0.154478
Execution Time; 0.145793
Execution Time; 0.142701
Execution Time; 3.154712
Execution Time; 0.142594
Execution Time; 0.151338
Execution Time; 0.154337
Execution Time; 0.142628
Execution Time; 0.142396
Execution Time; 3.157550
Execution Time; 0.146757
Execution Time; 0.146548
Execution Time; 0.146968
Execution Time; 0.142742
Execution Time; 0.142472
Execution Time; 0.142836
Execution Time; 3.158878
Execution Time; 0.143894
Execution Time; 0.142548
Execution Time; 0.150369
Execution Time; 0.142491
Execution Time; 0.150575
Execution Time; 3.160117
Execution Time; 0.142721
Execution Time; 0.142468
Execution Time; 0.142870
Execution Time; 0.142478
Execution Time; 0.147394
Execution Time; 0.142635
Execution Time; 3.152946
Execution Time; 0.142554
Execution Time; 0.142391
Execution Time; 0.156019
Execution Time; 0.147697
Execution Time; 0.154306
Execution Time; 3.152771
Execution Time; 0.144457
Execution Time; 0.146652
Execution Time; 0.149151
Execution Time; 0.142428
Execution Time; 0.143808
Execution Time; 0.142536
Execution Time; 3.154737
Execution Time; 0.142478
Execution Time; 0.142583
Execution Time; 0.143538
Execution Time; 0.142450
Execution Time; 0.143601
Execution Time; 0.142789
Execution Time; 3.151846
Execution Time; 0.142618
Execution Time; 0.146695
Execution Time; 0.143635
Execution Time; 0.142926
Execution Time; 0.142457
Execution Time; 3.152336
Execution Time; 0.142642
Execution Time; 0.143605
Execution Time; 0.146141
Execution Time; 0.149218
Execution Time; 0.143566
Execution Time; 0.143822
Execution Time; 3.153173
Execution Time; 0.142708
Execution Time; 0.142517
Execution Time; 0.143074
Execution Time; 0.142814
Execution Time; 0.142468
Execution Time; 0.142309
Execution Time; 3.151966
Execution Time; 0.150083
Execution Time; 0.142686
Execution Time; 0.142535
Execution Time; 0.143187
Execution Time; 0.142726
Execution Time; 3.152427
Execution Time; 0.146566
Execution Time; 0.142732
Execution Time; 0.142327
Execution Time; 0.142666
Execution Time; 0.142740
Execution Time; 0.142502
Execution Time; 3.155913
Execution Time; 0.142363
Execution Time; 0.142374
Execution Time; 0.147697
Execution Time; 0.142596
Execution Time; 0.146649
Execution Time; 0.146365
Execution Time; 3.155806
Execution Time; 0.142279
Execution Time; 0.142597
Execution Time; 0.146394
Execution Time; 0.145869
Execution Time; 0.142436
Execution Time; 3.155965
Execution Time; 0.142792
Execution Time; 0.142608
Execution Time; 0.142744
Execution Time; 0.150601
Execution Time; 0.142620
Execution Time; 0.148854
Execution Time; 3.155110
Execution Time; 0.142419
Execution Time; 0.142628
Execution Time; 0.143900
Execution Time; 0.143166
Execution Time; 0.143879
Execution Time; 0.142399
Execution Time; 3.153362
Execution Time; 0.142619
Execution Time; 0.143618
Execution Time; 0.154036
Execution Time; 0.150977
Execution Time; 0.142511
Execution Time; 3.160889
Execution Time; 0.149050
Execution Time; 0.142561
Execution Time; 0.150383
Execution Time; 0.142414
Execution Time; 0.142600
Execution Time; 3.160722
Execution Time; 0.146259
Execution Time; 0.142508
Execution Time; 0.144860
Execution Time; 0.150037
Execution Time; 0.143726
Execution Time; 0.142687
Execution Time; 3.159477
Execution Time; 0.146075
Execution Time; 0.146264
Execution Time; 0.142661
Execution Time; 0.143787
Execution Time; 0.142649
Execution Time; 0.146702
Execution Time; 3.155338
Execution Time; 0.142545
Execution Time; 0.148109
Execution Time; 0.148914
Execution Time; 0.142674
Execution Time; 0.151942
Execution Time; 3.155983
Execution Time; 0.142584
Execution Time; 0.146575
Execution Time; 0.143880
Execution Time; 0.145151
Execution Time; 0.146297
Execution Time; 0.149352
Execution Time; 3.151913
Execution Time; 0.142857
Execution Time; 0.143706
Execution Time; 0.143663
Execution Time; 0.149196
Execution Time; 0.143778
Execution Time; 3.156364
Execution Time; 0.142746
Execution Time; 0.145218
Execution Time; 0.142391
Execution Time; 0.142480
Execution Time; 0.142541
Execution Time; 0.142538
Execution Time; 3.152113
Execution Time; 0.152313
Execution Time; 0.142595
Execution Time; 0.143692
Execution Time; 0.142737
Execution Time; 0.142427
Execution Time; 0.142629
Execution Time; 3.152212
Execution Time; 0.142542
Execution Time; 0.142695
Execution Time; 0.146565
Execution Time; 0.142351
Execution Time; 0.142480
Execution Time; 3.157475
Execution Time; 0.142852
Execution Time; 0.142489
Execution Time; 0.142641
Execution Time; 0.143566
Execution Time; 0.142450
Execution Time; 0.142504
Execution Time; 3.153690
Execution Time; 0.146469
Execution Time; 0.142552
Execution Time; 0.146169
Execution Time; 0.142301
Execution Time; 0.146627
Execution Time; 0.146739
Execution Time; 3.157279
Execution Time; 0.143678
Execution Time; 0.146264
Execution Time; 0.142912
Execution Time; 0.147579
Execution Time; 0.142576
Execution Time; 3.157416
Execution Time; 0.142573
Execution Time; 0.142470
Execution Time; 0.142469
Execution Time; 0.142313
Execution Time; 0.142545
Execution Time; 0.142558
Execution Time; 3.152139
Execution Time; 0.142693
Execution Time; 0.142627
Execution Time; 0.142639
Execution Time; 0.151692
Execution Time; 0.146572
Execution Time; 0.145460
Execution Time; 3.152617
Execution Time; 0.142331
Execution Time; 0.153272
Execution Time; 0.142491
Execution Time; 0.146461
Execution Time; 0.146944
Execution Time; 3.151697
Execution Time; 0.142336
Execution Time; 0.148710
Execution Time; 0.142597
Execution Time; 0.142610
Execution Time; 0.145220
Execution Time; 0.142556
Execution Time; 3.156180
Execution Time; 0.142687
Execution Time; 0.142537
Execution Time; 0.142478
Execution Time; 0.142471
Execution Time; 0.143073
Execution Time; 3.159026
Execution Time; 0.142727
Execution Time; 0.142486
Execution Time; 0.142471
Execution Time; 0.160154
Execution Time; 0.144004
Execution Time; 0.150315
Execution Time; 3.151971
Execution Time; 0.142618
Execution Time; 0.170540
Execution Time; 0.149337
Execution Time; 0.147601
Execution Time; 0.146434
Execution Time; 3.152329
Execution Time; 0.149049
Execution Time; 0.142557
Execution Time; 0.148006
Execution Time; 0.143691
Execution Time; 0.142475
Execution Time; 0.142596
Execution Time; 3.154533
Execution Time; 0.143771
Execution Time; 0.148679
Execution Time; 0.146653
Execution Time; 0.142685
Execution Time; 0.143846
Execution Time; 0.143737
Execution Time; 3.153074
Execution Time; 0.142718
Execution Time; 0.154414
Execution Time; 0.145394
Execution Time; 0.142304
Execution Time; 0.153956
Execution Time; 3.155727
Execution Time; 0.142460
Execution Time; 0.146627
Execution Time; 0.138811
Execution Time; 0.140254
Execution Time; 0.144914
Execution Time; 0.142609
Execution Time; 3.152408
Execution Time; 0.142557
Execution Time; 0.146462
Execution Time; 0.146547
Execution Time; 0.145896
Execution Time; 0.146582
Execution Time; 3.152557
Execution Time; 0.142894
Execution Time; 0.142821
Execution Time; 0.146342
Execution Time; 0.147517
Execution Time; 0.150517
Execution Time; 0.143778
Execution Time; 3.156022
Execution Time; 0.142705
Execution Time; 0.146276
Execution Time; 0.142246
Execution Time; 0.143424
Execution Time; 0.144057
Execution Time; 0.146545
Execution Time; 3.156232
Execution Time; 0.142547
Execution Time; 0.142475
Execution Time; 0.142427
Execution Time; 0.142474
Execution Time; 0.142459
Execution Time; 3.154185
Execution Time; 0.143716
Execution Time; 0.151715
Execution Time; 0.142810
Execution Time; 0.142504
Execution Time; 0.142529
Execution Time; 0.147781
Execution Time; 3.157497
Execution Time; 0.143769
Execution Time; 0.142679
Execution Time; 0.142517
Execution Time; 0.146120
Execution Time; 0.142652
Execution Time; 0.143004
Execution Time; 0.142388
Execution Time; 0.142558
Execution Time; 0.142674
Execution Time; 0.155962
Execution Time; 0.157874
Execution Time; 0.142698
Execution Time; 3.152648
Execution Time; 0.142679
Execution Time; 0.147134
Execution Time; 0.152459
Execution Time; 0.142484
Execution Time; 0.146609
Execution Time; 3.153098
Execution Time; 0.153355
Execution Time; 0.147873
Execution Time; 0.147580
Execution Time; 0.146479
Execution Time; 0.143213
Execution Time; 0.142443
Execution Time; 3.164278
Execution Time; 0.148219
Execution Time; 0.143583
Execution Time; 0.142706
Execution Time; 0.149227
Execution Time; 0.142820
Execution Time; 3.159123
Execution Time; 0.148286
Execution Time; 0.142514
Execution Time; 0.142801
Execution Time; 0.144090
Execution Time; 0.146325
Execution Time; 0.146384
Execution Time; 3.154725
Execution Time; 0.150395
Execution Time; 0.142578
Execution Time; 0.142587
Execution Time; 0.157919
Execution Time; 0.146261
Execution Time; 3.166829
Execution Time; 0.147205
Execution Time; 0.151330
Execution Time; 0.146145
Execution Time; 0.147521
Execution Time; 0.142463
Execution Time; 0.146553
Execution Time; 3.156385
Execution Time; 0.142687
Execution Time; 0.154265
Execution Time; 0.142800
Execution Time; 0.142752
Execution Time; 0.142516
Execution Time; 0.146876
Execution Time; 3.156385
Execution Time; 0.150638
Execution Time; 0.142672
Execution Time; 0.146509
Execution Time; 0.142414
Execution Time; 0.148048
Execution Time; 3.152099
Execution Time; 0.147127
Execution Time; 0.142646
Execution Time; 0.142711
Execution Time; 0.146612
Execution Time; 0.143999
Execution Time; 0.142623
Execution Time; 3.153335
Execution Time; 0.146669
Execution Time; 0.142484
Execution Time; 0.146766
Execution Time; 0.142420
Execution Time; 0.142516
Execution Time; 3.155756
Execution Time; 0.142662
Execution Time; 0.144077
Execution Time; 0.142707
Execution Time; 0.144020
Execution Time; 0.142730
Execution Time; 0.143982
Execution Time; 3.155029
Execution Time; 0.146663
Execution Time; 0.142419
Execution Time; 0.146296
Execution Time; 0.142629
Execution Time; 0.146596
Execution Time; 0.146287
Execution Time; 3.156601
Execution Time; 0.142384
Execution Time; 0.142494
Execution Time; 0.143636
Execution Time; 0.142532
Execution Time; 0.147941
Execution Time; 3.152216
Execution Time; 0.142690
Execution Time; 0.142515
Execution Time; 0.142701
Execution Time; 0.146167
Execution Time; 0.146426
Execution Time; 0.144978
Execution Time; 3.160762
Execution Time; 0.142493
Execution Time; 0.148063
Execution Time; 0.143610
Execution Time; 0.146270
Execution Time; 0.156494
Execution Time; 0.142864
Execution Time; 0.143181
Execution Time; 0.143533
Execution Time; 0.142452
Execution Time; 0.153122
INIT: Switching to runlevel: 0
INIT: Sending processes the TERM signal
[[36minfo[39;49m] Using makefile-style concurrent boot in runlevel 0.
[[36minfo[39;49m] Saving the system clock.
[[36minfo[39;49m] Hardware Clock updated to Sun Dec 11 19:53:20 UTC 2016.
[....] Asking all remaining processes to terminate...[?25l[?1c7[1G[[32m ok [39;49m8[?25h[?0cdone.
[....] All processes ended within 2 seconds...[?25l[?1c7[1G[[32m ok [39;49m8[?25h[?0cdone.
[....] Deconfiguring network interfaces...Internet Systems Consortium DHCP Client 4.2.2
Copyright 2004-2011 Internet Systems Consortium.
All rights reserved.
For info, please visit https://www.isc.org/software/dhcp/

Listening on LPF/eth0/52:54:00:12:34:56
Sending on   LPF/eth0/52:54:00:12:34:56
Sending on   Socket/fallback
DHCPRELEASE on eth0 to 10.0.2.2 port 67
[?25l[?1c7[1G[[32m ok [39;49m8[?25h[?0cdone.
[....] Deactivating swap...[?25l[?1c7[1G[[32m ok [39;49m8[?25h[?0cdone.
[  333.329591] EXT4-fs (sda1): re-mounted. Opts: (null)
[[36minfo[39;49m] Will now halt.
[  337.017483] sd 0:0:0:0: [sda] Stopping disk
[  337.020208] ACPI: Preparing to enter system sleep state S5
[  337.021403] Power down.
aff-executor-preload.c:affhooks_init()
aff-executor-preload.c:affhooks_shut()
HELLO KITTY
