aff-executor-preload.c:affhooks_init()
[H[J[?25l[m[H[J[2;25HGNU GRUB  version 1.99-27+deb7u2

[m[4;2H+--------------------------------------------------------------------------+[5;2H|[5;77H|[6;2H|[6;77H|[7;2H|[7;77H|[8;2H|[8;77H|[9;2H|[9;77H|[10;2H|[10;77H|[11;2H|[11;77H|[12;2H|[12;77H|[13;2H|[13;77H|[14;2H|[14;77H|[15;2H|[15;77H|[16;2H|[16;77H|[17;2H+--------------------------------------------------------------------------+[m[18;2H[m
      Use the ^ and v keys to select which entry is highlighted.      
      Press enter to boot the selected OS, 'e' to edit the commands      
      before booting or 'c' for a command-line.      
      [5;78H [7m[5;3HDebian GNU/Linux, with Linux 3.2.0-4-amd64                               [m [5;76H[m[m[6;3HDebian GNU/Linux, with Linux 3.2.0-4-amd64 (recovery mode)               [m [6;76H[m[m[7;3H                                                                         [m [7;76H[m[m[8;3H                                                                         [m [8;76H[m[m[9;3H                                                                         [m [9;76H[m[m[10;3H                                                                         [m [10;76H[m[m[11;3H                                                                         [m [11;76H[m[m[12;3H                                                                         [m [12;76H[m[m[13;3H                                                                         [m [13;76H[m[m[14;3H                                                                         [m [14;76H[m[m[15;3H                                                                         [m [15;76H[m[m[16;3H                                                                         [m [16;76H[m[16;78H [5;76H[22;1H   The highlighted entry will be executed automatically in 5s.                 [5;76H[22;1H   The highlighted entry will be executed automatically in 4s.                 [5;76H[22;1H   The highlighted entry will be executed automatically in 3s.                 [5;76H[22;1H   The highlighted entry will be executed automatically in 2s.                 [5;76H[22;1H   The highlighted entry will be executed automatically in 1s.                 [5;76H[22;1H   The highlighted entry will be executed automatically in 0s.                 [5;76H[?25h[H[J[H[J  Booting 'Debian GNU/Linux, with Linux 3.2.0-4-amd64'

Loading Linux 3.2.0-4-amd64 ...
Loading initial ramdisk ...
[    0.000000] Initializing cgroup subsys cpuset
[    0.000000] Initializing cgroup subsys cpu
[    0.000000] Linux version 3.2.0-4-amd64 (debian-kernel@lists.debian.org) (gcc version 4.6.3 (Debian 4.6.3-14) ) #1 SMP Debian 3.2.68-1+deb7u3
[    0.000000] Command line: BOOT_IMAGE=/boot/vmlinuz-3.2.0-4-amd64 root=UUID=e35ebd7f-2405-4c97-9c3e-26919d55a9e5 ro console=tty0 console=ttyS0,115200n8
[    0.000000] BIOS-provided physical RAM map:
[    0.000000]  BIOS-e820: 0000000000000000 - 000000000009f400 (usable)
[    0.000000]  BIOS-e820: 000000000009f400 - 00000000000a0000 (reserved)
[    0.000000]  BIOS-e820: 00000000000f0000 - 0000000000100000 (reserved)
[    0.000000]  BIOS-e820: 0000000000100000 - 00000000dfffe000 (usable)
[    0.000000]  BIOS-e820: 00000000dfffe000 - 00000000e0000000 (reserved)
[    0.000000]  BIOS-e820: 00000000feffc000 - 00000000ff000000 (reserved)
[    0.000000]  BIOS-e820: 00000000fffc0000 - 0000000100000000 (reserved)
[    0.000000]  BIOS-e820: 0000000100000000 - 0000000420000000 (usable)
[    0.000000] NX (Execute Disable) protection: active
[    0.000000] SMBIOS 2.4 present.
[    0.000000] No AGP bridge found
[    0.000000] last_pfn = 0x420000 max_arch_pfn = 0x400000000
[    0.000000] PAT not supported by CPU.
[    0.000000] last_pfn = 0xdfffe max_arch_pfn = 0x400000000
[    0.000000] found SMP MP-table at [ffff8800000fdac0] fdac0
[    0.000000] init_memory_mapping: 0000000000000000-00000000dfffe000
[    0.000000] init_memory_mapping: 0000000100000000-0000000420000000
[    0.000000] RAMDISK: 36c6c000 - 3762e000
[    0.000000] ACPI: RSDP 00000000000fd8b0 00014 (v00 BOCHS )
[    0.000000] ACPI: RSDT 00000000dfffe470 00038 (v01 BOCHS  BXPCRSDT 00000001 BXPC 00000001)
[    0.000000] ACPI: FACP 00000000dfffff80 00074 (v01 BOCHS  BXPCFACP 00000001 BXPC 00000001)
[    0.000000] ACPI: DSDT 00000000dfffe4b0 01121 (v01   BXPC   BXDSDT 00000001 INTL 20100528)
[    0.000000] ACPI: FACS 00000000dfffff40 00040
[    0.000000] ACPI: SSDT 00000000dffffd70 001C1 (v01 BOCHS  BXPCSSDT 00000001 BXPC 00000001)
[    0.000000] ACPI: APIC 00000000dffffc70 00090 (v01 BOCHS  BXPCAPIC 00000001 BXPC 00000001)
[    0.000000] ACPI: HPET 00000000dffffc30 00038 (v01 BOCHS  BXPCHPET 00000001 BXPC 00000001)
[    0.000000] ACPI: SSDT 00000000dffff5e0 00644 (v01   BXPC BXSSDTPC 00000001 INTL 20100528)
[    0.000000] No NUMA configuration found
[    0.000000] Faking a node at 0000000000000000-0000000420000000
[    0.000000] Initmem setup node 0 0000000000000000-0000000420000000
[    0.000000]   NODE_DATA [000000041fffb000 - 000000041fffffff]
[    0.000000] kvm-clock: Using msrs 4b564d01 and 4b564d00
[    0.000000] kvm-clock: cpu 0, msr 0:16a8741, boot clock
[    0.000000] Zone PFN ranges:
[    0.000000]   DMA      0x00000010 -> 0x00001000
[    0.000000]   DMA32    0x00001000 -> 0x00100000
[    0.000000]   Normal   0x00100000 -> 0x00420000
[    0.000000] Movable zone start PFN for each node
[    0.000000] early_node_map[3] active PFN ranges
[    0.000000]     0: 0x00000010 -> 0x0000009f
[    0.000000]     0: 0x00000100 -> 0x000dfffe
[    0.000000]     0: 0x00100000 -> 0x00420000
[    0.000000] ACPI: PM-Timer IO Port: 0xb008
[    0.000000] ACPI: LAPIC (acpi_id[0x00] lapic_id[0x00] enabled)
[    0.000000] ACPI: LAPIC (acpi_id[0x01] lapic_id[0x01] enabled)
[    0.000000] ACPI: LAPIC (acpi_id[0x02] lapic_id[0x02] enabled)
[    0.000000] ACPI: LAPIC (acpi_id[0x03] lapic_id[0x03] enabled)
[    0.000000] ACPI: LAPIC_NMI (acpi_id[0xff] dfl dfl lint[0x1])
[    0.000000] ACPI: IOAPIC (id[0x04] address[0xfec00000] gsi_base[0])
[    0.000000] IOAPIC[0]: apic_id 4, version 17, address 0xfec00000, GSI 0-23
[    0.000000] ACPI: INT_SRC_OVR (bus 0 bus_irq 0 global_irq 2 dfl dfl)
[    0.000000] ACPI: INT_SRC_OVR (bus 0 bus_irq 5 global_irq 5 high level)
[    0.000000] ACPI: INT_SRC_OVR (bus 0 bus_irq 9 global_irq 9 high level)
[    0.000000] ACPI: INT_SRC_OVR (bus 0 bus_irq 10 global_irq 10 high level)
[    0.000000] ACPI: INT_SRC_OVR (bus 0 bus_irq 11 global_irq 11 high level)
[    0.000000] Using ACPI (MADT) for SMP configuration information
[    0.000000] ACPI: HPET id: 0x8086a201 base: 0xfed00000
[    0.000000] SMP: Allowing 4 CPUs, 0 hotplug CPUs
[    0.000000] PM: Registered nosave memory: 000000000009f000 - 00000000000a0000
[    0.000000] PM: Registered nosave memory: 00000000000a0000 - 00000000000f0000
[    0.000000] PM: Registered nosave memory: 00000000000f0000 - 0000000000100000
[    0.000000] PM: Registered nosave memory: 00000000dfffe000 - 00000000e0000000
[    0.000000] PM: Registered nosave memory: 00000000e0000000 - 00000000feffc000
[    0.000000] PM: Registered nosave memory: 00000000feffc000 - 00000000ff000000
[    0.000000] PM: Registered nosave memory: 00000000ff000000 - 00000000fffc0000
[    0.000000] PM: Registered nosave memory: 00000000fffc0000 - 0000000100000000
[    0.000000] Allocating PCI resources starting at e0000000 (gap: e0000000:1effc000)
[    0.000000] Booting paravirtualized kernel on KVM
[    0.000000] setup_percpu: NR_CPUS:512 nr_cpumask_bits:512 nr_cpu_ids:4 nr_node_ids:1
[    0.000000] PERCPU: Embedded 27 pages/cpu @ffff88041fc00000 s78912 r8192 d23488 u524288
[    0.000000] kvm-clock: cpu 0, msr 4:1fc12741, primary cpu clock
[    0.000000] KVM setup async PF for cpu 0
[    0.000000] kvm-stealtime: cpu 0, msr 41fc0cfc0
[    0.000000] Built 1 zonelists in Zone order, mobility grouping on.  Total pages: 4135048
[    0.000000] Policy zone: Normal
[    0.000000] Kernel command line: BOOT_IMAGE=/boot/vmlinuz-3.2.0-4-amd64 root=UUID=e35ebd7f-2405-4c97-9c3e-26919d55a9e5 ro console=tty0 console=ttyS0,115200n8
[    0.000000] PID hash table entries: 4096 (order: 3, 32768 bytes)
[    0.000000] Checking aperture...
[    0.000000] No AGP bridge found
[    0.000000] Memory: 16460264k/17301504k available (3434k kernel code, 524748k absent, 316492k reserved, 3305k data, 580k init)
[    0.000000] Hierarchical RCU implementation.
[    0.000000] 	RCU dyntick-idle grace-period acceleration is enabled.
[    0.000000] NR_IRQS:33024 nr_irqs:712 16
[    0.000000] Console: colour VGA+ 80x25
[    0.000000] console [tty0] enabled
[    0.000000] console [ttyS0] enabled
[    0.000000] Detected 2199.998 MHz processor.
[    0.008000] Calibrating delay loop (skipped) preset value.. 4399.99 BogoMIPS (lpj=8799992)
[    0.008000] pid_max: default: 32768 minimum: 301
[    0.008000] Security Framework initialized
[    0.008012] AppArmor: AppArmor disabled by boot time parameter
[    0.009907] Dentry cache hash table entries: 2097152 (order: 12, 16777216 bytes)
[    0.014485] Inode-cache hash table entries: 1048576 (order: 11, 8388608 bytes)
[    0.017477] Mount-cache hash table entries: 256
[    0.018451] Initializing cgroup subsys cpuacct
[    0.019253] Initializing cgroup subsys memory
[    0.020033] Initializing cgroup subsys devices
[    0.020911] Initializing cgroup subsys freezer
[    0.021690] Initializing cgroup subsys net_cls
[    0.022470] Initializing cgroup subsys blkio
[    0.023278] Initializing cgroup subsys perf_event
[    0.024108] mce: CPU supports 10 MCE banks
[    0.026175] ACPI: Core revision 20110623
[    0.031071] ..TIMER: vector=0x30 apic1=0 pin1=2 apic2=-1 pin2=-1
[    0.032007] CPU0: Intel QEMU Virtual CPU version 1.1.2 stepping 03
[    0.036002] Performance Events: unsupported p6 CPU model 2 no PMU driver, software events only.
[    0.036002] NMI watchdog disabled (cpu0): hardware events not enabled
[    0.036002] Booting Node   0, Processors  #1
[    0.048008] kvm-clock: cpu 1, msr 4:1fc92741, secondary cpu clock
[    0.052010] NMI watchdog disabled (cpu1): hardware events not enabled
[    0.052272]  #2
[    0.052041] KVM setup async PF for cpu 1
[    0.052041] kvm-stealtime: cpu 1, msr 41fc8cfc0
[    0.064009] kvm-clock: cpu 2, msr 4:1fd12741, secondary cpu clock
[    0.068014] NMI watchdog disabled (cpu2): hardware events not enabled
[    0.068239]  #3 Ok.
[    0.068040] KVM setup async PF for cpu 2
[    0.068040] kvm-stealtime: cpu 2, msr 41fd0cfc0
[    0.080004] kvm-clock: cpu 3, msr 4:1fd92741, secondary cpu clock
[    0.080239] NMI watchdog disabled (cpu3): hardware events not enabled
[    0.080309] Brought up 4 CPUs
[    0.080312] Total of 4 processors activated (17599.98 BogoMIPS).
[    0.080307] KVM setup async PF for cpu 3
[    0.080307] kvm-stealtime: cpu 3, msr 41fd8cfc0
[    0.088863] devtmpfs: initialized
[    0.095022] print_constraints: dummy: 
[    0.096313] NET: Registered protocol family 16
[    0.097459] ACPI: bus type pci registered
[    0.098406] PCI: Using configuration type 1 for base access
[    0.100907] bio: create slab <bio-0> at 0
[    0.102134] ACPI: Added _OSI(Module Device)
[    0.104012] ACPI: Added _OSI(Processor Device)
[    0.104939] ACPI: Added _OSI(3.0 _SCP Extensions)
[    0.105898] ACPI: Added _OSI(Processor Aggregator Device)
[    0.110414] ACPI: Interpreter enabled
[    0.111202] ACPI: (supports S0 S3 S4 S5)
[    0.112450] ACPI: Using IOAPIC for interrupt routing
[    0.117495] ACPI: No dock devices found.
[    0.118313] HEST: Table not found.
[    0.119046] PCI: Ignoring host bridge windows from ACPI; if necessary, use "pci=use_crs" and report a bug
[    0.120033] ACPI: PCI Root Bridge [PCI0] (domain 0000 [bus 00-ff])
[    0.127024] pci 0000:00:01.3: quirk: [io  0xb000-0xb03f] claimed by PIIX4 ACPI
[    0.128024] pci 0000:00:01.3: quirk: [io  0xb100-0xb10f] claimed by PIIX4 SMB
[    0.149952]  pci0000:00: Unable to request _OSC control (_OSC support mask: 0x1e)
[    0.153929] ACPI: PCI Interrupt Link [LNKA] (IRQs 5 *10 11)
[    0.155520] ACPI: PCI Interrupt Link [LNKB] (IRQs 5 *10 11)
[    0.156990] ACPI: PCI Interrupt Link [LNKC] (IRQs 5 10 *11)
[    0.158635] ACPI: PCI Interrupt Link [LNKD] (IRQs 5 10 *11)
[    0.160474] ACPI: PCI Interrupt Link [LNKS] (IRQs 9) *0
[    0.162376] vgaarb: device added: PCI:0000:00:02.0,decodes=io+mem,owns=io+mem,locks=none
[    0.164016] vgaarb: loaded
[    0.164624] vgaarb: bridge control possible 0000:00:02.0
[    0.165810] PCI: Using ACPI for IRQ routing
[    0.167064] HPET: 3 timers in total, 0 timers will be used for per-cpu timer
[    0.168045] hpet0: at MMIO 0xfed00000, IRQs 2, 8, 0
[    0.169534] hpet0: 3 comparators, 64-bit 100.000000 MHz counter
[    0.185583] Switching to clocksource kvm-clock
[    0.189580] pnp: PnP ACPI init
[    0.190456] ACPI: bus type pnp registered
[    0.192842] pnp: PnP ACPI: found 8 devices
[    0.193687] ACPI: ACPI bus type pnp unregistered
[    0.212948] NET: Registered protocol family 2
[    0.216581] IP route cache hash table entries: 524288 (order: 10, 4194304 bytes)
[    0.222851] TCP established hash table entries: 524288 (order: 11, 8388608 bytes)
[    0.231661] TCP bind hash table entries: 65536 (order: 8, 1048576 bytes)
[    0.233829] TCP: Hash tables configured (established 524288 bind 65536)
[    0.235041] TCP reno registered
[    0.235808] UDP hash table entries: 8192 (order: 6, 262144 bytes)
[    0.237191] UDP-Lite hash table entries: 8192 (order: 6, 262144 bytes)
[    0.239224] NET: Registered protocol family 1
[    0.240165] pci 0000:00:00.0: Limiting direct PCI/PCI transfers
[    0.248902] pci 0000:00:01.0: PIIX3: Enabling Passive Release
[    0.249937] pci 0000:00:01.0: Activating ISA DMA hang workarounds
[    0.251116] Unpacking initramfs...
[    0.479063] Freeing initrd memory: 9992k freed
[    0.482726] PCI-DMA: Using software bounce buffering for IO (SWIOTLB)
[    0.483931] Placing 64MB software IO TLB between ffff8800dbff0000 - ffff8800dfff0000
[    0.485672] software IO TLB at phys 0xdbff0000 - 0xdfff0000
[    0.488934] audit: initializing netlink socket (disabled)
[    0.490027] type=2000 audit(1481942158.488:1): initialized
[    0.519125] HugeTLB registered 2 MB page size, pre-allocated 0 pages
[    0.524674] VFS: Disk quotas dquot_6.5.2
[    0.526451] Dquot-cache hash table entries: 512 (order 0, 4096 bytes)
[    0.527966] msgmni has been set to 32168
[    0.529727] alg: No test for stdrng (krng)
[    0.530907] Block layer SCSI generic (bsg) driver version 0.4 loaded (major 253)
[    0.532581] io scheduler noop registered
[    0.533433] io scheduler deadline registered
[    0.534603] io scheduler cfq registered (default)
[    0.535813] pci_hotplug: PCI Hot Plug PCI Core version: 0.5
[    0.537073] pciehp: PCI Express Hot Plug Controller Driver version: 0.4
[    0.538365] acpiphp: ACPI Hot Plug PCI Controller Driver version: 0.5
[    0.539632] acpiphp: Slot [3] registered
[    0.540579] acpiphp: Slot [4] registered
[    0.541431] acpiphp: Slot [5] registered
[    0.542272] acpiphp: Slot [6] registered
[    0.543117] acpiphp: Slot [7] registered
[    0.543959] acpiphp: Slot [8] registered
[    0.544944] acpiphp: Slot [9] registered
[    0.545812] acpiphp: Slot [10] registered
[    0.546668] acpiphp: Slot [11] registered
[    0.547519] acpiphp: Slot [12] registered
[    0.548461] acpiphp: Slot [13] registered
[    0.549314] acpiphp: Slot [14] registered
[    0.550188] acpiphp: Slot [15] registered
[    0.551043] acpiphp: Slot [16] registered
[    0.551891] acpiphp: Slot [17] registered
[    0.552818] acpiphp: Slot [18] registered
[    0.553645] acpiphp: Slot [19] registered
[    0.554479] acpiphp: Slot [20] registered
[    0.555305] acpiphp: Slot [21] registered
[    0.556210] acpiphp: Slot [22] registered
[    0.557030] acpiphp: Slot [23] registered
[    0.557852] acpiphp: Slot [24] registered
[    0.558704] acpiphp: Slot [25] registered
[    0.559538] acpiphp: Slot [26] registered
[    0.560452] acpiphp: Slot [27] registered
[    0.561238] acpiphp: Slot [28] registered
[    0.562053] acpiphp: Slot [29] registered
[    0.562945] acpiphp: Slot [30] registered
[    0.563774] acpiphp: Slot [31] registered
[    0.564865] ERST: Table is not found!
[    0.565584] GHES: HEST is not enabled!
[    0.566552] Serial: 8250/16550 driver, 4 ports, IRQ sharing enabled
[    0.589205] serial8250: ttyS0 at I/O 0x3f8 (irq = 4) is a 16550A
[    0.620092] 00:06: ttyS0 at I/O 0x3f8 (irq = 4) is a 16550A
[    0.621783] Linux agpgart interface v0.103
[    0.622801] i8042: PNP: PS/2 Controller [PNP0303:KBD,PNP0f13:MOU] at 0x60,0x64 irq 1,12
[    0.625172] serio: i8042 KBD port at 0x60,0x64 irq 1
[    0.626045] serio: i8042 AUX port at 0x60,0x64 irq 12
[    0.627603] mousedev: PS/2 mouse device common for all mice
[    0.628948] input: AT Translated Set 2 keyboard as /devices/platform/i8042/serio0/input/input0
[    0.630674] rtc_cmos 00:01: RTC can wake from S4
[    0.631970] rtc_cmos 00:01: rtc core: registered rtc_cmos as rtc0
[    0.633273] rtc0: alarms up to one day, 114 bytes nvram, hpet irqs
[    0.634395] cpuidle: using governor ladder
[    0.635165] cpuidle: using governor menu
[    0.636647] TCP cubic registered
[    0.639163] NET: Registered protocol family 10
[    0.642601] Mobile IPv6
[    0.643773] NET: Registered protocol family 17
[    0.645708] Registering the dns_resolver key type
[    0.647364] registered taskstats version 1
[    0.649506] rtc_cmos 00:01: setting system clock to 2016-12-17 02:36:00 UTC (1481942160)
[    0.651083] Initializing network drop monitor service
[    0.653601] Freeing unused kernel memory: 580k freed
[    0.654786] Write protecting the kernel read-only data: 6144k
[    0.658390] Freeing unused kernel memory: 644k freed
[    0.662279] Freeing unused kernel memory: 688k freed
Loading, please wait...
[    0.680976] udevd[58]: starting version 175
[    0.696934] e1000: Intel(R) PRO/1000 Network Driver - version 7.3.21-k8-NAPI
[    0.698275] e1000: Copyright (c) 1999-2006 Intel Corporation.
[    0.702133] SCSI subsystem initialized
[    0.704407] ACPI: PCI Interrupt Link [LNKC] enabled at IRQ 11
[    0.717247] Floppy drive(s): fd0 is 1.44M
[    0.732726] FDC 0 is a S82078B
[    1.070584] e1000 0000:00:03.0: eth0: (PCI:33MHz:32-bit) 52:54:00:12:34:56
[    1.071814] e1000 0000:00:03.0: eth0: Intel(R) PRO/1000 Network Connection
[    1.074336] scsi0 : ata_piix
[    1.075638] scsi1 : ata_piix
[    4.086002] Refined TSC clocksource calibration: 2199.957 MHz.
[    4.088120] ata1: PATA max MWDMA2 cmd 0x1f0 ctl 0x3f6 bmdma 0xc040 irq 14
[    4.089441] ata2: PATA max MWDMA2 cmd 0x170 ctl 0x376 bmdma 0xc048 irq 15
[    4.245414] ata1.00: ATA-7: QEMU HARDDISK, 1.1.2, max UDMA/100
[    4.247552] ata1.00: 9011200 sectors, multi 16: LBA48 
[    4.251217] ata2.00: ATAPI: QEMU DVD-ROM, 1.1.2, max UDMA/100
[    4.254444] ata1.00: configured for MWDMA2
[    4.255686] ata2.00: configured for MWDMA2
[    4.256085] scsi 0:0:0:0: Direct-Access     ATA      QEMU HARDDISK    1.1. PQ: 0 ANSI: 5
[    4.260776] scsi 1:0:0:0: CD-ROM            QEMU     QEMU DVD-ROM     1.1. PQ: 0 ANSI: 5
[    4.273301] sd 0:0:0:0: [sda] 9011200 512-byte logical blocks: (4.61 GB/4.29 GiB)
[    4.276875] sd 0:0:0:0: [sda] Write Protect is off
[    4.278937] sd 0:0:0:0: [sda] Write cache: disabled, read cache: enabled, doesn't support DPO or FUA
[    4.281627] sr0: scsi3-mmc drive: 4x/4x cd/rw xa/form2 tray
[    4.281638] cdrom: Uniform CD-ROM driver Revision: 3.20
[    4.289418]  sda: sda1
[    4.291422] sd 0:0:0:0: [sda] Attached SCSI disk
[    4.298181] sd 0:0:0:0: Attached scsi generic sg0 type 0
[    4.300548] sr 1:0:0:0: Attached scsi generic sg1 type 5
Begin: Loading essential drivers ... done.
Begin: Running /scripts/init-premount ... done.
Begin: Mounting root file system ... Begin: Running /scripts/local-top ... done.
Begin: Running /scripts/local-premount ... done.
[    4.880802] EXT4-fs (sda1): mounted filesystem with ordered data mode. Opts: (null)
Begin: Running /scripts/local-bottom ... done.
done.
Begin: Running /scripts/init-bottom ... done.
INIT: version 2.88 booting
[[36minfo[39;49m] Using makefile-style concurrent boot in runlevel S.
findfs: unable to resolve 'UUID="e35ebd7f-2405-4c97-9c3e-26919d55a9e5"'
[....] Starting the hotplug events dispatcher: udevd[    8.393494] udevd[305]: starting version 175
[?25l[?1c7[1G[[32m ok [39;49m8[?25h[?0c.
[....] Synthesizing the initial hotplug events...[    8.486245] input: Power Button as /devices/LNXSYSTM:00/LNXPWRBN:00/input/input1
[    8.487988] ACPI: Power Button [PWRF]
[?25l[?1c7[1G[[32m ok [39;49m8[?25h[?0cdone.
[    8.514910] input: PC Speaker as /devices/platform/pcspkr/input/input2
[    8.531769] Error: Driver 'pcspkr' is already registered, aborting...
[....] Waiting for /dev to be fully populated...[    8.548421] parport_pc 00:05: reported by Plug and Play ACPI
[    8.550248] parport0: PC-style at 0x378, irq 7 [PCSPP,TRISTATE]
[    8.555973] piix4_smbus 0000:00:01.3: SMBus Host Controller at 0xb100, revision 0
[?25l[?1c7[1G[[32m ok [39;49m8[?25h[?0cdone.
findfs: unable to resolve 'UUID="e35ebd7f-2405-4c97-9c3e-26919d55a9e5"'
[....] Activating swap...[?25l[?1c7[1G[[32m ok [39;49m8[?25h[?0cdone.
Usage: mountpoint [-q] [-d] [-x] path
[    8.988758] EXT4-fs (sda1): re-mounted. Opts: (null)
[....] Checking root file system...fsck from util-linux 2.20.1
/run/rootdev: clean, 32634/264000 files, 832663/1054720 blocks
[?25l[?1c7[1G[[32m ok [39;49m8[?25h[?0cdone.
[   12.122662] EXT4-fs (sda1): re-mounted. Opts: errors=remount-ro,errors=remount-ro
[   12.127891] input: ImExPS/2 Generic Explorer Mouse as /devices/platform/i8042/serio1/input/input3
[....] Cleaning up temporary files... /tmp[?25l[?1c7[1G[[32m ok [39;49m8[?25h[?0c.
findfs: unable to resolve 'UUID="e35ebd7f-2405-4c97-9c3e-26919d55a9e5"'
findfs: unable to resolve 'UUID="e35ebd7f-2405-4c97-9c3e-26919d55a9e5"'
[....] Activating lvm and md swap...[?25l[?1c7[1G[[32m ok [39;49m8[?25h[?0cdone.
[....] Checking file systems...fsck from util-linux 2.20.1
[?25l[?1c7[1G[[32m ok [39;49m8[?25h[?0cdone.
[....] Mounting local filesystems...[?25l[?1c7[1G[[32m ok [39;49m8[?25h[?0cdone.
[....] Activating swapfile swap...[?25l[?1c7[1G[[32m ok [39;49m8[?25h[?0cdone.
findfs: unable to resolve 'UUID="e35ebd7f-2405-4c97-9c3e-26919d55a9e5"'
[....] Cleaning up temporary files...[?25l[?1c7[1G[[32m ok [39;49m8[?25h[?0c.
[....] Setting kernel variables ...[?25l[?1c7[1G[[32m ok [39;49m8[?25h[?0cdone.
[....] Configuring network interfaces...Internet Systems Consortium DHCP Client 4.2.2
Copyright 2004-2011 Internet Systems Consortium.
All rights reserved.
For info, please visit https://www.isc.org/software/dhcp/

[   16.295580] ADDRCONF(NETDEV_UP): eth0: link is not ready
Listening on LPF/eth0/52:54:00:12:34:56
Sending on   LPF/eth0/52:54:00:12:34:56
Sending on   Socket/fallback
DHCPDISCOVER on eth0 to 255.255.255.255 port 67 interval 3
DHCPDISCOVER on [   20.141134] e1000: eth0 NIC Link is Up 1000 Mbps Full Duplex, Flow Control: RX
eth0 to 255.255.255.255 port 67 interval 8
[   20.144708] ADDRCONF(NETDEV_CHANGE): eth0: link becomes ready
DHCPDISCOVER on eth0 to 255.255.255.255 port 67 interval 7
DHCPREQUEST on eth0 to 255.255.255.255 port 67
DHCPOFFER from 10.0.2.2
DHCPACK from 10.0.2.2
bound to 10.0.2.15 -- renewal in 41591 seconds.
ifup: interface eth0 already configured
[?25l[?1c7[1G[[32m ok [39;49m8[?25h[?0cdone.
[....] Cleaning up temporary files...[?25l[?1c7[1G[[32m ok [39;49m8[?25h[?0c.
INIT: Entering runlevel: 2
[[36minfo[39;49m] Using makefile-style concurrent boot in runlevel 2.
[....] Starting OpenBSD Secure Shell server: sshd[?25l[?1c7[1G[[32m ok [39;49m8[?25h[?0c.
Entering benchmark mode
./scaff/bin/uniform/trisolv_STANDARD dummy.out 90
STARTING trisolv_STANDARD execution: Sat Dec 17 04:36:28 EET 2016
Execution Time; 0.004978
Execution Time; 0.005584
Execution Time; 0.005723
Execution Time; 0.005204
Execution Time; 0.005229
Execution Time; 0.005252
Execution Time; 0.008312
Execution Time; 0.005551
Execution Time; 0.005248
Execution Time; 0.005125
Execution Time; 0.005109
Execution Time; 0.005240
Execution Time; 0.005412
Execution Time; 0.005376
Execution Time; 0.005141
Execution Time; 0.005287
Execution Time; 0.005166
Execution Time; 0.005543
Execution Time; 0.005241
Execution Time; 0.005328
Execution Time; 0.005242
Execution Time; 0.008288
Execution Time; 0.005138
Execution Time; 0.005125
Execution Time; 0.005150
Execution Time; 0.005517
Execution Time; 0.005315
Execution Time; 0.005157
Execution Time; 0.005179
Execution Time; 3.014077
Execution Time; 0.005203
Execution Time; 0.005483
Execution Time; 0.005161
Execution Time; 0.005533
Execution Time; 0.005528
Execution Time; 0.007117
Execution Time; 0.005143
Execution Time; 0.005108
Execution Time; 0.005188
Execution Time; 0.005208
Execution Time; 0.005320
Execution Time; 0.008573
Execution Time; 0.005714
Execution Time; 0.006885
Execution Time; 0.005368
Execution Time; 0.005663
Execution Time; 0.005687
Execution Time; 0.005270
Execution Time; 0.005256
Execution Time; 0.005096
Execution Time; 0.005659
Execution Time; 0.005214
Execution Time; 0.004977
Execution Time; 0.005328
Execution Time; 0.005298
Execution Time; 0.005717
Execution Time; 0.006593
Execution Time; 0.005435
Execution Time; 0.005173
Execution Time; 0.005848
Execution Time; 0.005260
Execution Time; 0.005206
Execution Time; 0.005678
Execution Time; 0.005211
Execution Time; 0.005465
Execution Time; 0.005061
Execution Time; 0.005159
Execution Time; 0.005750
Execution Time; 0.005528
Execution Time; 0.005292
Execution Time; 0.006251
Execution Time; 0.005201
Execution Time; 0.007866
Execution Time; 0.005189
Execution Time; 0.005309
Execution Time; 0.004886
Execution Time; 0.005613
Execution Time; 0.005472
Execution Time; 0.005238
Execution Time; 0.006711
Execution Time; 0.005902
Execution Time; 0.005189
Execution Time; 0.005562
Execution Time; 0.005366
Execution Time; 0.005245
Execution Time; 0.005070
Execution Time; 0.005684
Execution Time; 0.005823
Execution Time; 0.008116
Execution Time; 0.005330
Execution Time; 0.005367
Execution Time; 0.008096
Execution Time; 0.005222
Execution Time; 0.005058
Execution Time; 0.005719
Execution Time; 0.005792
Execution Time; 0.005200
Execution Time; 0.005286
Execution Time; 0.005413
Execution Time; 0.005685
Execution Time; 0.005221
Execution Time; 0.005176
Execution Time; 0.005104
Execution Time; 0.005455
Execution Time; 0.005367
Execution Time; 0.005501
Execution Time; 0.005716
Execution Time; 0.005457
Execution Time; 0.005127
Execution Time; 0.005657
Execution Time; 0.005270
Execution Time; 0.005245
Execution Time; 0.008435
Execution Time; 0.005742
Execution Time; 0.005202
Execution Time; 0.005379
Execution Time; 0.007126
Execution Time; 0.005934
Execution Time; 0.005246
Execution Time; 0.005572
Execution Time; 0.007999
Execution Time; 0.005208
Execution Time; 0.005484
Execution Time; 0.005254
Execution Time; 0.005688
Execution Time; 0.005158
Execution Time; 0.005540
Execution Time; 0.005131
Execution Time; 0.005085
Execution Time; 0.005443
Execution Time; 0.005205
Execution Time; 0.004768
Execution Time; 0.005278
Execution Time; 0.005243
Execution Time; 0.005767
Execution Time; 0.007083
Execution Time; 0.005321
Execution Time; 0.005664
Execution Time; 0.005636
Execution Time; 0.005712
Execution Time; 0.005643
Execution Time; 0.005467
Execution Time; 0.005409
Execution Time; 0.005139
Execution Time; 0.005319
Execution Time; 0.005045
Execution Time; 0.005148
Execution Time; 0.005268
Execution Time; 0.007868
Execution Time; 0.005706
Execution Time; 0.006169
Execution Time; 0.005315
Execution Time; 0.005203
Execution Time; 0.005277
Execution Time; 3.015220
Execution Time; 0.005412
Execution Time; 0.005211
Execution Time; 0.007752
Execution Time; 0.005235
Execution Time; 0.005227
Execution Time; 0.005570
Execution Time; 0.005648
Execution Time; 0.005343
Execution Time; 0.005236
Execution Time; 0.005628
Execution Time; 0.005215
Execution Time; 0.005467
Execution Time; 0.005188
Execution Time; 0.005458
Execution Time; 0.005341
Execution Time; 0.005669
Execution Time; 0.005284
Execution Time; 0.005826
Execution Time; 0.005175
Execution Time; 0.005423
Execution Time; 0.005205
Execution Time; 0.005468
Execution Time; 0.005496
Execution Time; 0.005304
Execution Time; 0.005108
Execution Time; 0.004955
Execution Time; 0.005214
Execution Time; 0.005587
Execution Time; 0.005591
Execution Time; 0.005868
Execution Time; 0.005480
Execution Time; 0.005352
Execution Time; 0.005379
Execution Time; 0.004889
Execution Time; 0.007201
Execution Time; 0.006872
Execution Time; 0.005451
Execution Time; 0.005151
Execution Time; 0.005256
Execution Time; 0.005541
Execution Time; 0.005493
Execution Time; 0.005193
Execution Time; 0.005342
Execution Time; 0.005370
Execution Time; 0.005355
Execution Time; 0.005367
Execution Time; 0.005253
Execution Time; 0.005274
Execution Time; 0.005735
Execution Time; 0.006036
Execution Time; 0.005501
Execution Time; 0.005416
Execution Time; 0.005739
Execution Time; 0.005132
Execution Time; 0.006071
Execution Time; 0.005369
Execution Time; 0.005145
Execution Time; 0.005171
Execution Time; 0.005648
Execution Time; 0.005188
Execution Time; 0.005301
Execution Time; 0.005303
Execution Time; 0.005718
Execution Time; 0.005309
Execution Time; 0.005111
Execution Time; 0.005548
Execution Time; 0.005355
Execution Time; 0.005021
Execution Time; 0.005337
Execution Time; 0.005259
Execution Time; 0.005479
Execution Time; 0.005708
Execution Time; 0.005780
Execution Time; 0.005220
Execution Time; 0.005364
Execution Time; 0.005206
Execution Time; 0.005519
Execution Time; 0.005198
Execution Time; 0.005409
Execution Time; 0.005758
Execution Time; 0.005458
Execution Time; 0.005222
Execution Time; 0.005821
Execution Time; 0.008741
Execution Time; 0.005342
Execution Time; 0.005097
Execution Time; 0.005188
Execution Time; 0.005240
Execution Time; 0.005259
Execution Time; 0.005452
Execution Time; 0.004726
Execution Time; 0.005508
Execution Time; 0.005605
Execution Time; 0.005185
Execution Time; 0.005167
Execution Time; 0.005744
Execution Time; 0.005749
Execution Time; 0.005476
Execution Time; 0.005377
Execution Time; 0.005150
Execution Time; 0.006540
Execution Time; 0.005221
Execution Time; 0.005534
Execution Time; 0.005472
Execution Time; 0.005173
Execution Time; 0.005109
Execution Time; 0.005079
Execution Time; 0.005112
Execution Time; 0.005125
Execution Time; 0.005776
Execution Time; 0.005246
Execution Time; 0.005217
Execution Time; 0.005582
Execution Time; 0.005658
Execution Time; 0.005644
Execution Time; 0.004942
Execution Time; 0.005529
Execution Time; 0.005338
Execution Time; 0.006774
Execution Time; 0.005075
Execution Time; 0.005870
Execution Time; 0.005415
Execution Time; 0.005308
Execution Time; 0.005166
Execution Time; 0.005342
Execution Time; 0.005251
Execution Time; 0.005249
Execution Time; 0.005269
Execution Time; 0.005232
Execution Time; 0.005251
Execution Time; 0.005509
Execution Time; 0.005295
Execution Time; 0.005227
Execution Time; 0.005391
Execution Time; 0.005230
Execution Time; 0.005212
Execution Time; 0.005423
Execution Time; 0.005433
Execution Time; 0.005248
Execution Time; 0.005192
Execution Time; 0.009538
Execution Time; 0.005224
Execution Time; 0.005373
Execution Time; 0.005809
Execution Time; 0.005370
Execution Time; 0.005347
Execution Time; 0.005455
Execution Time; 0.005926
Execution Time; 0.005329
Execution Time; 0.005201
Execution Time; 0.005336
Execution Time; 0.005282
Execution Time; 0.005871
Execution Time; 0.005363
Execution Time; 0.005291
Execution Time; 0.006514
Execution Time; 0.005134
Execution Time; 0.005208
Execution Time; 0.005196
Execution Time; 0.005426
Execution Time; 0.005186
Execution Time; 0.005835
Execution Time; 0.006356
Execution Time; 0.005643
Execution Time; 0.005401
Execution Time; 0.005315
Execution Time; 0.005414
Execution Time; 0.005605
Execution Time; 0.005318
Execution Time; 3.014711
Execution Time; 0.005606
Execution Time; 0.005447
Execution Time; 0.005195
Execution Time; 0.005214
Execution Time; 0.005156
Execution Time; 0.005316
Execution Time; 0.005195
Execution Time; 0.005238
Execution Time; 0.005217
Execution Time; 0.005366
Execution Time; 0.005239
Execution Time; 0.005280
Execution Time; 0.005487
Execution Time; 0.005706
Execution Time; 0.005216
Execution Time; 0.005330
Execution Time; 0.005423
Execution Time; 0.005139
Execution Time; 0.007540
Execution Time; 0.005202
Execution Time; 0.005323
Execution Time; 0.005457
Execution Time; 0.005208
Execution Time; 0.005528
Execution Time; 0.005266
Execution Time; 0.005835
Execution Time; 0.008043
Execution Time; 0.005221
Execution Time; 0.008395
Execution Time; 0.005207
Execution Time; 0.005177
Execution Time; 0.005050
Execution Time; 0.005156
Execution Time; 0.005576
Execution Time; 0.005398
Execution Time; 0.004977
Execution Time; 0.005118
Execution Time; 0.005335
Execution Time; 0.005121
Execution Time; 0.005737
Execution Time; 0.005207
Execution Time; 0.007760
Execution Time; 0.005267
Execution Time; 0.005190
Execution Time; 0.008163
Execution Time; 0.005226
Execution Time; 0.005384
Execution Time; 0.005181
Execution Time; 0.005780
Execution Time; 0.005240
Execution Time; 0.005063
Execution Time; 0.005105
Execution Time; 0.005112
Execution Time; 0.005668
Execution Time; 0.005191
Execution Time; 0.005185
Execution Time; 0.004905
Execution Time; 0.005204
Execution Time; 0.005102
Execution Time; 0.005626
Execution Time; 0.005308
Execution Time; 0.005297
Execution Time; 0.005217
Execution Time; 0.005186
Execution Time; 0.005638
Execution Time; 0.005172
Execution Time; 0.005656
Execution Time; 0.005272
Execution Time; 0.005374
Execution Time; 0.005173
Execution Time; 0.005303
Execution Time; 0.005667
Execution Time; 0.005228
Execution Time; 0.005032
Execution Time; 0.005082
Execution Time; 0.005322
Execution Time; 0.005273
Execution Time; 0.005163
Execution Time; 0.005312
Execution Time; 0.005915
Execution Time; 0.005277
Execution Time; 0.005178
Execution Time; 0.005354
Execution Time; 0.005142
Execution Time; 0.005553
Execution Time; 0.005310
Execution Time; 0.007812
Execution Time; 0.005307
Execution Time; 0.005230
Execution Time; 0.007273
Execution Time; 0.005763
Execution Time; 0.005580
Execution Time; 0.005272
Execution Time; 0.005798
Execution Time; 0.006050
Execution Time; 0.005692
Execution Time; 0.006762
Execution Time; 0.005156
Execution Time; 0.005188
Execution Time; 0.005124
Execution Time; 0.005267
Execution Time; 0.005278
Execution Time; 0.004887
Execution Time; 0.005961
Execution Time; 0.005546
Execution Time; 0.005638
Execution Time; 0.005263
Execution Time; 0.005255
Execution Time; 0.005205
Execution Time; 0.008251
Execution Time; 0.005152
Execution Time; 0.005152
Execution Time; 0.005077
Execution Time; 0.005100
Execution Time; 0.005302
Execution Time; 0.005419
Execution Time; 0.005433
Execution Time; 0.005299
Execution Time; 0.005247
Execution Time; 0.005275
Execution Time; 0.005115
Execution Time; 0.005181
Execution Time; 0.005250
Execution Time; 0.005394
Execution Time; 0.005915
Execution Time; 0.005077
Execution Time; 0.005134
Execution Time; 0.005084
Execution Time; 0.005245
Execution Time; 0.005784
Execution Time; 0.005158
Execution Time; 0.005248
Execution Time; 0.005111
Execution Time; 0.005048
Execution Time; 0.005258
Execution Time; 0.004918
Execution Time; 0.005181
Execution Time; 0.005392
Execution Time; 0.005158
Execution Time; 0.005318
Execution Time; 0.005447
Execution Time; 0.005199
Execution Time; 0.005245
Execution Time; 0.005211
Execution Time; 0.005237
Execution Time; 0.005193
Execution Time; 0.005337
Execution Time; 0.005226
Execution Time; 0.005145
Execution Time; 0.005212
Execution Time; 0.005221
Execution Time; 0.005569
Execution Time; 0.005344
Execution Time; 0.005170
Execution Time; 0.005297
Execution Time; 0.005174
Execution Time; 0.005197
Execution Time; 0.005704
Execution Time; 0.006179
Execution Time; 0.005352
Execution Time; 0.005213
Execution Time; 0.005600
Execution Time; 0.005282
Execution Time; 0.005426
Execution Time; 0.005354
Execution Time; 0.005328
Execution Time; 0.005225
Execution Time; 0.006751
Execution Time; 0.005157
Execution Time; 0.005215
Execution Time; 0.004874
Execution Time; 0.005937
Execution Time; 0.005228
Execution Time; 0.005330
Execution Time; 0.005299
Execution Time; 0.005424
Execution Time; 0.005201
Execution Time; 0.005114
Execution Time; 0.005124
Execution Time; 0.005171
Execution Time; 0.005339
Execution Time; 3.015054
Execution Time; 0.005254
Execution Time; 0.005311
Execution Time; 0.005276
Execution Time; 0.005275
Execution Time; 0.005262
Execution Time; 0.005230
Execution Time; 0.005147
Execution Time; 0.005275
Execution Time; 0.005634
Execution Time; 0.008128
Execution Time; 0.005197
Execution Time; 0.005451
Execution Time; 0.005099
Execution Time; 0.005119
Execution Time; 0.005085
Execution Time; 0.005256
Execution Time; 0.005172
Execution Time; 0.005127
Execution Time; 0.005107
Execution Time; 0.005101
Execution Time; 0.005564
Execution Time; 0.005353
Execution Time; 3.014369
Execution Time; 0.005162
Execution Time; 0.005274
Execution Time; 0.005128
Execution Time; 0.005716
Execution Time; 0.005631
Execution Time; 0.005460
Execution Time; 0.005677
Execution Time; 0.005183
Execution Time; 0.005628
Execution Time; 0.005309
Execution Time; 0.005133
Execution Time; 0.005519
Execution Time; 0.005465
Execution Time; 0.005218
Execution Time; 0.005154
Execution Time; 0.005200
Execution Time; 0.005403
Execution Time; 0.005193
Execution Time; 0.007722
Execution Time; 0.005222
Execution Time; 0.005513
Execution Time; 0.008345
Execution Time; 0.005180
Execution Time; 0.008277
Execution Time; 0.005833
Execution Time; 0.005369
Execution Time; 0.006172
Execution Time; 0.005184
Execution Time; 0.005210
Execution Time; 0.005296
Execution Time; 0.005311
Execution Time; 0.005253
Execution Time; 0.005096
Execution Time; 0.005416
Execution Time; 0.005168
Execution Time; 0.005500
Execution Time; 0.005210
Execution Time; 0.005241
Execution Time; 0.005588
Execution Time; 0.005225
Execution Time; 0.005191
Execution Time; 0.005705
Execution Time; 0.005295
Execution Time; 0.005307
Execution Time; 0.005126
Execution Time; 0.005303
Execution Time; 0.005258
Execution Time; 0.005317
Execution Time; 0.005552
Execution Time; 0.005215
Execution Time; 0.005383
Execution Time; 0.005707
Execution Time; 0.005052
Execution Time; 0.005303
Execution Time; 0.010274
Execution Time; 0.005075
Execution Time; 0.005069
Execution Time; 0.005654
Execution Time; 0.005280
Execution Time; 0.005459
Execution Time; 0.005122
Execution Time; 0.005329
Execution Time; 0.005177
Execution Time; 0.005525
Execution Time; 0.005201
Execution Time; 0.006462
Execution Time; 0.005430
Execution Time; 0.006754
Execution Time; 0.005472
Execution Time; 0.005131
Execution Time; 0.005372
Execution Time; 0.005069
Execution Time; 0.005161
Execution Time; 0.005141
Execution Time; 0.005223
Execution Time; 0.005388
Execution Time; 0.006301
Execution Time; 0.005161
Execution Time; 0.005600
Execution Time; 0.005749
Execution Time; 0.005237
Execution Time; 0.005265
Execution Time; 0.005166
Execution Time; 0.005178
Execution Time; 0.005210
Execution Time; 0.005226
Execution Time; 0.005585
Execution Time; 0.005499
Execution Time; 0.005241
Execution Time; 0.005238
Execution Time; 0.005999
Execution Time; 0.005839
Execution Time; 0.005163
Execution Time; 0.005072
Execution Time; 0.005853
Execution Time; 0.005293
Execution Time; 0.005425
Execution Time; 0.005711
Execution Time; 0.005764
Execution Time; 0.005224
Execution Time; 0.005022
Execution Time; 0.004852
Execution Time; 0.005335
Execution Time; 0.006637
Execution Time; 0.005117
Execution Time; 0.005298
Execution Time; 0.005428
Execution Time; 0.005515
Execution Time; 0.005253
Execution Time; 0.005393
Execution Time; 0.005402
Execution Time; 0.005206
Execution Time; 0.005042
Execution Time; 0.005251
Execution Time; 0.005591
Execution Time; 0.005231
Execution Time; 0.005426
Execution Time; 0.005134
Execution Time; 0.005221
Execution Time; 0.005240
Execution Time; 0.005283
Execution Time; 0.005418
Execution Time; 0.005384
Execution Time; 0.005304
Execution Time; 0.005311
Execution Time; 0.005442
Execution Time; 0.005115
Execution Time; 0.005849
Execution Time; 0.005699
Execution Time; 0.005204
Execution Time; 0.005669
Execution Time; 0.005867
Execution Time; 0.005186
Execution Time; 0.005219
Execution Time; 0.005420
Execution Time; 0.005144
Execution Time; 0.005302
Execution Time; 0.005624
Execution Time; 0.005607
Execution Time; 0.005408
Execution Time; 0.005923
Execution Time; 0.005176
Execution Time; 0.005167
Execution Time; 0.005181
Execution Time; 0.005234
Execution Time; 0.005449
Execution Time; 0.005295
Execution Time; 0.005182
Execution Time; 0.005792
Execution Time; 0.005293
Execution Time; 0.005707
Execution Time; 0.005102
Execution Time; 0.005356
Execution Time; 0.005598
Execution Time; 0.005284
Execution Time; 0.005121
Execution Time; 0.005160
Execution Time; 0.005149
Execution Time; 0.005685
Execution Time; 0.005575
Execution Time; 0.005235
Execution Time; 0.005233
Execution Time; 0.005425
Execution Time; 0.005225
Execution Time; 0.005878
Execution Time; 0.005295
Execution Time; 0.005147
Execution Time; 0.008022
Execution Time; 0.005348
Execution Time; 0.005424
Execution Time; 0.005497
Execution Time; 0.005224
Execution Time; 0.005285
Execution Time; 0.005273
Execution Time; 0.005141
Execution Time; 0.005210
Execution Time; 0.005871
Execution Time; 0.005225
Execution Time; 0.005121
Execution Time; 0.005338
Execution Time; 0.005215
Execution Time; 0.005950
Execution Time; 0.005335
Execution Time; 0.005266
Execution Time; 0.005230
Execution Time; 0.005198
Execution Time; 0.005287
Execution Time; 0.005817
Execution Time; 0.005261
Execution Time; 0.005955
Execution Time; 0.004880
Execution Time; 3.015296
Execution Time; 0.005203
Execution Time; 0.005285
Execution Time; 0.005145
Execution Time; 0.005249
Execution Time; 0.008268
Execution Time; 0.005392
Execution Time; 0.005592
Execution Time; 0.005136
Execution Time; 0.005249
Execution Time; 0.005710
Execution Time; 0.005960
Execution Time; 0.005393
Execution Time; 0.005362
Execution Time; 0.005185
Execution Time; 0.005264
Execution Time; 0.006263
Execution Time; 0.005333
Execution Time; 0.005500
Execution Time; 0.005563
Execution Time; 0.005431
Execution Time; 0.005326
Execution Time; 0.005226
Execution Time; 0.005166
Execution Time; 0.007047
Execution Time; 0.005252
Execution Time; 0.006538
Execution Time; 0.005212
Execution Time; 0.005207
Execution Time; 0.005344
Execution Time; 0.005207
Execution Time; 0.005555
Execution Time; 0.005207
Execution Time; 0.006412
Execution Time; 0.005260
Execution Time; 0.004908
Execution Time; 0.005994
Execution Time; 0.005583
Execution Time; 0.005436
Execution Time; 0.005163
Execution Time; 0.005264
Execution Time; 0.005327
Execution Time; 0.005323
Execution Time; 0.005557
Execution Time; 0.005721
Execution Time; 0.005644
Execution Time; 0.005236
Execution Time; 0.005318
Execution Time; 0.005140
Execution Time; 0.005232
Execution Time; 0.008425
Execution Time; 0.005197
Execution Time; 0.005286
Execution Time; 0.005507
Execution Time; 0.005228
Execution Time; 0.005704
Execution Time; 0.005193
Execution Time; 0.005329
Execution Time; 0.006187
Execution Time; 0.005161
Execution Time; 0.005224
Execution Time; 0.005141
Execution Time; 0.005131
Execution Time; 0.005209
Execution Time; 0.005369
Execution Time; 0.005137
Execution Time; 0.005213
Execution Time; 0.005243
Execution Time; 0.005306
Execution Time; 0.004852
Execution Time; 0.006615
Execution Time; 0.005382
Execution Time; 0.005133
Execution Time; 0.005753
Execution Time; 0.005233
Execution Time; 0.005223
Execution Time; 0.006219
Execution Time; 0.005132
Execution Time; 0.005203
Execution Time; 0.005304
Execution Time; 0.005477
Execution Time; 0.005664
Execution Time; 0.005189
Execution Time; 0.005145
Execution Time; 0.007204
Execution Time; 0.005207
Execution Time; 0.005245
Execution Time; 0.007954
Execution Time; 0.006735
Execution Time; 0.006366
Execution Time; 0.005806
Execution Time; 0.005567
Execution Time; 0.005153
Execution Time; 0.007845
Execution Time; 0.005329
Execution Time; 0.005411
Execution Time; 0.005480
Execution Time; 0.005284
Execution Time; 0.005293
Execution Time; 0.005360
Execution Time; 0.005358
Execution Time; 0.005281
Execution Time; 0.005027
Execution Time; 0.005175
Execution Time; 0.005992
Execution Time; 0.006752
Execution Time; 0.008986
Execution Time; 0.005161
Execution Time; 0.005672
Execution Time; 0.005398
Execution Time; 0.007712
Execution Time; 0.005416
Execution Time; 0.005229
Execution Time; 0.005239
Execution Time; 0.005099
Execution Time; 0.005333
Execution Time; 0.005263
Execution Time; 0.005136
Execution Time; 0.005653
Execution Time; 0.005337
Execution Time; 0.005790
Execution Time; 0.005200
Execution Time; 0.005763
Execution Time; 0.005183
Execution Time; 0.005424
Execution Time; 0.005297
Execution Time; 0.005124
Execution Time; 0.005421
Execution Time; 0.005159
Execution Time; 0.005208
Execution Time; 0.005705
Execution Time; 0.005166
Execution Time; 0.008296
Execution Time; 0.005787
Execution Time; 0.005187
Execution Time; 0.005219
Execution Time; 3.014851
Execution Time; 0.005233
Execution Time; 0.005197
Execution Time; 0.005174
Execution Time; 0.005371
Execution Time; 0.005742
Execution Time; 0.005383
Execution Time; 0.005419
Execution Time; 0.005498
Execution Time; 0.005379
Execution Time; 0.005146
Execution Time; 0.005246
Execution Time; 0.004895
Execution Time; 0.005662
Execution Time; 0.005279
Execution Time; 0.005110
Execution Time; 0.006164
Execution Time; 0.005751
Execution Time; 0.005175
Execution Time; 0.005363
Execution Time; 0.005263
Execution Time; 0.005640
Execution Time; 0.005271
Execution Time; 3.014654
Execution Time; 0.005236
Execution Time; 0.005326
Execution Time; 0.005292
Execution Time; 0.005222
Execution Time; 0.005262
Execution Time; 0.005287
Execution Time; 0.005712
Execution Time; 0.005221
Execution Time; 0.005181
Execution Time; 0.005157
Execution Time; 0.005608
Execution Time; 0.005467
Execution Time; 0.005211
Execution Time; 0.005108
Execution Time; 0.005379
Execution Time; 0.005695
Execution Time; 0.005278
Execution Time; 0.005213
Execution Time; 0.005323
Execution Time; 0.004907
Execution Time; 0.005380
Execution Time; 0.005203
Execution Time; 0.005310
Execution Time; 0.005210
Execution Time; 0.005377
Execution Time; 0.005732
Execution Time; 0.005504
Execution Time; 0.005316
Execution Time; 0.005276
Execution Time; 0.005187
Execution Time; 0.007905
Execution Time; 0.005217
Execution Time; 0.005136
Execution Time; 0.005464
Execution Time; 0.005201
Execution Time; 0.005356
Execution Time; 0.005281
Execution Time; 0.005155
Execution Time; 0.005360
Execution Time; 0.005300
Execution Time; 0.005274
Execution Time; 0.005540
Execution Time; 0.005263
Execution Time; 0.005165
Execution Time; 3.015418
Execution Time; 0.007079
Execution Time; 0.005219
Execution Time; 0.005621
Execution Time; 0.005220
Execution Time; 0.005138
Execution Time; 0.005195
Execution Time; 0.005051
Execution Time; 0.005352
Execution Time; 0.005208
Execution Time; 0.005240
Execution Time; 0.005831
Execution Time; 0.004890
Execution Time; 0.005655
Execution Time; 0.005189
Execution Time; 0.005176
Execution Time; 0.005140
Execution Time; 0.005988
Execution Time; 0.005383
Execution Time; 0.005431
Execution Time; 0.005471
Execution Time; 0.005350
Execution Time; 0.005269
Execution Time; 3.015520
Execution Time; 0.005915
Execution Time; 0.005227
Execution Time; 0.005429
Execution Time; 0.005270
Execution Time; 0.005218
Execution Time; 0.005221
Execution Time; 0.005164
Execution Time; 0.005930
Execution Time; 0.005259
Execution Time; 0.005228
Execution Time; 0.005295
Execution Time; 0.005324
Execution Time; 0.005216
Execution Time; 0.005837
Execution Time; 0.005385
Execution Time; 0.005591
Execution Time; 0.005267
Execution Time; 0.006367
Execution Time; 0.005781
Execution Time; 0.005795
Execution Time; 0.005721
Execution Time; 0.005629
Execution Time; 3.015522
Execution Time; 0.005149
Execution Time; 0.005055
Execution Time; 0.005302
Execution Time; 0.005393
Execution Time; 0.005265
Execution Time; 0.005243
Execution Time; 0.008311
Execution Time; 0.005215
Execution Time; 0.005381
Execution Time; 0.005284
Execution Time; 0.005324
Execution Time; 0.005665
Execution Time; 0.005702
Execution Time; 0.005160
Execution Time; 0.005421
Execution Time; 0.005594
Execution Time; 0.006657
Execution Time; 0.005591
Execution Time; 0.005052
Execution Time; 0.005259
Execution Time; 0.005632
Execution Time; 0.005423
Execution Time; 0.005395
Execution Time; 0.005216
Execution Time; 0.005830
Execution Time; 0.005126
Execution Time; 0.005200
Execution Time; 0.005357
Execution Time; 0.005230
Execution Time; 0.005206
Execution Time; 0.005216
Execution Time; 0.005732
Execution Time; 0.005683
Execution Time; 0.005005
Execution Time; 0.005288
Execution Time; 0.005162
Execution Time; 0.005394
Execution Time; 0.005199
Execution Time; 0.005239
Execution Time; 0.007734
Execution Time; 0.005182
Execution Time; 0.005238
Execution Time; 0.005167
Execution Time; 0.005162
Execution Time; 0.005729
Execution Time; 0.007761
Execution Time; 0.005360
Execution Time; 0.005178
Execution Time; 0.005132
Execution Time; 0.005479
Execution Time; 0.005301
Execution Time; 0.005385
Execution Time; 0.005195
Execution Time; 0.005743
Execution Time; 0.005235
Execution Time; 0.005601
Execution Time; 0.005438
Execution Time; 0.005106
Execution Time; 0.005150
Execution Time; 0.005474
Execution Time; 0.005442
Execution Time; 0.005576
Execution Time; 0.005244
Execution Time; 0.005615
Execution Time; 0.005181
Execution Time; 0.005762
Execution Time; 0.005326
Execution Time; 0.005909
Execution Time; 0.005257
Execution Time; 0.005460
Execution Time; 0.005252
Execution Time; 0.005265
Execution Time; 0.005161
Execution Time; 0.005357
Execution Time; 0.005198
Execution Time; 0.005937
Execution Time; 0.005196
Execution Time; 0.005410
Execution Time; 0.005250
Execution Time; 0.007685
Execution Time; 0.005227
Execution Time; 0.005218
Execution Time; 0.005173
Execution Time; 0.005114
Execution Time; 0.005402
Execution Time; 0.005405
Execution Time; 0.005354
Execution Time; 0.005174
Execution Time; 0.005230
Execution Time; 0.006410
Execution Time; 0.005348
Execution Time; 0.005331
Execution Time; 0.005705
Execution Time; 0.005199
Execution Time; 0.005197
Execution Time; 0.005352
Execution Time; 0.005773
Execution Time; 0.005203
Execution Time; 0.008361
Execution Time; 0.007699
Execution Time; 0.005310
Execution Time; 0.005902
Execution Time; 0.005219
Execution Time; 0.005187
Execution Time; 0.005367
Execution Time; 0.005244
Execution Time; 0.005340
Execution Time; 0.005388
Execution Time; 0.005034
Execution Time; 0.005138
Execution Time; 0.005134
Execution Time; 0.005328
Execution Time; 0.007683
Execution Time; 0.005172
Execution Time; 0.008278
Execution Time; 0.008487
Execution Time; 0.005092
Execution Time; 0.005367
Execution Time; 0.005188
Execution Time; 0.005349
Execution Time; 0.005189
Execution Time; 0.005633
Execution Time; 0.005281
Execution Time; 0.005514
Execution Time; 0.005518
Execution Time; 0.005176
Execution Time; 0.005495
Execution Time; 0.005182
Execution Time; 0.005231
Execution Time; 0.005207
Execution Time; 0.005074
Execution Time; 0.005305
Execution Time; 0.005379
Execution Time; 0.005518
Execution Time; 0.005155
Execution Time; 0.005212
Execution Time; 0.005194
Execution Time; 0.005319
Execution Time; 0.005825
Execution Time; 0.005244
Execution Time; 0.005625
Execution Time; 0.005162
Execution Time; 0.005148
Execution Time; 0.005506
Execution Time; 0.005705
Execution Time; 0.008309
Execution Time; 0.005021
Execution Time; 0.005234
Execution Time; 0.005448
Execution Time; 0.005369
Execution Time; 0.005261
Execution Time; 0.005559
Execution Time; 0.008733
Execution Time; 0.005756
Execution Time; 0.005161
Execution Time; 0.005281
Execution Time; 0.008320
Execution Time; 3.014824
Execution Time; 0.005331
Execution Time; 0.005160
Execution Time; 0.005117
Execution Time; 0.005249
Execution Time; 0.005372
Execution Time; 0.005746
Execution Time; 0.005722
Execution Time; 0.005287
Execution Time; 0.005657
Execution Time; 0.005247
Execution Time; 0.005410
Execution Time; 0.006126
Execution Time; 0.005175
Execution Time; 0.005317
Execution Time; 0.005250
Execution Time; 0.005124
Execution Time; 0.005221
Execution Time; 0.005640
Execution Time; 0.005388
Execution Time; 0.005207
Execution Time; 0.005689
Execution Time; 0.005393
Execution Time; 0.005285
Execution Time; 0.005460
Execution Time; 0.005858
Execution Time; 0.005364
Execution Time; 0.005160
Execution Time; 0.005140
Execution Time; 0.005336
Execution Time; 0.005201
Execution Time; 0.005293
Execution Time; 0.005453
Execution Time; 0.005401
Execution Time; 0.005237
Execution Time; 0.005203
Execution Time; 0.005342
Execution Time; 0.005067
Execution Time; 0.005132
Execution Time; 0.005233
Execution Time; 0.005616
Execution Time; 0.005009
Execution Time; 0.005153
Execution Time; 0.005762
Execution Time; 0.007704
Execution Time; 3.013953
Execution Time; 0.005288
Execution Time; 0.005335
Execution Time; 0.005912
Execution Time; 0.005107
Execution Time; 0.005280
Execution Time; 0.005399
Execution Time; 0.005851
Execution Time; 0.005198
Execution Time; 0.005320
Execution Time; 0.005267
Execution Time; 0.005281
Execution Time; 0.005578
Execution Time; 0.005767
Execution Time; 0.005270
Execution Time; 0.005324
Execution Time; 0.005179
Execution Time; 0.005179
Execution Time; 0.005130
Execution Time; 0.005139
Execution Time; 0.005229
Execution Time; 0.005824
Execution Time; 0.005178
Execution Time; 3.014267
Execution Time; 0.005253
Execution Time; 0.005109
Execution Time; 0.005252
Execution Time; 0.005774
Execution Time; 0.005266
Execution Time; 0.005336
Execution Time; 0.005511
Execution Time; 0.005619
Execution Time; 0.005286
Execution Time; 0.005190
Execution Time; 0.005754
Execution Time; 0.005137
Execution Time; 0.005491
Execution Time; 0.005176
Execution Time; 0.005233
Execution Time; 0.005274
Execution Time; 0.005188
Execution Time; 0.005634
Execution Time; 0.005231
Execution Time; 0.005482
Execution Time; 0.005430
Execution Time; 0.005134
Execution Time; 0.005127
Execution Time; 0.005160
Execution Time; 0.005902
Execution Time; 0.005315
Execution Time; 0.005163
Execution Time; 0.005329
Execution Time; 0.005346
Execution Time; 0.005218
Execution Time; 0.005297
Execution Time; 0.005235
Execution Time; 0.005078
Execution Time; 0.005199
Execution Time; 0.005362
Execution Time; 0.005221
Execution Time; 0.005195
Execution Time; 0.005298
Execution Time; 0.005084
Execution Time; 0.005246
Execution Time; 0.005387
Execution Time; 0.005701
Execution Time; 0.005222
Execution Time; 0.005204
Execution Time; 0.005904
Execution Time; 0.005118
Execution Time; 0.005088
Execution Time; 0.005388
Execution Time; 0.005274
Execution Time; 0.005316
Execution Time; 0.005183
Execution Time; 0.005132
Execution Time; 0.005177
Execution Time; 0.005374
Execution Time; 0.008356
Execution Time; 0.005098
Execution Time; 0.005091
Execution Time; 0.005776
Execution Time; 0.005648
Execution Time; 0.005113
Execution Time; 0.005105
Execution Time; 0.005219
Execution Time; 0.004898
Execution Time; 0.005312
Execution Time; 0.005189
Execution Time; 0.005220
Execution Time; 0.005195
Execution Time; 0.006456
Execution Time; 0.007598
Execution Time; 0.005241
Execution Time; 0.005659
Execution Time; 0.005199
Execution Time; 0.005186
Execution Time; 0.007876
Execution Time; 0.005218
Execution Time; 0.005140
Execution Time; 0.005274
Execution Time; 0.005231
Execution Time; 0.005230
Execution Time; 0.005334
Execution Time; 0.005373
Execution Time; 0.005314
Execution Time; 0.005808
Execution Time; 0.005625
Execution Time; 0.006612
Execution Time; 0.005207
Execution Time; 0.005315
Execution Time; 0.005328
Execution Time; 0.006137
Execution Time; 0.005785
Execution Time; 0.005781
Execution Time; 0.005253
Execution Time; 0.005196
Execution Time; 0.005413
Execution Time; 0.005366
Execution Time; 0.005620
Execution Time; 0.005194
Execution Time; 0.005717
Execution Time; 0.005332
Execution Time; 0.005302
Execution Time; 0.005264
Execution Time; 0.005208
Execution Time; 0.004774
Execution Time; 0.005218
Execution Time; 0.005466
Execution Time; 0.005172
Execution Time; 0.005401
Execution Time; 0.005486
Execution Time; 0.005102
Execution Time; 0.005262
Execution Time; 0.005855
Execution Time; 0.005221
Execution Time; 0.005273
Execution Time; 0.005235
Execution Time; 0.005492
Execution Time; 0.005135
Execution Time; 0.005392
Execution Time; 0.005208
Execution Time; 0.005272
Execution Time; 0.005468
Execution Time; 0.005201
Execution Time; 0.005293
Execution Time; 0.005122
Execution Time; 0.005450
Execution Time; 0.005211
Execution Time; 0.005291
Execution Time; 0.005220
Execution Time; 0.005215
Execution Time; 0.005470
Execution Time; 0.005318
Execution Time; 0.005498
Execution Time; 0.005215
Execution Time; 0.006261
Execution Time; 0.005311
Execution Time; 0.005268
Execution Time; 0.005416
Execution Time; 0.005275
Execution Time; 0.005216
Execution Time; 0.005360
Execution Time; 0.006697
Execution Time; 0.005284
Execution Time; 0.005630
Execution Time; 0.005317
Execution Time; 0.006136
Execution Time; 0.005239
Execution Time; 0.005606
Execution Time; 0.005230
Execution Time; 0.005294
Execution Time; 0.005261
Execution Time; 0.005374
Execution Time; 0.005699
Execution Time; 0.005545
INIT: Switching to runlevel: 0INIT: Sending processes the TERM signal
[[36minfo[39;49m] Using makefile-style concurrent boot in runlevel 0.
[[36minfo[39;49m] Saving the system clock.
[[36minfo[39;49m] Hardware Clock updated to Sat Dec 17 02:44:33 UTC 2016.
[....] Asking all remaining processes to terminate...[?25l[?1c7[1G[[32m ok [39;49m8[?25h[?0cdone.
[....] All processes ended within 2 seconds...[?25l[?1c7[1G[[32m ok [39;49m8[?25h[?0cdone.
[....] Deconfiguring network interfaces...Internet Systems Consortium DHCP Client 4.2.2
Copyright 2004-2011 Internet Systems Consortium.
All rights reserved.
For info, please visit https://www.isc.org/software/dhcp/

Listening on LPF/eth0/52:54:00:12:34:56
Sending on   LPF/eth0/52:54:00:12:34:56
Sending on   Socket/fallback
DHCPRELEASE on eth0 to 10.0.2.2 port 67
[?25l[?1c7[1G[[32m ok [39;49m8[?25h[?0cdone.
[....] Deactivating swap...[?25l[?1c7[1G[[32m ok [39;49m8[?25h[?0cdone.
[  513.938151] EXT4-fs (sda1): re-mounted. Opts: (null)
[[36minfo[39;49m] Will now halt.
[  517.616884] sd 0:0:0:0: [sda] Stopping disk
[  517.619564] ACPI: Preparing to enter system sleep state S5
[  517.621095] Power down.
aff-executor-preload.c:affhooks_init()
aff-executor-preload.c:affhooks_shut()
HELLO KITTY
