aff-executor-preload.c:affhooks_init()
[H[J[?25l[m[H[J[2;25HGNU GRUB  version 1.99-27+deb7u2

[m[4;2H+--------------------------------------------------------------------------+[5;2H|[5;77H|[6;2H|[6;77H|[7;2H|[7;77H|[8;2H|[8;77H|[9;2H|[9;77H|[10;2H|[10;77H|[11;2H|[11;77H|[12;2H|[12;77H|[13;2H|[13;77H|[14;2H|[14;77H|[15;2H|[15;77H|[16;2H|[16;77H|[17;2H+--------------------------------------------------------------------------+[m[18;2H[m
      Use the ^ and v keys to select which entry is highlighted.      
      Press enter to boot the selected OS, 'e' to edit the commands      
      before booting or 'c' for a command-line.      
      [5;78H [7m[5;3HDebian GNU/Linux, with Linux 3.2.0-4-amd64                               [m [5;76H[m[m[6;3HDebian GNU/Linux, with Linux 3.2.0-4-amd64 (recovery mode)               [m [6;76H[m[m[7;3H                                                                         [m [7;76H[m[m[8;3H                                                                         [m [8;76H[m[m[9;3H                                                                         [m [9;76H[m[m[10;3H                                                                         [m [10;76H[m[m[11;3H                                                                         [m [11;76H[m[m[12;3H                                                                         [m [12;76H[m[m[13;3H                                                                         [m [13;76H[m[m[14;3H                                                                         [m [14;76H[m[m[15;3H                                                                         [m [15;76H[m[m[16;3H                                                                         [m [16;76H[m[16;78H [5;76H[22;1H   The highlighted entry will be executed automatically in 5s.                 [5;76H[22;1H   The highlighted entry will be executed automatically in 4s.                 [5;76H[22;1H   The highlighted entry will be executed automatically in 3s.                 [5;76H[22;1H   The highlighted entry will be executed automatically in 2s.                 [5;76H[22;1H   The highlighted entry will be executed automatically in 1s.                 [5;76H[22;1H   The highlighted entry will be executed automatically in 0s.                 [5;76H[?25h[H[J[H[J  Booting 'Debian GNU/Linux, with Linux 3.2.0-4-amd64'

Loading Linux 3.2.0-4-amd64 ...
Loading initial ramdisk ...
[    0.000000] Initializing cgroup subsys cpuset
[    0.000000] Initializing cgroup subsys cpu
[    0.000000] Linux version 3.2.0-4-amd64 (debian-kernel@lists.debian.org) (gcc version 4.6.3 (Debian 4.6.3-14) ) #1 SMP Debian 3.2.68-1+deb7u3
[    0.000000] Command line: BOOT_IMAGE=/boot/vmlinuz-3.2.0-4-amd64 root=UUID=e35ebd7f-2405-4c97-9c3e-26919d55a9e5 ro console=tty0 console=ttyS0,115200n8
[    0.000000] BIOS-provided physical RAM map:
[    0.000000]  BIOS-e820: 0000000000000000 - 000000000009f400 (usable)
[    0.000000]  BIOS-e820: 000000000009f400 - 00000000000a0000 (reserved)
[    0.000000]  BIOS-e820: 00000000000f0000 - 0000000000100000 (reserved)
[    0.000000]  BIOS-e820: 0000000000100000 - 00000000dfffe000 (usable)
[    0.000000]  BIOS-e820: 00000000dfffe000 - 00000000e0000000 (reserved)
[    0.000000]  BIOS-e820: 00000000feffc000 - 00000000ff000000 (reserved)
[    0.000000]  BIOS-e820: 00000000fffc0000 - 0000000100000000 (reserved)
[    0.000000]  BIOS-e820: 0000000100000000 - 0000000420000000 (usable)
[    0.000000] NX (Execute Disable) protection: active
[    0.000000] SMBIOS 2.4 present.
[    0.000000] No AGP bridge found
[    0.000000] last_pfn = 0x420000 max_arch_pfn = 0x400000000
[    0.000000] PAT not supported by CPU.
[    0.000000] last_pfn = 0xdfffe max_arch_pfn = 0x400000000
[    0.000000] found SMP MP-table at [ffff8800000fdac0] fdac0
[    0.000000] init_memory_mapping: 0000000000000000-00000000dfffe000
[    0.000000] init_memory_mapping: 0000000100000000-0000000420000000
[    0.000000] RAMDISK: 36c6c000 - 3762e000
[    0.000000] ACPI: RSDP 00000000000fd8b0 00014 (v00 BOCHS )
[    0.000000] ACPI: RSDT 00000000dfffe470 00038 (v01 BOCHS  BXPCRSDT 00000001 BXPC 00000001)
[    0.000000] ACPI: FACP 00000000dfffff80 00074 (v01 BOCHS  BXPCFACP 00000001 BXPC 00000001)
[    0.000000] ACPI: DSDT 00000000dfffe4b0 01121 (v01   BXPC   BXDSDT 00000001 INTL 20100528)
[    0.000000] ACPI: FACS 00000000dfffff40 00040
[    0.000000] ACPI: SSDT 00000000dffffd70 001C1 (v01 BOCHS  BXPCSSDT 00000001 BXPC 00000001)
[    0.000000] ACPI: APIC 00000000dffffc70 00090 (v01 BOCHS  BXPCAPIC 00000001 BXPC 00000001)
[    0.000000] ACPI: HPET 00000000dffffc30 00038 (v01 BOCHS  BXPCHPET 00000001 BXPC 00000001)
[    0.000000] ACPI: SSDT 00000000dffff5e0 00644 (v01   BXPC BXSSDTPC 00000001 INTL 20100528)
[    0.000000] No NUMA configuration found
[    0.000000] Faking a node at 0000000000000000-0000000420000000
[    0.000000] Initmem setup node 0 0000000000000000-0000000420000000
[    0.000000]   NODE_DATA [000000041fffb000 - 000000041fffffff]
[    0.000000] kvm-clock: Using msrs 4b564d01 and 4b564d00
[    0.000000] kvm-clock: cpu 0, msr 0:16a8741, boot clock
[    0.000000] Zone PFN ranges:
[    0.000000]   DMA      0x00000010 -> 0x00001000
[    0.000000]   DMA32    0x00001000 -> 0x00100000
[    0.000000]   Normal   0x00100000 -> 0x00420000
[    0.000000] Movable zone start PFN for each node
[    0.000000] early_node_map[3] active PFN ranges
[    0.000000]     0: 0x00000010 -> 0x0000009f
[    0.000000]     0: 0x00000100 -> 0x000dfffe
[    0.000000]     0: 0x00100000 -> 0x00420000
[    0.000000] ACPI: PM-Timer IO Port: 0xb008
[    0.000000] ACPI: LAPIC (acpi_id[0x00] lapic_id[0x00] enabled)
[    0.000000] ACPI: LAPIC (acpi_id[0x01] lapic_id[0x01] enabled)
[    0.000000] ACPI: LAPIC (acpi_id[0x02] lapic_id[0x02] enabled)
[    0.000000] ACPI: LAPIC (acpi_id[0x03] lapic_id[0x03] enabled)
[    0.000000] ACPI: LAPIC_NMI (acpi_id[0xff] dfl dfl lint[0x1])
[    0.000000] ACPI: IOAPIC (id[0x04] address[0xfec00000] gsi_base[0])
[    0.000000] IOAPIC[0]: apic_id 4, version 17, address 0xfec00000, GSI 0-23
[    0.000000] ACPI: INT_SRC_OVR (bus 0 bus_irq 0 global_irq 2 dfl dfl)
[    0.000000] ACPI: INT_SRC_OVR (bus 0 bus_irq 5 global_irq 5 high level)
[    0.000000] ACPI: INT_SRC_OVR (bus 0 bus_irq 9 global_irq 9 high level)
[    0.000000] ACPI: INT_SRC_OVR (bus 0 bus_irq 10 global_irq 10 high level)
[    0.000000] ACPI: INT_SRC_OVR (bus 0 bus_irq 11 global_irq 11 high level)
[    0.000000] Using ACPI (MADT) for SMP configuration information
[    0.000000] ACPI: HPET id: 0x8086a201 base: 0xfed00000
[    0.000000] SMP: Allowing 4 CPUs, 0 hotplug CPUs
[    0.000000] PM: Registered nosave memory: 000000000009f000 - 00000000000a0000
[    0.000000] PM: Registered nosave memory: 00000000000a0000 - 00000000000f0000
[    0.000000] PM: Registered nosave memory: 00000000000f0000 - 0000000000100000
[    0.000000] PM: Registered nosave memory: 00000000dfffe000 - 00000000e0000000
[    0.000000] PM: Registered nosave memory: 00000000e0000000 - 00000000feffc000
[    0.000000] PM: Registered nosave memory: 00000000feffc000 - 00000000ff000000
[    0.000000] PM: Registered nosave memory: 00000000ff000000 - 00000000fffc0000
[    0.000000] PM: Registered nosave memory: 00000000fffc0000 - 0000000100000000
[    0.000000] Allocating PCI resources starting at e0000000 (gap: e0000000:1effc000)
[    0.000000] Booting paravirtualized kernel on KVM
[    0.000000] setup_percpu: NR_CPUS:512 nr_cpumask_bits:512 nr_cpu_ids:4 nr_node_ids:1
[    0.000000] PERCPU: Embedded 27 pages/cpu @ffff88041fc00000 s78912 r8192 d23488 u524288
[    0.000000] kvm-clock: cpu 0, msr 4:1fc12741, primary cpu clock
[    0.000000] KVM setup async PF for cpu 0
[    0.000000] kvm-stealtime: cpu 0, msr 41fc0cfc0
[    0.000000] Built 1 zonelists in Zone order, mobility grouping on.  Total pages: 4135048
[    0.000000] Policy zone: Normal
[    0.000000] Kernel command line: BOOT_IMAGE=/boot/vmlinuz-3.2.0-4-amd64 root=UUID=e35ebd7f-2405-4c97-9c3e-26919d55a9e5 ro console=tty0 console=ttyS0,115200n8
[    0.000000] PID hash table entries: 4096 (order: 3, 32768 bytes)
[    0.000000] Checking aperture...
[    0.000000] No AGP bridge found
[    0.000000] Memory: 16460264k/17301504k available (3434k kernel code, 524748k absent, 316492k reserved, 3305k data, 580k init)
[    0.000000] Hierarchical RCU implementation.
[    0.000000] 	RCU dyntick-idle grace-period acceleration is enabled.
[    0.000000] NR_IRQS:33024 nr_irqs:712 16
[    0.000000] Console: colour VGA+ 80x25
[    0.000000] console [tty0] enabled
[    0.000000] console [ttyS0] enabled
[    0.000000] Detected 2199.998 MHz processor.
[    0.008000] Calibrating delay loop (skipped) preset value.. 4399.99 BogoMIPS (lpj=8799992)
[    0.008000] pid_max: default: 32768 minimum: 301
[    0.008000] Security Framework initialized
[    0.008012] AppArmor: AppArmor disabled by boot time parameter
[    0.009918] Dentry cache hash table entries: 2097152 (order: 12, 16777216 bytes)
[    0.014570] Inode-cache hash table entries: 1048576 (order: 11, 8388608 bytes)
[    0.017452] Mount-cache hash table entries: 256
[    0.018457] Initializing cgroup subsys cpuacct
[    0.019248] Initializing cgroup subsys memory
[    0.020033] Initializing cgroup subsys devices
[    0.020868] Initializing cgroup subsys freezer
[    0.021656] Initializing cgroup subsys net_cls
[    0.022469] Initializing cgroup subsys blkio
[    0.023243] Initializing cgroup subsys perf_event
[    0.024103] mce: CPU supports 10 MCE banks
[    0.026201] ACPI: Core revision 20110623
[    0.031004] ..TIMER: vector=0x30 apic1=0 pin1=2 apic2=-1 pin2=-1
[    0.032007] CPU0: Intel QEMU Virtual CPU version 1.1.2 stepping 03
[    0.036002] Performance Events: unsupported p6 CPU model 2 no PMU driver, software events only.
[    0.036002] NMI watchdog disabled (cpu0): hardware events not enabled
[    0.036002] Booting Node   0, Processors  #1
[    0.048008] kvm-clock: cpu 1, msr 4:1fc92741, secondary cpu clock
[    0.048152] NMI watchdog disabled (cpu1): hardware events not enabled
[    0.052244]  #2
[    0.052029] KVM setup async PF for cpu 1
[    0.052029] kvm-stealtime: cpu 1, msr 41fc8cfc0
[    0.064009] kvm-clock: cpu 2, msr 4:1fd12741, secondary cpu clock
[    0.064163] NMI watchdog disabled (cpu2): hardware events not enabled
[    0.064500]  #3 Ok.
[    0.064253] KVM setup async PF for cpu 2
[    0.064253] kvm-stealtime: cpu 2, msr 41fd0cfc0
[    0.080010] kvm-clock: cpu 3, msr 4:1fd92741, secondary cpu clock
[    0.080166] NMI watchdog disabled (cpu3): hardware events not enabled
[    0.080205] Brought up 4 CPUs
[    0.080207] Total of 4 processors activated (17599.98 BogoMIPS).
[    0.080203] KVM setup async PF for cpu 3
[    0.080203] kvm-stealtime: cpu 3, msr 41fd8cfc0
[    0.090148] devtmpfs: initialized
[    0.096308] print_constraints: dummy: 
[    0.097631] NET: Registered protocol family 16
[    0.098744] ACPI: bus type pci registered
[    0.100091] PCI: Using configuration type 1 for base access
[    0.102400] bio: create slab <bio-0> at 0
[    0.104574] ACPI: Added _OSI(Module Device)
[    0.105325] ACPI: Added _OSI(Processor Device)
[    0.106247] ACPI: Added _OSI(3.0 _SCP Extensions)
[    0.108013] ACPI: Added _OSI(Processor Aggregator Device)
[    0.113090] ACPI: Interpreter enabled
[    0.113920] ACPI: (supports S0 S3 S4 S5)
[    0.115265] ACPI: Using IOAPIC for interrupt routing
[    0.120413] ACPI: No dock devices found.
[    0.121316] HEST: Table not found.
[    0.122135] PCI: Ignoring host bridge windows from ACPI; if necessary, use "pci=use_crs" and report a bug
[    0.124034] ACPI: PCI Root Bridge [PCI0] (domain 0000 [bus 00-ff])
[    0.130522] pci 0000:00:01.3: quirk: [io  0xb000-0xb03f] claimed by PIIX4 ACPI
[    0.132026] pci 0000:00:01.3: quirk: [io  0xb100-0xb10f] claimed by PIIX4 SMB
[    0.156085]  pci0000:00: Unable to request _OSC control (_OSC support mask: 0x1e)
[    0.160429] ACPI: PCI Interrupt Link [LNKA] (IRQs 5 *10 11)
[    0.162332] ACPI: PCI Interrupt Link [LNKB] (IRQs 5 *10 11)
[    0.164116] ACPI: PCI Interrupt Link [LNKC] (IRQs 5 10 *11)
[    0.165878] ACPI: PCI Interrupt Link [LNKD] (IRQs 5 10 *11)
[    0.167629] ACPI: PCI Interrupt Link [LNKS] (IRQs 9) *0
[    0.169220] vgaarb: device added: PCI:0000:00:02.0,decodes=io+mem,owns=io+mem,locks=none
[    0.169742] vgaarb: loaded
[    0.172015] vgaarb: bridge control possible 0000:00:02.0
[    0.173238] PCI: Using ACPI for IRQ routing
[    0.174651] HPET: 3 timers in total, 0 timers will be used for per-cpu timer
[    0.176043] hpet0: at MMIO 0xfed00000, IRQs 2, 8, 0
[    0.177515] hpet0: 3 comparators, 64-bit 100.000000 MHz counter
[    0.193935] Switching to clocksource kvm-clock
[    0.198672] pnp: PnP ACPI init
[    0.200139] ACPI: bus type pnp registered
[    0.203887] pnp: PnP ACPI: found 8 devices
[    0.205480] ACPI: ACPI bus type pnp unregistered
[    0.233755] NET: Registered protocol family 2
[    0.240524] IP route cache hash table entries: 524288 (order: 10, 4194304 bytes)
[    0.247500] TCP established hash table entries: 524288 (order: 11, 8388608 bytes)
[    0.256514] TCP bind hash table entries: 65536 (order: 8, 1048576 bytes)
[    0.258704] TCP: Hash tables configured (established 524288 bind 65536)
[    0.259975] TCP reno registered
[    0.260829] UDP hash table entries: 8192 (order: 6, 262144 bytes)
[    0.262300] UDP-Lite hash table entries: 8192 (order: 6, 262144 bytes)
[    0.264462] NET: Registered protocol family 1
[    0.265411] pci 0000:00:00.0: Limiting direct PCI/PCI transfers
[    0.275089] pci 0000:00:01.0: PIIX3: Enabling Passive Release
[    0.276307] pci 0000:00:01.0: Activating ISA DMA hang workarounds
[    0.277665] Unpacking initramfs...
[    0.541506] Freeing initrd memory: 9992k freed
[    0.545389] PCI-DMA: Using software bounce buffering for IO (SWIOTLB)
[    0.546628] Placing 64MB software IO TLB between ffff8800dbff0000 - ffff8800dfff0000
[    0.548267] software IO TLB at phys 0xdbff0000 - 0xdfff0000
[    0.551710] audit: initializing netlink socket (disabled)
[    0.552872] type=2000 audit(1481707942.552:1): initialized
[    0.584989] HugeTLB registered 2 MB page size, pre-allocated 0 pages
[    0.591195] VFS: Disk quotas dquot_6.5.2
[    0.592295] Dquot-cache hash table entries: 512 (order 0, 4096 bytes)
[    0.593794] msgmni has been set to 32168
[    0.595583] alg: No test for stdrng (krng)
[    0.596734] Block layer SCSI generic (bsg) driver version 0.4 loaded (major 253)
[    0.598266] io scheduler noop registered
[    0.599105] io scheduler deadline registered
[    0.600366] io scheduler cfq registered (default)
[    0.601594] pci_hotplug: PCI Hot Plug PCI Core version: 0.5
[    0.602731] pciehp: PCI Express Hot Plug Controller Driver version: 0.4
[    0.603986] acpiphp: ACPI Hot Plug PCI Controller Driver version: 0.5
[    0.605451] acpiphp: Slot [3] registered
[    0.606331] acpiphp: Slot [4] registered
[    0.607204] acpiphp: Slot [5] registered
[    0.608190] acpiphp: Slot [6] registered
[    0.609107] acpiphp: Slot [7] registered
[    0.609991] acpiphp: Slot [8] registered
[    0.610874] acpiphp: Slot [9] registered
[    0.611748] acpiphp: Slot [10] registered
[    0.612806] acpiphp: Slot [11] registered
[    0.613719] acpiphp: Slot [12] registered
[    0.614626] acpiphp: Slot [13] registered
[    0.615518] acpiphp: Slot [14] registered
[    0.616579] acpiphp: Slot [15] registered
[    0.617475] acpiphp: Slot [16] registered
[    0.618356] acpiphp: Slot [17] registered
[    0.619249] acpiphp: Slot [18] registered
[    0.620300] acpiphp: Slot [19] registered
[    0.621184] acpiphp: Slot [20] registered
[    0.622069] acpiphp: Slot [21] registered
[    0.622966] acpiphp: Slot [22] registered
[    0.623851] acpiphp: Slot [23] registered
[    0.624873] acpiphp: Slot [24] registered
[    0.625794] acpiphp: Slot [25] registered
[    0.626690] acpiphp: Slot [26] registered
[    0.627564] acpiphp: Slot [27] registered
[    0.628627] acpiphp: Slot [28] registered
[    0.629531] acpiphp: Slot [29] registered
[    0.630441] acpiphp: Slot [30] registered
[    0.631340] acpiphp: Slot [31] registered
[    0.632513] ERST: Table is not found!
[    0.633334] GHES: HEST is not enabled!
[    0.634412] Serial: 8250/16550 driver, 4 ports, IRQ sharing enabled
[    0.657568] serial8250: ttyS0 at I/O 0x3f8 (irq = 4) is a 16550A
[    0.686473] 00:06: ttyS0 at I/O 0x3f8 (irq = 4) is a 16550A
[    0.688300] Linux agpgart interface v0.103
[    0.689432] i8042: PNP: PS/2 Controller [PNP0303:KBD,PNP0f13:MOU] at 0x60,0x64 irq 1,12
[    0.692164] serio: i8042 KBD port at 0x60,0x64 irq 1
[    0.693176] serio: i8042 AUX port at 0x60,0x64 irq 12
[    0.694721] mousedev: PS/2 mouse device common for all mice
[    0.696373] input: AT Translated Set 2 keyboard as /devices/platform/i8042/serio0/input/input0
[    0.698395] rtc_cmos 00:01: RTC can wake from S4
[    0.699815] rtc_cmos 00:01: rtc core: registered rtc_cmos as rtc0
[    0.701304] rtc0: alarms up to one day, 114 bytes nvram, hpet irqs
[    0.702547] cpuidle: using governor ladder
[    0.703421] cpuidle: using governor menu
[    0.704751] TCP cubic registered
[    0.706518] NET: Registered protocol family 10
[    0.708412] Mobile IPv6
[    0.709044] NET: Registered protocol family 17
[    0.710000] Registering the dns_resolver key type
[    0.711682] registered taskstats version 1
[    0.714082] rtc_cmos 00:01: setting system clock to 2016-12-14 09:32:24 UTC (1481707944)
[    0.715750] Initializing network drop monitor service
[    0.718830] Freeing unused kernel memory: 580k freed
[    0.720172] Write protecting the kernel read-only data: 6144k
[    0.724238] Freeing unused kernel memory: 644k freed
[    0.728339] Freeing unused kernel memory: 688k freed
Loading, please wait...
[    0.755906] udevd[58]: starting version 175
[    0.780590] e1000: Intel(R) PRO/1000 Network Driver - version 7.3.21-k8-NAPI
[    0.781958] e1000: Copyright (c) 1999-2006 Intel Corporation.
[    0.783447] ACPI: PCI Interrupt Link [LNKC] enabled at IRQ 11
[    0.787842] SCSI subsystem initialized
[    0.796265] Floppy drive(s): fd0 is 1.44M
[    0.812722] FDC 0 is a S82078B
[    3.053400] Refined TSC clocksource calibration: 2199.955 MHz.
[    3.179962] e1000 0000:00:03.0: eth0: (PCI:33MHz:32-bit) 52:54:00:12:34:56
[    3.181532] e1000 0000:00:03.0: eth0: Intel(R) PRO/1000 Network Connection
[    3.184992] scsi0 : ata_piix
[    3.187194] scsi1 : ata_piix
[    3.188721] ata1: PATA max MWDMA2 cmd 0x1f0 ctl 0x3f6 bmdma 0xc040 irq 14
[    3.191061] ata2: PATA max MWDMA2 cmd 0x170 ctl 0x376 bmdma 0xc048 irq 15
[    3.350173] ata1.00: ATA-7: QEMU HARDDISK, 1.1.2, max UDMA/100
[    3.352381] ata1.00: 9011200 sectors, multi 16: LBA48 
[    3.355080] ata2.00: ATAPI: QEMU DVD-ROM, 1.1.2, max UDMA/100
[    3.357667] ata1.00: configured for MWDMA2
[    3.359517] ata2.00: configured for MWDMA2
[    3.359773] scsi 0:0:0:0: Direct-Access     ATA      QEMU HARDDISK    1.1. PQ: 0 ANSI: 5
[    3.365501] scsi 1:0:0:0: CD-ROM            QEMU     QEMU DVD-ROM     1.1. PQ: 0 ANSI: 5
[    3.381595] sd 0:0:0:0: [sda] 9011200 512-byte logical blocks: (4.61 GB/4.29 GiB)
[    3.385866] sd 0:0:0:0: [sda] Write Protect is off
[    3.387715] sd 0:0:0:0: [sda] Write cache: disabled, read cache: enabled, doesn't support DPO or FUA
[    3.392848]  sda: sda1
[    3.394659] sd 0:0:0:0: [sda] Attached SCSI disk
[    3.401274] sr0: scsi3-mmc drive: 4x/4x cd/rw xa/form2 tray
[    3.404664] cdrom: Uniform CD-ROM driver Revision: 3.20
[    3.407613] sd 0:0:0:0: Attached scsi generic sg0 type 0
[    3.410744] sr 1:0:0:0: Attached scsi generic sg1 type 5
Begin: Loading essential drivers ... done.
Begin: Running /scripts/init-premount ... done.
Begin: Mounting root file system ... Begin: Running /scripts/local-top ... done.
Begin: Running /scripts/local-premount ... done.
[    5.172009] EXT4-fs (sda1): mounted filesystem with ordered data mode. Opts: (null)
Begin: Running /scripts/local-bottom ... done.
done.
Begin: Running /scripts/init-bottom ... done.
INIT: version 2.88 booting
[[36minfo[39;49m] Using makefile-style concurrent boot in runlevel S.
findfs: unable to resolve 'UUID="e35ebd7f-2405-4c97-9c3e-26919d55a9e5"'
[....] Starting the hotplug events dispatcher: udevd[    5.713498] udevd[311]: starting version 175
[?25l[?1c7[1G[[32m ok [39;49m8[?25h[?0c.
[....] Synthesizing the initial hotplug events...[    5.818286] input: Power Button as /devices/LNXSYSTM:00/LNXPWRBN:00/input/input1
[    5.819842] ACPI: Power Button [PWRF]
[    5.828893] input: PC Speaker as /devices/platform/pcspkr/input/input2
[    5.839416] piix4_smbus 0000:00:01.3: SMBus Host Controller at 0xb100, revision 0
[?25l[?1c[    5.847451] parport_pc 00:05: reported by Plug and Play ACPI
[    5.849247] parport0: PC-style at 0x3787, irq 7 [PCSPP,TRISTATE]
[1G[[32m ok [39;49m8[?25h[?0cdone.
[....] Waiting for /dev to be fully populated...[    5.881225] Error: Driver 'pcspkr' is already registered, aborting...
[?25l[?1c7[1G[[32m ok [39;49m8[?25h[?0cdone.
[    7.310389] input: ImExPS/2 Generic Explorer Mouse as /devices/platform/i8042/serio1/input/input3
findfs: unable to resolve 'UUID="e35ebd7f-2405-4c97-9c3e-26919d55a9e5"'
[....] Activating swap...[?25l[?1c7[1G[[32m ok [39;49m8[?25h[?0cdone.
Usage: mountpoint [-q] [-d] [-x] path
[    7.383245] EXT4-fs (sda1): re-mounted. Opts: (null)
[....] Checking root file system...fsck from util-linux 2.20.1
/run/rootdev: clean, 32669/264000 files, 885391/1054720 blocks
[?25l[?1c7[1G[[32m ok [39;49m8[?25h[?0cdone.
[    7.469357] EXT4-fs (sda1): re-mounted. Opts: errors=remount-ro,errors=remount-ro
[....] Cleaning up temporary files... /tmp[?25l[?1c7[1G[[32m ok [39;49m8[?25h[?0c.
findfs: unable to resolve 'UUID="e35ebd7f-2405-4c97-9c3e-26919d55a9e5"'
findfs: unable to resolve 'UUID="e35ebd7f-2405-4c97-9c3e-26919d55a9e5"'
[....] Activating lvm and md swap...[?25l[?1c7[1G[[32m ok [39;49m8[?25h[?0cdone.
[....] Checking file systems...fsck from util-linux 2.20.1
[?25l[?1c7[1G[[32m ok [39;49m8[?25h[?0cdone.
[....] Mounting local filesystems...[?25l[?1c7[1G[[32m ok [39;49m8[?25h[?0cdone.
[....] Activating swapfile swap...[?25l[?1c7[1G[[32m ok [39;49m8[?25h[?0cdone.
findfs: unable to resolve 'UUID="e35ebd7f-2405-4c97-9c3e-26919d55a9e5"'
[....] Cleaning up temporary files...[?25l[?1c7[1G[[32m ok [39;49m8[?25h[?0c.
[....] Setting kernel variables ...[?25l[?1c7[1G[[32m ok [39;49m8[?25h[?0cdone.
[....] Configuring network interfaces...Internet Systems Consortium DHCP Client 4.2.2
Copyright 2004-2011 Internet Systems Consortium.
All rights reserved.
For info, please visit https://www.isc.org/software/dhcp/

[    9.738841] ADDRCONF(NETDEV_UP): eth0: link is not ready
Listening on LPF/eth0/52:54:00:12:34:56
Sending on   LPF/eth0/52:54:00:12:34:56
Sending on   Socket/fallback
DHCPDISCOVER on eth0 to 255.255.255.255 port 67 interval 7
[   12.085642] e1000: eth0 NIC Link is Up 1000 Mbps Full Duplex, Flow Control: RX
[   12.088901] ADDRCONF(NETDEV_CHANGE): eth0: link becomes ready
DHCPDISCOVER on eth0 to 255.255.255.255 port 67 interval 12
DHCPREQUEST on eth0 to 255.255.255.255 port 67
DHCPOFFER from 10.0.2.2
DHCPACK from 10.0.2.2
bound to 10.0.2.15 -- renewal in 41087 seconds.
ifup: interface eth0 already configured
[?25l[?1c7[1G[[32m ok [39;49m8[?25h[?0cdone.
[....] Cleaning up temporary files...[?25l[?1c7[1G[[32m ok [39;49m8[?25h[?0c.
INIT: Entering runlevel: 2
[[36minfo[39;49m] Using makefile-style concurrent boot in runlevel 2.
[....] Starting OpenBSD Secure Shell server: sshd[?25l[?1c7[1G[[32m ok [39;49m8[?25h[?0c.
Entering benchmark mode
./scaff/bin/uniform/doitgen_STANDARD dummy.out 100
STARTING doitgen_STANDARD execution: Wed Dec 14 11:32:41 EET 2016
Execution Time; 0.140122
Execution Time; 0.137100
Execution Time; 0.138212
Execution Time; 0.142406
Execution Time; 0.138066
Execution Time; 2.154626
Execution Time; 0.142392
Execution Time; 0.146550
Execution Time; 0.146602
Execution Time; 0.146722
Execution Time; 0.142523
Execution Time; 1.145809
Execution Time; 0.143206
Execution Time; 0.138779
Execution Time; 0.136409
Execution Time; 0.139629
Execution Time; 0.138887
Execution Time; 0.141964
Execution Time; 1.151370
Execution Time; 0.162041
Execution Time; 0.161527
Execution Time; 0.145950
Execution Time; 0.153944
Execution Time; 0.154427
Execution Time; 1.154527
Execution Time; 0.142775
Execution Time; 0.150808
Execution Time; 0.149169
Execution Time; 0.142567
Execution Time; 0.142394
Execution Time; 0.142534
Execution Time; 1.158940
Execution Time; 0.150431
Execution Time; 0.142452
Execution Time; 0.142465
Execution Time; 0.142713
Execution Time; 0.146279
Execution Time; 2.159630
Execution Time; 0.137345
Execution Time; 0.135972
Execution Time; 0.134817
Execution Time; 0.138217
Execution Time; 0.131394
Execution Time; 0.130583
Execution Time; 0.131170
Execution Time; 0.150727
Execution Time; 0.153517
Execution Time; 0.151061
Execution Time; 0.156528
Execution Time; 0.154687
Execution Time; 0.157746
Execution Time; 1.147147
Execution Time; 0.142488
Execution Time; 0.145356
Execution Time; 0.150328
Execution Time; 0.142620
Execution Time; 0.142474
Execution Time; 1.149926
Execution Time; 0.142510
Execution Time; 0.142456
Execution Time; 0.146600
Execution Time; 0.142422
Execution Time; 0.142456
Execution Time; 0.142596
Execution Time; 1.156864
Execution Time; 0.157201
Execution Time; 0.153353
Execution Time; 0.149886
Execution Time; 0.154086
Execution Time; 0.150217
Execution Time; 1.156591
Execution Time; 0.142788
Execution Time; 0.142602
Execution Time; 0.142442
Execution Time; 0.146314
Execution Time; 0.142623
Execution Time; 0.142546
Execution Time; 2.158888
Execution Time; 0.140288
Execution Time; 0.136111
Execution Time; 0.136128
Execution Time; 0.147308
Execution Time; 0.136019
Execution Time; 0.144281
Execution Time; 3.151251
Execution Time; 0.143271
Execution Time; 0.149465
Execution Time; 0.145978
Execution Time; 0.142886
Execution Time; 0.142441
Execution Time; 2.150091
Execution Time; 0.150360
Execution Time; 0.142441
Execution Time; 0.142699
Execution Time; 0.146222
Execution Time; 0.147241
Execution Time; 0.142368
Execution Time; 2.149259
Execution Time; 0.142544
Execution Time; 0.142186
Execution Time; 0.149084
Execution Time; 0.142552
Execution Time; 0.142456
Execution Time; 0.142557
Execution Time; 0.146617
Execution Time; 0.142505
Execution Time; 0.150823
Execution Time; 0.142441
Execution Time; 0.155098
Execution Time; 0.146775
Execution Time; 1.152892
Execution Time; 0.153982
Execution Time; 0.161477
Execution Time; 0.148532
Execution Time; 0.153182
Execution Time; 0.153028
Execution Time; 1.157282
Execution Time; 0.142593
Execution Time; 0.142533
Execution Time; 0.142553
Execution Time; 0.142802
Execution Time; 0.142466
Execution Time; 0.142695
Execution Time; 1.146419
Execution Time; 0.142593
Execution Time; 0.146297
Execution Time; 0.142864
Execution Time; 0.146771
Execution Time; 0.148833
Execution Time; 0.142791
Execution Time; 1.156856
Execution Time; 0.156621
Execution Time; 0.160013
Execution Time; 0.149891
Execution Time; 0.150334
Execution Time; 0.146058
Execution Time; 1.147149
Execution Time; 0.142676
Execution Time; 0.146176
Execution Time; 0.142591
Execution Time; 0.142303
Execution Time; 0.148994
Execution Time; 0.142507
Execution Time; 0.150912
Execution Time; 0.149622
Execution Time; 0.142550
Execution Time; 0.156160
Execution Time; 0.146705
Execution Time; 0.142532
Execution Time; 1.158482
Execution Time; 0.150647
Execution Time; 0.142775
Execution Time; 0.142704
Execution Time; 0.143178
Execution Time; 0.149399
Execution Time; 2.165583
Execution Time; 0.143567
Execution Time; 0.146741
Execution Time; 0.142610
Execution Time; 0.143844
Execution Time; 0.142631
Execution Time; 0.142542
Execution Time; 2.149268
Execution Time; 0.142674
Execution Time; 0.142801
Execution Time; 0.142656
Execution Time; 0.143881
Execution Time; 0.142902
Execution Time; 0.149031
Execution Time; 1.170375
Execution Time; 0.149696
Execution Time; 0.151168
Execution Time; 0.153709
Execution Time; 0.149784
Execution Time; 0.152522
Execution Time; 1.154711
Execution Time; 0.142644
Execution Time; 0.151274
Execution Time; 0.146538
Execution Time; 0.146503
Execution Time; 0.149195
Execution Time; 2.159007
Execution Time; 0.143502
Execution Time; 0.146062
Execution Time; 0.143374
Execution Time; 0.142487
Execution Time; 0.142478
Execution Time; 0.149093
Execution Time; 1.152251
Execution Time; 0.149591
Execution Time; 0.153586
Execution Time; 0.142612
Execution Time; 0.158750
Execution Time; 0.142375
Execution Time; 1.150449
Execution Time; 0.152345
Execution Time; 0.152778
Execution Time; 0.149516
Execution Time; 0.150375
Execution Time; 0.149987
Execution Time; 0.152483
Execution Time; 1.150894
Execution Time; 0.142265
Execution Time; 0.142275
Execution Time; 0.142756
Execution Time; 0.142353
Execution Time; 0.149593
Execution Time; 2.155770
Execution Time; 0.146084
Execution Time; 0.142288
Execution Time; 0.142348
Execution Time; 0.142686
Execution Time; 0.142594
Execution Time; 0.142721
Execution Time; 2.153991
Execution Time; 0.146106
Execution Time; 0.142369
Execution Time; 0.154393
Execution Time; 0.146532
Execution Time; 0.145573
Execution Time; 2.153262
Execution Time; 0.149311
Execution Time; 0.154433
Execution Time; 0.149264
Execution Time; 0.142454
Execution Time; 0.147657
Execution Time; 0.146549
Execution Time; 1.150600
Execution Time; 0.150424
Execution Time; 0.146552
Execution Time; 0.142459
Execution Time; 0.146491
Execution Time; 0.150469
Execution Time; 2.156082
Execution Time; 0.142819
Execution Time; 0.146429
Execution Time; 0.142448
Execution Time; 0.142563
Execution Time; 0.142541
Execution Time; 0.146140
Execution Time; 2.155800
Execution Time; 0.145778
Execution Time; 0.144465
Execution Time; 0.147942
Execution Time; 0.149133
Execution Time; 0.142436
Execution Time; 0.142633
Execution Time; 1.166691
Execution Time; 0.151301
Execution Time; 0.153508
Execution Time; 0.150543
Execution Time; 0.154555
Execution Time; 0.147287
Execution Time; 1.146760
Execution Time; 0.154631
Execution Time; 0.142450
Execution Time; 0.150372
Execution Time; 0.146260
Execution Time; 0.150322
Execution Time; 2.164653
Execution Time; 0.145561
Execution Time; 0.142367
Execution Time; 0.142215
Execution Time; 0.142546
Execution Time; 0.146637
Execution Time; 0.146384
Execution Time; 1.159514
Execution Time; 0.150813
Execution Time; 0.142844
Execution Time; 0.142606
Execution Time; 0.146280
Execution Time; 0.146600
Execution Time; 1.153090
Execution Time; 0.149606
Execution Time; 0.149547
Execution Time; 0.155961
Execution Time; 0.150474
Execution Time; 0.153384
Execution Time; 0.153158
Execution Time; 1.146929
Execution Time; 0.142291
Execution Time; 0.151332
Execution Time; 0.149506
Execution Time; 0.146266
Execution Time; 0.146592
Execution Time; 2.158561
Execution Time; 0.142709
Execution Time; 0.142296
Execution Time; 0.143543
Execution Time; 0.142425
Execution Time; 0.146050
Execution Time; 0.145344
Execution Time; 2.158711
Execution Time; 0.152414
Execution Time; 0.149405
Execution Time; 0.147352
Execution Time; 0.146685
Execution Time; 0.143241
Execution Time; 2.152275
Execution Time; 0.144746
Execution Time; 0.140815
Execution Time; 0.143046
Execution Time; 0.139834
Execution Time; 0.140361
Execution Time; 0.141935
Execution Time; 2.166910
Execution Time; 0.142421
Execution Time; 0.142414
Execution Time; 0.146289
Execution Time; 0.148994
Execution Time; 0.151727
Execution Time; 1.146039
Execution Time; 0.146593
Execution Time; 0.146135
Execution Time; 0.143269
Execution Time; 0.146175
Execution Time; 0.142510
Execution Time; 0.143075
Execution Time; 2.155467
Execution Time; 0.142331
Execution Time; 0.142301
Execution Time; 0.142635
Execution Time; 0.150641
Execution Time; 0.143711
Execution Time; 0.149238
Execution Time; 2.152574
Execution Time; 0.142450
Execution Time; 0.146332
Execution Time; 0.147185
Execution Time; 0.143106
Execution Time; 0.142377
Execution Time; 2.149366
Execution Time; 0.142408
Execution Time; 0.146811
Execution Time; 0.146629
Execution Time; 0.146078
Execution Time; 0.142567
Execution Time; 0.142487
Execution Time; 1.152416
Execution Time; 0.152102
Execution Time; 0.153257
Execution Time; 0.153680
Execution Time; 0.150040
Execution Time; 0.154015
Execution Time; 1.148634
Execution Time; 0.152386
Execution Time; 0.146377
Execution Time; 0.146740
Execution Time; 0.153511
Execution Time; 0.142819
Execution Time; 0.142433
Execution Time; 2.155391
Execution Time; 0.146140
Execution Time; 0.142676
Execution Time; 0.142711
Execution Time; 0.142524
Execution Time; 0.142073
Execution Time; 0.142457
Execution Time; 2.163102
Execution Time; 0.146566
Execution Time; 0.147193
Execution Time; 0.142583
Execution Time; 0.142295
Execution Time; 0.142443
Execution Time; 2.158216
Execution Time; 0.142291
Execution Time; 0.146468
Execution Time; 0.143793
Execution Time; 0.142662
Execution Time; 0.143126
Execution Time; 0.142521
Execution Time; 1.161463
Execution Time; 0.142291
Execution Time; 0.146234
Execution Time; 0.152197
Execution Time; 0.142599
Execution Time; 0.142370
Execution Time; 2.152339
Execution Time; 0.151317
Execution Time; 0.149557
Execution Time; 0.150416
Execution Time; 0.142321
Execution Time; 0.140904
Execution Time; 0.142414
Execution Time; 2.152366
Execution Time; 0.146319
Execution Time; 0.146434
Execution Time; 0.146105
Execution Time; 0.142294
Execution Time; 0.142584
Execution Time; 0.142513
Execution Time; 1.159952
Execution Time; 0.151093
Execution Time; 0.146045
Execution Time; 0.154201
Execution Time; 0.150049
Execution Time; 0.150670
Execution Time; 1.147362
Execution Time; 0.142624
Execution Time; 0.142440
Execution Time; 0.149056
Execution Time; 0.142727
Execution Time; 0.152373
Execution Time; 1.146191
Execution Time; 0.155452
Execution Time; 0.146558
Execution Time; 0.149301
Execution Time; 0.142282
Execution Time; 0.147099
Execution Time; 0.146230
Execution Time; 2.155377
Execution Time; 0.142514
Execution Time; 0.146468
Execution Time; 0.142547
Execution Time; 0.142332
Execution Time; 0.142333
Execution Time; 0.142924
Execution Time; 0.153790
Execution Time; 0.142419
Execution Time; 0.142455
Execution Time; 0.145985
Execution Time; 0.142492
Execution Time; 0.148959
Execution Time; 2.161542
Execution Time; 0.146060
Execution Time; 0.143395
Execution Time; 0.143286
Execution Time; 0.143491
Execution Time; 0.149188
Execution Time; 0.151273
Execution Time; 2.149162
Execution Time; 0.148910
Execution Time; 0.142261
Execution Time; 0.142422
Execution Time; 0.143347
Execution Time; 0.146402
Execution Time; 2.168718
Execution Time; 0.142722
Execution Time; 0.142529
Execution Time; 0.158690
Execution Time; 0.146549
Execution Time; 0.142764
Execution Time; 0.142125
Execution Time; 2.152013
Execution Time; 0.142435
Execution Time; 0.146522
Execution Time; 0.150186
Execution Time; 0.142174
Execution Time; 0.142683
Execution Time; 2.151327
Execution Time; 0.142285
Execution Time; 0.150314
Execution Time; 0.142390
Execution Time; 0.143277
Execution Time; 0.142531
Execution Time; 0.144430
Execution Time; 2.171363
Execution Time; 0.142396
Execution Time; 0.146497
Execution Time; 0.142468
Execution Time; 0.146050
Execution Time; 0.145961
Execution Time; 2.148785
Execution Time; 0.149141
Execution Time; 0.147615
Execution Time; 0.142229
Execution Time; 0.142284
Execution Time; 0.149391
Execution Time; 0.142569
Execution Time; 2.152805
Execution Time; 0.130698
Execution Time; 0.132823
Execution Time; 0.130979
Execution Time; 0.134848
Execution Time; 0.132211
Execution Time; 0.135174
Execution Time; 2.139747
Execution Time; 0.139913
Execution Time; 0.136395
Execution Time; 0.139500
Execution Time; 0.130689
Execution Time; 0.132593
Execution Time; 0.130963
Execution Time; 2.154617
Execution Time; 0.142660
Execution Time; 0.146203
Execution Time; 0.146611
Execution Time; 0.146462
Execution Time; 0.142425
Execution Time; 0.142363
Execution Time; 2.149795
Execution Time; 0.142266
Execution Time; 0.144469
Execution Time; 0.143171
Execution Time; 0.144867
Execution Time; 0.142859
Execution Time; 0.140695
Execution Time; 3.158924
Execution Time; 0.142263
Execution Time; 0.142350
Execution Time; 0.150767
Execution Time; 0.142639
Execution Time; 0.142740
Execution Time; 2.168596
Execution Time; 0.146316
Execution Time; 0.144578
Execution Time; 0.147160
Execution Time; 0.142673
Execution Time; 0.142473
Execution Time; 0.142742
Execution Time; 0.147505
Execution Time; 0.142797
Execution Time; 0.145320
Execution Time; 0.144965
Execution Time; 0.143442
Execution Time; 0.141682
Execution Time; 2.149895
Execution Time; 0.153531
Execution Time; 0.146529
Execution Time; 0.155098
Execution Time; 0.152903
Execution Time; 0.152017
Execution Time; 0.148866
Execution Time; 0.149795
Execution Time; 0.152208
Execution Time; 0.149999
Execution Time; 0.153489
Execution Time; 0.151605
Execution Time; 0.152711
Execution Time; 2.164515
Execution Time; 0.142454
Execution Time; 0.148878
Execution Time; 0.143536
Execution Time; 0.145828
Execution Time; 0.142321
Execution Time; 2.153300
Execution Time; 0.142422
Execution Time; 0.142451
Execution Time; 0.155307
Execution Time; 0.142533
Execution Time; 0.146541
Execution Time; 0.142370
Execution Time; 2.149358
Execution Time; 0.142704
Execution Time; 0.163622
Execution Time; 0.142538
Execution Time; 0.146799
Execution Time; 0.146207
Execution Time; 0.142442
Execution Time; 2.160249
Execution Time; 0.147010
Execution Time; 0.147287
Execution Time; 0.142895
Execution Time; 0.141842
Execution Time; 0.144194
Execution Time; 2.150124
Execution Time; 0.142543
Execution Time; 0.142712
Execution Time; 0.142602
Execution Time; 0.146989
Execution Time; 0.147120
Execution Time; 0.150634
Execution Time; 2.170057
Execution Time; 0.152891
Execution Time; 0.151522
Execution Time; 0.149313
Execution Time; 0.157412
Execution Time; 0.149690
Execution Time; 2.164858
Execution Time; 0.146286
Execution Time; 0.149309
Execution Time; 0.154670
Execution Time; 0.146869
Execution Time; 0.153846
Execution Time; 2.153425
Execution Time; 0.146722
Execution Time; 0.150685
Execution Time; 0.148971
Execution Time; 0.149862
Execution Time; 0.153479
Execution Time; 0.149814
Execution Time; 2.161230
Execution Time; 0.142442
Execution Time; 0.150530
Execution Time; 0.149325
Execution Time; 0.146287
Execution Time; 0.142169
Execution Time; 2.157105
Execution Time; 0.142383
Execution Time; 0.142649
Execution Time; 0.143405
Execution Time; 0.145771
Execution Time; 0.142679
Execution Time; 0.143758
Execution Time; 2.149057
Execution Time; 0.142364
Execution Time; 0.142832
Execution Time; 0.146520
Execution Time; 0.142303
Execution Time; 0.143796
Execution Time; 2.168012
Execution Time; 0.142044
Execution Time; 0.152122
Execution Time; 0.146499
Execution Time; 0.141850
Execution Time; 0.140680
Execution Time; 0.146797
Execution Time; 3.173236
Execution Time; 0.142428
Execution Time; 0.142610
Execution Time; 0.142743
Execution Time; 0.146782
Execution Time; 0.146383
Execution Time; 2.157446
Execution Time; 0.142546
Execution Time; 0.146407
Execution Time; 0.142345
Execution Time; 0.142562
Execution Time; 0.142318
Execution Time; 0.142356
Execution Time; 3.158349
Execution Time; 0.150443
Execution Time; 0.143371
Execution Time; 0.142746
Execution Time; 0.150438
Execution Time; 0.142648
Execution Time; 0.142695
Execution Time; 2.151472
Execution Time; 0.142688
Execution Time; 0.142340
Execution Time; 0.146422
Execution Time; 0.142664
Execution Time; 0.146294
Execution Time; 2.153542
Execution Time; 0.142522
Execution Time; 0.142588
Execution Time; 0.143541
Execution Time; 0.149720
Execution Time; 0.146592
Execution Time; 0.142377
Execution Time; 2.157129
Execution Time; 0.142409
Execution Time; 0.142357
Execution Time; 0.138308
Execution Time; 0.149997
Execution Time; 0.142333
Execution Time; 0.141887
Execution Time; 2.153114
Execution Time; 0.142928
Execution Time; 0.149378
Execution Time; 0.146913
Execution Time; 0.146693
Execution Time; 0.142285
Execution Time; 2.151236
Execution Time; 0.152319
Execution Time; 0.149982
Execution Time; 0.150545
Execution Time; 0.151655
Execution Time; 0.153641
Execution Time; 0.153073
Execution Time; 0.142994
Execution Time; 0.147466
Execution Time; 0.141106
Execution Time; 0.143411
Execution Time; 0.141748
Execution Time; 0.142134
Execution Time; 2.149087
Execution Time; 0.150288
Execution Time; 0.150774
Execution Time; 0.143512
Execution Time; 0.142633
Execution Time; 0.142456
Execution Time; 0.142479
Execution Time; 2.162953
Execution Time; 0.150749
Execution Time; 0.146656
Execution Time; 0.150757
Execution Time; 0.146756
Execution Time; 0.150936
Execution Time; 2.154283
Execution Time; 0.142529
Execution Time; 0.143275
Execution Time; 0.142925
Execution Time; 0.142367
Execution Time; 0.142592
Execution Time; 0.146648
Execution Time; 2.159578
Execution Time; 0.142387
Execution Time; 0.142400
Execution Time; 0.153771
Execution Time; 0.147427
Execution Time; 0.142264
Execution Time; 3.166088
Execution Time; 0.144540
Execution Time; 0.142534
Execution Time; 0.142780
Execution Time; 0.142474
Execution Time; 0.153133
Execution Time; 0.142414
Execution Time; 2.157285
Execution Time; 0.152472
Execution Time; 0.143915
Execution Time; 0.153048
Execution Time; 0.140267
Execution Time; 0.146873
Execution Time; 2.149793
Execution Time; 0.149178
Execution Time; 0.142199
Execution Time; 0.146631
Execution Time; 0.142536
Execution Time; 0.146477
Execution Time; 0.142488
Execution Time; 2.160755
Execution Time; 0.156379
Execution Time; 0.149200
Execution Time; 0.145963
Execution Time; 0.149691
Execution Time; 0.146115
Execution Time; 2.161364
Execution Time; 0.146880
Execution Time; 0.143349
Execution Time; 0.143568
Execution Time; 0.143775
Execution Time; 0.146970
Execution Time; 0.149040
Execution Time; 2.148228
Execution Time; 0.142905
Execution Time; 0.142355
Execution Time; 0.149127
Execution Time; 0.142370
Execution Time; 0.163302
Execution Time; 3.154287
Execution Time; 0.147779
Execution Time; 0.151091
Execution Time; 0.142481
Execution Time; 0.142447
Execution Time; 0.146040
Execution Time; 0.147679
Execution Time; 2.172750
Execution Time; 0.144128
Execution Time; 0.140489
Execution Time; 0.145647
Execution Time; 0.141267
Execution Time; 0.139990
Execution Time; 2.149281
Execution Time; 0.142444
Execution Time; 0.157371
Execution Time; 0.146758
Execution Time; 0.142305
Execution Time; 0.142467
Execution Time; 0.145106
Execution Time; 2.153129
Execution Time; 0.158686
Execution Time; 0.142407
Execution Time; 0.142454
Execution Time; 0.142420
Execution Time; 0.142385
Execution Time; 0.146335
Execution Time; 2.153236
Execution Time; 0.143028
Execution Time; 0.146356
Execution Time; 0.140284
Execution Time; 0.142134
Execution Time; 0.141996
Execution Time; 2.148729
Execution Time; 0.142299
Execution Time; 0.145565
Execution Time; 0.142855
Execution Time; 0.153123
Execution Time; 0.150235
Execution Time; 0.148920
Execution Time; 2.157406
Execution Time; 0.152760
Execution Time; 0.153693
Execution Time; 0.149780
Execution Time; 0.149715
Execution Time; 0.152345
Execution Time; 2.158113
Execution Time; 0.148664
Execution Time; 0.150483
Execution Time; 0.145292
Execution Time; 0.143777
Execution Time; 0.145251
Execution Time; 0.143222
Execution Time; 2.176583
Execution Time; 0.142663
Execution Time; 0.142439
Execution Time; 0.142443
Execution Time; 0.146417
Execution Time; 0.146065
Execution Time; 3.172067
Execution Time; 0.146891
Execution Time; 0.150744
Execution Time; 0.157629
Execution Time; 0.151783
Execution Time; 0.149956
Execution Time; 0.149194
Execution Time; 2.148257
Execution Time; 0.145827
Execution Time; 0.153498
Execution Time; 0.145324
Execution Time; 0.142025
Execution Time; 0.144604
Execution Time; 2.154022
Execution Time; 0.146451
Execution Time; 0.154738
Execution Time; 0.146595
Execution Time; 0.142355
Execution Time; 0.146560
Execution Time; 2.151603
Execution Time; 0.146497
Execution Time; 0.142371
Execution Time; 0.146663
Execution Time; 0.153583
Execution Time; 0.150688
Execution Time; 0.145826
Execution Time; 2.167567
Execution Time; 0.142692
Execution Time; 0.151836
Execution Time; 0.146578
Execution Time; 0.142565
Execution Time; 0.142603
Execution Time; 2.149535
Execution Time; 0.143003
Execution Time; 0.146681
Execution Time; 0.146549
Execution Time; 0.143559
Execution Time; 0.142694
Execution Time; 0.149485
Execution Time; 3.153158
Execution Time; 0.146572
Execution Time; 0.142501
Execution Time; 0.142616
Execution Time; 0.142762
Execution Time; 0.145139
Execution Time; 0.143728
Execution Time; 2.149405
Execution Time; 0.142703
Execution Time; 0.142775
Execution Time; 0.149535
Execution Time; 0.142960
Execution Time; 0.146621
Execution Time; 2.153690
Execution Time; 0.142755
Execution Time; 0.149345
Execution Time; 0.143631
Execution Time; 0.142613
Execution Time; 0.142724
Execution Time; 0.142523
Execution Time; 2.172018
Execution Time; 0.149288
Execution Time; 0.146649
Execution Time; 0.154719
Execution Time; 0.152035
Execution Time; 0.155605
Execution Time; 2.160763
Execution Time; 0.156954
Execution Time; 0.153469
Execution Time; 0.146135
Execution Time; 0.148658
Execution Time; 0.152904
Execution Time; 0.150497
Execution Time; 0.150438
Execution Time; 0.149061
Execution Time; 0.146680
Execution Time; 0.149448
Execution Time; 0.150003
Execution Time; 0.157478
Execution Time; 3.158568
Execution Time; 0.145887
Execution Time; 0.149561
Execution Time; 0.146810
Execution Time; 0.149598
Execution Time; 0.155612
Execution Time; 2.162438
Execution Time; 0.142279
Execution Time; 0.146427
Execution Time; 0.155946
Execution Time; 0.142786
Execution Time; 0.143646
Execution Time; 0.145901
Execution Time; 2.153488
Execution Time; 0.148697
Execution Time; 0.149519
Execution Time; 0.152984
Execution Time; 0.142689
Execution Time; 0.146963
Execution Time; 3.152578
Execution Time; 0.145520
Execution Time; 0.146899
Execution Time; 0.143714
Execution Time; 0.146347
Execution Time; 0.142719
Execution Time; 0.146139
Execution Time; 3.151420
Execution Time; 0.142341
Execution Time; 0.146647
Execution Time; 0.146545
Execution Time; 0.147600
Execution Time; 0.149535
Execution Time; 3.155283
Execution Time; 0.141140
Execution Time; 0.140523
Execution Time; 0.149266
Execution Time; 0.141333
Execution Time; 0.149619
Execution Time; 0.142663
Execution Time; 3.156824
Execution Time; 0.142274
Execution Time; 0.142114
Execution Time; 0.146484
Execution Time; 0.142250
Execution Time; 0.146230
Execution Time; 0.150620
Execution Time; 0.142336
Execution Time; 0.142142
Execution Time; 0.142223
Execution Time; 0.142231
Execution Time; 0.146449
Execution Time; 0.142636
Execution Time; 3.154940
Execution Time; 0.142251
Execution Time; 0.142320
Execution Time; 0.142319
Execution Time; 0.143320
Execution Time; 0.145171
Execution Time; 0.146300
Execution Time; 3.154607
Execution Time; 0.143220
Execution Time; 0.142143
Execution Time; 0.142518
Execution Time; 0.143641
Execution Time; 0.142154
Execution Time; 0.142470
Execution Time; 3.153147
Execution Time; 0.143825
Execution Time; 0.159231
Execution Time; 0.140898
Execution Time; 0.140981
Execution Time; 0.146304
Execution Time; 3.149998
Execution Time; 0.142146
Execution Time; 0.142231
Execution Time; 0.142391
Execution Time; 0.143375
Execution Time; 0.142359
Execution Time; 0.142352
Execution Time; 3.152336
Execution Time; 0.142286
Execution Time; 0.146435
Execution Time; 0.142124
Execution Time; 0.142319
Execution Time; 0.143502
Execution Time; 0.146262
Execution Time; 3.156278
Execution Time; 0.150316
Execution Time; 0.143718
Execution Time; 0.142324
Execution Time; 0.143137
Execution Time; 0.142428
Execution Time; 3.164482
Execution Time; 0.143285
Execution Time; 0.146322
Execution Time; 0.142247
Execution Time; 0.146778
Execution Time; 0.142426
Execution Time; 0.142444
Execution Time; 3.161964
Execution Time; 0.146808
Execution Time; 0.160874
Execution Time; 0.142307
Execution Time; 0.149382
Execution Time; 0.146378
Execution Time; 3.156090
Execution Time; 0.142230
Execution Time; 0.149171
Execution Time; 0.146404
Execution Time; 0.142297
Execution Time; 0.149488
Execution Time; 0.146574
Execution Time; 2.152200
Execution Time; 0.146382
Execution Time; 0.154458
Execution Time; 0.142327
Execution Time; 0.142445
Execution Time; 0.142369
Execution Time; 2.149345
Execution Time; 0.136378
Execution Time; 0.136156
Execution Time; 0.137356
Execution Time; 0.136225
Execution Time; 0.140985
Execution Time; 0.139299
Execution Time; 3.155885
Execution Time; 0.141277
Execution Time; 0.142139
Execution Time; 0.136245
Execution Time; 0.137512
Execution Time; 0.139469
Execution Time; 0.137257
Execution Time; 2.166640
Execution Time; 0.149456
Execution Time; 0.151912
Execution Time; 0.149926
Execution Time; 0.154393
Execution Time; 0.155812
Execution Time; 2.164717
Execution Time; 0.149508
Execution Time; 0.146543
Execution Time; 0.154304
Execution Time; 0.142380
Execution Time; 0.146226
Execution Time; 0.146142
Execution Time; 3.157290
Execution Time; 0.143350
Execution Time; 0.142497
Execution Time; 0.149406
Execution Time; 0.142420
Execution Time; 0.151170
Execution Time; 4.213433
Execution Time; 0.153595
Execution Time; 0.142539
Execution Time; 0.142425
Execution Time; 0.142736
Execution Time; 0.142193
Execution Time; 0.142179
Execution Time; 2.149355
Execution Time; 0.142309
Execution Time; 0.142349
Execution Time; 0.142603
Execution Time; 0.142443
Execution Time; 0.142208
Execution Time; 0.150737
Execution Time; 3.162317
Execution Time; 0.153663
Execution Time; 0.149314
Execution Time; 0.154337
Execution Time; 0.150722
Execution Time; 0.152932
Execution Time; 2.156460
Execution Time; 0.137532
Execution Time; 0.136248
Execution Time; 0.137392
Execution Time; 0.136190
Execution Time; 0.136272
Execution Time; 0.140848
Execution Time; 2.164058
Execution Time; 0.142382
Execution Time; 0.142577
Execution Time; 0.146175
Execution Time; 0.142451
Execution Time; 0.142430
Execution Time; 2.151870
Execution Time; 0.144215
Execution Time; 0.140725
Execution Time; 0.143310
Execution Time; 0.144255
Execution Time; 0.147951
Execution Time; 0.143049
Execution Time; 2.166840
Execution Time; 0.145761
Execution Time; 0.155612
Execution Time; 0.150689
Execution Time; 0.153069
Execution Time; 0.154515
Execution Time; 2.165569
Execution Time; 0.138585
Execution Time; 0.149362
Execution Time; 0.136595
Execution Time; 0.144610
Execution Time; 0.136297
Execution Time; 0.145716
Execution Time; 2.157086
Execution Time; 0.142349
Execution Time; 0.143632
Execution Time; 0.151153
Execution Time; 0.146166
Execution Time; 0.142701
Execution Time; 2.155866
Execution Time; 0.141131
Execution Time; 0.142851
Execution Time; 0.143017
Execution Time; 0.142013
Execution Time; 0.141032
Execution Time; 0.142902
Execution Time; 2.151571
Execution Time; 0.140728
Execution Time; 0.137054
Execution Time; 0.135135
Execution Time; 0.140384
Execution Time; 0.136201
Execution Time; 0.139033
Execution Time; 4.231532
Execution Time; 0.142768
Execution Time; 0.138483
Execution Time; 0.134340
Execution Time; 0.138906
Execution Time; 0.135356
Execution Time; 0.134586
Execution Time; 2.183913
INIT: Switching to runlevel: 0INIT: Sending processes the TERM signal
[[36minfo[39;49m] Using makefile-style concurrent boot in runlevel 0.
[[36minfo[39;49m] Saving the system clock.
[[36minfo[39;49m] Hardware Clock updated to Wed Dec 14 09:41:06 UTC 2016.
[....] Asking all remaining processes to terminate...[?25l[?1c7[1G[[32m ok [39;49m8[?25h[?0cdone.
[....] All processes ended within 2 seconds...[?25l[?1c7[1G[[32m ok [39;49m8[?25h[?0cdone.
[....] Deconfiguring network interfaces...Internet Systems Consortium DHCP Client 4.2.2
Copyright 2004-2011 Internet Systems Consortium.
All rights reserved.
For info, please visit https://www.isc.org/software/dhcp/

Listening on LPF/eth0/52:54:00:12:34:56
Sending on   LPF/eth0/52:54:00:12:34:56
Sending on   Socket/fallback
DHCPRELEASE on eth0 to 10.0.2.2 port 67
[?25l[?1c7[1G[[32m ok [39;49m8[?25h[?0cdone.
[....] Deactivating swap...[?25l[?1c7[1G[[32m ok [39;49m8[?25h[?0cdone.
[  523.058139] EXT4-fs (sda1): re-mounted. Opts: (null)
[[36minfo[39;49m] Will now halt.
[  525.080803] sd 0:0:0:0: [sda] Stopping disk
[  525.083235] ACPI: Preparing to enter system sleep state S5
[  525.084316] Power down.
aff-executor-preload.c:affhooks_init()
aff-executor-preload.c:affhooks_shut()
HELLO KITTY
