aff-executor-preload.c:affhooks_init()
[H[J[?25l[m[H[J[2;25HGNU GRUB  version 1.99-27+deb7u2

[m[4;2H+--------------------------------------------------------------------------+[5;2H|[5;77H|[6;2H|[6;77H|[7;2H|[7;77H|[8;2H|[8;77H|[9;2H|[9;77H|[10;2H|[10;77H|[11;2H|[11;77H|[12;2H|[12;77H|[13;2H|[13;77H|[14;2H|[14;77H|[15;2H|[15;77H|[16;2H|[16;77H|[17;2H+--------------------------------------------------------------------------+[m[18;2H[m
      Use the ^ and v keys to select which entry is highlighted.      
      Press enter to boot the selected OS, 'e' to edit the commands      
      before booting or 'c' for a command-line.      
      [5;78H [7m[5;3HDebian GNU/Linux, with Linux 3.2.0-4-amd64                               [m [5;76H[m[m[6;3HDebian GNU/Linux, with Linux 3.2.0-4-amd64 (recovery mode)               [m [6;76H[m[m[7;3H                                                                         [m [7;76H[m[m[8;3H                                                                         [m [8;76H[m[m[9;3H                                                                         [m [9;76H[m[m[10;3H                                                                         [m [10;76H[m[m[11;3H                                                                         [m [11;76H[m[m[12;3H                                                                         [m [12;76H[m[m[13;3H                                                                         [m [13;76H[m[m[14;3H                                                                         [m [14;76H[m[m[15;3H                                                                         [m [15;76H[m[m[16;3H                                                                         [m [16;76H[m[16;78H [5;76H[22;1H   The highlighted entry will be executed automatically in 5s.                 [5;76H[22;1H   The highlighted entry will be executed automatically in 4s.                 [5;76H[22;1H   The highlighted entry will be executed automatically in 3s.                 [5;76H[22;1H   The highlighted entry will be executed automatically in 2s.                 [5;76H[22;1H   The highlighted entry will be executed automatically in 1s.                 [5;76H[22;1H   The highlighted entry will be executed automatically in 0s.                 [5;76H[?25h[H[J[H[J  Booting 'Debian GNU/Linux, with Linux 3.2.0-4-amd64'

Loading Linux 3.2.0-4-amd64 ...
Loading initial ramdisk ...
[    0.000000] Initializing cgroup subsys cpuset
[    0.000000] Initializing cgroup subsys cpu
[    0.000000] Linux version 3.2.0-4-amd64 (debian-kernel@lists.debian.org) (gcc version 4.6.3 (Debian 4.6.3-14) ) #1 SMP Debian 3.2.68-1+deb7u3
[    0.000000] Command line: BOOT_IMAGE=/boot/vmlinuz-3.2.0-4-amd64 root=UUID=e35ebd7f-2405-4c97-9c3e-26919d55a9e5 ro console=tty0 console=ttyS0,115200n8
[    0.000000] BIOS-provided physical RAM map:
[    0.000000]  BIOS-e820: 0000000000000000 - 000000000009f400 (usable)
[    0.000000]  BIOS-e820: 000000000009f400 - 00000000000a0000 (reserved)
[    0.000000]  BIOS-e820: 00000000000f0000 - 0000000000100000 (reserved)
[    0.000000]  BIOS-e820: 0000000000100000 - 00000000dfffe000 (usable)
[    0.000000]  BIOS-e820: 00000000dfffe000 - 00000000e0000000 (reserved)
[    0.000000]  BIOS-e820: 00000000feffc000 - 00000000ff000000 (reserved)
[    0.000000]  BIOS-e820: 00000000fffc0000 - 0000000100000000 (reserved)
[    0.000000]  BIOS-e820: 0000000100000000 - 0000000420000000 (usable)
[    0.000000] NX (Execute Disable) protection: active
[    0.000000] SMBIOS 2.4 present.
[    0.000000] No AGP bridge found
[    0.000000] last_pfn = 0x420000 max_arch_pfn = 0x400000000
[    0.000000] PAT not supported by CPU.
[    0.000000] last_pfn = 0xdfffe max_arch_pfn = 0x400000000
[    0.000000] found SMP MP-table at [ffff8800000fdac0] fdac0
[    0.000000] init_memory_mapping: 0000000000000000-00000000dfffe000
[    0.000000] init_memory_mapping: 0000000100000000-0000000420000000
[    0.000000] RAMDISK: 36c6c000 - 3762e000
[    0.000000] ACPI: RSDP 00000000000fd8b0 00014 (v00 BOCHS )
[    0.000000] ACPI: RSDT 00000000dfffe470 00038 (v01 BOCHS  BXPCRSDT 00000001 BXPC 00000001)
[    0.000000] ACPI: FACP 00000000dfffff80 00074 (v01 BOCHS  BXPCFACP 00000001 BXPC 00000001)
[    0.000000] ACPI: DSDT 00000000dfffe4b0 01121 (v01   BXPC   BXDSDT 00000001 INTL 20100528)
[    0.000000] ACPI: FACS 00000000dfffff40 00040
[    0.000000] ACPI: SSDT 00000000dffffd70 001C1 (v01 BOCHS  BXPCSSDT 00000001 BXPC 00000001)
[    0.000000] ACPI: APIC 00000000dffffc70 00090 (v01 BOCHS  BXPCAPIC 00000001 BXPC 00000001)
[    0.000000] ACPI: HPET 00000000dffffc30 00038 (v01 BOCHS  BXPCHPET 00000001 BXPC 00000001)
[    0.000000] ACPI: SSDT 00000000dffff5e0 00644 (v01   BXPC BXSSDTPC 00000001 INTL 20100528)
[    0.000000] No NUMA configuration found
[    0.000000] Faking a node at 0000000000000000-0000000420000000
[    0.000000] Initmem setup node 0 0000000000000000-0000000420000000
[    0.000000]   NODE_DATA [000000041fffb000 - 000000041fffffff]
[    0.000000] kvm-clock: Using msrs 4b564d01 and 4b564d00
[    0.000000] kvm-clock: cpu 0, msr 0:16a8741, boot clock
[    0.000000] Zone PFN ranges:
[    0.000000]   DMA      0x00000010 -> 0x00001000
[    0.000000]   DMA32    0x00001000 -> 0x00100000
[    0.000000]   Normal   0x00100000 -> 0x00420000
[    0.000000] Movable zone start PFN for each node
[    0.000000] early_node_map[3] active PFN ranges
[    0.000000]     0: 0x00000010 -> 0x0000009f
[    0.000000]     0: 0x00000100 -> 0x000dfffe
[    0.000000]     0: 0x00100000 -> 0x00420000
[    0.000000] ACPI: PM-Timer IO Port: 0xb008
[    0.000000] ACPI: LAPIC (acpi_id[0x00] lapic_id[0x00] enabled)
[    0.000000] ACPI: LAPIC (acpi_id[0x01] lapic_id[0x01] enabled)
[    0.000000] ACPI: LAPIC (acpi_id[0x02] lapic_id[0x02] enabled)
[    0.000000] ACPI: LAPIC (acpi_id[0x03] lapic_id[0x03] enabled)
[    0.000000] ACPI: LAPIC_NMI (acpi_id[0xff] dfl dfl lint[0x1])
[    0.000000] ACPI: IOAPIC (id[0x04] address[0xfec00000] gsi_base[0])
[    0.000000] IOAPIC[0]: apic_id 4, version 17, address 0xfec00000, GSI 0-23
[    0.000000] ACPI: INT_SRC_OVR (bus 0 bus_irq 0 global_irq 2 dfl dfl)
[    0.000000] ACPI: INT_SRC_OVR (bus 0 bus_irq 5 global_irq 5 high level)
[    0.000000] ACPI: INT_SRC_OVR (bus 0 bus_irq 9 global_irq 9 high level)
[    0.000000] ACPI: INT_SRC_OVR (bus 0 bus_irq 10 global_irq 10 high level)
[    0.000000] ACPI: INT_SRC_OVR (bus 0 bus_irq 11 global_irq 11 high level)
[    0.000000] Using ACPI (MADT) for SMP configuration information
[    0.000000] ACPI: HPET id: 0x8086a201 base: 0xfed00000
[    0.000000] SMP: Allowing 4 CPUs, 0 hotplug CPUs
[    0.000000] PM: Registered nosave memory: 000000000009f000 - 00000000000a0000
[    0.000000] PM: Registered nosave memory: 00000000000a0000 - 00000000000f0000
[    0.000000] PM: Registered nosave memory: 00000000000f0000 - 0000000000100000
[    0.000000] PM: Registered nosave memory: 00000000dfffe000 - 00000000e0000000
[    0.000000] PM: Registered nosave memory: 00000000e0000000 - 00000000feffc000
[    0.000000] PM: Registered nosave memory: 00000000feffc000 - 00000000ff000000
[    0.000000] PM: Registered nosave memory: 00000000ff000000 - 00000000fffc0000
[    0.000000] PM: Registered nosave memory: 00000000fffc0000 - 0000000100000000
[    0.000000] Allocating PCI resources starting at e0000000 (gap: e0000000:1effc000)
[    0.000000] Booting paravirtualized kernel on KVM
[    0.000000] setup_percpu: NR_CPUS:512 nr_cpumask_bits:512 nr_cpu_ids:4 nr_node_ids:1
[    0.000000] PERCPU: Embedded 27 pages/cpu @ffff88041fc00000 s78912 r8192 d23488 u524288
[    0.000000] kvm-clock: cpu 0, msr 4:1fc12741, primary cpu clock
[    0.000000] KVM setup async PF for cpu 0
[    0.000000] kvm-stealtime: cpu 0, msr 41fc0cfc0
[    0.000000] Built 1 zonelists in Zone order, mobility grouping on.  Total pages: 4135048
[    0.000000] Policy zone: Normal
[    0.000000] Kernel command line: BOOT_IMAGE=/boot/vmlinuz-3.2.0-4-amd64 root=UUID=e35ebd7f-2405-4c97-9c3e-26919d55a9e5 ro console=tty0 console=ttyS0,115200n8
[    0.000000] PID hash table entries: 4096 (order: 3, 32768 bytes)
[    0.000000] Checking aperture...
[    0.000000] No AGP bridge found
[    0.000000] Memory: 16460264k/17301504k available (3434k kernel code, 524748k absent, 316492k reserved, 3305k data, 580k init)
[    0.000000] Hierarchical RCU implementation.
[    0.000000] 	RCU dyntick-idle grace-period acceleration is enabled.
[    0.000000] NR_IRQS:33024 nr_irqs:712 16
[    0.000000] Console: colour VGA+ 80x25
[    0.000000] console [tty0] enabled
[    0.000000] console [ttyS0] enabled
[    0.000000] Detected 2199.998 MHz processor.
[    0.008000] Calibrating delay loop (skipped) preset value.. 4399.99 BogoMIPS (lpj=8799992)
[    0.008000] pid_max: default: 32768 minimum: 301
[    0.008000] Security Framework initialized
[    0.008014] AppArmor: AppArmor disabled by boot time parameter
[    0.010022] Dentry cache hash table entries: 2097152 (order: 12, 16777216 bytes)
[    0.015100] Inode-cache hash table entries: 1048576 (order: 11, 8388608 bytes)
[    0.018014] Mount-cache hash table entries: 256
[    0.019116] Initializing cgroup subsys cpuacct
[    0.020021] Initializing cgroup subsys memory
[    0.020942] Initializing cgroup subsys devices
[    0.021794] Initializing cgroup subsys freezer
[    0.022632] Initializing cgroup subsys net_cls
[    0.024014] Initializing cgroup subsys blkio
[    0.024871] Initializing cgroup subsys perf_event
[    0.025860] mce: CPU supports 10 MCE banks
[    0.028554] ACPI: Core revision 20110623
[    0.033347] ..TIMER: vector=0x30 apic1=0 pin1=2 apic2=-1 pin2=-1
[    0.034425] CPU0: Intel QEMU Virtual CPU version 1.1.2 stepping 03
[    0.036002] Performance Events: unsupported p6 CPU model 2 no PMU driver, software events only.
[    0.036002] NMI watchdog disabled (cpu0): hardware events not enabled
[    0.036002] Booting Node   0, Processors  #1
[    0.052008] kvm-clock: cpu 1, msr 4:1fc92741, secondary cpu clock
[    0.052193] NMI watchdog disabled (cpu1): hardware events not enabled
[    0.052446]  #2
[    0.052226] KVM setup async PF for cpu 1
[    0.052226] kvm-stealtime: cpu 1, msr 41fc8cfc0
[    0.068008] kvm-clock: cpu 2, msr 4:1fd12741, secondary cpu clock
[    0.068126] NMI watchdog disabled (cpu2): hardware events not enabled
[    0.068351]  #3 Ok.
[    0.068153] KVM setup async PF for cpu 2
[    0.068153] kvm-stealtime: cpu 2, msr 41fd0cfc0
[    0.080009] kvm-clock: cpu 3, msr 4:1fd92741, secondary cpu clock
[    0.084102] NMI watchdog disabled (cpu3): hardware events not enabled
[    0.084136] Brought up 4 CPUs
[    0.084138] Total of 4 processors activated (17599.98 BogoMIPS).
[    0.084135] KVM setup async PF for cpu 3
[    0.084135] kvm-stealtime: cpu 3, msr 41fd8cfc0
[    0.092116] devtmpfs: initialized
[    0.096788] print_constraints: dummy: 
[    0.097670] NET: Registered protocol family 16
[    0.098676] ACPI: bus type pci registered
[    0.100184] PCI: Using configuration type 1 for base access
[    0.104360] bio: create slab <bio-0> at 0
[    0.105845] ACPI: Added _OSI(Module Device)
[    0.105845] ACPI: Added _OSI(Processor Device)
[    0.108012] ACPI: Added _OSI(3.0 _SCP Extensions)
[    0.109054] ACPI: Added _OSI(Processor Aggregator Device)
[    0.113450] ACPI: Interpreter enabled
[    0.114253] ACPI: (supports S0 S3 S4 S5)
[    0.115536] ACPI: Using IOAPIC for interrupt routing
[    0.120290] ACPI: No dock devices found.
[    0.121116] HEST: Table not found.
[    0.121871] PCI: Ignoring host bridge windows from ACPI; if necessary, use "pci=use_crs" and report a bug
[    0.123645] ACPI: PCI Root Bridge [PCI0] (domain 0000 [bus 00-ff])
[    0.129775] pci 0000:00:01.3: quirk: [io  0xb000-0xb03f] claimed by PIIX4 ACPI
[    0.131209] pci 0000:00:01.3: quirk: [io  0xb100-0xb10f] claimed by PIIX4 SMB
[    0.153900]  pci0000:00: Unable to request _OSC control (_OSC support mask: 0x1e)
[    0.157982] ACPI: PCI Interrupt Link [LNKA] (IRQs 5 *10 11)
[    0.159721] ACPI: PCI Interrupt Link [LNKB] (IRQs 5 *10 11)
[    0.160983] ACPI: PCI Interrupt Link [LNKC] (IRQs 5 10 *11)
[    0.162683] ACPI: PCI Interrupt Link [LNKD] (IRQs 5 10 *11)
[    0.164764] ACPI: PCI Interrupt Link [LNKS] (IRQs 9) *0
[    0.166713] vgaarb: device added: PCI:0000:00:02.0,decodes=io+mem,owns=io+mem,locks=none
[    0.168016] vgaarb: loaded
[    0.168672] vgaarb: bridge control possible 0000:00:02.0
[    0.169797] PCI: Using ACPI for IRQ routing
[    0.171050] HPET: 3 timers in total, 0 timers will be used for per-cpu timer
[    0.172041] hpet0: at MMIO 0xfed00000, IRQs 2, 8, 0
[    0.173454] hpet0: 3 comparators, 64-bit 100.000000 MHz counter
[    0.185574] Switching to clocksource kvm-clock
[    0.192879] pnp: PnP ACPI init
[    0.193949] ACPI: bus type pnp registered
[    0.196849] pnp: PnP ACPI: found 8 devices
[    0.197665] ACPI: ACPI bus type pnp unregistered
[    0.218453] NET: Registered protocol family 2
[    0.222551] IP route cache hash table entries: 524288 (order: 10, 4194304 bytes)
[    0.228860] TCP established hash table entries: 524288 (order: 11, 8388608 bytes)
[    0.237465] TCP bind hash table entries: 65536 (order: 8, 1048576 bytes)
[    0.239578] TCP: Hash tables configured (established 524288 bind 65536)
[    0.240953] TCP reno registered
[    0.241681] UDP hash table entries: 8192 (order: 6, 262144 bytes)
[    0.243079] UDP-Lite hash table entries: 8192 (order: 6, 262144 bytes)
[    0.245415] NET: Registered protocol family 1
[    0.246292] pci 0000:00:00.0: Limiting direct PCI/PCI transfers
[    0.255733] pci 0000:00:01.0: PIIX3: Enabling Passive Release
[    0.256898] pci 0000:00:01.0: Activating ISA DMA hang workarounds
[    0.258214] Unpacking initramfs...
[    0.486398] Freeing initrd memory: 9992k freed
[    0.489965] PCI-DMA: Using software bounce buffering for IO (SWIOTLB)
[    0.491089] Placing 64MB software IO TLB between ffff8800dbff0000 - ffff8800dfff0000
[    0.492554] software IO TLB at phys 0xdbff0000 - 0xdfff0000
[    0.495635] audit: initializing netlink socket (disabled)
[    0.496726] type=2000 audit(1481711976.496:1): initialized
[    0.526158] HugeTLB registered 2 MB page size, pre-allocated 0 pages
[    0.531472] VFS: Disk quotas dquot_6.5.2
[    0.532500] Dquot-cache hash table entries: 512 (order 0, 4096 bytes)
[    0.533828] msgmni has been set to 32168
[    0.535397] alg: No test for stdrng (krng)
[    0.536453] Block layer SCSI generic (bsg) driver version 0.4 loaded (major 253)
[    0.538000] io scheduler noop registered
[    0.538805] io scheduler deadline registered
[    0.540024] io scheduler cfq registered (default)
[    0.541288] pci_hotplug: PCI Hot Plug PCI Core version: 0.5
[    0.542424] pciehp: PCI Express Hot Plug Controller Driver version: 0.4
[    0.543657] acpiphp: ACPI Hot Plug PCI Controller Driver version: 0.5
[    0.545065] acpiphp: Slot [3] registered
[    0.545924] acpiphp: Slot [4] registered
[    0.546779] acpiphp: Slot [5] registered
[    0.547624] acpiphp: Slot [6] registered
[    0.548582] acpiphp: Slot [7] registered
[    0.549434] acpiphp: Slot [8] registered
[    0.550304] acpiphp: Slot [9] registered
[    0.551160] acpiphp: Slot [10] registered
[    0.552088] acpiphp: Slot [11] registered
[    0.552957] acpiphp: Slot [12] registered
[    0.553824] acpiphp: Slot [13] registered
[    0.554689] acpiphp: Slot [14] registered
[    0.555555] acpiphp: Slot [15] registered
[    0.556530] acpiphp: Slot [16] registered
[    0.557360] acpiphp: Slot [17] registered
[    0.558190] acpiphp: Slot [18] registered
[    0.559032] acpiphp: Slot [19] registered
[    0.559857] acpiphp: Slot [20] registered
[    0.560889] acpiphp: Slot [21] registered
[    0.561744] acpiphp: Slot [22] registered
[    0.562601] acpiphp: Slot [23] registered
[    0.563417] acpiphp: Slot [24] registered
[    0.564319] acpiphp: Slot [25] registered
[    0.565158] acpiphp: Slot [26] registered
[    0.565984] acpiphp: Slot [27] registered
[    0.566815] acpiphp: Slot [28] registered
[    0.567662] acpiphp: Slot [29] registered
[    0.568656] acpiphp: Slot [30] registered
[    0.569494] acpiphp: Slot [31] registered
[    0.570507] ERST: Table is not found!
[    0.571267] GHES: HEST is not enabled!
[    0.572432] Serial: 8250/16550 driver, 4 ports, IRQ sharing enabled
[    0.595111] serial8250: ttyS0 at I/O 0x3f8 (irq = 4) is a 16550A
[    0.626442] 00:06: ttyS0 at I/O 0x3f8 (irq = 4) is a 16550A
[    0.628127] Linux agpgart interface v0.103
[    0.629105] i8042: PNP: PS/2 Controller [PNP0303:KBD,PNP0f13:MOU] at 0x60,0x64 irq 1,12
[    0.631412] serio: i8042 KBD port at 0x60,0x64 irq 1
[    0.632339] serio: i8042 AUX port at 0x60,0x64 irq 12
[    0.633765] mousedev: PS/2 mouse device common for all mice
[    0.635098] input: AT Translated Set 2 keyboard as /devices/platform/i8042/serio0/input/input0
[    0.636961] rtc_cmos 00:01: RTC can wake from S4
[    0.638322] rtc_cmos 00:01: rtc core: registered rtc_cmos as rtc0
[    0.639501] rtc0: alarms up to one day, 114 bytes nvram, hpet irqs
[    0.640829] cpuidle: using governor ladder
[    0.642302] cpuidle: using governor menu
[    0.643878] TCP cubic registered
[    0.646596] NET: Registered protocol family 10
[    0.649865] Mobile IPv6
[    0.650741] NET: Registered protocol family 17
[    0.651604] Registering the dns_resolver key type
[    0.653158] registered taskstats version 1
[    0.655150] rtc_cmos 00:01: setting system clock to 2016-12-14 10:39:37 UTC (1481711977)
[    0.656765] Initializing network drop monitor service
[    0.659300] Freeing unused kernel memory: 580k freed
[    0.660471] Write protecting the kernel read-only data: 6144k
[    0.663983] Freeing unused kernel memory: 644k freed
[    0.667761] Freeing unused kernel memory: 688k freed
Loading, please wait...
[    0.686917] udevd[58]: starting version 175
[    0.700563] SCSI subsystem initialized
[    0.710488] e1000: Intel(R) PRO/1000 Network Driver - version 7.3.21-k8-NAPI
[    0.711520] scsi0 : ata_piix
[    0.712750] e1000: Copyright (c) 1999-2006 Intel Corporation.
[    0.714256] scsi1 : ata_piix
[    0.715050] ata1: PATA max MWDMA2 cmd 0x1f0 ctl 0x3f6 bmdma 0xc040 irq 14
[    0.716677] ata2: PATA max MWDMA2 cmd 0x170 ctl 0x376 bmdma 0xc048 irq 15
[    0.718435] ACPI: PCI Interrupt Link [LNKC] enabled at IRQ 11
[    0.724642] Floppy drive(s): fd0 is 1.44M
[    0.740802] FDC 0 is a S82078B
[    0.884944] ata2.00: ATAPI: QEMU DVD-ROM, 1.1.2, max UDMA/100
[    0.886645] ata2.00: configured for MWDMA2
[    0.888951] ata1.00: ATA-7: QEMU HARDDISK, 1.1.2, max UDMA/100
[    0.890019] ata1.00: 9011200 sectors, multi 16: LBA48 
[    0.891458] ata1.00: configured for MWDMA2
[    0.892837] scsi 0:0:0:0: Direct-Access     ATA      QEMU HARDDISK    1.1. PQ: 0 ANSI: 5
[    0.895303] scsi 1:0:0:0: CD-ROM            QEMU     QEMU DVD-ROM     1.1. PQ: 0 ANSI: 5
[    1.082777] e1000 0000:00:03.0: eth0: (PCI:33MHz:32-bit) 52:54:00:12:34:56
[    1.083936] e1000 0000:00:03.0: eth0: Intel(R) PRO/1000 Network Connection
[    1.093770] sd 0:0:0:0: [sda] 9011200 512-byte logical blocks: (4.61 GB/4.29 GiB)
[    1.094986] sr0: scsi3-mmc drive: 4x/4x cd/rw xa/form2 tray
[    1.094989] cdrom: Uniform CD-ROM driver Revision: 3.20
[    1.100771] sd 0:0:0:0: [sda] Write Protect is off
[    1.102785] sd 0:0:0:0: [sda] Write cache: disabled, read cache: enabled, doesn't support DPO or FUA
[    1.107652]  sda: sda1
[    1.109359] sd 0:0:0:0: [sda] Attached SCSI disk
[    1.113322] sd 0:0:0:0: Attached scsi generic sg0 type 0
[    1.114520] sr 1:0:0:0: Attached scsi generic sg1 type 5
[    2.145701] Refined TSC clocksource calibration: 2199.957 MHz.
Begin: Loading essential drivers ... done.
Begin: Running /scripts/init-premount ... done.
Begin: Mounting root file system ... Begin: Running /scripts/local-top ... done.
Begin: Running /scripts/local-premount ... done.
[    2.786508] EXT4-fs (sda1): mounted filesystem with ordered data mode. Opts: (null)
Begin: Running /scripts/local-bottom ... done.
done.
Begin: Running /scripts/init-bottom ... done.
INIT: version 2.88 booting
[[36minfo[39;49m] Using makefile-style concurrent boot in runlevel S.
findfs: unable to resolve 'UUID="e35ebd7f-2405-4c97-9c3e-26919d55a9e5"'
[....] Starting the hotplug events dispatcher: udevd[    4.204692] udevd[307]: starting version 175
[?25l[?1c7[1G[[32m ok [39;49m8[?25h[?0c.
[....] Synthesizing the initial hotplug events...[?25l[?1c7[1G[[32m ok [39;49m8[    4.330499] input: Power Button as /devices/LNXSYSTM:00/LNXPWRBN:00/input/input1
[?25h[?0cdone.
[    4.332591] ACPI: Power Button [PWRF]
[    4.345169] parport_pc 00:05: reported by Plug and Play ACPI
[    4.346433] parport0: PC-style at 0x378, irq 7 [PCSPP,TRISTATE]
[    4.359827] input: PC Speaker as /devices/platform/pcspkr/input/input2
[....] Waiting for /dev to be fully populated...[    4.378717] Error: Driver 'pcspkr' is already registered, aborting...
[    4.397740] piix4_smbus 0000:00:01.3: SMBus Host Controller at 0xb100, revision 0
[?25l[?1c7[1G[[32m ok [39;49m8[?25h[?0cdone.
findfs: unable to resolve 'UUID="e35ebd7f-2405-4c97-9c3e-26919d55a9e5"'
[....] Activating swap...[?25l[?1c7[1G[[32m ok [39;49m8[?25h[?0cdone.
Usage: mountpoint [-q] [-d] [-x] path
[    4.939512] EXT4-fs (sda1): re-mounted. Opts: (null)
[....] Checking root file system...fsck from util-linux 2.20.1
/run/rootdev: clean, 32669/264000 files, 885394/1054720 blocks
[    5.007099] input: ImExPS/2 Generic Explorer Mouse as /devices/platform/i8042/serio1/input/input3
[?25l[?1c7[1G[[32m ok [39;49m8[?25h[?0cdone.
[    5.026219] EXT4-fs (sda1): re-mounted. Opts: errors=remount-ro,errors=remount-ro
[....] Cleaning up temporary files... /tmp[?25l[?1c7[1G[[32m ok [39;49m8[?25h[?0c.
findfs: unable to resolve 'UUID="e35ebd7f-2405-4c97-9c3e-26919d55a9e5"'
findfs: unable to resolve 'UUID="e35ebd7f-2405-4c97-9c3e-26919d55a9e5"'
[....] Activating lvm and md swap...[?25l[?1c7[1G[[32m ok [39;49m8[?25h[?0cdone.
[....] Checking file systems...fsck from util-linux 2.20.1
[?25l[?1c7[1G[[32m ok [39;49m8[?25h[?0cdone.
[....] Mounting local filesystems...[?25l[?1c7[1G[[32m ok [39;49m8[?25h[?0cdone.
[....] Activating swapfile swap...[?25l[?1c7[1G[[32m ok [39;49m8[?25h[?0cdone.
findfs: unable to resolve 'UUID="e35ebd7f-2405-4c97-9c3e-26919d55a9e5"'
[....] Cleaning up temporary files...[?25l[?1c7[1G[[32m ok [39;49m8[?25h[?0c.
[....] Setting kernel variables ...[?25l[?1c7[1G[[32m ok [39;49m8[?25h[?0cdone.
[....] Configuring network interfaces...[?25l[?1c7[1G[[32m ok [39;49m[   11.267272] ADDRCONF(NETDEV_UP): eth0: link is not ready
8[?25h[?0cdone.
[....] Cleaning up temporary files...[?25l[?1c7[1G[[32m ok [39;49m8[?25h[?0c.
INIT: Entering runlevel: 2
[[36minfo[39;49m] Using makefile-style concurrent boot in runlevel 2.
[....] Starting OpenBSD Secure Shell server: sshd[?25l[?1c7[1G[[32m ok [39;49m8[?25h[?0c.
Entering benchmark mode
./scaff/bin/uniform/doitgen_STANDARD dummy.out 100
STARTING doitgen_STANDARD execution: Wed Dec 14 12:39:48 EET 2016
Execution Time; 0.159267
Execution Time; 0.149080
Execution Time; 0.148743
[   16.197808] e1000: eth0 NIC Link is Up 1000 Mbps Full Duplex, Flow Control: RX
[   16.203413] ADDRCONF(NETDEV_CHANGE): eth0: link becomes ready
Execution Time; 4.182849
Execution Time; 0.152464
Execution Time; 0.152615
Execution Time; 0.153290
Execution Time; 0.135495
Execution Time; 0.136513
Execution Time; 4.168894
Execution Time; 0.157221
Execution Time; 0.154894
Execution Time; 0.141592
Execution Time; 0.136771
Execution Time; 0.139795
Execution Time; 0.139093
Execution Time; 2.145331
Execution Time; 0.142349
Execution Time; 0.148066
Execution Time; 0.142543
Execution Time; 0.138682
Execution Time; 0.137208
Execution Time; 0.139899
Execution Time; 3.148919
Execution Time; 0.144752
Execution Time; 0.148197
Execution Time; 0.143180
Execution Time; 0.143638
Execution Time; 0.159408
Execution Time; 2.163099
Execution Time; 0.146252
Execution Time; 0.142541
Execution Time; 0.154304
Execution Time; 0.149898
Execution Time; 0.142281
Execution Time; 0.154354
Execution Time; 0.146283
Execution Time; 0.142485
Execution Time; 0.150342
Execution Time; 0.146760
Execution Time; 0.142287
Execution Time; 0.142576
Execution Time; 3.159679
Execution Time; 0.145014
Execution Time; 0.146858
Execution Time; 0.150235
Execution Time; 0.142378
Execution Time; 0.142712
Execution Time; 0.154066
Execution Time; 2.152791
Execution Time; 0.142468
Execution Time; 0.146468
Execution Time; 0.155365
Execution Time; 0.142723
Execution Time; 0.151143
Execution Time; 2.153380
Execution Time; 0.138283
Execution Time; 0.140519
Execution Time; 0.139574
Execution Time; 0.136403
Execution Time; 0.141443
Execution Time; 0.146801
Execution Time; 3.152623
Execution Time; 0.150823
Execution Time; 0.149023
Execution Time; 0.142327
Execution Time; 0.146239
Execution Time; 0.145770
Execution Time; 2.156716
Execution Time; 0.162861
Execution Time; 0.157656
Execution Time; 0.147077
Execution Time; 0.142237
Execution Time; 0.146607
Execution Time; 0.150231
Execution Time; 1.154467
Execution Time; 0.142239
Execution Time; 0.153778
Execution Time; 0.150430
Execution Time; 0.146107
Execution Time; 0.146251
Execution Time; 3.175921
Execution Time; 0.149291
Execution Time; 0.154712
Execution Time; 0.150339
Execution Time; 0.150252
Execution Time; 0.142375
Execution Time; 0.146368
Execution Time; 2.149228
Execution Time; 0.151156
Execution Time; 0.142615
Execution Time; 0.146961
Execution Time; 0.142437
Execution Time; 0.146473
Execution Time; 2.155679
Execution Time; 0.142318
Execution Time; 0.153799
Execution Time; 0.150228
Execution Time; 0.142307
Execution Time; 0.146477
Execution Time; 2.161003
Execution Time; 0.150722
Execution Time; 0.146796
Execution Time; 0.142520
Execution Time; 0.150134
Execution Time; 0.150483
Execution Time; 0.141957
Execution Time; 3.160976
Execution Time; 0.145875
Execution Time; 0.143026
Execution Time; 0.142415
Execution Time; 0.146198
Execution Time; 0.151125
Execution Time; 0.142540
Execution Time; 0.142484
Execution Time; 0.150157
Execution Time; 0.150209
Execution Time; 0.146379
Execution Time; 0.149768
Execution Time; 0.142690
Execution Time; 3.152924
Execution Time; 0.142343
Execution Time; 0.146135
Execution Time; 0.146441
Execution Time; 0.142573
Execution Time; 0.142477
Execution Time; 0.142509
Execution Time; 2.148979
Execution Time; 0.149888
Execution Time; 0.142466
Execution Time; 0.142326
Execution Time; 0.142529
Execution Time; 0.153975
Execution Time; 2.149076
Execution Time; 0.139566
Execution Time; 0.136882
Execution Time; 0.136204
Execution Time; 0.140489
Execution Time; 0.139387
Execution Time; 0.140886
Execution Time; 3.157198
Execution Time; 0.145552
Execution Time; 0.146514
Execution Time; 0.145900
Execution Time; 0.142375
Execution Time; 0.146501
Execution Time; 0.142504
Execution Time; 2.149416
Execution Time; 0.146194
Execution Time; 0.154006
Execution Time; 0.150983
Execution Time; 0.142497
Execution Time; 0.142498
Execution Time; 2.166487
Execution Time; 0.157147
Execution Time; 0.158236
Execution Time; 0.150535
Execution Time; 0.142369
Execution Time; 0.154213
Execution Time; 0.153887
Execution Time; 2.159496
Execution Time; 0.146817
Execution Time; 0.146143
Execution Time; 0.142344
Execution Time; 0.146627
Execution Time; 0.157787
Execution Time; 3.156340
Execution Time; 0.146457
Execution Time; 0.151070
Execution Time; 0.142380
Execution Time; 0.142292
Execution Time; 0.142620
Execution Time; 0.142647
Execution Time; 2.152094
Execution Time; 0.146322
Execution Time; 0.142345
Execution Time; 0.145893
Execution Time; 0.142451
Execution Time; 0.142398
Execution Time; 2.160138
Execution Time; 0.140625
Execution Time; 0.136177
Execution Time; 0.146795
Execution Time; 0.144677
Execution Time; 0.144350
Execution Time; 0.151529
Execution Time; 3.164738
Execution Time; 0.152641
Execution Time; 0.148331
Execution Time; 0.147437
Execution Time; 0.143526
Execution Time; 0.147927
Execution Time; 2.148930
Execution Time; 0.145262
Execution Time; 0.137604
Execution Time; 0.141048
Execution Time; 0.144889
Execution Time; 0.142920
Execution Time; 0.143890
Execution Time; 3.151989
Execution Time; 0.145013
Execution Time; 0.142757
Execution Time; 0.155362
Execution Time; 0.142555
Execution Time; 0.150357
Execution Time; 2.153217
Execution Time; 0.146357
Execution Time; 0.146657
Execution Time; 0.146526
Execution Time; 0.149809
Execution Time; 0.150124
Execution Time; 0.146826
Execution Time; 3.159022
Execution Time; 0.150131
Execution Time; 0.146218
Execution Time; 0.142661
Execution Time; 0.142619
Execution Time; 0.150323
Execution Time; 2.152700
Execution Time; 0.142586
Execution Time; 0.146471
Execution Time; 0.146062
Execution Time; 0.157652
Execution Time; 0.156001
Execution Time; 0.146490
Execution Time; 2.160395
Execution Time; 0.149540
Execution Time; 0.153424
Execution Time; 0.154194
Execution Time; 0.149480
Execution Time; 0.145821
Execution Time; 2.157696
Execution Time; 0.147915
Execution Time; 0.149083
Execution Time; 0.149032
Execution Time; 0.149789
Execution Time; 0.149537
Execution Time; 0.149596
Execution Time; 3.168983
Execution Time; 0.150501
Execution Time; 0.149090
Execution Time; 0.149838
Execution Time; 0.150315
Execution Time; 0.149463
Execution Time; 2.167864
Execution Time; 0.142597
Execution Time; 0.142468
Execution Time; 0.142561
Execution Time; 0.154817
Execution Time; 0.150505
Execution Time; 2.149739
Execution Time; 0.142613
Execution Time; 0.146269
Execution Time; 0.155078
Execution Time; 0.150482
Execution Time; 0.151096
Execution Time; 0.142388
Execution Time; 3.159359
Execution Time; 0.150669
Execution Time; 0.145761
Execution Time; 0.142515
Execution Time; 0.146504
Execution Time; 0.146643
Execution Time; 2.169974
Execution Time; 0.146826
Execution Time; 0.146329
Execution Time; 0.142431
Execution Time; 0.146731
Execution Time; 0.146410
Execution Time; 0.150471
Execution Time; 2.162101
Execution Time; 0.146596
Execution Time; 0.146385
Execution Time; 0.150361
Execution Time; 0.153978
Execution Time; 0.149383
Execution Time; 3.160776
Execution Time; 0.146940
Execution Time; 0.142568
Execution Time; 0.146636
Execution Time; 0.153876
Execution Time; 0.149739
Execution Time; 0.142504
Execution Time; 2.154871
Execution Time; 0.142030
Execution Time; 0.145024
Execution Time; 0.147701
Execution Time; 0.142197
Execution Time; 0.146271
Execution Time; 2.157809
Execution Time; 0.148845
Execution Time; 0.149210
Execution Time; 0.149268
Execution Time; 0.145593
Execution Time; 0.150475
Execution Time; 0.157390
Execution Time; 2.160787
Execution Time; 0.140348
Execution Time; 0.136197
Execution Time; 0.139777
Execution Time; 0.143049
Execution Time; 0.143346
Execution Time; 3.160733
Execution Time; 0.143176
Execution Time; 0.141501
Execution Time; 0.147466
Execution Time; 0.143449
Execution Time; 0.145916
Execution Time; 0.147019
Execution Time; 2.157343
Execution Time; 0.142416
Execution Time; 0.150025
Execution Time; 0.142479
Execution Time; 0.150509
Execution Time; 0.150261
Execution Time; 2.156398
Execution Time; 0.146461
Execution Time; 0.146222
Execution Time; 0.150816
Execution Time; 0.142372
Execution Time; 0.150413
Execution Time; 0.166042
Execution Time; 2.152961
Execution Time; 0.142543
Execution Time; 0.143524
Execution Time; 0.148285
Execution Time; 0.143385
Execution Time; 0.143197
Execution Time; 3.162382
Execution Time; 0.147657
Execution Time; 0.147728
Execution Time; 0.153102
Execution Time; 0.148242
Execution Time; 0.148526
Execution Time; 0.159345
Execution Time; 0.149891
Execution Time; 0.148849
Execution Time; 0.145503
Execution Time; 0.149921
Execution Time; 0.146252
Execution Time; 0.145771
Execution Time; 3.166768
Execution Time; 0.149151
Execution Time; 0.158178
Execution Time; 0.149769
Execution Time; 0.149859
Execution Time; 0.160935
Execution Time; 2.155120
Execution Time; 0.151210
Execution Time; 0.144300
Execution Time; 0.144774
Execution Time; 0.144381
Execution Time; 0.151944
Execution Time; 0.142777
Execution Time; 3.151335
Execution Time; 0.147214
Execution Time; 0.144418
Execution Time; 0.142370
Execution Time; 0.142441
Execution Time; 0.148189
Execution Time; 2.151556
Execution Time; 0.140348
Execution Time; 0.139527
Execution Time; 0.140350
Execution Time; 0.143917
Execution Time; 0.146989
Execution Time; 0.137103
Execution Time; 3.163320
Execution Time; 0.146378
Execution Time; 0.140455
Execution Time; 0.150770
Execution Time; 0.154644
Execution Time; 0.150887
Execution Time; 3.229664
Execution Time; 0.147011
Execution Time; 0.142667
Execution Time; 0.142314
Execution Time; 0.145878
Execution Time; 0.142189
Execution Time; 0.142360
Execution Time; 3.156635
Execution Time; 0.154406
Execution Time; 0.145005
Execution Time; 0.149682
Execution Time; 0.147087
Execution Time; 0.144238
Execution Time; 3.156297
Execution Time; 0.141843
Execution Time; 0.148181
Execution Time; 0.143629
Execution Time; 0.148097
Execution Time; 0.142771
Execution Time; 0.151722
Execution Time; 2.164686
Execution Time; 0.150638
Execution Time; 0.146318
Execution Time; 0.158378
Execution Time; 0.150228
Execution Time; 0.146184
Execution Time; 2.154239
Execution Time; 0.152809
Execution Time; 0.142318
Execution Time; 0.142352
Execution Time; 0.142372
Execution Time; 0.142351
Execution Time; 4.166537
Execution Time; 0.154029
Execution Time; 0.142307
Execution Time; 0.142606
Execution Time; 0.142238
Execution Time; 0.146544
Execution Time; 0.142217
Execution Time; 2.152485
Execution Time; 0.141002
Execution Time; 0.146701
Execution Time; 0.149511
Execution Time; 0.148752
Execution Time; 0.145233
Execution Time; 3.177802
Execution Time; 0.153620
Execution Time; 0.146170
Execution Time; 0.142458
Execution Time; 0.142522
Execution Time; 0.153639
Execution Time; 0.142697
Execution Time; 3.156059
Execution Time; 0.282853
Execution Time; 0.142748
Execution Time; 0.146021
Execution Time; 0.142837
Execution Time; 0.142582
Execution Time; 3.156167
Execution Time; 0.145643
Execution Time; 0.146421
Execution Time; 0.148486
Execution Time; 0.150933
Execution Time; 0.150135
Execution Time; 3.159907
Execution Time; 0.143045
Execution Time; 0.139978
Execution Time; 0.142753
Execution Time; 0.147404
Execution Time; 0.147412
Execution Time; 0.143348
Execution Time; 3.152725
Execution Time; 0.142874
Execution Time; 0.144380
Execution Time; 0.157012
Execution Time; 0.151903
Execution Time; 0.152542
Execution Time; 3.161536
Execution Time; 0.144546
Execution Time; 0.153183
Execution Time; 0.144785
Execution Time; 0.143780
Execution Time; 0.143718
Execution Time; 0.142749
Execution Time; 2.157603
Execution Time; 0.150648
Execution Time; 0.142954
Execution Time; 0.150914
Execution Time; 0.141209
Execution Time; 0.144891
Execution Time; 3.159112
Execution Time; 0.145175
Execution Time; 0.136839
Execution Time; 0.140149
Execution Time; 0.136191
Execution Time; 0.141024
Execution Time; 0.144394
Execution Time; 3.180795
Execution Time; 0.164095
Execution Time; 0.143956
Execution Time; 0.161066
Execution Time; 0.148551
Execution Time; 0.143909
Execution Time; 3.169595
Execution Time; 0.149507
Execution Time; 0.142624
Execution Time; 0.146504
Execution Time; 0.146623
Execution Time; 0.142515
Execution Time; 0.142721
Execution Time; 3.156250
Execution Time; 0.142607
Execution Time; 0.149866
Execution Time; 0.142534
Execution Time; 0.145563
Execution Time; 0.142478
Execution Time; 3.155271
Execution Time; 0.150534
Execution Time; 0.146130
Execution Time; 0.151634
Execution Time; 0.143083
Execution Time; 0.143370
Execution Time; 0.142771
Execution Time; 3.163269
Execution Time; 0.142630
Execution Time; 0.142469
Execution Time; 0.142541
Execution Time; 0.144817
Execution Time; 0.142292
Execution Time; 3.152786
Execution Time; 0.142647
Execution Time; 0.142491
Execution Time; 0.145303
Execution Time; 0.142665
Execution Time; 0.146723
Execution Time; 0.142694
Execution Time; 3.164258
Execution Time; 0.143365
Execution Time; 0.147124
Execution Time; 0.142182
Execution Time; 0.144255
Execution Time; 0.150408
Execution Time; 3.158041
Execution Time; 0.213295
Execution Time; 0.142678
Execution Time; 0.153609
Execution Time; 0.146961
Execution Time; 0.146277
Execution Time; 2.161407
Execution Time; 0.217362
Execution Time; 0.218557
Execution Time; 0.154808
Execution Time; 0.151474
Execution Time; 0.146115
Execution Time; 3.161976
Execution Time; 0.145445
Execution Time; 0.146624
Execution Time; 0.145822
Execution Time; 0.153397
Execution Time; 0.149701
Execution Time; 2.157976
Execution Time; 0.154316
Execution Time; 0.151505
Execution Time; 0.150875
Execution Time; 0.142672
Execution Time; 0.150150
Execution Time; 0.142987
Execution Time; 2.149284
Execution Time; 0.141959
Execution Time; 0.146611
Execution Time; 0.154566
Execution Time; 0.142109
Execution Time; 0.148939
Execution Time; 3.156669
Execution Time; 0.142695
Execution Time; 0.139895
Execution Time; 0.139773
Execution Time; 0.144553
Execution Time; 0.148329
Execution Time; 0.144446
Execution Time; 3.179003
Execution Time; 0.153157
Execution Time; 0.151590
Execution Time; 0.155724
Execution Time; 0.148807
Execution Time; 0.147955
Execution Time; 3.160266
Execution Time; 0.147433
Execution Time; 0.146955
Execution Time; 0.142643
Execution Time; 0.142452
Execution Time; 0.154321
Execution Time; 0.150231
Execution Time; 3.155793
Execution Time; 0.144025
Execution Time; 0.146418
Execution Time; 0.146119
Execution Time; 0.138478
Execution Time; 0.146662
Execution Time; 3.158714
Execution Time; 0.141031
Execution Time; 0.146689
Execution Time; 0.150253
Execution Time; 0.149741
Execution Time; 0.150274
Execution Time; 0.142723
Execution Time; 2.146691
Execution Time; 0.146426
Execution Time; 0.142658
Execution Time; 0.139821
Execution Time; 0.149689
Execution Time; 0.141997
Execution Time; 3.164123
Execution Time; 0.136434
Execution Time; 0.136795
Execution Time; 0.147433
Execution Time; 0.143957
Execution Time; 0.138893
Execution Time; 0.140907
Execution Time; 3.157164
Execution Time; 0.146649
Execution Time; 0.146204
Execution Time; 0.153393
Execution Time; 0.157511
Execution Time; 0.150142
Execution Time; 3.180200
Execution Time; 0.148455
Execution Time; 0.147254
Execution Time; 0.153147
Execution Time; 0.147195
Execution Time; 0.142254
Execution Time; 0.140559
Execution Time; 3.148973
Execution Time; 0.136012
Execution Time; 0.136046
Execution Time; 0.138399
Execution Time; 0.143380
Execution Time; 0.151489
Execution Time; 3.168914
Execution Time; 0.142875
Execution Time; 0.151251
Execution Time; 0.142261
Execution Time; 0.142240
Execution Time; 0.143258
Execution Time; 0.143989
Execution Time; 3.168791
Execution Time; 0.141989
Execution Time; 0.148523
Execution Time; 0.146895
Execution Time; 0.142367
Execution Time; 0.143151
Execution Time; 3.154018
Execution Time; 0.149871
Execution Time; 0.154835
Execution Time; 0.142356
Execution Time; 0.146872
Execution Time; 0.142443
Execution Time; 0.146516
Execution Time; 2.162252
Execution Time; 0.143729
Execution Time; 0.138158
Execution Time; 0.136511
Execution Time; 0.136044
Execution Time; 0.143023
Execution Time; 0.155601
Execution Time; 0.144062
Execution Time; 0.147728
Execution Time; 0.144781
Execution Time; 0.152579
Execution Time; 0.143552
Execution Time; 0.147909
Execution Time; 3.154983
Execution Time; 0.142378
Execution Time; 0.146511
Execution Time; 0.142323
Execution Time; 0.146104
Execution Time; 0.152123
Execution Time; 0.142530
Execution Time; 3.152639
Execution Time; 0.146891
Execution Time; 0.142345
Execution Time; 0.150029
Execution Time; 0.154397
Execution Time; 0.142637
Execution Time; 3.171104
Execution Time; 0.149603
Execution Time; 0.142363
Execution Time; 0.142554
Execution Time; 0.154333
Execution Time; 0.142536
Execution Time; 0.146390
Execution Time; 2.155834
Execution Time; 0.270510
Execution Time; 0.143386
Execution Time; 0.143174
Execution Time; 0.162959
Execution Time; 3.171192
Execution Time; 0.146335
Execution Time; 0.150206
Execution Time; 0.146193
Execution Time; 0.142603
Execution Time; 0.145388
Execution Time; 0.150023
Execution Time; 3.169671
Execution Time; 0.144780
Execution Time; 0.146297
Execution Time; 0.149387
Execution Time; 0.156535
Execution Time; 0.151013
Execution Time; 3.168782
Execution Time; 0.146378
Execution Time; 0.142612
Execution Time; 0.142308
Execution Time; 0.142378
Execution Time; 0.146274
Execution Time; 0.150122
Execution Time; 0.154018
Execution Time; 0.142269
Execution Time; 0.142190
Execution Time; 0.150141
Execution Time; 0.150318
Execution Time; 0.142625
Execution Time; 3.150636
Execution Time; 0.138217
Execution Time; 0.138131
Execution Time; 0.144582
Execution Time; 0.138940
Execution Time; 0.155795
Execution Time; 2.150287
Execution Time; 0.146577
Execution Time; 0.143218
Execution Time; 0.143176
Execution Time; 0.148108
Execution Time; 0.144204
Execution Time; 0.143743
Execution Time; 3.164311
Execution Time; 0.147677
Execution Time; 0.143978
Execution Time; 0.148138
Execution Time; 0.150790
Execution Time; 0.140399
Execution Time; 0.142817
Execution Time; 3.152869
Execution Time; 0.151309
Execution Time; 0.142159
Execution Time; 0.137230
Execution Time; 0.137280
Execution Time; 0.137750
Execution Time; 3.165091
Execution Time; 0.153340
Execution Time; 0.171721
Execution Time; 0.146070
Execution Time; 0.145491
Execution Time; 0.149571
Execution Time; 2.163844
Execution Time; 0.150374
Execution Time; 0.150939
Execution Time; 0.143743
Execution Time; 0.145088
Execution Time; 0.158681
Execution Time; 0.142745
Execution Time; 3.163839
Execution Time; 0.143182
Execution Time; 0.143404
Execution Time; 0.143343
Execution Time; 0.142353
Execution Time; 0.143743
Execution Time; 0.140272
Execution Time; 0.142522
Execution Time; 0.149901
Execution Time; 0.142407
Execution Time; 0.147011
Execution Time; 0.141950
Execution Time; 0.143527
Execution Time; 2.149128
Execution Time; 0.147003
Execution Time; 0.150529
Execution Time; 0.154891
Execution Time; 0.157635
Execution Time; 0.142386
Execution Time; 0.142368
Execution Time; 3.156501
Execution Time; 0.150467
Execution Time; 0.142555
Execution Time; 0.150461
Execution Time; 0.142403
Execution Time; 0.150008
Execution Time; 3.159589
Execution Time; 0.142319
Execution Time; 0.153977
Execution Time; 0.142497
Execution Time; 0.142305
Execution Time; 0.142370
Execution Time; 0.145852
Execution Time; 3.163788
Execution Time; 0.142217
Execution Time; 0.142221
Execution Time; 0.145993
Execution Time; 0.142729
Execution Time; 0.150130
Execution Time; 3.164570
Execution Time; 0.142422
Execution Time; 0.149865
Execution Time; 0.142551
Execution Time; 0.142449
Execution Time; 0.142247
Execution Time; 0.146774
Execution Time; 3.160269
Execution Time; 0.142381
Execution Time; 0.150295
Execution Time; 0.142559
Execution Time; 0.142295
Execution Time; 0.142457
Execution Time; 3.167501
Execution Time; 0.146373
Execution Time; 0.147072
Execution Time; 0.142228
Execution Time; 0.142514
Execution Time; 0.146590
Execution Time; 0.142136
Execution Time; 3.164924
Execution Time; 0.149822
Execution Time; 0.150227
Execution Time; 0.142901
Execution Time; 0.143168
Execution Time; 0.143434
Execution Time; 3.152035
Execution Time; 0.147439
Execution Time; 0.144323
Execution Time; 0.148137
Execution Time; 0.147576
Execution Time; 0.147320
Execution Time; 0.144430
Execution Time; 3.156126
Execution Time; 0.142508
Execution Time; 0.150847
Execution Time; 0.150006
Execution Time; 0.142682
Execution Time; 0.154412
Execution Time; 3.179564
Execution Time; 0.142925
Execution Time; 0.146303
Execution Time; 0.171830
Execution Time; 0.162289
Execution Time; 0.146460
Execution Time; 3.167790
Execution Time; 0.146010
Execution Time; 0.145774
Execution Time; 0.148029
Execution Time; 0.143926
Execution Time; 0.147949
Execution Time; 0.160686
Execution Time; 3.152309
Execution Time; 0.142442
Execution Time; 0.142403
Execution Time; 0.142459
Execution Time; 0.146332
Execution Time; 0.142658
Execution Time; 3.162177
Execution Time; 0.151622
Execution Time; 0.150553
Execution Time; 0.146408
Execution Time; 0.150136
Execution Time; 0.154081
Execution Time; 0.149819
Execution Time; 3.155919
Execution Time; 0.140178
Execution Time; 0.146581
Execution Time; 0.136402
Execution Time; 0.136984
Execution Time; 0.135787
Execution Time; 0.136096
Execution Time; 3.211577
Execution Time; 0.141965
Execution Time; 0.146364
Execution Time; 0.141740
Execution Time; 0.149779
Execution Time; 0.142671
Execution Time; 2.149406
Execution Time; 0.148065
Execution Time; 0.146475
Execution Time; 0.143316
Execution Time; 0.154867
Execution Time; 0.146509
Execution Time; 0.141842
Execution Time; 2.149194
Execution Time; 0.142560
Execution Time; 0.142533
Execution Time; 0.146414
Execution Time; 0.150127
Execution Time; 0.146972
Execution Time; 3.160223
Execution Time; 0.146706
Execution Time; 0.145804
Execution Time; 0.146397
Execution Time; 0.150207
Execution Time; 0.146437
Execution Time; 0.146356
Execution Time; 2.153460
Execution Time; 0.151258
Execution Time; 0.146492
Execution Time; 0.146681
Execution Time; 0.142675
Execution Time; 0.146580
Execution Time; 3.162475
Execution Time; 0.280122
Execution Time; 0.281794
Execution Time; 0.282446
Execution Time; 2.227585
Execution Time; 0.149563
Execution Time; 0.160921
Execution Time; 0.145569
Execution Time; 0.153080
Execution Time; 0.153567
Execution Time; 3.161528
Execution Time; 0.148863
Execution Time; 0.149035
Execution Time; 0.149576
Execution Time; 0.153269
Execution Time; 0.153591
Execution Time; 2.204372
Execution Time; 0.154819
Execution Time; 0.145864
Execution Time; 0.147393
Execution Time; 0.150665
Execution Time; 0.143511
Execution Time; 0.144931
INIT: Switching to runlevel: 0INIT: Sending processes the TERM signal
[[36minfo[39;49m] Using makefile-style concurrent boot in runlevel 0.
[[36minfo[39;49m] Saving the system clock.
[[36minfo[39;49m] Hardware Clock updated to Wed Dec 14 10:48:17 UTC 2016.
[....] Asking all remaining processes to terminate...[?25l[?1c7[1G[[32m ok [39;49m8[?25h[?0cdone.
[....] All processes ended within 2 seconds...[?25l[?1c7[1G[[32m ok [39;49m8[?25h[?0cdone.
[....] Deconfiguring network interfaces...Internet Systems Consortium DHCP Client 4.2.2
Copyright 2004-2011 Internet Systems Consortium.
All rights reserved.
For info, please visit https://www.isc.org/software/dhcp/

Listening on LPF/eth0/52:54:00:12:34:56
Sending on   LPF/eth0/52:54:00:12:34:56
Sending on   Socket/fallback
DHCPRELEASE on eth0 to 10.0.2.2 port 67
[?25l[?1c7[1G[[32m ok [39;49m8[?25h[?0cdone.
[....] Deactivating swap...[?25l[?1c7[1G[[32m ok [39;49m8[?25h[?0cdone.
[  523.164617] EXT4-fs (sda1): re-mounted. Opts: (null)
[[36minfo[39;49m] Will now halt.
[  525.209586] sd 0:0:0:0: [sda] Stopping disk
[  525.213504] ACPI: Preparing to enter system sleep state S5
[  525.215632] Power down.
aff-executor-preload.c:affhooks_init()
aff-executor-preload.c:affhooks_shut()
HELLO KITTY
