aff-executor-preload.c:affhooks_init()
[H[J[?25l[m[H[J[2;25HGNU GRUB  version 1.99-27+deb7u2

[m[4;2H+--------------------------------------------------------------------------+[5;2H|[5;77H|[6;2H|[6;77H|[7;2H|[7;77H|[8;2H|[8;77H|[9;2H|[9;77H|[10;2H|[10;77H|[11;2H|[11;77H|[12;2H|[12;77H|[13;2H|[13;77H|[14;2H|[14;77H|[15;2H|[15;77H|[16;2H|[16;77H|[17;2H+--------------------------------------------------------------------------+[m[18;2H[m
      Use the ^ and v keys to select which entry is highlighted.      
      Press enter to boot the selected OS, 'e' to edit the commands      
      before booting or 'c' for a command-line.      
      [5;78H [7m[5;3HDebian GNU/Linux, with Linux 3.2.0-4-amd64                               [m [5;76H[m[m[6;3HDebian GNU/Linux, with Linux 3.2.0-4-amd64 (recovery mode)               [m [6;76H[m[m[7;3H                                                                         [m [7;76H[m[m[8;3H                                                                         [m [8;76H[m[m[9;3H                                                                         [m [9;76H[m[m[10;3H                                                                         [m [10;76H[m[m[11;3H                                                                         [m [11;76H[m[m[12;3H                                                                         [m [12;76H[m[m[13;3H                                                                         [m [13;76H[m[m[14;3H                                                                         [m [14;76H[m[m[15;3H                                                                         [m [15;76H[m[m[16;3H                                                                         [m [16;76H[m[16;78H [5;76H[22;1H   The highlighted entry will be executed automatically in 5s.                 [5;76H[22;1H   The highlighted entry will be executed automatically in 4s.                 [5;76H[22;1H   The highlighted entry will be executed automatically in 3s.                 [5;76H[22;1H   The highlighted entry will be executed automatically in 2s.                 [5;76H[22;1H   The highlighted entry will be executed automatically in 1s.                 [5;76H[22;1H   The highlighted entry will be executed automatically in 0s.                 [5;76H[?25h[H[J[H[J  Booting 'Debian GNU/Linux, with Linux 3.2.0-4-amd64'

Loading Linux 3.2.0-4-amd64 ...
Loading initial ramdisk ...
[    0.000000] Initializing cgroup subsys cpuset
[    0.000000] Initializing cgroup subsys cpu
[    0.000000] Linux version 3.2.0-4-amd64 (debian-kernel@lists.debian.org) (gcc version 4.6.3 (Debian 4.6.3-14) ) #1 SMP Debian 3.2.68-1+deb7u3
[    0.000000] Command line: BOOT_IMAGE=/boot/vmlinuz-3.2.0-4-amd64 root=UUID=e35ebd7f-2405-4c97-9c3e-26919d55a9e5 ro console=tty0 console=ttyS0,115200n8
[    0.000000] BIOS-provided physical RAM map:
[    0.000000]  BIOS-e820: 0000000000000000 - 000000000009f400 (usable)
[    0.000000]  BIOS-e820: 000000000009f400 - 00000000000a0000 (reserved)
[    0.000000]  BIOS-e820: 00000000000f0000 - 0000000000100000 (reserved)
[    0.000000]  BIOS-e820: 0000000000100000 - 00000000dfffe000 (usable)
[    0.000000]  BIOS-e820: 00000000dfffe000 - 00000000e0000000 (reserved)
[    0.000000]  BIOS-e820: 00000000feffc000 - 00000000ff000000 (reserved)
[    0.000000]  BIOS-e820: 00000000fffc0000 - 0000000100000000 (reserved)
[    0.000000]  BIOS-e820: 0000000100000000 - 0000000420000000 (usable)
[    0.000000] NX (Execute Disable) protection: active
[    0.000000] SMBIOS 2.4 present.
[    0.000000] No AGP bridge found
[    0.000000] last_pfn = 0x420000 max_arch_pfn = 0x400000000
[    0.000000] PAT not supported by CPU.
[    0.000000] last_pfn = 0xdfffe max_arch_pfn = 0x400000000
[    0.000000] found SMP MP-table at [ffff8800000fdac0] fdac0
[    0.000000] init_memory_mapping: 0000000000000000-00000000dfffe000
[    0.000000] init_memory_mapping: 0000000100000000-0000000420000000
[    0.000000] RAMDISK: 36c6c000 - 3762e000
[    0.000000] ACPI: RSDP 00000000000fd8b0 00014 (v00 BOCHS )
[    0.000000] ACPI: RSDT 00000000dfffe470 00038 (v01 BOCHS  BXPCRSDT 00000001 BXPC 00000001)
[    0.000000] ACPI: FACP 00000000dfffff80 00074 (v01 BOCHS  BXPCFACP 00000001 BXPC 00000001)
[    0.000000] ACPI: DSDT 00000000dfffe4b0 01121 (v01   BXPC   BXDSDT 00000001 INTL 20100528)
[    0.000000] ACPI: FACS 00000000dfffff40 00040
[    0.000000] ACPI: SSDT 00000000dffffd70 001C1 (v01 BOCHS  BXPCSSDT 00000001 BXPC 00000001)
[    0.000000] ACPI: APIC 00000000dffffc70 00090 (v01 BOCHS  BXPCAPIC 00000001 BXPC 00000001)
[    0.000000] ACPI: HPET 00000000dffffc30 00038 (v01 BOCHS  BXPCHPET 00000001 BXPC 00000001)
[    0.000000] ACPI: SSDT 00000000dffff5e0 00644 (v01   BXPC BXSSDTPC 00000001 INTL 20100528)
[    0.000000] No NUMA configuration found
[    0.000000] Faking a node at 0000000000000000-0000000420000000
[    0.000000] Initmem setup node 0 0000000000000000-0000000420000000
[    0.000000]   NODE_DATA [000000041fffb000 - 000000041fffffff]
[    0.000000] kvm-clock: Using msrs 4b564d01 and 4b564d00
[    0.000000] kvm-clock: cpu 0, msr 0:16a8741, boot clock
[    0.000000] Zone PFN ranges:
[    0.000000]   DMA      0x00000010 -> 0x00001000
[    0.000000]   DMA32    0x00001000 -> 0x00100000
[    0.000000]   Normal   0x00100000 -> 0x00420000
[    0.000000] Movable zone start PFN for each node
[    0.000000] early_node_map[3] active PFN ranges
[    0.000000]     0: 0x00000010 -> 0x0000009f
[    0.000000]     0: 0x00000100 -> 0x000dfffe
[    0.000000]     0: 0x00100000 -> 0x00420000
[    0.000000] ACPI: PM-Timer IO Port: 0xb008
[    0.000000] ACPI: LAPIC (acpi_id[0x00] lapic_id[0x00] enabled)
[    0.000000] ACPI: LAPIC (acpi_id[0x01] lapic_id[0x01] enabled)
[    0.000000] ACPI: LAPIC (acpi_id[0x02] lapic_id[0x02] enabled)
[    0.000000] ACPI: LAPIC (acpi_id[0x03] lapic_id[0x03] enabled)
[    0.000000] ACPI: LAPIC_NMI (acpi_id[0xff] dfl dfl lint[0x1])
[    0.000000] ACPI: IOAPIC (id[0x04] address[0xfec00000] gsi_base[0])
[    0.000000] IOAPIC[0]: apic_id 4, version 17, address 0xfec00000, GSI 0-23
[    0.000000] ACPI: INT_SRC_OVR (bus 0 bus_irq 0 global_irq 2 dfl dfl)
[    0.000000] ACPI: INT_SRC_OVR (bus 0 bus_irq 5 global_irq 5 high level)
[    0.000000] ACPI: INT_SRC_OVR (bus 0 bus_irq 9 global_irq 9 high level)
[    0.000000] ACPI: INT_SRC_OVR (bus 0 bus_irq 10 global_irq 10 high level)
[    0.000000] ACPI: INT_SRC_OVR (bus 0 bus_irq 11 global_irq 11 high level)
[    0.000000] Using ACPI (MADT) for SMP configuration information
[    0.000000] ACPI: HPET id: 0x8086a201 base: 0xfed00000
[    0.000000] SMP: Allowing 4 CPUs, 0 hotplug CPUs
[    0.000000] PM: Registered nosave memory: 000000000009f000 - 00000000000a0000
[    0.000000] PM: Registered nosave memory: 00000000000a0000 - 00000000000f0000
[    0.000000] PM: Registered nosave memory: 00000000000f0000 - 0000000000100000
[    0.000000] PM: Registered nosave memory: 00000000dfffe000 - 00000000e0000000
[    0.000000] PM: Registered nosave memory: 00000000e0000000 - 00000000feffc000
[    0.000000] PM: Registered nosave memory: 00000000feffc000 - 00000000ff000000
[    0.000000] PM: Registered nosave memory: 00000000ff000000 - 00000000fffc0000
[    0.000000] PM: Registered nosave memory: 00000000fffc0000 - 0000000100000000
[    0.000000] Allocating PCI resources starting at e0000000 (gap: e0000000:1effc000)
[    0.000000] Booting paravirtualized kernel on KVM
[    0.000000] setup_percpu: NR_CPUS:512 nr_cpumask_bits:512 nr_cpu_ids:4 nr_node_ids:1
[    0.000000] PERCPU: Embedded 27 pages/cpu @ffff88041fc00000 s78912 r8192 d23488 u524288
[    0.000000] kvm-clock: cpu 0, msr 4:1fc12741, primary cpu clock
[    0.000000] KVM setup async PF for cpu 0
[    0.000000] kvm-stealtime: cpu 0, msr 41fc0cfc0
[    0.000000] Built 1 zonelists in Zone order, mobility grouping on.  Total pages: 4135048
[    0.000000] Policy zone: Normal
[    0.000000] Kernel command line: BOOT_IMAGE=/boot/vmlinuz-3.2.0-4-amd64 root=UUID=e35ebd7f-2405-4c97-9c3e-26919d55a9e5 ro console=tty0 console=ttyS0,115200n8
[    0.000000] PID hash table entries: 4096 (order: 3, 32768 bytes)
[    0.000000] Checking aperture...
[    0.000000] No AGP bridge found
[    0.000000] Memory: 16460264k/17301504k available (3434k kernel code, 524748k absent, 316492k reserved, 3305k data, 580k init)
[    0.000000] Hierarchical RCU implementation.
[    0.000000] 	RCU dyntick-idle grace-period acceleration is enabled.
[    0.000000] NR_IRQS:33024 nr_irqs:712 16
[    0.000000] Console: colour VGA+ 80x25
[    0.000000] console [tty0] enabled
[    0.000000] console [ttyS0] enabled
[    0.000000] Detected 2199.998 MHz processor.
[    0.008000] Calibrating delay loop (skipped) preset value.. 4399.99 BogoMIPS (lpj=8799992)
[    0.008000] pid_max: default: 32768 minimum: 301
[    0.008000] Security Framework initialized
[    0.008014] AppArmor: AppArmor disabled by boot time parameter
[    0.010117] Dentry cache hash table entries: 2097152 (order: 12, 16777216 bytes)
[    0.015449] Inode-cache hash table entries: 1048576 (order: 11, 8388608 bytes)
[    0.017743] Mount-cache hash table entries: 256
[    0.020166] Initializing cgroup subsys cpuacct
[    0.021089] Initializing cgroup subsys memory
[    0.022020] Initializing cgroup subsys devices
[    0.022935] Initializing cgroup subsys freezer
[    0.023827] Initializing cgroup subsys net_cls
[    0.024013] Initializing cgroup subsys blkio
[    0.024906] Initializing cgroup subsys perf_event
[    0.025950] mce: CPU supports 10 MCE banks
[    0.029180] ACPI: Core revision 20110623
[    0.034112] ..TIMER: vector=0x30 apic1=0 pin1=2 apic2=-1 pin2=-1
[    0.035245] CPU0: Intel QEMU Virtual CPU version 1.1.2 stepping 03
[    0.040002] APIC calibration not consistent with PM-Timer: 108ms instead of 100ms
[    0.040002] APIC delta adjusted to PM-Timer: 6245960 (6793355)
[    0.040002] Performance Events: unsupported p6 CPU model 2 no PMU driver, software events only.
[    0.040002] NMI watchdog disabled (cpu0): hardware events not enabled
[    0.046184] Booting Node   0, Processors  #1
[    0.064011] kvm-clock: cpu 1, msr 4:1fc92741, secondary cpu clock
[    0.068057] NMI watchdog disabled (cpu1): hardware events not enabled
[    0.068319]  #2
[    0.068099] KVM setup async PF for cpu 1
[    0.068099] kvm-stealtime: cpu 1, msr 41fc8cfc0
[    0.084012] kvm-clock: cpu 2, msr 4:1fd12741, secondary cpu clock
[    0.084093] NMI watchdog disabled (cpu2): hardware events not enabled
[    0.084361]  #3 Ok.
[    0.084135] KVM setup async PF for cpu 2
[    0.084135] kvm-stealtime: cpu 2, msr 41fd0cfc0
[    0.100326] kvm-clock: cpu 3, msr 4:1fd92741, secondary cpu clock
[    0.105097] NMI watchdog disabled (cpu3): hardware events not enabled
[    0.105137] Brought up 4 CPUs
[    0.105139] Total of 4 processors activated (17599.98 BogoMIPS).
[    0.105136] KVM setup async PF for cpu 3
[    0.105136] kvm-stealtime: cpu 3, msr 41fd8cfc0
[    0.120739] devtmpfs: initialized
[    0.128407] print_constraints: dummy: 
[    0.129886] NET: Registered protocol family 16
[    0.132379] ACPI: bus type pci registered
[    0.133506] PCI: Using configuration type 1 for base access
[    0.140626] bio: create slab <bio-0> at 0
[    0.142170] ACPI: Added _OSI(Module Device)
[    0.142170] ACPI: Added _OSI(Processor Device)
[    0.144021] ACPI: Added _OSI(3.0 _SCP Extensions)
[    0.145107] ACPI: Added _OSI(Processor Aggregator Device)
[    0.150387] ACPI: Interpreter enabled
[    0.151175] ACPI: (supports S0 S3 S4 S5)
[    0.152558] ACPI: Using IOAPIC for interrupt routing
[    0.167525] ACPI: No dock devices found.
[    0.168015] HEST: Table not found.
[    0.168924] PCI: Ignoring host bridge windows from ACPI; if necessary, use "pci=use_crs" and report a bug
[    0.170693] ACPI: PCI Root Bridge [PCI0] (domain 0000 [bus 00-ff])
[    0.177960] pci 0000:00:01.3: quirk: [io  0xb000-0xb03f] claimed by PIIX4 ACPI
[    0.179431] pci 0000:00:01.3: quirk: [io  0xb100-0xb10f] claimed by PIIX4 SMB
[    0.201717]  pci0000:00: Unable to request _OSC control (_OSC support mask: 0x1e)
[    0.206199] ACPI: PCI Interrupt Link [LNKA] (IRQs 5 *10 11)
[    0.207849] ACPI: PCI Interrupt Link [LNKB] (IRQs 5 *10 11)
[    0.209034] ACPI: PCI Interrupt Link [LNKC] (IRQs 5 10 *11)
[    0.210663] ACPI: PCI Interrupt Link [LNKD] (IRQs 5 10 *11)
[    0.212993] ACPI: PCI Interrupt Link [LNKS] (IRQs 9) *0
[    0.214875] vgaarb: device added: PCI:0000:00:02.0,decodes=io+mem,owns=io+mem,locks=none
[    0.216020] vgaarb: loaded
[    0.216777] vgaarb: bridge control possible 0000:00:02.0
[    0.217888] PCI: Using ACPI for IRQ routing
[    0.219198] HPET: 3 timers in total, 0 timers will be used for per-cpu timer
[    0.220044] hpet0: at MMIO 0xfed00000, IRQs 2, 8, 0
[    0.221385] hpet0: 3 comparators, 64-bit 100.000000 MHz counter
[    0.244083] Switching to clocksource kvm-clock
[    0.256817] pnp: PnP ACPI init
[    0.257635] ACPI: bus type pnp registered
[    0.259649] pnp: PnP ACPI: found 8 devices
[    0.260571] ACPI: ACPI bus type pnp unregistered
[    0.281064] NET: Registered protocol family 2
[    0.284713] IP route cache hash table entries: 524288 (order: 10, 4194304 bytes)
[    0.291201] TCP established hash table entries: 524288 (order: 11, 8388608 bytes)
[    0.300191] TCP bind hash table entries: 65536 (order: 8, 1048576 bytes)
[    0.302278] TCP: Hash tables configured (established 524288 bind 65536)
[    0.303472] TCP reno registered
[    0.304274] UDP hash table entries: 8192 (order: 6, 262144 bytes)
[    0.314361] UDP-Lite hash table entries: 8192 (order: 6, 262144 bytes)
[    0.316529] NET: Registered protocol family 1
[    0.317432] pci 0000:00:00.0: Limiting direct PCI/PCI transfers
[    0.318543] pci 0000:00:01.0: PIIX3: Enabling Passive Release
[    0.319628] pci 0000:00:01.0: Activating ISA DMA hang workarounds
[    0.320996] Unpacking initramfs...
[    0.581046] Freeing initrd memory: 9992k freed
[    0.584919] PCI-DMA: Using software bounce buffering for IO (SWIOTLB)
[    0.586107] Placing 64MB software IO TLB between ffff8800dbff0000 - ffff8800dfff0000
[    0.587616] software IO TLB at phys 0xdbff0000 - 0xdfff0000
[    0.590344] audit: initializing netlink socket (disabled)
[    0.591404] type=2000 audit(1481744919.588:1): initialized
[    0.622278] HugeTLB registered 2 MB page size, pre-allocated 0 pages
[    0.630534] VFS: Disk quotas dquot_6.5.2
[    0.631584] Dquot-cache hash table entries: 512 (order 0, 4096 bytes)
[    0.633118] msgmni has been set to 32168
[    0.634651] alg: No test for stdrng (krng)
[    0.635662] Block layer SCSI generic (bsg) driver version 0.4 loaded (major 253)
[    0.637287] io scheduler noop registered
[    0.638115] io scheduler deadline registered
[    0.639159] io scheduler cfq registered (default)
[    0.640363] pci_hotplug: PCI Hot Plug PCI Core version: 0.5
[    0.641454] pciehp: PCI Express Hot Plug Controller Driver version: 0.4
[    0.642655] acpiphp: ACPI Hot Plug PCI Controller Driver version: 0.5
[    0.643942] acpiphp: Slot [3] registered
[    0.644918] acpiphp: Slot [4] registered
[    0.645769] acpiphp: Slot [5] registered
[    0.646606] acpiphp: Slot [6] registered
[    0.647452] acpiphp: Slot [7] registered
[    0.648373] acpiphp: Slot [8] registered
[    0.649229] acpiphp: Slot [9] registered
[    0.650063] acpiphp: Slot [10] registered
[    0.650914] acpiphp: Slot [11] registered
[    0.651789] acpiphp: Slot [12] registered
[    0.652759] acpiphp: Slot [13] registered
[    0.653612] acpiphp: Slot [14] registered
[    0.654489] acpiphp: Slot [15] registered
[    0.655348] acpiphp: Slot [16] registered
[    0.656253] acpiphp: Slot [17] registered
[    0.657110] acpiphp: Slot [18] registered
[    0.657961] acpiphp: Slot [19] registered
[    0.658818] acpiphp: Slot [20] registered
[    0.659670] acpiphp: Slot [21] registered
[    0.660765] acpiphp: Slot [22] registered
[    0.661632] acpiphp: Slot [23] registered
[    0.662505] acpiphp: Slot [24] registered
[    0.663359] acpiphp: Slot [25] registered
[    0.664381] acpiphp: Slot [26] registered
[    0.665259] acpiphp: Slot [27] registered
[    0.666119] acpiphp: Slot [28] registered
[    0.666980] acpiphp: Slot [29] registered
[    0.667924] acpiphp: Slot [30] registered
[    0.669004] acpiphp: Slot [31] registered
[    0.670071] ERST: Table is not found!
[    0.670859] GHES: HEST is not enabled!
[    0.671756] Serial: 8250/16550 driver, 4 ports, IRQ sharing enabled
[    0.694544] serial8250: ttyS0 at I/O 0x3f8 (irq = 4) is a 16550A
[    0.839474] 00:06: ttyS0 at I/O 0x3f8 (irq = 4) is a 16550A
[    0.851651] Linux agpgart interface v0.103
[    0.853098] i8042: PNP: PS/2 Controller [PNP0303:KBD,PNP0f13:MOU] at 0x60,0x64 irq 1,12
[    0.859350] serio: i8042 KBD port at 0x60,0x64 irq 1
[    0.864952] serio: i8042 AUX port at 0x60,0x64 irq 12
[    0.866492] mousedev: PS/2 mouse device common for all mice
[    0.867949] input: AT Translated Set 2 keyboard as /devices/platform/i8042/serio0/input/input0
[    0.869812] rtc_cmos 00:01: RTC can wake from S4
[    0.876362] rtc_cmos 00:01: rtc core: registered rtc_cmos as rtc0
[    0.877633] rtc0: alarms up to one day, 114 bytes nvram, hpet irqs
[    0.878805] cpuidle: using governor ladder
[    0.879632] cpuidle: using governor menu
[    0.880989] TCP cubic registered
[    0.882468] NET: Registered protocol family 10
[    0.884395] Mobile IPv6
[    0.884998] NET: Registered protocol family 17
[    0.885873] Registering the dns_resolver key type
[    0.887280] registered taskstats version 1
[    0.889480] rtc_cmos 00:01: setting system clock to 2016-12-14 19:48:39 UTC (1481744919)
[    0.891056] Initializing network drop monitor service
[    0.917418] Freeing unused kernel memory: 580k freed
[    0.918664] Write protecting the kernel read-only data: 6144k
[    0.924707] Freeing unused kernel memory: 644k freed
[    0.928722] Freeing unused kernel memory: 688k freed
Loading, please wait...
[    0.985305] udevd[58]: starting version 175
[    1.038771] e1000: Intel(R) PRO/1000 Network Driver - version 7.3.21-k8-NAPI
[    1.040672] e1000: Copyright (c) 1999-2006 Intel Corporation.
[    1.058532] ACPI: PCI Interrupt Link [LNKC] enabled at IRQ 11
[    1.065721] SCSI subsystem initialized
[    1.117250] Floppy drive(s): fd0 is 1.44M
[    1.147087] FDC 0 is a S82078B
[    1.570056] e1000 0000:00:03.0: eth0: (PCI:33MHz:32-bit) 52:54:00:12:34:56
[    1.571282] e1000 0000:00:03.0: eth0: Intel(R) PRO/1000 Network Connection
[    1.575842] scsi0 : ata_piix
[    1.577690] scsi1 : ata_piix
[    1.579087] ata1: PATA max MWDMA2 cmd 0x1f0 ctl 0x3f6 bmdma 0xc040 irq 14
[    1.580633] ata2: PATA max MWDMA2 cmd 0x170 ctl 0x376 bmdma 0xc048 irq 15
[    1.592199] Refined TSC clocksource calibration: 2199.956 MHz.
[    1.737132] ata1.00: ATA-7: QEMU HARDDISK, 1.1.2, max UDMA/100
[    1.738243] ata1.00: 9011200 sectors, multi 16: LBA48 
[    1.739712] ata2.00: ATAPI: QEMU DVD-ROM, 1.1.2, max UDMA/100
[    1.741324] ata2.00: configured for MWDMA2
[    1.742649] ata1.00: configured for MWDMA2
[    1.743705] scsi 0:0:0:0: Direct-Access     ATA      QEMU HARDDISK    1.1. PQ: 0 ANSI: 5
[    1.746530] scsi 1:0:0:0: CD-ROM            QEMU     QEMU DVD-ROM     1.1. PQ: 0 ANSI: 5
[    1.755337] sd 0:0:0:0: [sda] 9011200 512-byte logical blocks: (4.61 GB/4.29 GiB)
[    1.757041] sd 0:0:0:0: [sda] Write Protect is off
[    1.758001] sd 0:0:0:0: [sda] Write cache: disabled, read cache: enabled, doesn't support DPO or FUA
[    1.761199]  sda: sda1
[    1.762210] sd 0:0:0:0: [sda] Attached SCSI disk
[    1.766275] sr0: scsi3-mmc drive: 4x/4x cd/rw xa/form2 tray
[    1.767513] cdrom: Uniform CD-ROM driver Revision: 3.20
[    1.769336] sd 0:0:0:0: Attached scsi generic sg0 type 0
[    1.771272] sr 1:0:0:0: Attached scsi generic sg1 type 5
Begin: Loading essential drivers ... done.
Begin: Running /scripts/init-premount ... done.
Begin: Mounting root file system ... Begin: Running /scripts/local-top ... done.
Begin: Running /scripts/local-premount ... done.
[    2.355452] EXT4-fs (sda1): mounted filesystem with ordered data mode. Opts: (null)
Begin: Running /scripts/local-bottom ... done.
done.
Begin: Running /scripts/init-bottom ... done.
INIT: version 2.88 booting
[[36minfo[39;49m] Using makefile-style concurrent boot in runlevel S.
findfs: unable to resolve 'UUID="e35ebd7f-2405-4c97-9c3e-26919d55a9e5"'
[....] Starting the hotplug events dispatcher: udevd[    2.848423] udevd[316]: starting version 175
[?25l[?1c7[1G[[32m ok [39;49m8[?25h[?0c.
[....] Synthesizing the initial hotplug events...[?25l[?1c7[1G[[32m ok [39;49m8[?25h[?0cdone.
[    3.069385] input: Power Button as /devices/LNXSYSTM:00/LNXPWRBN:00/input/input1
[    3.070917] ACPI: Power Button [PWRF]
[....] Waiting for /dev to be fully populated...[    3.145855] input: PC Speaker as /devices/platform/pcspkr/input/input2
[    3.158899] parport_pc 00:05: reported by Plug and Play ACPI
[    3.161373] parport0: PC-style at 0x378, irq 7 [PCSPP,TRISTATE]
[    3.286769] piix4_smbus 0000:00:01.3: SMBus Host Controller at 0xb100, revision 0
[    3.324974] Error: Driver 'pcspkr' is already registered, aborting...
[?25l[?1c7[1G[[32m ok [39;49m8[?25h[?0cdone.
findfs: unable to resolve 'UUID="e35ebd7f-2405-4c97-9c3e-26919d55a9e5"'
[....] Activating swap...[?25l[?1c7[1G[[32m ok [39;49m8[?25h[?0cdone.
Usage: mountpoint [-q] [-d] [-x] path
[    3.879357] EXT4-fs (sda1): re-mounted. Opts: (null)
[....] Checking root file system...fsck from util-linux 2.20.1
/run/rootdev: clean, 32636/264000 files, 885018/1054720 blocks
[?25l[?1c7[1G[[32m ok [39;49m8[?25h[?0cdone.
[    3.974193] input: ImExPS/2 Generic Explorer Mouse as /devices/platform/i8042/serio1/input/input3
[    3.977539] EXT4-fs (sda1): re-mounted. Opts: errors=remount-ro,errors=remount-ro
[....] Cleaning up temporary files... /tmp[?25l[?1c7[1G[[32m ok [39;49m8[?25h[?0c.
findfs: unable to resolve 'UUID="e35ebd7f-2405-4c97-9c3e-26919d55a9e5"'
findfs: unable to resolve 'UUID="e35ebd7f-2405-4c97-9c3e-26919d55a9e5"'
[....] Activating lvm and md swap...[?25l[?1c7[1G[[32m ok [39;49m8[?25h[?0cdone.
[....] Checking file systems...fsck from util-linux 2.20.1
[?25l[?1c7[1G[[32m ok [39;49m8[?25h[?0cdone.
[....] Mounting local filesystems...[?25l[?1c7[1G[[32m ok [39;49m8[?25h[?0cdone.
[....] Activating swapfile swap...[?25l[?1c7[1G[[32m ok [39;49m8[?25h[?0cdone.
findfs: unable to resolve 'UUID="e35ebd7f-2405-4c97-9c3e-26919d55a9e5"'
[....] Cleaning up temporary files...[?25l[?1c7[1G[[32m ok [39;49m8[?25h[?0c.
[....] Setting kernel variables ...[?25l[?1c7[1G[[32m ok [39;49m8[?25h[?0cdone.
[....] Configuring network interfaces...Internet Systems Consortium DHCP Client 4.2.2
Copyright 2004-2011 Internet Systems Consortium.
All rights reserved.
For info, please visit https://www.isc.org/software/dhcp/

[    5.126418] ADDRCONF(NETDEV_UP): eth0: link is not ready
Listening on LPF/eth0/52:54:00:12:34:56
Sending on   LPF/eth0/52:54:00:12:34:56
Sending on   Socket/fallback
DHCPDISCOVER on eth0 to 255.255.255.255 port 67 interval 3
[    7.129083] e1000: eth0 NIC Link is Up 1000 Mbps Full Duplex, Flow Control: RX
[    7.132406] ADDRCONF(NETDEV_CHANGE): eth0: link becomes ready
DHCPDISCOVER on eth0 to 255.255.255.255 port 67 interval 7
DHCPREQUEST on eth0 to 255.255.255.255 port 67
DHCPOFFER from 10.0.2.2
DHCPACK from 10.0.2.2
bound to 10.0.2.15 -- renewal in 38861 seconds.
ifup: interface eth0 already configured
[?25l[?1c7[1G[[32m ok [39;49m8[?25h[?0cdone.
[....] Cleaning up temporary files...[?25l[?1c7[1G[[32m ok [39;49m8[?25h[?0c.
INIT: Entering runlevel: 2
[[36minfo[39;49m] Using makefile-style concurrent boot in runlevel 2.
[....] Starting OpenBSD Secure Shell server: sshd[?25l[?1c7[1G[[32m ok [39;49m8[?25h[?0c.
Entering benchmark mode
./scaff/bin/uniform/stream_d0
STARTING stream_d0 execution: Wed Dec 14 21:48:47 EET 2016
-------------------------------------------------------------
STREAM version $Revision: 5.10 $
-------------------------------------------------------------
This system uses 8 bytes per array element.
-------------------------------------------------------------
Array size = 50000000 (elements), Offset = 0 (elements)
Memory per array = 381.5 MiB (= 0.4 GiB).
Total memory required = 1144.4 MiB (= 1.1 GiB).
Each kernel will be executed 20 times.
 The *best* time for each kernel (excluding the first iteration)
 will be used to compute the reported bandwidth.
-------------------------------------------------------------
Number of Threads requested = 4
Number of Threads counted = 4
-------------------------------------------------------------
Your clock granularity/precision appears to be 1 microseconds.
Each test below will take on the order of 60901 microseconds.
   (= 60901 clock ticks)
Increase the size of the arrays if this shows that
you are not getting at least 20 clock ticks per test.
-------------------------------------------------------------
WARNING -- The above is only a rough guideline.
For best results, please be sure you know the
precision of your system timer.
-------------------------------------------------------------
Function    Best Rate  Avg Rate   MB/s  Avg time     Min time     Max time
Copy:           10240.5       3259.6    0.245432    0.078121     0.321334
Scale:           9387.8       3342.3    0.239354    0.085217     0.352483
Add:            11558.9       4070.2    0.294826    0.103816     0.400283
Triad:          10069.1       4033.6    0.297501    0.119176     0.409768
-------------------------------------------------------------
Solution Validates: avg error less than 1.000000e-13 on all three arrays
-------------------------------------------------------------
-------------------------------------------------------------
STREAM version $Revision: 5.10 $
-------------------------------------------------------------
This system uses 8 bytes per array element.
-------------------------------------------------------------
Array size = 50000000 (elements), Offset = 0 (elements)
Memory per array = 381.5 MiB (= 0.4 GiB).
Total memory required = 1144.4 MiB (= 1.1 GiB).
Each kernel will be executed 20 times.
 The *best* time for each kernel (excluding the first iteration)
 will be used to compute the reported bandwidth.
-------------------------------------------------------------
Number of Threads requested = 4
Number of Threads counted = 4
-------------------------------------------------------------
Your clock granularity/precision appears to be 1 microseconds.
Each test below will take on the order of 245018 microseconds.
   (= 245018 clock ticks)
Increase the size of the arrays if this shows that
you are not getting at least 20 clock ticks per test.
-------------------------------------------------------------
WARNING -- The above is only a rough guideline.
For best results, please be sure you know the
precision of your system timer.
-------------------------------------------------------------
Function    Best Rate  Avg Rate   MB/s  Avg time     Min time     Max time
Copy:            3767.6       2816.2    0.284068    0.212336     0.316410
Scale:           3615.8       2759.6    0.289894    0.221254     0.325128
Add:             4396.2       3540.4    0.338944    0.272962     0.396187
Triad:           4733.5       3463.2    0.346500    0.253511     0.504811
-------------------------------------------------------------
Solution Validates: avg error less than 1.000000e-13 on all three arrays
-------------------------------------------------------------
-------------------------------------------------------------
STREAM version $Revision: 5.10 $
-------------------------------------------------------------
This system uses 8 bytes per array element.
-------------------------------------------------------------
Array size = 50000000 (elements), Offset = 0 (elements)
Memory per array = 381.5 MiB (= 0.4 GiB).
Total memory required = 1144.4 MiB (= 1.1 GiB).
Each kernel will be executed 20 times.
 The *best* time for each kernel (excluding the first iteration)
 will be used to compute the reported bandwidth.
-------------------------------------------------------------
Number of Threads requested = 4
Number of Threads counted = 4
-------------------------------------------------------------
Your clock granularity/precision appears to be 1 microseconds.
Each test below will take on the order of 253618 microseconds.
   (= 253618 clock ticks)
Increase the size of the arrays if this shows that
you are not getting at least 20 clock ticks per test.
-------------------------------------------------------------
WARNING -- The above is only a rough guideline.
For best results, please be sure you know the
precision of your system timer.
-------------------------------------------------------------
Function    Best Rate  Avg Rate   MB/s  Avg time     Min time     Max time
Copy:            3655.0       2817.0    0.283989    0.218877     0.326071
Scale:           3517.8       2782.7    0.287487    0.227416     0.371749
Add:             4907.8       3459.9    0.346835    0.244510     0.413209
Triad:           4517.8       3536.1    0.339358    0.265614     0.425703
-------------------------------------------------------------
Solution Validates: avg error less than 1.000000e-13 on all three arrays
-------------------------------------------------------------
-------------------------------------------------------------
STREAM version $Revision: 5.10 $
-------------------------------------------------------------
This system uses 8 bytes per array element.
-------------------------------------------------------------
Array size = 50000000 (elements), Offset = 0 (elements)
Memory per array = 381.5 MiB (= 0.4 GiB).
Total memory required = 1144.4 MiB (= 1.1 GiB).
Each kernel will be executed 20 times.
 The *best* time for each kernel (excluding the first iteration)
 will be used to compute the reported bandwidth.
-------------------------------------------------------------
Number of Threads requested = 4
Number of Threads counted = 4
-------------------------------------------------------------
Your clock granularity/precision appears to be 1 microseconds.
Each test below will take on the order of 216134 microseconds.
   (= 216134 clock ticks)
Increase the size of the arrays if this shows that
you are not getting at least 20 clock ticks per test.
-------------------------------------------------------------
WARNING -- The above is only a rough guideline.
For best results, please be sure you know the
precision of your system timer.
-------------------------------------------------------------
Function    Best Rate  Avg Rate   MB/s  Avg time     Min time     Max time
Copy:            3504.4       2894.2    0.276413    0.228283     0.337467
Scale:           3260.4       2771.7    0.288631    0.245366     0.401466
Add:             4329.3       3494.7    0.343382    0.277183     0.415451
Triad:           4053.8       3521.4    0.340775    0.296016     0.437465
-------------------------------------------------------------
Solution Validates: avg error less than 1.000000e-13 on all three arrays
-------------------------------------------------------------
-------------------------------------------------------------
STREAM version $Revision: 5.10 $
-------------------------------------------------------------
This system uses 8 bytes per array element.
-------------------------------------------------------------
Array size = 50000000 (elements), Offset = 0 (elements)
Memory per array = 381.5 MiB (= 0.4 GiB).
Total memory required = 1144.4 MiB (= 1.1 GiB).
Each kernel will be executed 20 times.
 The *best* time for each kernel (excluding the first iteration)
 will be used to compute the reported bandwidth.
-------------------------------------------------------------
Number of Threads requested = 4
Number of Threads counted = 4
-------------------------------------------------------------
Your clock granularity/precision appears to be 1 microseconds.
Each test below will take on the order of 194462 microseconds.
   (= 194462 clock ticks)
Increase the size of the arrays if this shows that
you are not getting at least 20 clock ticks per test.
-------------------------------------------------------------
WARNING -- The above is only a rough guideline.
For best results, please be sure you know the
precision of your system timer.
-------------------------------------------------------------
Function    Best Rate  Avg Rate   MB/s  Avg time     Min time     Max time
Copy:            3422.2       2700.1    0.296282    0.233770     0.340706
Scale:           3555.3       2781.3    0.287636    0.225017     0.312518
Add:             3882.9       3483.3    0.344501    0.309046     0.410535
Triad:           4253.7       3548.8    0.338144    0.282108     0.406432
-------------------------------------------------------------
Solution Validates: avg error less than 1.000000e-13 on all three arrays
-------------------------------------------------------------
-------------------------------------------------------------
STREAM version $Revision: 5.10 $
-------------------------------------------------------------
This system uses 8 bytes per array element.
-------------------------------------------------------------
Array size = 50000000 (elements), Offset = 0 (elements)
Memory per array = 381.5 MiB (= 0.4 GiB).
Total memory required = 1144.4 MiB (= 1.1 GiB).
Each kernel will be executed 20 times.
 The *best* time for each kernel (excluding the first iteration)
 will be used to compute the reported bandwidth.
-------------------------------------------------------------
Number of Threads requested = 4
Number of Threads counted = 4
-------------------------------------------------------------
Your clock granularity/precision appears to be 1 microseconds.
Each test below will take on the order of 248215 microseconds.
   (= 248215 clock ticks)
Increase the size of the arrays if this shows that
you are not getting at least 20 clock ticks per test.
-------------------------------------------------------------
WARNING -- The above is only a rough guideline.
For best results, please be sure you know the
precision of your system timer.
-------------------------------------------------------------
Function    Best Rate  Avg Rate   MB/s  Avg time     Min time     Max time
Copy:            3775.5       2894.8    0.276357    0.211893     0.315739
Scale:           3303.5       2778.9    0.287887    0.242166     0.355041
Add:             4509.8       3461.9    0.346634    0.266085     0.404713
Triad:           4739.9       3413.5    0.351545    0.253168     0.394088
-------------------------------------------------------------
Solution Validates: avg error less than 1.000000e-13 on all three arrays
-------------------------------------------------------------
-------------------------------------------------------------
STREAM version $Revision: 5.10 $
-------------------------------------------------------------
This system uses 8 bytes per array element.
-------------------------------------------------------------
Array size = 50000000 (elements), Offset = 0 (elements)
Memory per array = 381.5 MiB (= 0.4 GiB).
Total memory required = 1144.4 MiB (= 1.1 GiB).
Each kernel will be executed 20 times.
 The *best* time for each kernel (excluding the first iteration)
 will be used to compute the reported bandwidth.
-------------------------------------------------------------
Number of Threads requested = 4
Number of Threads counted = 4
-------------------------------------------------------------
Your clock granularity/precision appears to be 1 microseconds.
Each test below will take on the order of 205401 microseconds.
   (= 205401 clock ticks)
Increase the size of the arrays if this shows that
you are not getting at least 20 clock ticks per test.
-------------------------------------------------------------
WARNING -- The above is only a rough guideline.
For best results, please be sure you know the
precision of your system timer.
-------------------------------------------------------------
Function    Best Rate  Avg Rate   MB/s  Avg time     Min time     Max time
Copy:            3508.4       2833.5    0.282333    0.228022     0.315739
Scale:           3327.1       2794.5    0.286281    0.240451     0.336129
Add:             4569.5       3664.6    0.327456    0.262612     0.391089
Triad:           4485.5       3373.0    0.355765    0.267528     0.414319
-------------------------------------------------------------
Solution Validates: avg error less than 1.000000e-13 on all three arrays
-------------------------------------------------------------
-------------------------------------------------------------
STREAM version $Revision: 5.10 $
-------------------------------------------------------------
This system uses 8 bytes per array element.
-------------------------------------------------------------
Array size = 50000000 (elements), Offset = 0 (elements)
Memory per array = 381.5 MiB (= 0.4 GiB).
Total memory required = 1144.4 MiB (= 1.1 GiB).
Each kernel will be executed 20 times.
 The *best* time for each kernel (excluding the first iteration)
 will be used to compute the reported bandwidth.
-------------------------------------------------------------
Number of Threads requested = 4
Number of Threads counted = 4
-------------------------------------------------------------
Your clock granularity/precision appears to be 1 microseconds.
Each test below will take on the order of 259894 microseconds.
   (= 259894 clock ticks)
Increase the size of the arrays if this shows that
you are not getting at least 20 clock ticks per test.
-------------------------------------------------------------
WARNING -- The above is only a rough guideline.
For best results, please be sure you know the
precision of your system timer.
-------------------------------------------------------------
Function    Best Rate  Avg Rate   MB/s  Avg time     Min time     Max time
Copy:            3458.7       2896.6    0.276190    0.231299     0.341035
Scale:           3176.1       2682.6    0.298213    0.251884     0.343388
Add:             4954.9       3485.9    0.344245    0.242184     0.397821
Triad:           4712.2       3523.2    0.340603    0.254659     0.394218
-------------------------------------------------------------
Solution Validates: avg error less than 1.000000e-13 on all three arrays
-------------------------------------------------------------
-------------------------------------------------------------
STREAM version $Revision: 5.10 $
-------------------------------------------------------------
This system uses 8 bytes per array element.
-------------------------------------------------------------
Array size = 50000000 (elements), Offset = 0 (elements)
Memory per array = 381.5 MiB (= 0.4 GiB).
Total memory required = 1144.4 MiB (= 1.1 GiB).
Each kernel will be executed 20 times.
 The *best* time for each kernel (excluding the first iteration)
 will be used to compute the reported bandwidth.
-------------------------------------------------------------
Number of Threads requested = 4
Number of Threads counted = 4
-------------------------------------------------------------
Your clock granularity/precision appears to be 1 microseconds.
Each test below will take on the order of 239368 microseconds.
   (= 239368 clock ticks)
Increase the size of the arrays if this shows that
you are not getting at least 20 clock ticks per test.
-------------------------------------------------------------
WARNING -- The above is only a rough guideline.
For best results, please be sure you know the
precision of your system timer.
-------------------------------------------------------------
Function    Best Rate  Avg Rate   MB/s  Avg time     Min time     Max time
Copy:            3461.5       2743.6    0.291584    0.231115     0.349260
Scale:           3502.5       2844.8    0.281210    0.228408     0.318487
Add:             3922.9       3530.1    0.339937    0.305896     0.397089
Triad:           4352.5       3473.7    0.345449    0.275706     0.414589
-------------------------------------------------------------
Solution Validates: avg error less than 1.000000e-13 on all three arrays
-------------------------------------------------------------
-------------------------------------------------------------
STREAM version $Revision: 5.10 $
-------------------------------------------------------------
This system uses 8 bytes per array element.
-------------------------------------------------------------
Array size = 50000000 (elements), Offset = 0 (elements)
Memory per array = 381.5 MiB (= 0.4 GiB).
Total memory required = 1144.4 MiB (= 1.1 GiB).
Each kernel will be executed 20 times.
 The *best* time for each kernel (excluding the first iteration)
 will be used to compute the reported bandwidth.
-------------------------------------------------------------
Number of Threads requested = 4
Number of Threads counted = 4
-------------------------------------------------------------
Your clock granularity/precision appears to be 1 microseconds.
Each test below will take on the order of 216404 microseconds.
   (= 216404 clock ticks)
Increase the size of the arrays if this shows that
you are not getting at least 20 clock ticks per test.
-------------------------------------------------------------
WARNING -- The above is only a rough guideline.
For best results, please be sure you know the
precision of your system timer.
-------------------------------------------------------------
Function    Best Rate  Avg Rate   MB/s  Avg time     Min time     Max time
Copy:            3459.5       2841.8    0.281508    0.231245     0.340423
Scale:           3335.1       2752.8    0.290612    0.239876     0.333586
Add:             4812.2       3508.4    0.342039    0.249365     0.394445
Triad:           4014.4       3604.8    0.332892    0.298927     0.370165
-------------------------------------------------------------
Solution Validates: avg error less than 1.000000e-13 on all three arrays
-------------------------------------------------------------
-------------------------------------------------------------
STREAM version $Revision: 5.10 $
-------------------------------------------------------------
This system uses 8 bytes per array element.
-------------------------------------------------------------
Array size = 50000000 (elements), Offset = 0 (elements)
Memory per array = 381.5 MiB (= 0.4 GiB).
Total memory required = 1144.4 MiB (= 1.1 GiB).
Each kernel will be executed 20 times.
 The *best* time for each kernel (excluding the first iteration)
 will be used to compute the reported bandwidth.
-------------------------------------------------------------
Number of Threads requested = 4
Number of Threads counted = 4
-------------------------------------------------------------
Your clock granularity/precision appears to be 1 microseconds.
Each test below will take on the order of 211915 microseconds.
   (= 211915 clock ticks)
Increase the size of the arrays if this shows that
you are not getting at least 20 clock ticks per test.
-------------------------------------------------------------
WARNING -- The above is only a rough guideline.
For best results, please be sure you know the
precision of your system timer.
-------------------------------------------------------------
Function    Best Rate  Avg Rate   MB/s  Avg time     Min time     Max time
Copy:            3842.5       2797.8    0.285938    0.208196     0.416979
Scale:           3732.9       2843.5    0.281339    0.214313     0.365479
Add:             4086.0       3407.6    0.352156    0.293685     0.534490
Triad:           4341.4       3543.3    0.338669    0.276411     0.410655
-------------------------------------------------------------
Solution Validates: avg error less than 1.000000e-13 on all three arrays
-------------------------------------------------------------
-------------------------------------------------------------
STREAM version $Revision: 5.10 $
-------------------------------------------------------------
This system uses 8 bytes per array element.
-------------------------------------------------------------
Array size = 50000000 (elements), Offset = 0 (elements)
Memory per array = 381.5 MiB (= 0.4 GiB).
Total memory required = 1144.4 MiB (= 1.1 GiB).
Each kernel will be executed 20 times.
 The *best* time for each kernel (excluding the first iteration)
 will be used to compute the reported bandwidth.
-------------------------------------------------------------
Number of Threads requested = 4
Number of Threads counted = 4
-------------------------------------------------------------
Your clock granularity/precision appears to be 1 microseconds.
Each test below will take on the order of 208323 microseconds.
   (= 208323 clock ticks)
Increase the size of the arrays if this shows that
you are not getting at least 20 clock ticks per test.
-------------------------------------------------------------
WARNING -- The above is only a rough guideline.
For best results, please be sure you know the
precision of your system timer.
-------------------------------------------------------------
Function    Best Rate  Avg Rate   MB/s  Avg time     Min time     Max time
Copy:            3738.6       2921.9    0.273799    0.213985     0.330496
Scale:           3867.1       2823.0    0.283386    0.206875     0.339794
Add:             4602.4       3603.9    0.332972    0.260731     0.375210
Triad:           5189.7       3527.8    0.340157    0.231229     0.407793
-------------------------------------------------------------
Solution Validates: avg error less than 1.000000e-13 on all three arrays
-------------------------------------------------------------
-------------------------------------------------------------
STREAM version $Revision: 5.10 $
-------------------------------------------------------------
This system uses 8 bytes per array element.
-------------------------------------------------------------
Array size = 50000000 (elements), Offset = 0 (elements)
Memory per array = 381.5 MiB (= 0.4 GiB).
Total memory required = 1144.4 MiB (= 1.1 GiB).
Each kernel will be executed 20 times.
 The *best* time for each kernel (excluding the first iteration)
 will be used to compute the reported bandwidth.
-------------------------------------------------------------
Number of Threads requested = 4
Number of Threads counted = 4
-------------------------------------------------------------
Your clock granularity/precision appears to be 1 microseconds.
Each test below will take on the order of 202688 microseconds.
   (= 202688 clock ticks)
Increase the size of the arrays if this shows that
you are not getting at least 20 clock ticks per test.
-------------------------------------------------------------
WARNING -- The above is only a rough guideline.
For best results, please be sure you know the
precision of your system timer.
-------------------------------------------------------------
Function    Best Rate  Avg Rate   MB/s  Avg time     Min time     Max time
Copy:            3838.0       2770.4    0.288764    0.208441     0.402144
Scale:           3340.5       2775.9    0.288197    0.239486     0.325838
Add:             4389.0       3627.3    0.330825    0.273411     0.366275
Triad:           4570.7       3394.8    0.353482    0.262539     0.409318
-------------------------------------------------------------
Solution Validates: avg error less than 1.000000e-13 on all three arrays
-------------------------------------------------------------
-------------------------------------------------------------
STREAM version $Revision: 5.10 $
-------------------------------------------------------------
This system uses 8 bytes per array element.
-------------------------------------------------------------
Array size = 50000000 (elements), Offset = 0 (elements)
Memory per array = 381.5 MiB (= 0.4 GiB).
Total memory required = 1144.4 MiB (= 1.1 GiB).
Each kernel will be executed 20 times.
 The *best* time for each kernel (excluding the first iteration)
 will be used to compute the reported bandwidth.
-------------------------------------------------------------
Number of Threads requested = 4
Number of Threads counted = 4
-------------------------------------------------------------
Your clock granularity/precision appears to be 1 microseconds.
Each test below will take on the order of 229588 microseconds.
   (= 229588 clock ticks)
Increase the size of the arrays if this shows that
you are not getting at least 20 clock ticks per test.
-------------------------------------------------------------
WARNING -- The above is only a rough guideline.
For best results, please be sure you know the
precision of your system timer.
-------------------------------------------------------------
Function    Best Rate  Avg Rate   MB/s  Avg time     Min time     Max time
Copy:            3594.4       2884.9    0.277310    0.222566     0.324578
Scale:           3823.7       2787.1    0.287038    0.209222     0.365453
Add:             4417.3       3437.1    0.349128    0.271659     0.404140
Triad:           4520.4       3606.0    0.332778    0.265463     0.371992
-------------------------------------------------------------
Solution Validates: avg error less than 1.000000e-13 on all three arrays
-------------------------------------------------------------
-------------------------------------------------------------
STREAM version $Revision: 5.10 $
-------------------------------------------------------------
This system uses 8 bytes per array element.
-------------------------------------------------------------
Array size = 50000000 (elements), Offset = 0 (elements)
Memory per array = 381.5 MiB (= 0.4 GiB).
Total memory required = 1144.4 MiB (= 1.1 GiB).
Each kernel will be executed 20 times.
 The *best* time for each kernel (excluding the first iteration)
 will be used to compute the reported bandwidth.
-------------------------------------------------------------
Number of Threads requested = 4
Number of Threads counted = 4
-------------------------------------------------------------
Your clock granularity/precision appears to be 1 microseconds.
Each test below will take on the order of 226052 microseconds.
   (= 226052 clock ticks)
Increase the size of the arrays if this shows that
you are not getting at least 20 clock ticks per test.
-------------------------------------------------------------
WARNING -- The above is only a rough guideline.
For best results, please be sure you know the
precision of your system timer.
-------------------------------------------------------------
Function    Best Rate  Avg Rate   MB/s  Avg time     Min time     Max time
Copy:            3244.7       2759.8    0.289880    0.246559     0.341948
Scale:           3558.6       2846.6    0.281039    0.224807     0.322748
Add:             4160.1       3546.7    0.338341    0.288452     0.383206
Triad:           4487.7       3472.3    0.345593    0.267400     0.401164
-------------------------------------------------------------
Solution Validates: avg error less than 1.000000e-13 on all three arrays
-------------------------------------------------------------
-------------------------------------------------------------
STREAM version $Revision: 5.10 $
-------------------------------------------------------------
This system uses 8 bytes per array element.
-------------------------------------------------------------
Array size = 50000000 (elements), Offset = 0 (elements)
Memory per array = 381.5 MiB (= 0.4 GiB).
Total memory required = 1144.4 MiB (= 1.1 GiB).
Each kernel will be executed 20 times.
 The *best* time for each kernel (excluding the first iteration)
 will be used to compute the reported bandwidth.
-------------------------------------------------------------
Number of Threads requested = 4
Number of Threads counted = 4
-------------------------------------------------------------
Your clock granularity/precision appears to be 1 microseconds.
Each test below will take on the order of 219377 microseconds.
   (= 219377 clock ticks)
Increase the size of the arrays if this shows that
you are not getting at least 20 clock ticks per test.
-------------------------------------------------------------
WARNING -- The above is only a rough guideline.
For best results, please be sure you know the
precision of your system timer.
-------------------------------------------------------------
Function    Best Rate  Avg Rate   MB/s  Avg time     Min time     Max time
Copy:            3409.4       2838.8    0.281810    0.234647     0.336736
Scale:           3420.7       2829.6    0.282729    0.233869     0.320043
Add:             4473.7       3633.4    0.330272    0.268234     0.375205
Triad:           4519.6       3458.2    0.347003    0.265508     0.426126
-------------------------------------------------------------
Solution Validates: avg error less than 1.000000e-13 on all three arrays
-------------------------------------------------------------
-------------------------------------------------------------
STREAM version $Revision: 5.10 $
-------------------------------------------------------------
This system uses 8 bytes per array element.
-------------------------------------------------------------
Array size = 50000000 (elements), Offset = 0 (elements)
Memory per array = 381.5 MiB (= 0.4 GiB).
Total memory required = 1144.4 MiB (= 1.1 GiB).
Each kernel will be executed 20 times.
 The *best* time for each kernel (excluding the first iteration)
 will be used to compute the reported bandwidth.
-------------------------------------------------------------
Number of Threads requested = 4
Number of Threads counted = 4
-------------------------------------------------------------
Your clock granularity/precision appears to be 1 microseconds.
Each test below will take on the order of 197800 microseconds.
   (= 197800 clock ticks)
Increase the size of the arrays if this shows that
you are not getting at least 20 clock ticks per test.
-------------------------------------------------------------
WARNING -- The above is only a rough guideline.
For best results, please be sure you know the
precision of your system timer.
-------------------------------------------------------------
Function    Best Rate  Avg Rate   MB/s  Avg time     Min time     Max time
Copy:            7342.5       3330.7    0.240190    0.108955     0.370154
Scale:           7442.3       3351.3    0.238715    0.107494     0.367589
Add:            10066.0       4402.8    0.272553    0.119213     0.383297
Triad:           9812.3       4358.2    0.275345    0.122296     0.426070
-------------------------------------------------------------
Solution Validates: avg error less than 1.000000e-13 on all three arrays
-------------------------------------------------------------
INIT: Switching to runlevel: 0INIT: Sending processes the TERM signal
[[36minfo[39;49m] Using makefile-style concurrent boot in runlevel 0.
[....] Asking all remaining processes to terminate...[?25l[?1c7[1G[[32m ok [39;49m8[?25h[?0cdone.
[....] All processes ended within 2 seconds...[?25l[?1c7[1G[[32m ok [39;49m8[?25h[?0cdone.
[[36minfo[39;49m] Saving the system clock.
[[36minfo[39;49m] Hardware Clock updated to Wed Dec 14 19:56:35 UTC 2016.
[....] Deconfiguring network interfaces...Internet Systems Consortium DHCP Client 4.2.2
Copyright 2004-2011 Internet Systems Consortium.
All rights reserved.
For info, please visit https://www.isc.org/software/dhcp/

Listening on LPF/eth0/52:54:00:12:34:56
Sending on   LPF/eth0/52:54:00:12:34:56
Sending on   Socket/fallback
DHCPRELEASE on eth0 to 10.0.2.2 port 67
[?25l[?1c7[1G[[32m ok [39;49m8[?25h[?0cdone.
[....] Deactivating swap...[?25l[?1c7[1G[[32m ok [39;49m8[?25h[?0cdone.
[  477.071486] EXT4-fs (sda1): re-mounted. Opts: (null)
[[36minfo[39;49m] Will now halt.
[  479.099184] sd 0:0:0:0: [sda] Stopping disk
[  479.101838] ACPI: Preparing to enter system sleep state S5
[  479.102961] Power down.
aff-executor-preload.c:affhooks_init()
aff-executor-preload.c:affhooks_shut()
HELLO KITTY
